C51 COMPILER V9.60.7.0   ADC                                                               06/02/2026 17:34:06 PAGE 1   


C51 COMPILER V9.60.7.0, COMPILATION OF MODULE ADC
OBJECT MODULE PLACED IN .\Release\Objects\adc.obj
COMPILER INVOKED BY: C:\Keil_v5\C51\BIN\C51.EXE ..\..\Hardware\adc.c LARGE OPTIMIZE(9,SIZE) BROWSE ORDER INTVECTOR(0X000
                    -C) INCDIR(..\..\Libraries\Include;..\..\User;..\..\User\lib;..\..\Hardware) INTERVAL(3) DEBUG OBJECTEXTEND PRINT(.\Relea
                    -se\Listings\adc.lst) OBJECT(.\Release\Objects\adc.obj)

line level    source

   1          #include "adc.h"
   2          
   3          #if (BATTERY_SCAN_ENABLE || FUEL_CAPACITY_SCAN_ENABLE)
   4          
   5          volatile u16 adc_val; // adc值，0~4095
   6          // 控制切换adc通道的状态机：
   7          static volatile u8 adc_channel_status = ADC_CHANNEL_STATUS_NONE;
   8          
   9          // adc配置，使用adc时还需要切换到对应的引脚通道
  10          void adc_config(void)
  11          {
  12   1      #if BATTERY_SCAN_ENABLE
  13   1          // P04--测量电池电压的引脚
  14   1          // P0_MD1 |= GPIO_P04_MODE_SEL(0x3); // 模拟模式
  15   1      #endif
  16   1      
  17   1      #if FUEL_CAPACITY_SCAN_ENABLE
  18   1          // 检测油量的引脚：
  19   1          P0_MD0 |= GPIO_P01_MODE_SEL(0x3); // 模拟模式
  20   1      #endif
  21   1      
  22   1          ADC_CFG1 |= (0x0F << 3) | // ADC时钟分频为16分频，为系统时钟/16
  23   1                      (0x01 << 0);  // adc0中断使能
  24   1          ADC_CFG2 = 0xFF;          // 通道0采样时间配置为256个采样时钟周期
  25   1      
  26   1          ADC_ACON0 = ADC_CMP_EN(0x1) |  // 打开ADC中的CMP使能信号
  27   1                      ADC_BIAS_EN(0x1) | // 打开ADC偏置电流能使信号
  28   1                      ADC_BIAS_SEL(0x1); // 偏置电流选择：1x
  29   1      
  30   1          ADC_TRGS0 |= (0x07 << 4); // 通道 0DLY 的 ADC 时钟个数选择，配置为 4n+1，4 * 29 + 1
  31   1          ADC_CHS0 |= (0x01 << 6);  // 使能 通道 0DLY 功能
  32   1          __EnableIRQ(ADC_IRQn);    // 使能ADC中断
  33   1          IE_EA = 1;                // 使能总中断
  34   1      
  35   1          // adc_channel_set(ADC_CHANNEL_FUEL);
  36   1      }
  37          
  38          // 设置adc通道
  39          void adc_channel_set(adc_channel_t adc_channel)
  40          {
  41   1          ADC_CHS0 &= ~((0x01 << 4) |
  42   1                        (0x01 << 3) |
  43   1                        (0x01 << 2) |
  44   1                        (0x01 << 1) |
  45   1                        (0x01 << 0)); // 清空选择的adc0通路
  46   1      
  47   1          switch (adc_channel)
  48   1          {
  49   2      // #if BATTERY_SCAN_ENABLE
  50   2      //         // 检测电池电量
  51   2      //     case ADC_CHANNEL_BATTERY:
  52   2      //         ADC_ACON1 &= ~((0x01 << 5) |       // 关闭ADC外部参考选择信号
  53   2      //                        (0x07 << 0));       // 清空ADC内部参考电压的选择配置
C51 COMPILER V9.60.7.0   ADC                                                               06/02/2026 17:34:06 PAGE 2   

  54   2      //         ADC_ACON1 |= (0x01 << 6) |         // 使能ADC内部参考信号
  55   2      //                      (0x03 << 3) |         // 关闭测试信号
  56   2      //                      (0x01 << 0);          // 内部参考电压选择 2.0 V
  57   2      //         ADC_CHS0 |= ADC_ANALOG_CHAN(0x04); // P04通路
  58   2      //         break;
  59   2      
  60   2      // #endif
  61   2      
  62   2      #if FUEL_CAPACITY_SCAN_ENABLE
  63   2              // 检测油量
  64   2          case ADC_CHANNEL_FUEL:
  65   2              ADC_ACON1 &= ~((0x01 << 5) |       // 关闭ADC外部参考选择信号
  66   2                             (0x07 << 0));       // 清空ADC内部参考电压的选择配置
  67   2              ADC_ACON1 |= (0x01 << 6) |         // 使能ADC内部参考信号
  68   2                           (0x03 << 3) |         // 关闭测试信号
  69   2                           (0x01 << 0);          // 内部参考电压选择 2.0 V
  70   2              ADC_CHS0 |= ADC_ANALOG_CHAN(0x01); // P01通路
  71   2              break;
  72   2      
  73   2      #endif
  74   2          }
  75   1      
  76   1          ADC_CFG0 |= ADC_CHAN0_EN(0x1) | // 使能通道0转换
  77   1                      ADC_EN(0x1);        // 使能A/D转换
  78   1          // 切换完通道后，需要等待ADC模块配置稳定，至少20us以上
  79   1      }
  80          
  81          #if 0
              // 获取adc值，存放到变量adc_val中(adc单次转换)
              u16 adc_single_convert(void)
              {
                  ADC_CFG0 |= ADC_CHAN0_TRG(0x1); // 触发ADC0转换
                  while (!(ADC_STA & ADC_CHAN0_DONE(0x1)))
                      ;                                           // 等待转换完成
                  ADC_STA = ADC_CHAN0_DONE(0x1);                  // 清除ADC0转换完成标志位
                  return ((ADC_DATAH0 << 4) | (ADC_DATAL0 >> 4)); // 读取ADC0的值
              }
              
              // adc采集+滤波
              u16 adc_getval(void)
              {
                  u16 adc_val_tmp = 0;     // 存放单次采集到的ad值
                  u32 adc_val_sum = 0;     // 存放所有采集到的ad值的累加
                  u16 get_adcmax = 0;      // 存放采集到的最大的ad值
                  u16 get_adcmin = 0xFFFF; // 存放采集到的最小的ad值(初始值为最大值)
                  u8 i = 0;
              
                  for (i = 0; i < 20; i++)
                  {
                      adc_val_tmp = adc_single_convert(); // 获取一次ad值
                      if (i < 2)
                          continue; // 丢弃前两次采样的
                      if (adc_val_tmp > get_adcmax)
                          get_adcmax = adc_val_tmp; // 更新当前采集到的最大值
                      if (adc_val_tmp < get_adcmin)
                          get_adcmin = adc_val_tmp; // 更新当前采集到的最小值
                      adc_val_sum += adc_val_tmp;
                  }
              
                  adc_val_sum -= get_adcmax;        // 去掉一个最大
                  adc_val_sum -= get_adcmin;        // 去掉一个最小
                  adc_val_tmp = (adc_val_sum >> 4); // 除以16，取平均值
C51 COMPILER V9.60.7.0   ADC                                                               06/02/2026 17:34:06 PAGE 3   

              
                  return adc_val_tmp;
              }
              #endif
 120          
 121          // 由定时器调用，adc通道切换
 122          void adc_channel_switch_by_isr(void)
 123          {
 124   1          switch (adc_channel_status)
 125   1          {
 126   2          case ADC_CHANNEL_STATUS_NONE:
 127   2          case ADC_CHANNEL_STATUS_SEL_FUEL_END:
 128   2              // 默认状态或者是已经采集完油量对应的ad值，转换到下一个通道
 129   2          //     adc_channel_set(ADC_CHANNEL_BATTERY);
 130   2          //     adc_channel_status = ADC_CHANNEL_STATUS_SEL_BATTERY_BEGIN;
 131   2          //     break;
 132   2          // case ADC_CHANNEL_STATUS_SEL_BATTERY_BEGIN:
 133   2          //     ADC_CFG0 |= ADC_CHAN0_TRG(0x1); // 触发ADC0转换
 134   2          //     adc_channel_status = ADC_CHANNEL_STATUS_SEL_BATTERY_END;
 135   2          //     break;
 136   2          // case ADC_CHANNEL_STATUS_SEL_BATTERY_END:
 137   2              // adc_channel_set(ADC_CHANNEL_FUEL);
 138   2              adc_channel_status = ADC_CHANNEL_STATUS_SEL_FUEL_BEGIN;
 139   2              break;
 140   2          case ADC_CHANNEL_STATUS_SEL_FUEL_BEGIN:
 141   2              ADC_CFG0 |= ADC_CHAN0_TRG(0x1); // 触发ADC0转换
 142   2              adc_channel_status = ADC_CHANNEL_STATUS_SEL_FUEL_END;
 143   2              break;
 144   2      
 145   2          default:
 146   2              break;
 147   2          }
 148   1      }
 149          
 150          void ADC_IRQHandler(void) interrupt ADC_IRQn
 151          {
 152   1          u16 adc_val; // 由后续赋值
 153   1      
 154   1          // 进入中断设置IP，不可删除
 155   1          __IRQnIPnPush(ADC_IRQn);
 156   1      
 157   1          // ---------------- 用户函数处理 -------------------
 158   1          if (ADC_STA & ADC_CHAN0_DONE(0x01))
 159   1          {
 160   2              ADC_STA |= ADC_CHAN0_DONE(0x01);                 // 清除ADC0转换完成标志位
 161   2              adc_val = (ADC_DATAH0 << 4) | (ADC_DATAL0 >> 4); // 读取ADC0的值
 162   2      
 163   2              switch (adc_channel_status)
 164   2              {
 165   3              // case ADC_CHANNEL_STATUS_SEL_BATTERY_END:
 166   3              //     bat_adc_val_samples_update(adc_val);
 167   3              //     break;
 168   3      
 169   3              case ADC_CHANNEL_STATUS_SEL_FUEL_END:
 170   3                  fuel_capacity_adc_val_samples_update(adc_val);
 171   3                  break;
 172   3              }
 173   2          }
 174   1      
 175   1          // 退出中断设置IP，不可删除
 176   1          __IRQnIPnPop(ADC_IRQn);
 177   1      }
C51 COMPILER V9.60.7.0   ADC                                                               06/02/2026 17:34:06 PAGE 4   

 178          
 179          #endif


MODULE INFORMATION:   STATIC OVERLAYABLE
   CODE SIZE        =    193    ----
   CONSTANT SIZE    =   ----    ----
   XDATA SIZE       =      3    ----
   PDATA SIZE       =   ----    ----
   DATA SIZE        =   ----    ----
   IDATA SIZE       =   ----    ----
   BIT SIZE         =   ----    ----
END OF MODULE INFORMATION.


C51 COMPILATION COMPLETE.  0 WARNING(S),  0 ERROR(S)
