C51 COMPILER V9.60.7.0   AIP3368H_DISPLAY                                                  06/04/2026 17:30:01 PAGE 1   


C51 COMPILER V9.60.7.0, COMPILATION OF MODULE AIP3368H_DISPLAY
OBJECT MODULE PLACED IN .\Release\Objects\aip3368h_display.obj
COMPILER INVOKED BY: C:\Keil_v5\C51\BIN\C51.EXE ..\..\User\aip3368h_display.c LARGE OPTIMIZE(9,SIZE) BROWSE ORDER INTVEC
                    -TOR(0X000C) INCDIR(..\..\Libraries\Include;..\..\User;..\..\User\lib;..\..\Hardware) INTERVAL(3) DEBUG OBJECTEXTEND PRIN
                    -T(.\Release\Listings\aip3368h_display.lst) OBJECT(.\Release\Objects\aip3368h_display.obj)

line level    source

   1          #include "aip3368h_display.h"
   2          #include "aip3368.h"
   3          #include "my_config.h"
   4          
   5          // ========================================================================
   6          /**
   7           * @brief 7段数码管段码定义 (a,b,c,d,e,f,g)
   8           *        对应二进制位: bit0=a, bit1=b, bit2=c, bit3=d, bit4=e, bit5=f, bit6=g
   9           */
  10          static const u8 digit_segment_code[10] = {
  11              0x3F, // 0: abcdef
  12              0x06, // 1: bc
  13              0x5B, // 2: abdeg
  14              0x4F, // 3: abcdg
  15              0x66, // 4: bcfg
  16              0x6D, // 5: acdfg
  17              0x7D, // 6: acdefg
  18              0x07, // 7: abc
  19              0x7F, // 8: abcdefg
  20              0x6F  // 9: abcdfg
  21          };
  22          
  23          // ========================================================================
  24          
  25          volatile aip3368h_display_obj_t aip3368h_display_obj = {0};
  26          
  27          // 记录开机动画的时间：
  28          // static volatile u16 aip3368h_display_boot_animation_time_cnt = 0;
  29          // 给开机动画处理函数提供时基：
  30          // static volatile bit aip3368h_display_boot_animation_time_add_flag = 0;
  31          // 错误处理函数的调用周期计数值：
  32          static volatile u16 aip3368h_display_err_handle_time_cnt = 0;
  33          
  34          // 背光灯刻度条的映射关系表：
  35          static const aip3368h_display_mapping_t back_light_scale_bar_map[] = {
  36              {10, 5},
  37              {10, 2},
  38              {9, 2},
  39              {9, 4},
  40              {9, 7},
  41          
  42              {9, 10}, // 第 5 个灯
  43              {9, 9},
  44              {8, 2},
  45              {8, 4},
  46              {8, 7},
  47          
  48              {8, 6}, // 第 10 个灯
  49              {8, 9},
  50              {8, 10},
  51              {8, 12},
  52              {8, 13},
  53          
C51 COMPILER V9.60.7.0   AIP3368H_DISPLAY                                                  06/04/2026 17:30:01 PAGE 2   

  54              {6, 10}, // 第 15 个灯
  55              {6, 9},
  56              {6, 13},
  57              {6, 15},
  58              {0, 5},
  59          
  60              {0, 3}, // 第 20 个灯
  61              {0, 2},
  62              {1, 13},
  63              {1, 12},
  64              {1, 3},
  65          
  66              {1, 2}, // 第 25 个灯
  67              {1, 1},
  68              {2, 4},
  69              {2, 7},
  70              {2, 6},
  71          
  72              {2, 8}, // 第 30 个灯
  73              {2, 9},
  74              {2, 10},
  75          };
  76          
  77          // 发动机转速刻度条的映射关系表：
  78          static const aip3368h_display_mapping_t engine_speed_scale_bar_map[] = {
  79              {10, 7},
  80              {10, 6},
  81              {10, 4},
  82              {10, 3},
  83              {10, 1},
  84          
  85              {10, 0},
  86              {9, 0},
  87              {9, 3},
  88              {9, 5},
  89              {9, 11},
  90          
  91              {9, 8},
  92              {8, 1},
  93              {8, 3},
  94              {8, 5},
  95              {8, 8},
  96          
  97              {8, 11},
  98              {8, 14},
  99              {6, 4},
 100              {6, 5},
 101              {6, 6},
 102          
 103              {6, 12},
 104              {6, 14},
 105              {0, 6},
 106              {0, 4},
 107          };
 108          
 109          // 发动机转速的数字刻度对应的映射关系：
 110          static const aip3368h_display_mapping_t engine_speed_digit_scale_map[] = {
 111              {5, 9},
 112              {7, 6},
 113              {7, 7},
 114              {7, 8},
 115              {9, 1},
C51 COMPILER V9.60.7.0   AIP3368H_DISPLAY                                                  06/04/2026 17:30:01 PAGE 3   

 116          
 117              {9, 12},
 118              {9, 13},
 119              {8, 0},
 120              {8, 15},
 121              {6, 7},
 122          
 123              {6, 2},
 124              {0, 7},
 125              {1, 11},
 126          };
 127          
 128          // 挡位数码管的映射关系表：
 129          static const aip3368h_display_mapping_t gear_digit_map[] = {
 130              {2, 2},  // a 段
 131              {2, 3},  // b 段
 132              {2, 12}, // c 段
 133              {2, 14}, // d 段
 134              {2, 15}, // e 段
 135          
 136              {2, 0}, // f 段
 137              {2, 1}, // g 段
 138          };
 139          
 140          // 时速的 第 0 位 ~ 第 2 位 数码管 ，每位的7个段(a-g)的映射关系
 141          static const aip3368h_display_mapping_t speed_segment_map[][7] = {
 142              // 第0位 ( 最左边。时速的第0位只有b段和c段)
 143              {
 144                  {0, 0},  // 无效数据段
 145                  {9, 14}, // b 段
 146                  {9, 15}, // c 段
 147                  {0, 0},  // 无效数据段
 148                  {0, 0},  // 无效数据段
 149                  {0, 0},  // 无效数据段
 150                  {0, 0}   // 无效数据段
 151              },
 152          
 153              // 第1位 数码管
 154              {
 155                  {6, 3},  // a 段
 156                  {7, 15}, // b 段
 157                  {7, 12}, // c 段
 158                  {7, 9},  // d 段
 159                  {7, 11}, // e 段
 160                  {7, 14}, // f 段
 161                  {7, 13}  // g 段
 162              },
 163          
 164              // 第2位 数码管
 165              {
 166                  {6, 1}, // a 段
 167                  {7, 3}, // b 段
 168                  {7, 4}, // c 段
 169                  {7, 5}, // d 段
 170                  {7, 1}, // e 段
 171                  {7, 0}, // f 段
 172                  {7, 2}  // g 段
 173              },
 174          };
 175          
 176          // 里程6位数码管，每位的7个段(a-g)的映射关系
 177          static const aip3368h_display_mapping_t mileage_segment_map[6][7] = {
C51 COMPILER V9.60.7.0   AIP3368H_DISPLAY                                                  06/04/2026 17:30:01 PAGE 4   

 178              // 第0位 ( 最左边 )
 179              {
 180                  {5, 2},  // a段
 181                  {5, 3},  // b段
 182                  {5, 14}, // c段
 183                  {5, 12}, // d段
 184                  {5, 13}, // e段
 185                  {5, 4},  // f段
 186                  {5, 15}  // g段
 187              },
 188              // 第1位 (   )
 189              {
 190                  {4, 12}, // a段
 191                  {4, 11}, // b段
 192                  {5, 5},  // c段
 193                  {5, 7},  // d段
 194                  {5, 6},  // e段
 195                  {5, 1},  // f段
 196                  {5, 0}   // g段
 197              },
 198              // 第2位 (   )
 199              {
 200                  {4, 15}, // a段
 201                  {4, 14}, // b段
 202                  {4, 6},  // c段
 203                  {4, 8},  // d段
 204                  {4, 9},  // e段
 205                  {4, 13}, // f段
 206                  {4, 10}  // g段
 207              },
 208              // 第3位 (   )
 209              {
 210                  {4, 0}, // a段
 211                  {4, 1}, // b段
 212                  {4, 4}, // c段
 213                  {4, 7}, // d段
 214                  {4, 5}, // e段
 215                  {4, 2}, // f段
 216                  {4, 3}  // g段
 217              },
 218              // 第4位 (   )
 219              {
 220                  {3, 15}, // a段
 221                  {3, 14}, // b段
 222                  {3, 12}, // c段
 223                  {3, 9},  // d段
 224                  {3, 10}, // e段
 225                  {3, 13}, // f段
 226                  {3, 11}  // g段
 227              },
 228              // 第5位 ( 最右边 )
 229              {
 230                  {3, 0}, // a段
 231                  {3, 2}, // b段
 232                  {3, 5}, // c段
 233                  {3, 7}, // d段
 234                  {3, 6}, // e段
 235                  {3, 1}, // f段
 236                  {3, 3}  // g段
 237              }};
 238          
 239          // 油量指示灯的映射关系表：
C51 COMPILER V9.60.7.0   AIP3368H_DISPLAY                                                  06/04/2026 17:30:01 PAGE 5   

 240          static const aip3368h_display_mapping_t fuel_level_map[] = {
 241              {10, 15}, // 第 0 个灯
 242              {10, 14},
 243              {10, 12},
 244              {10, 11},
 245              {10, 10},
 246          
 247              {10, 9},
 248          };
 249          
 250          // 显示 左转向 指示灯
 251          void aip3368h_display_left_turn_light(u8 is_enable)
 252          {
 253   1          if (is_enable)
 254   1          {
 255   2              aip3368h_display_buff[6] |= 0x01 << 8; // 左转向灯（绿）
 256   2          }
 257   1          else
 258   1          {
 259   2              aip3368h_display_buff[6] &= ~(0x01 << 8); // 左转向灯（绿）
 260   2          }
 261   1      }
 262          
 263          // 显示 右转向 指示灯
 264          void aip3368h_display_right_turn_light(u8 is_enable)
 265          {
 266   1          aip3368h_display_buff[1] &= ~(0x01 << 0); // 右转向灯
 267   1      
 268   1          if (is_enable)
 269   1          {
 270   2              aip3368h_display_buff[1] |= 0x01 << 0; // 右转向灯
 271   2          }
 272   1      }
 273          
 274          // 显示 故障 指示灯
 275          void aip3368h_display_err_light(u8 is_enable)
 276          {
 277   1          aip3368h_display_buff[6] &= ~(0x01 << 11); // 故障指示灯（红）
 278   1      
 279   1          if (is_enable)
 280   1          {
 281   2              aip3368h_display_buff[6] |= 0x01 << 11; // 故障指示灯（红）
 282   2          }
 283   1      }
 284          
 285          // 显示 小灯（近光灯） 指示灯
 286          void aip3368h_display_low_beam_indicator_light(u8 is_enable)
 287          {
 288   1          aip3368h_display_buff[0] &= ~(0x01 << 12); // 小灯（近光灯）
 289   1      
 290   1          if (is_enable)
 291   1          {
 292   2              aip3368h_display_buff[0] |= 0x01 << 12; // 小灯（近光灯）
 293   2          }
 294   1      }
 295          
 296          // 显示 大灯（远光灯） 指示灯
 297          void aip3368h_display_high_beam_indicator_light(u8 is_enable)
 298          {
 299   1          aip3368h_display_buff[1] &= ~(0x01 << 14); // 大灯（远光灯）
 300   1      
 301   1          if (is_enable)
C51 COMPILER V9.60.7.0   AIP3368H_DISPLAY                                                  06/04/2026 17:30:01 PAGE 6   

 302   1          {
 303   2              aip3368h_display_buff[1] |= 0x01 << 14; // 大灯（远光灯）
 304   2          }
 305   1      }
 306          
 307          /**
 308           * @brief 显示 背光刻度条
 309           *
 310           * @param level 0 ~ 33，0：不显示，1：显示第 0 个灯，33：显示第 32 个灯
 311           *
 312           * @return * void
 313           */
 314          void aip3368h_display_back_light_scale_bar(u8 level)
 315          {
 316   1          u8 i = 0;
 317   1          for (i = 0; i < ARRAY_SIZE(back_light_scale_bar_map); i++)
 318   1          {
 319   2              aip3368h_display_buff[back_light_scale_bar_map[i].buff_index] &=
 320   2                  ~(0x01 << back_light_scale_bar_map[i].bit_offset);
 321   2          }
 322   1      
 323   1          if (level > 0)
 324   1          {
 325   2              for (i = 0; i <= level - 1; i++)
 326   2              {
 327   3                  aip3368h_display_buff[back_light_scale_bar_map[i].buff_index] |=
 328   3                      (0x01 << back_light_scale_bar_map[i].bit_offset);
 329   3              }
 330   2          }
 331   1      }
 332          
 333          /**
 334           * @brief 显示 发动机转速刻度条
 335           *
 336           * @param level 0 ~ 24，0：不显示，1：显示第 0 个灯，24：显示第 23 个灯
 337           */
 338          void aip3368h_display_engine_speed_scale_bar(u8 level)
 339          {
 340   1          // aip3368h_display_buff[10] |= 0x01 << 7;  // 发动机转速刻度条 第 0 个灯（白）
 341   1          // aip3368h_display_buff[10] |= 0x01 << 6;  // 发动机转速刻度条 第 1 个灯（白）
 342   1          // aip3368h_display_buff[10] |= 0x01 << 4;  // 发动机转速刻度条 第 2 个灯（白）
 343   1          // aip3368h_display_buff[10] |= 0x01 << 3;  // 发动机转速刻度条 第 3 个灯（白）
 344   1          // aip3368h_display_buff[10] |= 0x01 << 1; // 发动机转速刻度条 第 4 个灯（白）
 345   1      
 346   1          // aip3368h_display_buff[10] |= 0x01 << 0; // 发动机转速刻度条 第 5 个灯（白）
 347   1          // aip3368h_display_buff[9] |= 0x01 << 0;  // 发动机转速刻度条 第 6 个灯（白）
 348   1          // aip3368h_display_buff[9] |= 0x01 << 3;  // 发动机转速刻度条 第 7 个灯（白）
 349   1          // aip3368h_display_buff[9] |= 0x01 << 5;  // 发动机转速刻度条 第 8 个灯（白）
 350   1          // aip3368h_display_buff[9] |= 0x01 << 11; // 发动机转速刻度条 第 9 个灯（白）
 351   1      
 352   1          // aip3368h_display_buff[9] |= 0x01 << 8;  // 发动机转速刻度条 第 10 个灯（白）
 353   1          // aip3368h_display_buff[8] |= 0x01 << 1;  // 发动机转速刻度条 第 11 个灯（白）
 354   1          // aip3368h_display_buff[8] |= 0x01 << 3;  // 发动机转速刻度条 第 12 个灯（白）
 355   1          // aip3368h_display_buff[8] |= 0x01 << 5;  // 发动机转速刻度条 第 13 个灯（白）
 356   1          // aip3368h_display_buff[8] |= 0x01 << 8;  // 发动机转速刻度条 第 14 个灯（白）
 357   1      
 358   1          // aip3368h_display_buff[8] |= 0x01 << 11; // 发动机转速刻度条 第 15 个灯（白）
 359   1          // aip3368h_display_buff[8] |= 0x01 << 14; // 发动机转速刻度条 第 16 个灯（白）
 360   1          // aip3368h_display_buff[6] |= 0x01 << 4;  // 发动机转速刻度条 第 17 个 指示灯（白）
 361   1          // aip3368h_display_buff[6] |= 0x01 << 5;  // 发动机转速刻度条 第 18 个 指示灯（白）
 362   1          // aip3368h_display_buff[6] |= 0x01 << 6;  // 发动机转速刻度条 第 19 个 指示灯（白）
 363   1      
C51 COMPILER V9.60.7.0   AIP3368H_DISPLAY                                                  06/04/2026 17:30:01 PAGE 7   

 364   1          // aip3368h_display_buff[6] |= 0x01 << 12; // 发动机转速刻度条 第 20 个灯（红）
 365   1          // aip3368h_display_buff[6] |= 0x01 << 14; // 发动机转速刻度条 第 21 个灯（红）
 366   1          // aip3368h_display_buff[0] |= 0x01 << 6;  // 发动机转速刻度条 第 22 个 指示灯（红）
 367   1          // aip3368h_display_buff[0] |= 0x01 << 4;  // 发动机转速刻度条 第 23 个 指示灯（红）
 368   1      
 369   1          u8 i;
 370   1          for (i = 0; i < ARRAY_SIZE(engine_speed_scale_bar_map); i++)
 371   1          {
 372   2              aip3368h_display_buff[engine_speed_scale_bar_map[i].buff_index] &=
 373   2                  ~(0x01 << engine_speed_scale_bar_map[i].bit_offset);
 374   2          }
 375   1      
 376   1          if (level > 0)
 377   1          {
 378   2              for (i = 0; i <= level - 1; i++)
 379   2              {
 380   3                  aip3368h_display_buff[engine_speed_scale_bar_map[i].buff_index] |=
 381   3                      (0x01 << engine_speed_scale_bar_map[i].bit_offset);
 382   3              }
 383   2          }
 384   1      }
 385          
 386          /**
 387           * @brief 显示 x1000rpm 字样 指示灯
 388           *
 389           */
 390          void aip3368h_display_x1000rpm_light(u8 is_enable)
 391          {
 392   1          aip3368h_display_buff[1] &= ~(0x01 << 5);  // "x1000r/min"字样 第 2 个灯（白）
 393   1          aip3368h_display_buff[1] &= ~(0x01 << 6);  // "x1000r/min"字样 第 1 个灯（白）
 394   1          aip3368h_display_buff[1] &= ~(0x01 << 10); // "x1000r/min"字样 第 0 个灯（白）
 395   1      
 396   1          if (is_enable)
 397   1          {
 398   2              aip3368h_display_buff[1] |= 0x01 << 5;  // "x1000r/min"字样 第 2 个灯（白）
 399   2              aip3368h_display_buff[1] |= 0x01 << 6;  // "x1000r/min"字样 第 1 个灯（白）
 400   2              aip3368h_display_buff[1] |= 0x01 << 10; // "x1000r/min"字样 第 0 个灯（白）
 401   2          }
 402   1      }
 403          
 404          /**
 405           * @brief 显示 发动机转速的数字刻度
 406           *
 407           * @param level 0 ~ 13，0：不显示，1：显示第 0 个灯，13：显示第 12 个灯
 408           *
 409           */
 410          void aip3368h_display_engine_speed_digit_scale(u8 level)
 411          {
 412   1          // aip3368h_display_buff[5] |= 0x01 << 9; // 发动机转速 "0" 字样 指示灯（白）
 413   1          // aip3368h_display_buff[7] |= 0x01 << 6; // 发动机转速 "1" 字样 指示灯（白）
 414   1          // aip3368h_display_buff[7] |= 0x01 << 7; // 发动机转速 "2" 字样 指示灯（白）
 415   1          // aip3368h_display_buff[7] |= 0x01 << 8; // 发动机转速 "3" 字样 指示灯（白）
 416   1          // aip3368h_display_buff[9] |= 0x01 << 1; // 发动机转速 "4" 字样 指示灯（白）
 417   1      
 418   1          // aip3368h_display_buff[9] |= 0x01 << 12; // 发动机转速 "5" 字样 指示灯（白）
 419   1          // aip3368h_display_buff[9] |= 0x01 << 13; // 发动机转速 "6" 字样 指示灯（白）
 420   1          // aip3368h_display_buff[8] |= 0x01 << 0;  // 发动机转速 "7" 字样 指示灯（白）
 421   1          // aip3368h_display_buff[8] |= 0x01 << 15; // 发动机转速 "8" 字样 指示灯（白）
 422   1          // aip3368h_display_buff[6] |= 0x01 << 7;  // 发动机转速 "9" 字样 指示灯（白）
 423   1      
 424   1          // aip3368h_display_buff[6] |= 0x01 << 2;  // 发动机转速 "10" 字样 指示灯（红）
 425   1          // aip3368h_display_buff[0] |= 0x01 << 7;  // 发动机转速 "11" 字样 指示灯（红）
C51 COMPILER V9.60.7.0   AIP3368H_DISPLAY                                                  06/04/2026 17:30:01 PAGE 8   

 426   1          // aip3368h_display_buff[1] |= 0x01 << 11; // 发动机转速 "12"字样 指示灯（红）
 427   1      
 428   1          u8 i;
 429   1          for (i = 0; i < ARRAY_SIZE(engine_speed_digit_scale_map); i++)
 430   1          {
 431   2              aip3368h_display_buff[engine_speed_digit_scale_map[i].buff_index] &=
 432   2                  ~(0x01 << engine_speed_digit_scale_map[i].bit_offset);
 433   2          }
 434   1      
 435   1          if (level > 0)
 436   1          {
 437   2              for (i = 0; i <= level - 1; i++)
 438   2              {
 439   3                  aip3368h_display_buff[engine_speed_digit_scale_map[i].buff_index] |=
 440   3                      (0x01 << engine_speed_digit_scale_map[i].bit_offset);
 441   3              }
 442   2          }
 443   1      }
 444          
 445          /**
 446           * @brief 显示 挡位 "GEAR" 字样指示灯（白）
 447           *
 448           * @attention 在开机动画结束后立即点亮
 449           *
 450           */
 451          void aip3368h_display_gear_light(u8 is_enable)
 452          {
 453   1          if (is_enable)
 454   1          {
 455   2              aip3368h_display_buff[2] |= 0x01 << 11; // 挡位 "GEAR" 字样指示灯（白）
 456   2          }
 457   1          else
 458   1          {
 459   2              aip3368h_display_buff[2] &= ~(0x01 << 11); // "GEAR" 字样 第 0 个灯（白）
 460   2          }
 461   1      }
 462          
 463          /**
 464           * @brief 显示 挡位 "N" 字样指示灯
 465           *
 466           */
 467          void __aip3368h_display_gear_n_light__(u8 is_enable)
 468          {
 469   1          aip3368h_display_buff[2] &= ~(0x01 << 5); // 挡位 "N" 字样指示灯（绿）
 470   1      
 471   1          if (is_enable)
 472   1          {
 473   2              aip3368h_display_buff[2] |= 0x01 << 5; // 挡位 "N" 字样指示灯（绿）
 474   2          }
 475   1      }
 476          
 477          /**
 478           * @brief 显示 挡位 1 ~ 6
 479           *
 480           * @param level 0 ~ 6，0：不显示，1：显示数字"1"，2：显示数字"2"
 481           */
 482          void __aip3368h_display_gear_digit__(u8 level)
 483          {
 484   1          u8 i;
 485   1          u8 segment_code;
 486   1          for (i = 0; i < ARRAY_SIZE(gear_digit_map); i++)
 487   1          {
C51 COMPILER V9.60.7.0   AIP3368H_DISPLAY                                                  06/04/2026 17:30:01 PAGE 9   

 488   2              aip3368h_display_buff[gear_digit_map[i].buff_index] &=
 489   2                  ~(0x01 << gear_digit_map[i].bit_offset);
 490   2          }
 491   1      
 492   1          if (level <= 0)
 493   1          {
 494   2              return;
 495   2          }
 496   1      
 497   1          // 获取该数字对应的7段码 (要显示的数字 --> 七段码)
 498   1          segment_code = digit_segment_code[level];
 499   1      
 500   1          // 遍历 a ~ g 段数码管
 501   1          for (i = 0; i <= 7; i++)
 502   1          {
 503   2              // 检查该段是否需要点亮 (segment_code的对应bit是否为1)
 504   2              if (segment_code & (0x01 << i))
 505   2              {
 506   3                  aip3368h_display_buff[gear_digit_map[i].buff_index] |=
 507   3                      (0x01 << gear_digit_map[i].bit_offset);
 508   3              }
 509   2          }
 510   1      }
 511          
 512          /**
 513           * @brief 显示 挡位（不能开机动画调用这个函数）
 514           *
 515           * @param level 0 ~ 9（只使用到0~6，和8）
 516           *              0：显示挡位 "N" 字样指示灯，
 517           *              1：显示 1 挡
 518           *              2: 显示 2 挡
 519           *
 520           *              GEAR_UNKNOWN：不显示
 521           */
 522          void aip3368h_display_gear(u8 level)
 523          {
 524   1          // 清空显示
 525   1          __aip3368h_display_gear_n_light__(0);
 526   1          __aip3368h_display_gear_digit__(0);
 527   1      
 528   1          if (level == GEAR_UNKNOWN)
 529   1          {
 530   2              return;
 531   2          }
 532   1      
 533   1          if (0 == level)
 534   1          {
 535   2              __aip3368h_display_gear_n_light__(1);
 536   2          }
 537   1          else
 538   1          {
 539   2              __aip3368h_display_gear_digit__(level);
 540   2          }
 541   1      }
 542          
 543          /**
 544           * @brief 显示速度数码管上的哪一段
 545           *
 546           * @param bit_x 0 ~ 2，对应第 0 ~ 2 位数码管
 547           *
 548           * @param seg 0 ~ 6，对应 a ~ g 段
 549           *
C51 COMPILER V9.60.7.0   AIP3368H_DISPLAY                                                  06/04/2026 17:30:01 PAGE 10  

 550           * @param is_enable 0: 关闭 1: 打开
 551           */
 552          void __aip3368h_display_speed_seg__(u8 bit_x, seg_index_t seg, u8 is_enable)
 553          {
 554   1          if (is_enable)
 555   1          {
 556   2              aip3368h_display_buff[speed_segment_map[bit_x][seg].buff_index] |=
 557   2                  (1 << speed_segment_map[bit_x][seg].bit_offset);
 558   2          }
 559   1          else
 560   1          {
 561   2              aip3368h_display_buff[speed_segment_map[bit_x][seg].buff_index] &=
 562   2                  ~(1 << speed_segment_map[bit_x][seg].bit_offset);
 563   2          }
 564   1      }
 565          
 566          /**
 567           * @brief 控制数码管 第 x 位 显示的数字
 568           *
 569           * @attention 只在 aip3368h_display_speed() 被调用，
 570           *              函数内省略了清空显示的操作
 571           *
 572           * @param bit_x 0 ~ 2，对应第 0 ~ 2 位数码管
 573           * @param number 0 ~ 9，需要显示的数字
 574           */
 575          void __aip3368h_display_speed_bit_x__(u8 bit_x, u8 number)
 576          {
 577   1          u8 i;
 578   1          // u8 seg;
 579   1          // 获取该数字对应的7段码 (要显示的数字 --> 七段码)
 580   1          u8 segment_code = digit_segment_code[number];
 581   1      
 582   1          // // 清除第 x 位数码管显示
 583   1          // for (i = 0; i < 7; i++)
 584   1          // {
 585   1          //     aip3368h_display_buff[speed_segment_map[bit_x][i].buff_index] &=
 586   1          //         ~(0x01 << speed_segment_map[bit_x][i].bit_offset);
 587   1          // }
 588   1      
 589   1          // 根据段码设置对应的buff位
 590   1          for (i = 0; i < 7; i++)
 591   1          {
 592   2              // 检查该段是否需要点亮 (segment_code的对应bit是否为1)
 593   2              if (segment_code & (1 << i))
 594   2              {
 595   3                  // 点亮该段
 596   3                  aip3368h_display_buff[speed_segment_map[bit_x][i].buff_index] |=
 597   3                      (0x01 << speed_segment_map[bit_x][i].bit_offset);
 598   3              }
 599   2          }
 600   1      }
 601          
 602          /**
 603           * @brief 清空数码管 第 x 位 显示的内容
 604           *
 605           * @param bit_x 0 ~ 2，对应第 0 ~ 2 位数码管
 606           *
 607           */
 608          void __aip3368h_display_speed_bit_x_clear__(u8 bit_x)
 609          {
 610   1          u8 i;
 611   1          for (i = 0; i < 7; i++)
C51 COMPILER V9.60.7.0   AIP3368H_DISPLAY                                                  06/04/2026 17:30:01 PAGE 11  

 612   1          {
 613   2              aip3368h_display_buff[speed_segment_map[bit_x][i].buff_index] &=
 614   2                  ~(0x01 << speed_segment_map[bit_x][i].bit_offset);
 615   2          }
 616   1      }
 617          
 618          /**
 619           * @brief 显示时速
 620           *
 621           * @param speed 0 ~ 199
 622           *
 623           * @attention 时速不显示无效数据位，例如：时速 == 9，则显示 9 km，不会显示 09 km
 624           *
 625           */
 626          void aip3368h_display_speed(u8 speed)
 627          {
 628   1          u8 i;
 629   1          u8 j;
 630   1          // u8 segment_code;
 631   1          // 传参的有效数据位：
 632   1          u8 valid_bits = 0;
 633   1          u8 tmp = 0;
 634   1      
 635   1          // 默认先清空时速的显示
 636   1          // 时速 第 0 位：
 637   1          __aip3368h_display_speed_seg__(0, SEG_INDEX_B, 0);
 638   1          __aip3368h_display_speed_seg__(0, SEG_INDEX_C, 0);
 639   1          // 时速 第 1 ~ 2 位：
 640   1          for (i = 1; i < 3; i++)
 641   1          {
 642   2              for (j = 0; j < 7; j++) // 遍历 A ~ G 段
 643   2              {
 644   3                  aip3368h_display_buff[speed_segment_map[i][j].buff_index] &=
 645   3                      ~(0x01 << speed_segment_map[i][j].bit_offset);
 646   3              }
 647   2          }
 648   1      
 649   1          // 判断 speed 的有效数据位
 650   1          tmp = speed;
 651   1          while (1)
 652   1          {
 653   2              valid_bits++; // 刚进入，默认至少有1位有效数据
 654   2              tmp /= 10;
 655   2              if (tmp == 0)
 656   2              {
 657   3                  break;
 658   3              }
 659   2          }
 660   1      
 661   1          // printf("valid_bits == %u\n", (u16)valid_bits);
 662   1      
 663   1          if (speed >= 100)
 664   1          {
 665   2              // 显示时速第 0 位的 1：
 666   2              __aip3368h_display_speed_seg__(0, SEG_INDEX_B, 1);
 667   2              __aip3368h_display_speed_seg__(0, SEG_INDEX_C, 1);
 668   2          }
 669   1      
 670   1          for (i = 1; i < 3; i++) // 第 1 ~ 2 位数码管
 671   1          {
 672   2              if (1 == valid_bits && 2 == i)
 673   2              {
C51 COMPILER V9.60.7.0   AIP3368H_DISPLAY                                                  06/04/2026 17:30:01 PAGE 12  

 674   3                  /*
 675   3                      用于显示的数码管只有三位，
 676   3                      如果有效数据位只有1位，不显示第0位的"1"字样，
 677   3                      也不显示第1位数码管的任何内容
 678   3                  */
 679   3                  continue;
 680   3              }
 681   2      
 682   2              // i 初始值为 1，需要从第 0 位数码管开始准备显示的数据：
 683   2              __aip3368h_display_speed_bit_x__(3 - i, speed % 10);
 684   2              speed /= 10;
 685   2          }
 686   1      }
 687          
 688          /**
 689           * @brief 显示时速的单位对应的指示灯
 690           *
 691           * @param type
 692           *          DISTANCE_UNIT_TYPE_METRIC    km/h
 693           *          DISTANCE_UNIT_TYPE_IMPERIAL    mile/h，mph
 694           *
 695           * @param is_enable 0：不显示，1：显示
 696           */
 697          void __aip3368h_display_speed_unit_type__(distance_unit_type_t type, u8 is_enable)
 698          {
 699   1          if (type == DISTANCE_UNIT_TYPE_METRIC)
 700   1          {
 701   2              aip3368h_display_buff[5] &= ~(0x01 << 10); // 时速 "km/h" 字样 指示灯（绿）
 702   2              if (is_enable)
 703   2              {
 704   3                  aip3368h_display_buff[5] |= 0x01 << 10;
 705   3              }
 706   2          }
 707   1          else
 708   1          {
 709   2              aip3368h_display_buff[5] &= ~(0x01 << 11); // 时速 "mph" 字样 指示灯（绿）
 710   2              if (is_enable)
 711   2              {
 712   3                  aip3368h_display_buff[5] |= 0x01 << 11;
 713   3              }
 714   2          }
 715   1      }
 716          
 717          /**
 718           * @brief 显示时速的单位
 719           *
 720           * @attention 不能在开机动画中调用
 721           *
 722           * @param type
 723           *          DISTANCE_UNIT_TYPE_METRIC    km/h
 724           *          DISTANCE_UNIT_TYPE_IMPERIAL    mile/h，mph
 725           *        传参为互斥关系，例如:
 726           *        传入 DISTANCE_UNIT_TYPE_METRIC ，就会关闭 mph 指示灯，点亮 km/h 指示灯
 727           *        传入 DISTANCE_UNIT_TYPE_IMPERIAL ，就会关闭 km/h 指示灯，点亮 mph 指示灯
 728           */
 729          void aip3368h_display_speed_unit_type(distance_unit_type_t type)
 730          {
 731   1          if (type == DISTANCE_UNIT_TYPE_METRIC)
 732   1          {
 733   2              // 不显示 mph ，显示 km/h
 734   2              __aip3368h_display_speed_unit_type__(DISTANCE_UNIT_TYPE_IMPERIAL, 0);
 735   2              __aip3368h_display_speed_unit_type__(DISTANCE_UNIT_TYPE_METRIC, 1);
C51 COMPILER V9.60.7.0   AIP3368H_DISPLAY                                                  06/04/2026 17:30:01 PAGE 13  

 736   2          }
 737   1          else
 738   1          {
 739   2              // 不显示 km/h ，显示 mph
 740   2              __aip3368h_display_speed_unit_type__(DISTANCE_UNIT_TYPE_METRIC, 0);
 741   2              __aip3368h_display_speed_unit_type__(DISTANCE_UNIT_TYPE_IMPERIAL, 1);
 742   2          }
 743   1      }
 744          
 745          /**
 746           * @brief 显示里程的单位对应的指示灯
 747           *
 748           * @param type
 749           *          DISTANCE_UNIT_TYPE_METRIC      km
 750           *          DISTANCE_UNIT_TYPE_IMPERIAL    mile
 751           *
 752           * @param is_enable 0：不显示，1：显示
 753           */
 754          void __aip3368h_display_mileage_unit_type__(distance_unit_type_t type, u8 is_enable)
 755          {
 756   1          if (type == DISTANCE_UNIT_TYPE_METRIC)
 757   1          {
 758   2              aip3368h_display_buff[3] &= ~(0x01 << 4); // 里程 "km" 字样指示灯（绿）
 759   2              if (is_enable)
 760   2              {
 761   3                  aip3368h_display_buff[3] |= 0x01 << 4; // 里程 "km" 字样指示灯（绿）
 762   3              }
 763   2          }
 764   1          else
 765   1          {
 766   2              aip3368h_display_buff[2] &= ~(0x01 << 13); // 里程 "mile" 字样指示灯（绿）
 767   2              if (is_enable)
 768   2              {
 769   3                  aip3368h_display_buff[2] |= 0x01 << 13; // 里程 "mile" 字样指示灯（绿）
 770   3              }
 771   2          }
 772   1      }
 773          
 774          /**
 775           * @brief 显示里程的单位
 776           *
 777           * @attention 不能在开机动画中调用
 778           *
 779           * @param type
 780           *          DISTANCE_UNIT_TYPE_METRIC    km
 781           *          DISTANCE_UNIT_TYPE_IMPERIAL  mile
 782           *        传参为互斥关系，例如:
 783           *        传入 DISTANCE_UNIT_TYPE_METRIC ，就会关闭 mile 指示灯，点亮 km 指示灯
 784           *        传入 DISTANCE_UNIT_TYPE_IMPERIAL ，就会关闭 km 指示灯，点亮 mile 指示灯
 785           */
 786          void aip3368h_display_mileage_unit_type(distance_unit_type_t type)
 787          {
 788   1          if (type == DISTANCE_UNIT_TYPE_METRIC)
 789   1          {
 790   2              // 不显示 mile ，显示 km
 791   2              __aip3368h_display_mileage_unit_type__(DISTANCE_UNIT_TYPE_IMPERIAL, 0);
 792   2              __aip3368h_display_mileage_unit_type__(DISTANCE_UNIT_TYPE_METRIC, 1);
 793   2          }
 794   1          else
 795   1          {
 796   2              // 不显示 km ，显示 mile
 797   2              __aip3368h_display_mileage_unit_type__(DISTANCE_UNIT_TYPE_METRIC, 0);
C51 COMPILER V9.60.7.0   AIP3368H_DISPLAY                                                  06/04/2026 17:30:01 PAGE 14  

 798   2              __aip3368h_display_mileage_unit_type__(DISTANCE_UNIT_TYPE_IMPERIAL, 1);
 799   2          }
 800   1      }
 801          
 802          /**
 803           * @brief 里程显示中，在第 x 位显示数字
 804           *
 805           * @attention 是 aip3368h_display_mileage() 的子函数
 806           *
 807           * @param bit_x 0 ~ 5 (0=个位, 5=十万位)
 808           * @param number 0 ~ 9
 809           */
 810          void __aip3368h_display_mileage_bit_x__(u8 bit_x, u8 number)
 811          {
 812   1          u8 i;
 813   1          // u8 j; // 循环计数值
 814   1          // 参数有效性检查（为了节省程序空间，这里可以省略）
 815   1          // if (bit_x > 5 || number > 9)
 816   1          // {
 817   1          //     return;
 818   1          // }
 819   1      
 820   1          // 获取该数字对应的7段码 (要显示的数字 --> 七段码)
 821   1          u8 segment_code = digit_segment_code[number];
 822   1      
 823   1          // 清除 bit_x 对应数码管 a ~ g 段的显示
 824   1          for (i = 0; i < 7; i++) //
 825   1          {
 826   2              aip3368h_display_buff[mileage_segment_map[bit_x][i].buff_index] &=
 827   2                  ~(0x01 << mileage_segment_map[bit_x][i].bit_offset);
 828   2      
 829   2              // 检查该段是否需要点亮 (segment_code的对应bit是否为1)
 830   2              if (segment_code & (1 << i))
 831   2              {
 832   3                  // 点亮该段
 833   3                  aip3368h_display_buff[mileage_segment_map[bit_x][i].buff_index] |=
 834   3                      (0x01 << mileage_segment_map[bit_x][i].bit_offset);
 835   3              }
 836   2          }
 837   1      }
 838          
 839          /**
 840           * @brief 里程的 "TOTAL" 字样指示灯
 841           *
 842           * @param is_enable 是否显示，0：不显示，1：显示
 843           *
 844           */
 845          void __aip3368h_display_mileage_total_light__(u8 is_enable)
 846          {
 847   1          if (is_enable)
 848   1          {
 849   2              aip3368h_display_buff[1] |= (0x01 << 9); // 里程 "TOTAL" 字样 指示灯（绿）
 850   2          }
 851   1          else
 852   1          {
 853   2              aip3368h_display_buff[1] &= ~(0x01 << 9); // 里程 "TOTAL" 字样 指示灯（绿）
 854   2          }
 855   1      }
 856          
 857          /**
 858           * @brief 里程的 "TRIP" 字样指示灯
 859           *
C51 COMPILER V9.60.7.0   AIP3368H_DISPLAY                                                  06/04/2026 17:30:01 PAGE 15  

 860           * @param is_enable 是否显示，0：不显示，1：显示
 861           *
 862           */
 863          void __aip3368h_display_mileage_trip_light__(u8 is_enable)
 864          {
 865   1          if (is_enable)
 866   1          {
 867   2              aip3368h_display_buff[1] |= (0x01 << 8); // 里程 "TRIP" 字样 指示灯（绿）
 868   2          }
 869   1          else
 870   1          {
 871   2              aip3368h_display_buff[1] &= ~(0x01 << 8); // 里程 "TRIP" 字样 指示灯（绿）
 872   2          }
 873   1      }
 874          
 875          /**
 876           * @brief 里程的小数点
 877           *
 878           */
 879          void __aip3368h_display_mileage_point__(u8 is_enable)
 880          {
 881   1          if (is_enable)
 882   1          {
 883   2              aip3368h_display_buff[3] |= 0x01 << 8; // 里程 小数点 指示灯（白）
 884   2          }
 885   1          else
 886   1          {
 887   2              aip3368h_display_buff[3] &= ~(0x01 << 8); // 里程 小数点 指示灯（白）
 888   2          }
 889   1      }
 890          
 891          /**
 892           * @brief 显示里程
 893           *
 894           * @param mileage
 895           *          如果显示总里程，mileage == 12345，则显示 12345
 896           *          如果显示当前里程，mileage == 12345，则显示 1234.5
 897           *
 898           * @param is_displaying_total_mileage 是否显示总里程。0：显示当前里程(TRIP)，1：显示总
             -里程(ODO)
 899           */
 900          void aip3368h_display_mileage(u32 mileage, u8 is_displaying_total_mileage)
 901          {
 902   1          u8 i; // 循环计数值
 903   1          // 显示里程的数值，不包括单位、小数点：
 904   1          for (i = 0; i < 6; i++)
 905   1          {
 906   2              __aip3368h_display_mileage_bit_x__(5 - i, mileage % 10);
 907   2              mileage /= 10;
 908   2          }
 909   1      
 910   1          if (is_displaying_total_mileage)
 911   1          {
 912   2              __aip3368h_display_mileage_total_light__(1);
 913   2              __aip3368h_display_mileage_trip_light__(0);
 914   2              __aip3368h_display_mileage_point__(0);
 915   2          }
 916   1          else
 917   1          {
 918   2              __aip3368h_display_mileage_total_light__(0);
 919   2              __aip3368h_display_mileage_trip_light__(1);
 920   2              __aip3368h_display_mileage_point__(1);
C51 COMPILER V9.60.7.0   AIP3368H_DISPLAY                                                  06/04/2026 17:30:01 PAGE 16  

 921   2          }
 922   1      }
 923          
 924          /**
 925           * @brief 油量图标
 926           *
 927           * @param is_enable 0:不显示 1:显示
 928           *
 929           */
 930          void __aip3368h_display_fuel_icon__(u8 is_enable)
 931          {
 932   1          if (is_enable)
 933   1          {
 934   2              aip3368h_display_buff[10] |= 0x01 << 13; // 油量 图标 （红）
 935   2          }
 936   1          else
 937   1          {
 938   2              aip3368h_display_buff[10] &= ~(0x01 << 13); // 油量 图标 （红）
 939   2          }
 940   1      }
 941          
 942          /**
 943           * @brief 油量"E"字样 指示灯
 944           *
 945           */
 946          void __aip3368h_display_fuel_empty_light__(u8 is_enable)
 947          {
 948   1          if (is_enable)
 949   1          {
 950   2              aip3368h_display_buff[9] |= 0x01 << 6; // 油量 "E" 字样 指示灯（红）
 951   2          }
 952   1          else
 953   1          {
 954   2              aip3368h_display_buff[9] &= ~(0x01 << 6); // 油量 "E" 字样 指示灯（红）
 955   2          }
 956   1      }
 957          
 958          /**
 959           * @brief 油量"F"字样 指示灯
 960           *
 961           */
 962          void __aip3368h_display_fuel_full_light__(u8 is_enable)
 963          {
 964   1          if (is_enable)
 965   1          {
 966   2              aip3368h_display_buff[10] |= 0x01 << 8; // 油量 "F" 字样 指示灯（白）
 967   2          }
 968   1          else
 969   1          {
 970   2              aip3368h_display_buff[10] &= ~(0x01 << 8); // 油量 "F" 字样 指示灯（白）
 971   2          }
 972   1      }
 973          
 974          /**
 975           * @brief 显示油量格数
 976           *
 977           * @param level 油量格数 0 ~ 6，0：0格油量，1：1格油量，2：2格油量
 978           *
 979           */
 980          void aip3368h_display_fuel_level(aip3368h_display_fuel_level_t level)
 981          {
 982   1          u8 i;
C51 COMPILER V9.60.7.0   AIP3368H_DISPLAY                                                  06/04/2026 17:30:01 PAGE 17  

 983   1          // 清空显示
 984   1          for (i = 0; i < ARRAY_SIZE(fuel_level_map); i++)
 985   1          {
 986   2              aip3368h_display_buff[fuel_level_map[i].buff_index] &=
 987   2                  ~(0x01 << fuel_level_map[i].bit_offset);
 988   2          }
 989   1      
 990   1          if (level == 0)
 991   1          {
 992   2              return;
 993   2          }
 994   1      
 995   1          // 根据 传参 进行显示：
 996   1          for (i = 0; i <= level - 1; i++)
 997   1          {
 998   2              aip3368h_display_buff[fuel_level_map[i].buff_index] |=
 999   2                  (0x01 << fuel_level_map[i].bit_offset);
1000   2          }
1001   1      
1002   1          // aip3368h_display_buff[10] |= 0x01 << 9;  // 油量 第 5 格 指示灯（白）
1003   1          // aip3368h_display_buff[10] |= 0x01 << 10; // 油量 第 4 格 指示灯（白）
1004   1          // aip3368h_display_buff[10] |= 0x01 << 11; // 油量 第 3 格 指示灯（白）
1005   1          // aip3368h_display_buff[10] |= 0x01 << 12; // 油量 第 2 格 指示灯（白）
1006   1          // aip3368h_display_buff[10] |= 0x01 << 14; // 油量 第 1 格 指示灯（白）
1007   1          // aip3368h_display_buff[10] |= 0x01 << 15; // 油量 第 0 格 指示灯（红）
1008   1      }
1009          
1010          void aip3368h_display_boot_animation_time_add(void)
1011          {
1012   1          if (aip3368h_display_obj.is_in_boot_animation == 1)
1013   1          {
1014   2              // 在开机动画中，累加开机动画的时间
1015   2              aip3368h_display_obj.boot_animation_time_cnt++;
1016   2              aip3368h_display_obj.boot_animation_time_add_flag = 1;
1017   2          }
1018   1      }
1019          
1020          // 时速的开机动画
1021          void __aip3368h_display_boot_animation_in_speed__(void)
1022          {
1023   1          // 测试完成之后，需要将下面两个 u16 改成 u8 来节省程序空间
1024   1          static const u8 period = 50;
1025   1          static u8 step = 0;
1026   1      
1027   1          static seg_index_t cur_seg = 0;  // 当前显示的数码管
1028   1          static seg_index_t last_seg = 0; // 上一次显示的数码管
1029   1          static u8 is_initialized = 0;
1030   1      
1031   1          if (BOOT_ANIMATION_PHASE_SPEED !=
1032   1              aip3368h_display_obj.boot_animation_phase)
1033   1          {
1034   2              return;
1035   2          }
1036   1      
1037   1          /*
1038   1              动画循环 3次 * 每次6个数码管 * 每次切换显示数码管的时间间隔
1039   1              样机实际在第三次的C段数码管显示完之后就熄灭，切换到下一个动画阶段�
             -��，
1040   1              这里要加上微调
1041   1          */
1042   1          if (aip3368h_display_obj.boot_animation_time_cnt >=
1043   1              ((u16)3 * 6 * period - (period * 2)))
C51 COMPILER V9.60.7.0   AIP3368H_DISPLAY                                                  06/04/2026 17:30:01 PAGE 18  

1044   1          {
1045   2              aip3368h_display_obj.boot_animation_phase =
1046   2                  BOOT_ANIMATION_PHASE_BACKLIGHT;
1047   2              return;
1048   2          }
1049   1          else if (aip3368h_display_obj.boot_animation_time_cnt >=
1050   1                   ((u16)3 * 6 * period - (period * 3)))
1051   1          {
1052   2              __aip3368h_display_speed_seg__(1, last_seg, 0);
1053   2              __aip3368h_display_speed_seg__(2, last_seg, 0);
1054   2              return;
1055   2          }
1056   1      
1057   1          if (is_initialized == 0)
1058   1          {
1059   2              is_initialized = 1;
1060   2              step = period;
1061   2          }
1062   1      
1063   1          step++;
1064   1          if (step >= period)
1065   1          {
1066   2              step = 0;
1067   2          }
1068   1          else
1069   1          {
1070   2              return;
1071   2          }
1072   1      
1073   1          __aip3368h_display_speed_seg__(1, last_seg, 0);
1074   1          __aip3368h_display_speed_seg__(2, last_seg, 0);
1075   1          __aip3368h_display_speed_seg__(1, cur_seg, 1);
1076   1          __aip3368h_display_speed_seg__(2, cur_seg, 1);
1077   1          last_seg = cur_seg;
1078   1          cur_seg++;
1079   1          if (cur_seg == SEG_INDEX_G)
1080   1          {
1081   2              cur_seg = SEG_INDEX_A;
1082   2          }
1083   1      }
1084          
1085          // 背光刻度条的开机动画
1086          void __aip3368h_display_boot_animation_in_back_light_scale_bar__(void)
1087          {
1088   1          // 测试完成之后，需要将下面两个 u16 改成 u8 来节省程序空间
1089   1          static const u8 period = 30;
1090   1          static u8 step = 0;
1091   1      
1092   1          static u16 period_cnt = 0;
1093   1          static u8 is_initialized = 0;
1094   1      
1095   1          static u8 level = 0;
1096   1      
1097   1          if (BOOT_ANIMATION_PHASE_BACKLIGHT !=
1098   1              aip3368h_display_obj.boot_animation_phase)
1099   1          {
1100   2              return;
1101   2          }
1102   1      
1103   1          // 0 ~ 32
1104   1          if (period_cnt >= (u16)34 * period)
1105   1          {
C51 COMPILER V9.60.7.0   AIP3368H_DISPLAY                                                  06/04/2026 17:30:01 PAGE 19  

1106   2              aip3368h_display_obj.boot_animation_phase =
1107   2                  BOOT_ANIMATION_PHASE_LEFT_TO_RIGHT;
1108   2      
1109   2              // USER_TO_DO 可能要在这里加上提前返回的逻辑
1110   2          }
1111   1      
1112   1          if (0 == is_initialized)
1113   1          {
1114   2              // 刚进入动画，需要立即点亮第一个灯
1115   2              is_initialized = 1;
1116   2              step = period_cnt;
1117   2          }
1118   1      
1119   1          step++;
1120   1          period_cnt++;
1121   1          if (step >= period)
1122   1          {
1123   2              step = 0;
1124   2          }
1125   1          else
1126   1          {
1127   2              return;
1128   2          }
1129   1      
1130   1          aip3368h_display_back_light_scale_bar(level);
1131   1          level++;
1132   1      }
1133          
1134          // 开机动画，从左到右点亮各个指示灯
1135          void __aip3368h_display_boot_animation_left_to_right__(void)
1136          {
1137   1          // =========================================================
1138   1          // 油量
1139   1          static const u16 period_of_fuel = 30;
1140   1          static u16 step_of_fuel = 0;
1141   1          static u8 level_of_fuel = 0;
1142   1          // =========================================================
1143   1          // 仪表顶部的各个指示灯
1144   1          static const u16 period_of_indicator_light = 200;
1145   1          static u16 step_of_indicator_light = 0;
1146   1          static u8 level_of_indicator_light = 0;
1147   1          // =========================================================
1148   1          // 发动机转速刻度条
1149   1          static const u16 period_of_engine_speed_scale_bar = 30;
1150   1          static u16 step_of_engine_speed_scale_bar = 0;
1151   1          static u8 level_of_engine_speed_scale_bar = 0;
1152   1          // =========================================================
1153   1          // 时速、里程、挡位，以及其他杂项
1154   1          static const u16 period_of_misc = 90;
1155   1          static u16 step_of_misc = 0;
1156   1          static u8 level_of_misc = 0;
1157   1          // =========================================================
1158   1      
1159   1          // static u16 period_cnt = 0;
1160   1          static u8 is_initialized = 0;
1161   1      
1162   1          // static u8 level = 0;
1163   1      
1164   1          if (BOOT_ANIMATION_PHASE_LEFT_TO_RIGHT !=
1165   1              aip3368h_display_obj.boot_animation_phase)
1166   1          {
1167   2              return;
C51 COMPILER V9.60.7.0   AIP3368H_DISPLAY                                                  06/04/2026 17:30:01 PAGE 20  

1168   2          }
1169   1      
1170   1          if (level_of_misc >= 12)
1171   1          {
1172   2              // 开机动画结束
1173   2              aip3368h_display_obj.boot_animation_phase =
1174   2                  BOOT_ANIMATION_PHASE_HOLD_ON;
1175   2              return;
1176   2          }
1177   1      
1178   1          if (is_initialized == 0)
1179   1          {
1180   2              is_initialized = 1;
1181   2      
1182   2              // 油量
1183   2              step_of_fuel = period_of_fuel;
1184   2              __aip3368h_display_fuel_empty_light__(1);
1185   2      
1186   2              // 仪表顶部的各个指示灯
1187   2              step_of_indicator_light = period_of_indicator_light;
1188   2      
1189   2              aip3368h_display_engine_speed_digit_scale(1);
1190   2          }
1191   1      
1192   1          // =========================================================
1193   1          // 油量
1194   1          step_of_fuel++;
1195   1          if (step_of_fuel >= period_of_fuel &&
1196   1              level_of_fuel <= AIP3368H_DISPLAY_FUEL_LEVEL_5)
1197   1          {
1198   2              step_of_fuel = 0;
1199   2      
1200   2              aip3368h_display_fuel_level(level_of_fuel);
1201   2              if (level_of_fuel == AIP3368H_DISPLAY_FUEL_LEVEL_2)
1202   2              {
1203   3                  __aip3368h_display_fuel_icon__(1);
1204   3              }
1205   2      
1206   2              if (level_of_fuel == AIP3368H_DISPLAY_FUEL_LEVEL_5)
1207   2              {
1208   3                  __aip3368h_display_fuel_full_light__(1);
1209   3              }
1210   2      
1211   2              level_of_fuel++;
1212   2          }
1213   1          // =========================================================
1214   1          // 仪表顶部的各个指示灯
1215   1          step_of_indicator_light++;
1216   1          if (step_of_indicator_light >= period_of_indicator_light &&
1217   1              level_of_indicator_light <= 4)
1218   1          {
1219   2              step_of_indicator_light = 0;
1220   2      
1221   2              switch (level_of_indicator_light)
1222   2              {
1223   3              case 0:
1224   3                  aip3368h_display_left_turn_light(1);
1225   3                  break;
1226   3              case 1:
1227   3                  aip3368h_display_err_light(1);
1228   3                  break;
1229   3              case 2:
C51 COMPILER V9.60.7.0   AIP3368H_DISPLAY                                                  06/04/2026 17:30:01 PAGE 21  

1230   3                  aip3368h_display_low_beam_indicator_light(1);
1231   3                  break;
1232   3              case 3:
1233   3                  aip3368h_display_high_beam_indicator_light(1);
1234   3                  break;
1235   3              case 4:
1236   3                  aip3368h_display_right_turn_light(1);
1237   3                  break;
1238   3              }
1239   2      
1240   2              level_of_indicator_light++;
1241   2          }
1242   1          // =========================================================
1243   1          // 发动机转速刻度条
1244   1          step_of_engine_speed_scale_bar++;
1245   1          if (step_of_engine_speed_scale_bar >= period_of_engine_speed_scale_bar &&
1246   1              level_of_engine_speed_scale_bar <= 24)
1247   1          {
1248   2              step_of_engine_speed_scale_bar = 0;
1249   2              aip3368h_display_engine_speed_scale_bar(level_of_engine_speed_scale_bar);
1250   2              // USER_TO_DO 可以优化一下这里：
1251   2              switch (level_of_engine_speed_scale_bar)
1252   2              {
1253   3              case 2:
1254   3                  aip3368h_display_engine_speed_digit_scale(2);
1255   3                  break;
1256   3              case 4:
1257   3                  aip3368h_display_engine_speed_digit_scale(3);
1258   3                  break;
1259   3              case 6:
1260   3                  aip3368h_display_engine_speed_digit_scale(4);
1261   3                  break;
1262   3              case 8:
1263   3                  aip3368h_display_engine_speed_digit_scale(5);
1264   3                  break;
1265   3              case 10:
1266   3                  aip3368h_display_engine_speed_digit_scale(6);
1267   3                  break;
1268   3              case 12:
1269   3                  aip3368h_display_engine_speed_digit_scale(7);
1270   3                  break;
1271   3              case 14:
1272   3                  aip3368h_display_engine_speed_digit_scale(8);
1273   3                  break;
1274   3              case 16:
1275   3                  aip3368h_display_engine_speed_digit_scale(9);
1276   3                  break;
1277   3              case 18:
1278   3                  aip3368h_display_engine_speed_digit_scale(10);
1279   3                  break;
1280   3              case 20:
1281   3                  aip3368h_display_engine_speed_digit_scale(11);
1282   3                  break;
1283   3              case 22:
1284   3                  aip3368h_display_engine_speed_digit_scale(12);
1285   3                  break;
1286   3              case 24:
1287   3                  aip3368h_display_engine_speed_digit_scale(13);
1288   3                  break;
1289   3              }
1290   2      
1291   2              level_of_engine_speed_scale_bar++;
C51 COMPILER V9.60.7.0   AIP3368H_DISPLAY                                                  06/04/2026 17:30:01 PAGE 22  

1292   2          }
1293   1          // =========================================================
1294   1          step_of_misc++;
1295   1          if (step_of_misc >= period_of_misc &&
1296   1              level_of_misc <= 11)
1297   1          {
1298   2              step_of_misc = 0;
1299   2              switch (level_of_misc)
1300   2              {
1301   3              case 0:
1302   3                  __aip3368h_display_speed_bit_x__(0, 1);
1303   3                  break;
1304   3              case 1:
1305   3                  __aip3368h_display_speed_bit_x__(1, 8);
1306   3                  break;
1307   3              case 2:
1308   3                  __aip3368h_display_speed_bit_x__(2, 8);
1309   3                  break;
1310   3              case 3:
1311   3                  __aip3368h_display_speed_unit_type__(DISTANCE_UNIT_TYPE_METRIC, 1);
1312   3                  __aip3368h_display_speed_unit_type__(DISTANCE_UNIT_TYPE_IMPERIAL, 1);
1313   3                  __aip3368h_display_gear_n_light__(1);
1314   3                  break;
1315   3              case 4:
1316   3                  __aip3368h_display_mileage_bit_x__(0, 8);
1317   3                  __aip3368h_display_mileage_total_light__(1);
1318   3                  break;
1319   3              case 5:
1320   3                  __aip3368h_display_mileage_bit_x__(1, 8);
1321   3                  break;
1322   3              case 6:
1323   3                  __aip3368h_display_mileage_bit_x__(2, 8);
1324   3                  __aip3368h_display_mileage_trip_light__(1);
1325   3                  aip3368h_display_x1000rpm_light(1);
1326   3                  break;
1327   3              case 7:
1328   3                  __aip3368h_display_mileage_bit_x__(3, 8);
1329   3                  break;
1330   3              case 8:
1331   3                  __aip3368h_display_mileage_bit_x__(4, 8);
1332   3                  __aip3368h_display_mileage_point__(1);
1333   3                  break;
1334   3              case 9:
1335   3                  __aip3368h_display_mileage_bit_x__(5, 8);
1336   3                  break;
1337   3              case 10:
1338   3                  __aip3368h_display_mileage_unit_type__(DISTANCE_UNIT_TYPE_METRIC, 1);
1339   3                  __aip3368h_display_mileage_unit_type__(DISTANCE_UNIT_TYPE_IMPERIAL, 1);
1340   3                  break;
1341   3              case 11:
1342   3                  __aip3368h_display_gear_digit__(8);
1343   3                  aip3368h_display_gear_light(1);
1344   3                  break;
1345   3              }
1346   2      
1347   2              level_of_misc++;
1348   2          }
1349   1      }
1350          
1351          // 开机动画处理函数
1352          void aip3368h_display_boot_animation_handle(void)
1353          {
C51 COMPILER V9.60.7.0   AIP3368H_DISPLAY                                                  06/04/2026 17:30:01 PAGE 23  

1354   1          memset(&aip3368h_display_obj, 0x00, sizeof(aip3368h_display_obj_t));
1355   1          aip3368h_display_obj.is_in_boot_animation = 1;
1356   1      
1357   1          while (aip3368h_display_obj.is_in_boot_animation)
1358   1          {
1359   2              WDT_KEY = WDT_KEY_VAL(0xAA); // 喂狗并清除 wdt_pending
1360   2      
1361   2              if (aip3368h_display_obj.boot_animation_time_add_flag)
1362   2              {
1363   3                  aip3368h_display_obj.boot_animation_time_add_flag = 0;
1364   3              }
1365   2              else
1366   2              {
1367   3                  continue;
1368   3              }
1369   2      
1370   2              __aip3368h_display_boot_animation_in_speed__();
1371   2              __aip3368h_display_boot_animation_in_back_light_scale_bar__();
1372   2              __aip3368h_display_boot_animation_left_to_right__();
1373   2      
1374   2              if (BOOT_ANIMATION_PHASE_HOLD_ON ==
1375   2                  aip3368h_display_obj.boot_animation_phase)
1376   2              {
1377   3                  static u16 hold_on_cnt = 0;
1378   3                  hold_on_cnt++;
1379   3                  if (hold_on_cnt >= 500)
1380   3                  {
1381   4                      hold_on_cnt = 0;
1382   4                      aip3368h_display_obj.boot_animation_phase = BOOT_ANIMATION_PAHSE_END;
1383   4                  }
1384   3              }
1385   2      
1386   2              if (BOOT_ANIMATION_PAHSE_END ==
1387   2                  aip3368h_display_obj.boot_animation_phase)
1388   2              {
1389   3                  // 开机动画结束，让部分灯光保持常亮
1390   3                  aip3368h_display_obj.is_in_boot_animation = 0;
1391   3                  aip3368h_display_back_light_scale_bar(33);
1392   3                  aip3368h_display_engine_speed_digit_scale(13);
1393   3                  aip3368h_display_x1000rpm_light(1);
1394   3                  __aip3368h_display_fuel_empty_light__(1);
1395   3                  __aip3368h_display_fuel_full_light__(1);
1396   3                  aip3368h_display_gear_light(1);
1397   3      
1398   3                  // USER_TO_DO 根据记忆，选择对应的单位和TOTAL/TRIP里程进行显示
1399   3                  aip3368h_display_speed_unit_type(
1400   3                      instrument.save_info.distance_unit_type);
1401   3                  aip3368h_display_mileage_unit_type(
1402   3                      instrument.save_info.distance_unit_type);
1403   3              }
1404   2      
1405   2              aip3368h_module_display();
1406   2          }
1407   1      }
1408          
1409          void aip3368h_display_err_handle_time_add(void)
1410          {
1411   1          if (aip3368h_display_err_handle_time_cnt < ((u16)-1))
1412   1          {
1413   2              aip3368h_display_err_handle_time_cnt++;
1414   2          }
1415   1      }
C51 COMPILER V9.60.7.0   AIP3368H_DISPLAY                                                  06/04/2026 17:30:01 PAGE 24  

1416          void aip3368h_display_err_handle(void)
1417          {
1418   1          if (aip3368h_display_err_handle_time_cnt < 475)
1419   1          {
1420   2              return;
1421   2          }
1422   1          else
1423   1          {
1424   2              aip3368h_display_err_handle_time_cnt = 0;
1425   2          }
1426   1      
1427   1          // 低油量 报警
1428   1          if (instrument.flag_is_in_warning_of_low_fuel)
1429   1          {
1430   2              // 直接操作显存，判断指示灯是否点亮，进而让它闪烁
1431   2              // 让第 0 格油量的指示灯和油量图标指示灯一起闪烁
1432   2      
1433   2              if ((aip3368h_display_buff[10] >> 13) & 0x01)
1434   2              {
1435   3                  aip3368h_display_buff[10] &= ~(0x01 << 13); // 油量 图标 （红）
1436   3                  aip3368h_display_buff[10] &= ~(0x01 << 15); // 油量 第 0 格 指示灯（红）
1437   3              }
1438   2              else
1439   2              {
1440   3                  aip3368h_display_buff[10] |= 0x01 << 13; // 油量 图标 （红）
1441   3                  aip3368h_display_buff[10] |= 0x01 << 15; // 油量 第 0 格 指示灯（红）
1442   3              }
1443   2          }
1444   1      }
1445          
1446          // ==============================================================================
1447          // ==============================================================================
1448          #if AIP3368H_DISPLAY_TEST_ENABLE
              
              /**
               * @brief 测试指示灯闪烁，放在1ms的中断内调用
               *
               * @return * void
               */
              void aip3368h_display_test_light_blink_1ms_isr(void)
              {
                  static u16 cnt = 0;
                  static u8 is_enable = 0;
              
                  cnt++;
                  if (cnt < 500)
                  {
                      return;
                  }
                  else
                  {
                      cnt = 0;
                  }
              
                  // aip3368h_display_left_turn_light(is_enable);
                  // aip3368h_display_right_turn_light(is_enable);
                  // aip3368h_display_err_light(is_enable);
                  // aip3368h_display_low_beam_indicator_light(is_enable);
                  // aip3368h_display_high_beam_indicator_light(is_enable);
                  // aip3368h_display_x1000rpm_light(is_enable);
                  // aip3368h_display_gear_light(is_enable);
                  // aip3368h_display_gear_n_light(is_enable);
C51 COMPILER V9.60.7.0   AIP3368H_DISPLAY                                                  06/04/2026 17:30:01 PAGE 25  

                  // __aip3368h_display_fuel_icon__(is_enable);
                  // __aip3368h_display_fuel_empty_light__(is_enable);
                  // __aip3368h_display_fuel_full_light__(is_enable);
              
                  // // 每次时间到来，换一种速度单位来显示：
                  // if (is_enable)
                  // {
                  //     aip3368h_display_speed_unit_type(DISTANCE_UNIT_TYPE_METRIC);
                  // }
                  // else
                  // {
                  //     aip3368h_display_speed_unit_type(DISTANCE_UNIT_TYPE_IMPERIAL);
                  // }
              
                  // if (is_enable)
                  // {
                  //     aip3368h_display_mileage_unit_type(DISTANCE_UNIT_TYPE_METRIC);
                  // }
                  // else
                  // {
                  //     aip3368h_display_mileage_unit_type(DISTANCE_UNIT_TYPE_IMPERIAL);
                  // }
              
                  is_enable = !is_enable;
              }
              
              /**
               * @brief 测试背光灯刻度条
               *
               */
              void aip3368h_display_test_back_light_scale_bar(void)
              {
                  static u16 cnt = 0;
                  static u8 level = 0;
              
                  cnt++;
                  if (cnt < 500)
                  {
                      return;
                  }
                  else
                  {
                      cnt = 0;
                  }
              
                  aip3368h_display_back_light_scale_bar(level);
              
                  level++;
                  if (level >= 34)
                  {
                      level = 0;
                  }
              }
              
              /**
               * @brief 测试 发动机转速刻度条
               *
               */
              void aip3368h_display_test_engine_speed_scale_bar(void)
              {
                  static u16 cnt = 0;
                  static u8 level = 0;
C51 COMPILER V9.60.7.0   AIP3368H_DISPLAY                                                  06/04/2026 17:30:01 PAGE 26  

              
                  cnt++;
                  if (cnt < 500)
                  {
                      return;
                  }
                  else
                  {
                      cnt = 0;
                  }
              
                  aip3368h_display_engine_speed_scale_bar(level);
                  level++;
                  if (level >= 25)
                  {
                      level = 0;
                  }
              }
              
              /**
               * @brief 测试 发动机转速的数字刻度
               *
               */
              void aip3368h_display_test_engine_speed_digit_scale(void)
              {
                  static u16 cnt = 0;
                  static u8 level = 0;
              
                  cnt++;
                  if (cnt < 500)
                  {
                      return;
                  }
                  else
                  {
                      cnt = 0;
                  }
              
                  aip3368h_display_engine_speed_digit_scale(level);
                  level++;
                  if (level >= 14)
                  {
                      level = 0;
                  }
              }
              
              // 测试 挡位 显示
              void aip3368h_display_test_gear(void)
              {
                  static u16 cnt = 0;
                  static u8 level = 0;
              
                  cnt++;
                  if (cnt < 500)
                  {
                      return;
                  }
                  else
                  {
                      cnt = 0;
                  }
              
C51 COMPILER V9.60.7.0   AIP3368H_DISPLAY                                                  06/04/2026 17:30:01 PAGE 27  

                  if (level == 0)
                  {
                      __aip3368h_display_gear_n_light__(0);
                      __aip3368h_display_gear_digit__(0);
                  }
                  else
                  {
                      // 最大传入 6
                      aip3368h_display_gear(level - 1);
                  }
              
                  level++;
                  if (level >= 8)
                  {
                      level = 0;
                  }
              }
              
              void aip3368h_display_test_speed(void)
              {
                  static u16 cnt = 0;
                  static u8 speed = 0;
              
                  cnt++;
                  if (cnt < 200)
                  {
                      return;
                  }
                  else
                  {
                      cnt = 0;
                  }
              
                  aip3368h_display_speed(speed);
                  speed++;
                  if (speed >= 200)
                  {
                      speed = 0;
                  }
              }
              
              void aip3368h_display_test_mileage(void)
              {
                  static u16 cnt = 0;
                  static u8 index = 0;
                  static u8 is_displaying_total_mileage = 0;
                  const u32 buff[] = {
                      111111,
                      222222,
                      333333,
                      444444,
                      555555,
                      666666,
                      777777,
                      888888,
                      999999,
                  };
              
                  cnt++;
                  if (cnt < 200)
                  {
                      return;
C51 COMPILER V9.60.7.0   AIP3368H_DISPLAY                                                  06/04/2026 17:30:01 PAGE 28  

                  }
                  else
                  {
                      cnt = 0;
                  }
              
                  aip3368h_display_mileage(buff[index], is_displaying_total_mileage);
                  is_displaying_total_mileage = !is_displaying_total_mileage;
                  index++;
                  if (index >= ARRAY_SIZE(buff))
                  {
                      index = 0;
                  }
              }
              
              void aip3368h_display_test_fuel(void)
              {
                  static u16 cnt = 0;
                  static aip3368h_display_fuel_level_t fuel_level =
                      AIP3368H_DISPLAY_FUEL_LEVEL_EMPTY;
                  static u8 is_enable = 0;
              
                  cnt++;
                  if (cnt < 500)
                  {
                      return;
                  }
                  else
                  {
                      cnt = 0;
                  }
              
                  __aip3368h_display_fuel_icon__(is_enable);
                  __aip3368h_display_fuel_empty_light__(is_enable);
                  __aip3368h_display_fuel_full_light__(is_enable);
                  aip3368h_display_fuel_level(fuel_level);
              
                  fuel_level++;
                  if (fuel_level > AIP3368H_DISPLAY_FUEL_LEVEL_5)
                  {
                      fuel_level = AIP3368H_DISPLAY_FUEL_LEVEL_EMPTY;
                  }
              
                  is_enable = !is_enable;
              }
              
              #if 1
              void aip3368h_display_test(void)
              {
              #if 1
                  // aip3368h_display_buff[0] |= 0x01 << 0;  // NC
                  // aip3368h_display_buff[0] |= 0x01 << 1;  // NC
                  // aip3368h_display_buff[0] |= 0x01 << 2;  // 背光刻度条 第 21 个灯（白）
                  // aip3368h_display_buff[0] |= 0x01 << 3;  // 背光刻度条 第 20 个灯（白）
                  // aip3368h_display_buff[0] |= 0x01 << 4;  // 发动机转速刻度条 第 23 个 指示灯（红）
                  // aip3368h_display_buff[0] |= 0x01 << 5;  // 背光刻度条 第 19 个灯（白）
                  // aip3368h_display_buff[0] |= 0x01 << 6;  // 发动机转速刻度条 第 22 个 指示灯（红）
                  // aip3368h_display_buff[0] |= 0x01 << 7;  // 发动机转速 "11" 字样 指示灯（红）
                  // aip3368h_display_buff[0] |= 0x01 << 8;  // NC 样板上没有该指示灯
                  // aip3368h_display_buff[0] |= 0x01 << 9;  // NC 样板上没有该指示灯
                  // aip3368h_display_buff[0] |= 0x01 << 10; // NC 样板上没有该指示灯
                  // aip3368h_display_buff[0] |= 0x01 << 11; // NC 样板上没有该指示灯
C51 COMPILER V9.60.7.0   AIP3368H_DISPLAY                                                  06/04/2026 17:30:01 PAGE 29  

                  // aip3368h_display_buff[0] |= 0x01 << 12; // 小灯/近光灯（绿）
                  // aip3368h_display_buff[0] |= 0x01 << 13; // NC
                  // aip3368h_display_buff[0] |= 0x01 << 14; // NC
                  // aip3368h_display_buff[0] |= 0x01 << 15; // NC
              
                  // aip3368h_display_buff[1] |= 0x01 << 0;  // 右转向灯
                  // aip3368h_display_buff[1] |= 0x01 << 1;  // 背光刻度条 第 26 个灯（白）
                  // aip3368h_display_buff[1] |= 0x01 << 2;  // 背光刻度条 第 25 个灯（白）
                  // aip3368h_display_buff[1] |= 0x01 << 3;  // 背光刻度条 第 24 个灯（白）
                  // aip3368h_display_buff[1] |= 0x01 << 4;  // NC 样板上没有该指示灯
                  // aip3368h_display_buff[1] |= 0x01 << 5; // "x1000r/min"字样 第 2 个灯（白）
                  // aip3368h_display_buff[1] |= 0x01 << 6; // "x1000r/min"字样 第 1 个灯（白）
                  // aip3368h_display_buff[1] |= 0x01 << 7;  // NC 样板上没有该指示灯
                  // aip3368h_display_buff[1] |= 0x01 << 8;  // 里程 "TRIP" 字样 指示灯（绿）
                  // aip3368h_display_buff[1] |= 0x01 << 9;  // 里程 "TOTAL" 字样 指示灯（绿）
                  // aip3368h_display_buff[1] |= 0x01 << 10; // "x1000r/min"字样 第 0 个灯（白）
                  // aip3368h_display_buff[1] |= 0x01 << 11; // 发动机转速 "12"字样 指示灯（红）
                  // aip3368h_display_buff[1] |= 0x01 << 12; // 背光刻度条 第 23 个灯（白）
                  // aip3368h_display_buff[1] |= 0x01 << 13; // 背光刻度条 第 22 个灯（白）
                  // aip3368h_display_buff[1] |= 0x01 << 14; // 大灯（蓝）
                  // aip3368h_display_buff[1] |= 0x01 << 15; // NC
              
                  // aip3368h_display_buff[2] |= 0x01 << 0;  // 挡位 F 段 指示灯（红）
                  // aip3368h_display_buff[2] |= 0x01 << 1;  // 挡位 G 段 指示灯（红）
                  // aip3368h_display_buff[2] |= 0x01 << 2;  // 挡位 A 段 指示灯（红）
                  // aip3368h_display_buff[2] |= 0x01 << 3;  // 挡位 B 段 指示灯（红）
                  // aip3368h_display_buff[2] |= 0x01 << 4;  // 背光刻度条 第 27 个灯（白）
                  // aip3368h_display_buff[2] |= 0x01 << 5;  // 挡位 "N" 字样指示灯（绿）
                  // aip3368h_display_buff[2] |= 0x01 << 6;  // 背光刻度条 第 29 个灯（白）
                  // aip3368h_display_buff[2] |= 0x01 << 7;  // 背光刻度条 第 28 个灯（白）
                  // aip3368h_display_buff[2] |= 0x01 << 8;  // 背光刻度条 第 30 个灯（白）
                  // aip3368h_display_buff[2] |= 0x01 << 9;  // 背光刻度条 第 31 个灯（白）
                  // aip3368h_display_buff[2] |= 0x01 << 10; // 背光刻度条 第 32 个灯（白）
                  // aip3368h_display_buff[2] |= 0x01 << 11; // 挡位 "GEAR" 字样指示灯（白）
                  // aip3368h_display_buff[2] |= 0x01 << 12; // 挡位 C 段 指示灯（红）
                  // aip3368h_display_buff[2] |= 0x01 << 13; // 里程 "mile" 字样指示灯（绿）
                  // aip3368h_display_buff[2] |= 0x01 << 14; // 挡位 D 段 指示灯（红）
                  // aip3368h_display_buff[2] |= 0x01 << 15; // 挡位 E 段 指示灯（红）
              
                  // aip3368h_display_buff[3] |= 0x01 << 0;  // 里程 第 5 位 A 段 指示灯（白）
                  // aip3368h_display_buff[3] |= 0x01 << 1; // 里程 第 5 位 F 段 指示灯（白）
                  // aip3368h_display_buff[3] |= 0x01 << 2; // 里程 第 5 位 B 段 指示灯（白）
                  // aip3368h_display_buff[3] |= 0x01 << 3; // 里程 第 5 位 G 段 指示灯（白）
                  // aip3368h_display_buff[3] |= 0x01 << 4;  // 里程 "km" 字样指示灯（绿）
                  // aip3368h_display_buff[3] |= 0x01 << 5;  // 里程 第 5 位 C 段 指示灯（白）
                  // aip3368h_display_buff[3] |= 0x01 << 6;  // 里程 第 5 位 E 段 指示灯（白）
                  // aip3368h_display_buff[3] |= 0x01 << 7;  // 里程 第 5 位 D 段 指示灯（白）
                  // aip3368h_display_buff[3] |= 0x01 << 8;  // 里程 小数点 指示灯（白）
                  // aip3368h_display_buff[3] |= 0x01 << 9;  // 里程 第 4 位 D 段 指示灯（白）
                  // aip3368h_display_buff[3] |= 0x01 << 10; // 里程 第 4 位 E 段 指示灯（白）
                  // aip3368h_display_buff[3] |= 0x01 << 11; // 里程 第 4 位 G 段 指示灯（白）
                  // aip3368h_display_buff[3] |= 0x01 << 12; // 里程 第 4 位 C 段 指示灯（白）
                  // aip3368h_display_buff[3] |= 0x01 << 13; // 里程 第 4 位 F 段 指示灯（白）
                  // aip3368h_display_buff[3] |= 0x01 << 14; // 里程 第 4 位 B 段 指示灯（白）
                  // aip3368h_display_buff[3] |= 0x01 << 15; // 里程 第 4 位 A 段 指示灯（白）
              
                  // aip3368h_display_buff[4] |= 0x01 << 0;  // 里程 第 3 位 A 段 指示灯（白）
                  // aip3368h_display_buff[4] |= 0x01 << 1;  // 里程 第 3 位 B 段 指示灯（白）
                  // aip3368h_display_buff[4] |= 0x01 << 2;  // 里程 第 3 位 F 段 指示灯（白）
                  // aip3368h_display_buff[4] |= 0x01 << 3;  // 里程 第 3 位 G 段 指示灯（白）
                  // aip3368h_display_buff[4] |= 0x01 << 4;  // 里程 第 3 位 C 段 指示灯（白）
                  // aip3368h_display_buff[4] |= 0x01 << 5;  // 里程 第 3 位 E 段 指示灯（白）
C51 COMPILER V9.60.7.0   AIP3368H_DISPLAY                                                  06/04/2026 17:30:01 PAGE 30  

                  // aip3368h_display_buff[4] |= 0x01 << 6;  // 里程 第 2 位 C 段 指示灯（白）
                  // aip3368h_display_buff[4] |= 0x01 << 7;  // 里程 第 3 位 D 段 指示灯（白）
                  // aip3368h_display_buff[4] |= 0x01 << 8;  // 里程 第 2 位 D 段 指示灯（白）
                  // aip3368h_display_buff[4] |= 0x01 << 9;  // 里程 第 2 位 E 段 指示灯（白）
                  // aip3368h_display_buff[4] |= 0x01 << 10; // 里程 第 2 位 G 段 指示灯（白）
                  // aip3368h_display_buff[4] |= 0x01 << 11; // 里程 第 1 位 B 段 指示灯（白）
                  // aip3368h_display_buff[4] |= 0x01 << 12; // 里程 第 1 位 A 段 指示灯（白）
                  // aip3368h_display_buff[4] |= 0x01 << 13; // 里程 第 2 位 F 段 指示灯（白）
                  // aip3368h_display_buff[4] |= 0x01 << 14; // 里程 第 2 位 B 段 指示灯（白）
                  // aip3368h_display_buff[4] |= 0x01 << 15; // 里程 第 2 位 A 段 指示灯（白）
              
                  // aip3368h_display_buff[5] |= 0x01 << 0;  // 里程 第 1 位 G 段 指示灯（白）
                  // aip3368h_display_buff[5] |= 0x01 << 1;  // 里程 第 1 位 F 段 指示灯（白）
                  // aip3368h_display_buff[5] |= 0x01 << 2;  // 里程 第 0 位 A 段 指示灯（白）
                  // aip3368h_display_buff[5] |= 0x01 << 3;  // 里程 第 0 位 B 段 指示灯（白）
                  // aip3368h_display_buff[5] |= 0x01 << 4;  // 里程 第 0 位 F 段 指示灯（白）
                  // aip3368h_display_buff[5] |= 0x01 << 5;  // 里程 第 1 位 C 段 指示灯（白）
                  // aip3368h_display_buff[5] |= 0x01 << 6;  // 里程 第 1 位 E 段 指示灯（白）
                  // aip3368h_display_buff[5] |= 0x01 << 7;  // 里程 第 1 位 D 段 指示灯（白）
                  // aip3368h_display_buff[5] |= 0x01 << 8;  // NC 样板上没有该指示灯
                  // aip3368h_display_buff[5] |= 0x01 << 9;  // 发动机转速 "0" 字样 指示灯（白）
                  // aip3368h_display_buff[5] |= 0x01 << 10; // 时速 "km/h" 字样 指示灯（绿）
                  // aip3368h_display_buff[5] |= 0x01 << 11; // 时速 "mph" 字样 指示灯（绿）
                  // aip3368h_display_buff[5] |= 0x01 << 12; // 里程 第 0 位 D 段 指示灯（白）
                  // aip3368h_display_buff[5] |= 0x01 << 13; // 里程 第 0 位 E 段 指示灯（白）
                  // aip3368h_display_buff[5] |= 0x01 << 14; // 里程 第 0 位 C 段 指示灯（白）
                  // aip3368h_display_buff[5] |= 0x01 << 15; // 里程 第 0 位 G 段 指示灯（白）
              
                  // aip3368h_display_buff[6] |= 0x01 << 0;  // NC 样板上没有该指示灯
                  // aip3368h_display_buff[6] |= 0x01 << 1;  // 时速 第 2 位 指示灯 A 段（白）
                  // aip3368h_display_buff[6] |= 0x01 << 2;  // 发动机转速 "10" 字样 指示灯（红）
                  // aip3368h_display_buff[6] |= 0x01 << 3;  // 时速 第 1 位 指示灯 A 段（白）
                  // aip3368h_display_buff[6] |= 0x01 << 4;  // 发动机转速刻度条 第 17 个 指示灯（白）
                  // aip3368h_display_buff[6] |= 0x01 << 5;  // 发动机转速刻度条 第 18 个 指示灯（白）
                  // aip3368h_display_buff[6] |= 0x01 << 6;  // 发动机转速刻度条 第 19 个 指示灯（白）
                  // aip3368h_display_buff[6] |= 0x01 << 7;  // 发动机转速 "9" 字样 指示灯（白）
                  // aip3368h_display_buff[6] |= 0x01 << 8;  // 左转向灯（绿）
                  // aip3368h_display_buff[6] |= 0x01 << 9;  // 背光刻度条 第 16 个灯（白）
                  // aip3368h_display_buff[6] |= 0x01 << 10; // 背光刻度条 第 15 个灯（白）
                  // aip3368h_display_buff[6] |= 0x01 << 11; // 故障指示灯（红）
                  // aip3368h_display_buff[6] |= 0x01 << 12; // 发动机转速刻度条 第 20 个灯（红）
                  // aip3368h_display_buff[6] |= 0x01 << 13; // 背光刻度条 第 17 个灯（白）
                  // aip3368h_display_buff[6] |= 0x01 << 14; // 发动机转速刻度条 第 21 个灯（红）
                  // aip3368h_display_buff[6] |= 0x01 << 15; // 背光刻度条 第 18 个灯（白）
              
                  // aip3368h_display_buff[7] |= 0x01 << 0;  // 时速 第 2 位 指示灯 F 段（白）
                  // aip3368h_display_buff[7] |= 0x01 << 1;  // 时速 第 2 位 指示灯 E 段（白）
                  // aip3368h_display_buff[7] |= 0x01 << 2;  // 时速 第 2 位 指示灯 G 段（白）
                  // aip3368h_display_buff[7] |= 0x01 << 3; // 时速 第 2 位 指示灯 B 段（白）
                  // aip3368h_display_buff[7] |= 0x01 << 4; // 时速 第 2 位 指示灯 C 段（白）
                  // aip3368h_display_buff[7] |= 0x01 << 5;  // 时速 第 2 位 指示灯 D 段（白）
                  // aip3368h_display_buff[7] |= 0x01 << 6;  // 发动机转速 "1" 字样 指示灯（白）
                  // aip3368h_display_buff[7] |= 0x01 << 7; // 发动机转速 "2" 字样 指示灯（白）
                  // aip3368h_display_buff[7] |= 0x01 << 8; // 发动机转速 "3" 字样 指示灯（白）
                  // aip3368h_display_buff[7] |= 0x01 << 9;  // 时速 第 1 位 指示灯 D 段（白）
                  // aip3368h_display_buff[7] |= 0x01 << 10; // NC
                  // aip3368h_display_buff[7] |= 0x01 << 11; // 时速 第 1 位 指示灯 E 段（白）
                  // aip3368h_display_buff[7] |= 0x01 << 12; // 时速 第 1 位 指示灯 C 段（白）
                  // aip3368h_display_buff[7] |= 0x01 << 13; // 时速 第 1 位 指示灯 G 段（白）
                  // aip3368h_display_buff[7] |= 0x01 << 14; // 时速 第 1 位 指示灯 F 段（白）
                  // aip3368h_display_buff[7] |= 0x01 << 15; // 时速 第 1 位 指示灯 B 段（白）
              
C51 COMPILER V9.60.7.0   AIP3368H_DISPLAY                                                  06/04/2026 17:30:01 PAGE 31  

                  // aip3368h_display_buff[8] |= 0x01 << 0;  // 发动机转速 "7" 字样 指示灯（白）
                  // aip3368h_display_buff[8] |= 0x01 << 1;  // 发动机转速刻度条 第 11 个灯（白）
                  // aip3368h_display_buff[8] |= 0x01 << 2;  // 背光刻度条 第 7 个灯（白）
                  // aip3368h_display_buff[8] |= 0x01 << 3;  // 发动机转速刻度条 第 12 个灯（白）
                  // aip3368h_display_buff[8] |= 0x01 << 4;  // 背光刻度条 第 8 个灯（白）
                  // aip3368h_display_buff[8] |= 0x01 << 5;  // 发动机转速刻度条 第 13 个灯（白）
                  // aip3368h_display_buff[8] |= 0x01 << 6;  // 背光刻度条 第 10 个灯（白）
                  // aip3368h_display_buff[8] |= 0x01 << 7;  // 背光刻度条 第 9 个灯（白）
                  // aip3368h_display_buff[8] |= 0x01 << 8;  // 发动机转速刻度条 第 14 个灯（白）
                  // aip3368h_display_buff[8] |= 0x01 << 9;  // 背光刻度条 第 11 个灯（白）
                  // aip3368h_display_buff[8] |= 0x01 << 10; // 背光刻度条 第 12 个灯（白）
                  // aip3368h_display_buff[8] |= 0x01 << 11; // 发动机转速刻度条 第 15 个灯（白）
                  // aip3368h_display_buff[8] |= 0x01 << 12; // 背光刻度条 第 13 个灯（白）
                  // aip3368h_display_buff[8] |= 0x01 << 13; // 背光刻度条 第 14 个灯（白）
                  // aip3368h_display_buff[8] |= 0x01 << 14; // 发动机转速刻度条 第 16 个灯（白）
                  // aip3368h_display_buff[8] |= 0x01 << 15; // 发动机转速 "8" 字样 指示灯（白）
              
                  // aip3368h_display_buff[9] |= 0x01 << 0;  // 发动机转速刻度条 第 6 个灯（白）
                  // aip3368h_display_buff[9] |= 0x01 << 1;  // 发动机转速 "4" 字样 指示灯（白）
                  // aip3368h_display_buff[9] |= 0x01 << 2;  // 背光刻度条 第 2 个灯（白）
                  // aip3368h_display_buff[9] |= 0x01 << 3;  // 发动机转速刻度条 第 7 个灯（白）
                  // aip3368h_display_buff[9] |= 0x01 << 4;  // 背光刻度条 第 3 个灯（白）
                  // aip3368h_display_buff[9] |= 0x01 << 5;  // 发动机转速刻度条 第 8 个灯（白）
                  // aip3368h_display_buff[9] |= 0x01 << 6;  // 油量 "E" 字样 指示灯（红）
                  // aip3368h_display_buff[9] |= 0x01 << 7;  // 背光刻度条 第 4 个灯（白）
                  // aip3368h_display_buff[9] |= 0x01 << 8;  // 发动机转速刻度条 第 10 个灯（白）
                  // aip3368h_display_buff[9] |= 0x01 << 9;  // 背光刻度条 第 6 个灯（白）
                  // aip3368h_display_buff[9] |= 0x01 << 10; // 背光刻度条 第 5 个灯（白）
                  // aip3368h_display_buff[9] |= 0x01 << 11; // 发动机转速刻度条 第 9 个灯（白）
                  // aip3368h_display_buff[9] |= 0x01 << 12; // 发动机转速 "5" 字样 指示灯（白）
                  // aip3368h_display_buff[9] |= 0x01 << 13; // 发动机转速 "6" 字样 指示灯（白）
                  // aip3368h_display_buff[9] |= 0x01 << 14; // 时速 第 0 位 指示灯 B 段（白）
                  // aip3368h_display_buff[9] |= 0x01 << 15; // 时速 第 0 位 指示灯 C 段（白）
              
                  // aip3368h_display_buff[10] |= 0x01 << 0; // 发动机转速刻度条 第 5 个灯（白）
                  // aip3368h_display_buff[10] |= 0x01 << 1; // 发动机转速刻度条 第 4 个灯（白）
                  // aip3368h_display_buff[10] |= 0x01 << 2;  // 背光刻度条 第 1 个灯（白）
                  // aip3368h_display_buff[10] |= 0x01 << 3;  // 发动机转速刻度条 第 3 个灯（白）
                  // aip3368h_display_buff[10] |= 0x01 << 4;  // 发动机转速刻度条 第 2 个灯（白）
                  // aip3368h_display_buff[10] |= 0x01 << 5;  // 背光刻度条 第 0 个灯（白）
                  // aip3368h_display_buff[10] |= 0x01 << 6;  // 发动机转速刻度条 第 1 个灯（白）
                  // aip3368h_display_buff[10] |= 0x01 << 7;  // 发动机转速刻度条 第 0 个灯（白）
                  // aip3368h_display_buff[10] |= 0x01 << 8;  // 油量 "F" 字样 指示灯（白）
                  // aip3368h_display_buff[10] |= 0x01 << 9;  // 油量 第 5 格 指示灯（白）
                  // aip3368h_display_buff[10] |= 0x01 << 10; // 油量 第 4 格 指示灯（白）
                  // aip3368h_display_buff[10] |= 0x01 << 11; // 油量 第 3 格 指示灯（白）
                  // aip3368h_display_buff[10] |= 0x01 << 12; // 油量 第 2 格 指示灯（白）
                  // aip3368h_display_buff[10] |= 0x01 << 13; // 油量 图标 （红）
                  // aip3368h_display_buff[10] |= 0x01 << 14; // 油量 第 1 格 指示灯（白）
                  // aip3368h_display_buff[10] |= 0x01 << 15; // 油量 第 0 格 指示灯（红）
              #endif
              
              // 所有灯整体闪烁
              #if 0
                  static u8 dir = 0;
                  static u16 cnt = 0;
                  cnt++;
              
                  if (cnt >= 500)
                  {
                      cnt = 0;
                  }
C51 COMPILER V9.60.7.0   AIP3368H_DISPLAY                                                  06/04/2026 17:30:01 PAGE 32  

                  else
                  {
                      return;
                  }
              
                  if (dir == 0)
                  {
                      memset(aip3368h_display_buff, 0x00, sizeof(aip3368h_display_buff));
                      dir = 1;
                  }
                  else
                  {
                      memset(aip3368h_display_buff, (u8)0xFF, sizeof(aip3368h_display_buff));
                      dir = 0;
                  }
              #endif
              }
              #endif
              #endif


MODULE INFORMATION:   STATIC OVERLAYABLE
   CODE SIZE        =   3397    ----
   CONSTANT SIZE    =   ----    ----
   XDATA SIZE       =    343      32
   PDATA SIZE       =   ----    ----
   DATA SIZE        =   ----    ----
   IDATA SIZE       =   ----    ----
   BIT SIZE         =   ----    ----
END OF MODULE INFORMATION.


C51 COMPILATION COMPLETE.  0 WARNING(S),  0 ERROR(S)
