C51 COMPILER V9.60.7.0   AIP3368                                                           06/03/2026 18:44:12 PAGE 1   


C51 COMPILER V9.60.7.0, COMPILATION OF MODULE AIP3368
OBJECT MODULE PLACED IN .\Release\Objects\aip3368.obj
COMPILER INVOKED BY: C:\Keil_v5\C51\BIN\C51.EXE ..\..\Hardware\aip3368.c LARGE OPTIMIZE(9,SIZE) BROWSE ORDER INTVECTOR(0
                    -X000C) INCDIR(..\..\Libraries\Include;..\..\User;..\..\User\lib;..\..\Hardware) INTERVAL(3) DEBUG OBJECTEXTEND PRINT(.\R
                    -elease\Listings\aip3368.lst) OBJECT(.\Release\Objects\aip3368.obj)

line level    source

   1          #include "aip3368.h"
   2          
   3          #include "string.h" // memset
   4          #include "include.h"
   5          
   6          #if 1 // AIP3368H_MODULE
   7          
   8          static volatile u16 aip3368h_refresh_cnt = 0;
   9          
  10          // 显存
  11          volatile u16 aip3368h_display_buff[AIP3368H_DEV_NUM];
  12          
  13          // 放在1ms的定时器中
  14          void aip3368h_refresh_time_add(void)
  15          {
  16   1          // 防止计数溢出
  17   1          if (aip3368h_refresh_cnt < ((u16)-1))
  18   1          {
  19   2              aip3368h_refresh_cnt++;
  20   2          }
  21   1      }
  22          
  23          static void aip3368h_module_send_data_to_one_dev(u16 dat)
  24          {
  25   1          volatile u16 i;
  26   1          // PDM = 1;
  27   1      
  28   1          for (i = 0; i < 16; i++)
  29   1          {
  30   2              DIO = dat & (u16)0x8000 ? 1 : 0;
  31   2      
  32   2              aip3368h_delay();
  33   2              DCK = 1;
  34   2              aip3368h_delay();
  35   2              dat <<= 1;
  36   2              DCK = 0;
  37   2              aip3368h_delay();
  38   2          }
  39   1          // PDM = 0;
  40   1      }
  41          
  42          static void aip3368h_module_send_data_to_all_dev(u16 *buff, u8 len)
  43          {
  44   1          volatile u8 i;
  45   1      
  46   1          // EA = 0;
  47   1          // 开始
  48   1          DCK = 0;
  49   1          LAT = 0;
  50   1          // PDM = 1;
  51   1          aip3368h_delay();
  52   1      
  53   1          // 一帧完整数据
C51 COMPILER V9.60.7.0   AIP3368                                                           06/03/2026 18:44:12 PAGE 2   

  54   1          for (i = 0; i < len; i++)
  55   1          {
  56   2              aip3368h_module_send_data_to_one_dev(buff[i]);
  57   2          }
  58   1      
  59   1          // 结束
  60   1          // PDM = 1;
  61   1          LAT = 1;
  62   1          aip3368h_delay();
  63   1          LAT = 0;
  64   1          // PDM = 0;
  65   1          aip3368h_delay();
  66   1          DIO = 0;
  67   1      
  68   1          // EA = 1;
  69   1      }
  70          
  71          #define AIP3368H_FLASH_TEST_ENABLE 0
  72          // 根据显存中的数据，更新显示
  73          void aip3368h_module_display(void)
  74          {
  75   1          // if (!systimer_flag_is_valid(SYSTIME_FLAG_50MS))
  76   1          //     return;
  77   1      
  78   1          // 刷新间隔 单位：ms
  79   1          if (aip3368h_refresh_cnt < 25)
  80   1          {
  81   2              return;
  82   2          }
  83   1          else
  84   1          {
  85   2              aip3368h_refresh_cnt = 0;
  86   2          }
  87   1      
  88   1      #if AIP3368H_FLASH_TEST_ENABLE
                  // 闪烁测试
                  if (aip3368h_display_buff[0] == 0x0000)
                      memset(aip3368h_display_buff, 0xFF, sizeof(aip3368h_display_buff));
                  else
                      memset(aip3368h_display_buff, 0x00, sizeof(aip3368h_display_buff));
              #endif
  95   1      
  96   1          aip3368h_module_send_data_to_all_dev(aip3368h_display_buff, AIP3368H_DEV_NUM);
  97   1      }
  98          
  99          // void aip3368h_module_clear(void)
 100          // {
 101          //     memset(aip3368h_display_buff, 0x00, sizeof(aip3368h_display_buff));
 102          //     aip3368h_module_send_data_to_all_dev(aip3368h_display_buff, AIP3368H_DEV_NUM);
 103          // }
 104          
 105          void aip3368h_module_init(void)
 106          {
 107   1          // memset(aip3368h_display_buff, 0xF0, sizeof(aip3368h_display_buff));
 108   1          // 显示驱动芯片有记忆功能（数据锁存），每次上电应该清空显存
 109   1          memset(aip3368h_display_buff, 0x00, sizeof(aip3368h_display_buff));
 110   1      
 111   1          // DCK
 112   1          P1_MD0 &= ~GPIO_P11_MODE_SEL(0x03);
 113   1          P1_MD0 |= GPIO_P11_MODE_SEL(0x01);
 114   1          FOUT_S11 = GPIO_FOUT_AF_FUNC;
 115   1          // DIO
C51 COMPILER V9.60.7.0   AIP3368                                                           06/03/2026 18:44:12 PAGE 3   

 116   1          P1_MD0 &= ~GPIO_P12_MODE_SEL(0x03);
 117   1          P1_MD0 |= GPIO_P12_MODE_SEL(0x01);
 118   1          FOUT_S12 = GPIO_FOUT_AF_FUNC;
 119   1          // LAT
 120   1          P0_MD0 &= ~GPIO_P03_MODE_SEL(0x03);
 121   1          P0_MD0 |= GPIO_P03_MODE_SEL(0x01);
 122   1          FOUT_S03 = GPIO_FOUT_AF_FUNC;
 123   1          // PDM
 124   1          // USER_TO_DO PDM 需要改成 PWM 驱动
 125   1          P0_MD0 &= ~GPIO_P00_MODE_SEL(0x03);
 126   1          P0_MD0 |= GPIO_P00_MODE_SEL(0x01);
 127   1          FOUT_S00 = GPIO_FOUT_STMR0_PWMOUT; // 选择stmr0_pwmout
 128   1      
 129   1      #define STMR0_PEROID_VAL (SYSCLK / 1 / 1000 - 1) // 周期值=系统时钟/分频/频率 - 1
 130   1          // STIMER0配置1kHz PWM
 131   1          STMR0_PSC = STMR_PRESCALE_VAL(0x00);                        // 不分频
 132   1          STMR0_PRH = STMR_PRD_VAL_H((STMR0_PEROID_VAL >> 8) & 0xFF); // 周期高八位寄存器
 133   1          STMR0_PRL = STMR_PRD_VAL_L((STMR0_PEROID_VAL >> 0) & 0xFF); // 周期低八位寄存器
 134   1          STMR0_CMPAH = STMR_CMPA_VAL_H(((0) >> 8) & 0xFF);           // 比较值
 135   1          STMR0_CMPAL = STMR_CMPA_VAL_L(((0) >> 0) & 0xFF);           // 比较值
 136   1      
 137   1          STMR_PWMVALA = STMR_0_PWMVALA(0x00); // PWM输出值
 138   1          STMR_PWMEN |= STMR_0_PWM_EN(0x1);    // PWM输出使能
 139   1          STMR_CNTMD |= STMR_0_CNT_MODE(0x1);  // 选择连续计数模式
 140   1          STMR_LOADEN |= STMR_0_LOAD_EN(0x1);  // 自动装载使能
 141   1          STMR_CNTCLR |= STMR_0_CNT_CLR(0x1);  // 计数清零
 142   1          STMR_CNTEN |= STMR_0_CNT_EN(0x1);    // 计数使能
 143   1      
 144   1          DIO = 0;
 145   1          DCK = 0;
 146   1          LAT = 0;
 147   1          // PDM = 0;
 148   1          aip3368h_module_send_data_to_all_dev(aip3368h_display_buff, AIP3368H_DEV_NUM);
 149   1      }
 150          
 151          void aip3368h_module_set_brightness(u8 brightness)
 152          {
 153   1          // STMR_PWMVALA = STMR_0_PWMVALA(brightness);
 154   1      
 155   1          u16 channel_duty = (u32)brightness * STMR0_PEROID_VAL / 100;
 156   1      
 157   1          STMR0_CMPAH = STMR_CMPA_VAL_H(((channel_duty) >> 8) & 0xFF); // 比较值
 158   1          STMR0_CMPAL = STMR_CMPA_VAL_L(((channel_duty) >> 0) & 0xFF); // 比较值
 159   1          STMR_LOADEN |= STMR_0_LOAD_EN(0x1);                          // 自动装载使能
 160   1      }
 161          
 162          // void aip3368h_module_uninit(void)
 163          // {
 164          //     aip3368h_module_clear();    // 清屏
 165          //     DIO = 0;
 166          //     DCK = 0;
 167          //     LAT = 0;
 168          // }
 169          
 170          #endif


MODULE INFORMATION:   STATIC OVERLAYABLE
   CODE SIZE        =    341    ----
   CONSTANT SIZE    =   ----    ----
   XDATA SIZE       =     24       6
   PDATA SIZE       =   ----    ----
C51 COMPILER V9.60.7.0   AIP3368                                                           06/03/2026 18:44:12 PAGE 4   

   DATA SIZE        =   ----    ----
   IDATA SIZE       =   ----    ----
   BIT SIZE         =   ----    ----
END OF MODULE INFORMATION.


C51 COMPILATION COMPLETE.  0 WARNING(S),  0 ERROR(S)
