C51 COMPILER V9.60.7.0   BEEP                                                              06/02/2026 16:37:47 PAGE 1   


C51 COMPILER V9.60.7.0, COMPILATION OF MODULE BEEP
OBJECT MODULE PLACED IN .\Release\Objects\beep.obj
COMPILER INVOKED BY: C:\Keil_v5\C51\BIN\C51.EXE ..\..\Hardware\beep.c LARGE OPTIMIZE(9,SIZE) BROWSE ORDER INTVECTOR(0X00
                    -0C) INCDIR(..\..\Libraries\Include;..\..\User;..\..\User\lib;..\..\Hardware) INTERVAL(3) DEBUG OBJECTEXTEND PRINT(.\Rele
                    -ase\Listings\beep.lst) OBJECT(.\Release\Objects\beep.obj)

line level    source

   1          #include "beep.h"
   2          #include "include.h"
   3          
   4          static volatile u8 beep_time_cnt = 0;
   5          static volatile u8 is_beep_enable = 0;
   6          
   7          void beep_init(void)
   8          {
   9   1              // 蜂鸣器（高电平驱动）
  10   1              P2_MD1 &= ~GPIO_P24_MODE_SEL(0x03);
  11   1              P2_MD1 |= GPIO_P24_MODE_SEL(0x01); // 输出模式
  12   1              FOUT_S24 = GPIO_FOUT_AF_FUNC;
  13   1              P24 = 0;
  14   1      }
  15          
  16          /**
  17           * @brief 让蜂鸣器鸣叫一声，到时间后停止
  18           *
  19           */
  20          void beep_play(u8 beep_time)
  21          {
  22   1              is_beep_enable = 0;
  23   1              beep_time_cnt = beep_time;
  24   1              is_beep_enable = 1;
  25   1      }
  26          
  27          void beep_handle_1ms_isr(void)
  28          {
  29   1              if (is_beep_enable)
  30   1              {
  31   2                      if (beep_time_cnt)
  32   2                      {
  33   3                              beep_time_cnt--;
  34   3                              BEEP_ON(); 
  35   3                      }
  36   2                      else
  37   2                      {
  38   3                              BEEP_OFF();
  39   3                              is_beep_enable = 0;
  40   3                      }
  41   2              }
  42   1              else
  43   1              {
  44   2                      BEEP_OFF();
  45   2                      beep_time_cnt = 0;
  46   2              }
  47   1      }


MODULE INFORMATION:   STATIC OVERLAYABLE
   CODE SIZE        =     67    ----
   CONSTANT SIZE    =   ----    ----
   XDATA SIZE       =      2    ----
C51 COMPILER V9.60.7.0   BEEP                                                              06/02/2026 16:37:47 PAGE 2   

   PDATA SIZE       =   ----    ----
   DATA SIZE        =   ----    ----
   IDATA SIZE       =   ----    ----
   BIT SIZE         =   ----    ----
END OF MODULE INFORMATION.


C51 COMPILATION COMPLETE.  0 WARNING(S),  0 ERROR(S)
