C51 COMPILER V9.60.7.0   INSTRUMENT                                                        06/01/2026 17:53:20 PAGE 1   


C51 COMPILER V9.60.7.0, COMPILATION OF MODULE INSTRUMENT
OBJECT MODULE PLACED IN .\Release\Objects\instrument.obj
COMPILER INVOKED BY: C:\Keil_v5\C51\BIN\C51.EXE ..\..\User\instrument.c LARGE OPTIMIZE(9,SIZE) BROWSE ORDER INTVECTOR(0X
                    -000C) INCDIR(..\..\Libraries\Include;..\..\User;..\..\User\lib;..\..\Hardware) INTERVAL(3) DEBUG OBJECTEXTEND PRINT(.\Re
                    -lease\Listings\instrument.lst) OBJECT(.\Release\Objects\instrument.obj)

line level    source

   1          #include <string.h> // memset()
   2          
   3          #include "instrument.h"
   4          
   5          
   6          volatile instrument_t instrument = {0};
   7          
   8          void instrument_info_init(void)
   9          {
  10   1          save_info_t save_info;
  11   1          // 从flash中读出数据
  12   1          flash_read(FLASH_START_ADDR,
  13   1                     (u8 *)&save_info,
  14   1                     sizeof(save_info_t));
  15   1          if (USER_FLASH_DATA_VALID_VAL == save_info.is_save_data_valid)
  16   1          {
  17   2              // 如果保存在flash中的数据有效
  18   2              instrument.save_info.total_mileage = save_info.total_mileage;
  19   2              instrument.save_info.subtotal_mileage = save_info.subtotal_mileage;
  20   2              instrument.save_info.is_display_total_mileage = save_info.is_display_total_mileage;
  21   2          }
  22   1          else
  23   1          {
  24   2              // 如果保存在flash中的数据无效，全局变量 instrument 中的元素 默认全部为0
  25   2      
  26   2              instrument.save_info.is_display_total_mileage = 1; // 默认显示大计里程
  27   2              instrument.save_info.is_save_data_valid = USER_FLASH_DATA_VALID_VAL;
  28   2              instrument_info_save(); // 将数据写回flash
  29   2          }
  30   1      }
  31          
  32          void instrument_info_save(void)
  33          {
  34   1      #if USE_INTERNAL_FLASH_SAVE_DATA
  35   1      
  36   1          instrument.save_info.is_save_data_valid = USER_FLASH_DATA_VALID_VAL; // 表示数据有效，让下一
             -次上电读出数据时，验证该标志位
  37   1          // 先擦除扇区再写入
  38   1          flash_erase_sector(FLASH_START_ADDR);
  39   1          flash_program(FLASH_START_ADDR,
  40   1                        (u8 *)&instrument.save_info,
  41   1                        sizeof(save_info_t));
  42   1      #endif
  43   1      }


MODULE INFORMATION:   STATIC OVERLAYABLE
   CODE SIZE        =    101    ----
   CONSTANT SIZE    =   ----    ----
   XDATA SIZE       =     21      11
   PDATA SIZE       =   ----    ----
   DATA SIZE        =   ----    ----
   IDATA SIZE       =   ----    ----
C51 COMPILER V9.60.7.0   INSTRUMENT                                                        06/01/2026 17:53:20 PAGE 2   

   BIT SIZE         =   ----    ----
END OF MODULE INFORMATION.


C51 COMPILATION COMPLETE.  0 WARNING(S),  0 ERROR(S)
