BL51 BANKED LINKER/LOCATER V6.22.4.0                                                    06/02/2026  17:54:14  PAGE 1


BL51 BANKED LINKER/LOCATER V6.22.4.0, INVOKED BY:
C:\KEIL_V5\C51\BIN\BL51.EXE .\Release\Objects\STARTUP.obj, .\Release\Objects\system.obj, ..\..\User\lib\tk_simplify_algo
>> rithm_V1.0.0.LIB, .\Release\Objects\tk_set.obj, .\Release\Objects\tmr1.obj, .\Release\Objects\tmr2.obj, .\Release\Obj
>> ects\uart0.obj, .\Release\Objects\adc.obj, .\Release\Objects\key_driver.obj, .\Release\Objects\user_flash.obj, .\Rele
>> ase\Objects\aip3368.obj, .\Release\Objects\beep.obj, .\Release\Objects\main.obj, .\Release\Objects\pin_level_scan.obj
>> , .\Release\Objects\speed_scan.obj, .\Release\Objects\engine_speed_scan.obj, .\Release\Objects\mileage.obj, .\Release
>> \Objects\fuel_capacity.obj, .\Release\Objects\battery.obj, .\Release\Objects\instrument.obj, .\Release\Objects\aip336
>> 8h_display.obj, .\Release\Objects\io_key.obj TO .\Release\Objects\Project PRINT (.\Release\Listings\Project.m51) RAMS
>> IZE (256) CODE (0X0000-0X3EEF) XDATA (0X6000-0X66FF)


MEMORY MODEL: LARGE


INPUT MODULES INCLUDED:
  .\Release\Objects\STARTUP.obj (?C_STARTUP)
  .\Release\Objects\system.obj (SYSTEM)
  .\Release\Objects\tk_set.obj (TK_SET)
  .\Release\Objects\tmr1.obj (TMR1)
  .\Release\Objects\tmr2.obj (TMR2)
  .\Release\Objects\uart0.obj (UART0)
  .\Release\Objects\adc.obj (ADC)
  .\Release\Objects\key_driver.obj (KEY_DRIVER)
  .\Release\Objects\user_flash.obj (USER_FLASH)
  .\Release\Objects\aip3368.obj (AIP3368)
  .\Release\Objects\beep.obj (BEEP)
  .\Release\Objects\main.obj (MAIN)
  .\Release\Objects\pin_level_scan.obj (PIN_LEVEL_SCAN)
  .\Release\Objects\speed_scan.obj (SPEED_SCAN)
  .\Release\Objects\engine_speed_scan.obj (ENGINE_SPEED_SCAN)
  .\Release\Objects\mileage.obj (MILEAGE)
  .\Release\Objects\fuel_capacity.obj (FUEL_CAPACITY)
  .\Release\Objects\battery.obj (BATTERY)
  .\Release\Objects\instrument.obj (INSTRUMENT)
  .\Release\Objects\aip3368h_display.obj (AIP3368H_DISPLAY)
  .\Release\Objects\io_key.obj (IO_KEY)
  C:\KEIL_V5\C51\LIB\C51L.LIB (?C_INIT)
  C:\KEIL_V5\C51\LIB\C51L.LIB (?C?COPY)
  C:\KEIL_V5\C51\LIB\C51L.LIB (?C?CLDPTR)
  C:\KEIL_V5\C51\LIB\C51L.LIB (?C?CLDOPTR)
  C:\KEIL_V5\C51\LIB\C51L.LIB (?C?CILDOPTR)
  C:\KEIL_V5\C51\LIB\C51L.LIB (?C?CSTPTR)
  C:\KEIL_V5\C51\LIB\C51L.LIB (?C?CSTOPTR)
  C:\KEIL_V5\C51\LIB\C51L.LIB (?C?IMUL)
  C:\KEIL_V5\C51\LIB\C51L.LIB (?C?UIDIV)
  C:\KEIL_V5\C51\LIB\C51L.LIB (?C?IILDX)
  C:\KEIL_V5\C51\LIB\C51L.LIB (?C?ILDOPTR)
  C:\KEIL_V5\C51\LIB\C51L.LIB (?C?LADD)
  C:\KEIL_V5\C51\LIB\C51L.LIB (?C?LSUB)
  C:\KEIL_V5\C51\LIB\C51L.LIB (?C?LMUL)
  C:\KEIL_V5\C51\LIB\C51L.LIB (?C?ULDIV)
  C:\KEIL_V5\C51\LIB\C51L.LIB (?C?SLCMP)
  C:\KEIL_V5\C51\LIB\C51L.LIB (?C?ULCMP)
  C:\KEIL_V5\C51\LIB\C51L.LIB (?C?LLDXDATA)
  C:\KEIL_V5\C51\LIB\C51L.LIB (?C?LLDXDATA0)
  C:\KEIL_V5\C51\LIB\C51L.LIB (?C?LSTXDATA)
  C:\KEIL_V5\C51\LIB\C51L.LIB (?C?LSTKXDATA)
  C:\KEIL_V5\C51\LIB\C51L.LIB (?C?OFFXADD)
BL51 BANKED LINKER/LOCATER V6.22.4.0                                                  06/02/2026  17:54:14  PAGE 2


  C:\KEIL_V5\C51\LIB\C51L.LIB (?C?PLDXDATA)
  C:\KEIL_V5\C51\LIB\C51L.LIB (?C?PLDIXDATA)
  C:\KEIL_V5\C51\LIB\C51L.LIB (?C?PSTXDATA)
  C:\KEIL_V5\C51\LIB\C51L.LIB (?C?PLDOPTR)
  C:\KEIL_V5\C51\LIB\C51L.LIB (?C?CCASE)
  C:\KEIL_V5\C51\LIB\C51L.LIB (?C?ICALL)
  C:\KEIL_V5\C51\LIB\C51L.LIB (?C?LIMUL)
  C:\KEIL_V5\C51\LIB\C51L.LIB (PRINTF)
  C:\KEIL_V5\C51\LIB\C51L.LIB (?C?MEMSET)
  C:\KEIL_V5\C51\LIB\C51L.LIB (?C?PLDIDATA)
  C:\KEIL_V5\C51\LIB\C51L.LIB (?C?PLDPDATA)
  C:\KEIL_V5\C51\LIB\C51L.LIB (?C?PLDCODE)


LINK MAP OF MODULE:  .\Release\Objects\Project (?C_STARTUP)


            TYPE    BASE      LENGTH    RELOCATION   SEGMENT NAME
            -----------------------------------------------------

            * * * * * * *   D A T A   M E M O R Y   * * * * * * *
            REG     0000H     0008H     ABSOLUTE     "REG BANK 0"
            DATA    0008H     0005H     UNIT         _DATA_GROUP_
                    000DH     0013H                  *** GAP ***
            BIT     0020H.0   0001H.1   UNIT         _BIT_GROUP_
            BIT     0021H.1   0000H.2   UNIT         ?BI?SPEED_SCAN
            BIT     0021H.3   0000H.2   UNIT         ?BI?ENGINE_SPEED_SCAN
            BIT     0021H.5   0000H.1   UNIT         ?BI?MILEAGE
                    0021H.6   0000H.2                *** GAP ***
            IDATA   0022H     0001H     UNIT         ?STACK

            * * * * * * *  X D A T A   M E M O R Y  * * * * * * *
                    0000H     6000H                  *** GAP ***
            XDATA   6000H     017BH     UNIT         ?XD?AIP3368H_DISPLAY
            XDATA   617BH     0059H     UNIT         ?XD?FUEL_CAPACITY
            XDATA   61D4H     003FH     UNIT         ?XD?SPEED_SCAN
            XDATA   6213H     002CH     UNIT         ?XD?BATTERY
            XDATA   623FH     0029H     UNIT         _XDATA_GROUP_
            XDATA   6268H     0024H     UNIT         ?XD?AIP3368H_DISPLAY_TEST_MILEAGE?AIP3368H_DISPLAY
            XDATA   628CH     0018H     UNIT         ?XD?AIP3368
            XDATA   62A4H     0018H     UNIT         ?XD?INSTRUMENT
            XDATA   62BCH     0018H     UNIT         ?XD?IO_KEY
            XDATA   62D4H     0015H     UNIT         ?XD?ENGINE_SPEED_SCAN
            XDATA   62E9H     000AH     UNIT         ?XD?MILEAGE
            XDATA   62F3H     0005H     UNIT         ?XD?FUEL_CAPACITY_ADC_VAL_GET?FUEL_CAPACITY
            XDATA   62F8H     0005H     UNIT         ?XD?__FUEL_VOLTAGE_SAMPLES_GET__?FUEL_CAPACITY
            XDATA   62FDH     0005H     UNIT         ?XD?BAT_ADC_VAL_GET?BATTERY
            XDATA   6302H     0004H     UNIT         ?XD?KEY_DRIVER
            XDATA   6306H     0004H     UNIT         ?XD?ENGINE_SPEED_SCAN?ENGINE_SPEED_SCAN
            XDATA   630AH     0004H     UNIT         ?XD?BATTERY_SCAN?BATTERY
            XDATA   630EH     0003H     UNIT         ?XD?ADC
            XDATA   6311H     0002H     UNIT         ?XD?BEEP
            XDATA   6313H     0002H     UNIT         ?XD?_AIP3368H_DISPLAY_BACK_LIGHT_SCALE_BAR?AIP3368H_DISPLAY
            XDATA   6315H     0002H     UNIT         ?XD?_AIP3368H_DISPLAY_ENGINE_SPEED_SCALE_BAR?AIP3368H_DISPLAY
            XDATA   6317H     0002H     UNIT         ?XD?_AIP3368H_DISPLAY_ENGINE_SPEED_DIGIT_SCALE?AIP3368H_DISPLAY
            XDATA   6319H     0002H     UNIT         ?XD?_AIP3368H_DISPLAY_FUEL_LEVEL?AIP3368H_DISPLAY
            XDATA   631BH     0001H     UNIT         ?XD?AIP3368H_DISPLAY_ENGINE_SPEED_HANDLE?ENGINE_SPEED_SCAN
BL51 BANKED LINKER/LOCATER V6.22.4.0                                                  06/02/2026  17:54:14  PAGE 3


            XDATA   631CH     0001H     UNIT         ?XD?FUEL_CAPACITY_SCAN?FUEL_CAPACITY

            * * * * * * *   C O D E   M E M O R Y   * * * * * * *
            CODE    0000H     0003H     ABSOLUTE     
            CODE    0003H     000CH     ABSOLUTE     
            CODE    000FH     0012H     UNIT         ?PR?BEEP_INIT?BEEP
            CODE    0021H     0003H     ABSOLUTE     
            CODE    0024H     0003H     ABSOLUTE     
            CODE    0027H     001BH     UNIT         ?PR?_DELAY_MS?SYSTEM
            CODE    0042H     0003H     ABSOLUTE     
            CODE    0045H     0514H     UNIT         ?C?LIB_CODE
            CODE    0559H     03A1H     UNIT         ?C_INITSEG
            CODE    08FAH     0365H     UNIT         ?PR?PRINTF?PRINTF
            CODE    0C5FH     0256H     UNIT         ?PR?__AIP3368H_DISPLAY_BOOT_ANIMATION_LEFT_TO_RIGHT__?AIP3368H_DISP
>> LAY
            CODE    0EB5H     0193H     UNIT         ?PR?_KEY_DRIVER_SCAN?KEY_DRIVER
            CODE    1048H     0174H     UNIT         ?PR?AIP3368H_DISPLAY
            CODE    11BCH     0132H     UNIT         ?PR?AIP3368H_DISPLAY_SPEED_HANDLE?SPEED_SCAN
            CODE    12EEH     00FBH     UNIT         ?PR?_AIP3368H_DISPLAY_SPEED?AIP3368H_DISPLAY
            CODE    13E9H     00F5H     UNIT         ?PR?SPEED_SCAN?SPEED_SCAN
            CODE    14DEH     00DCH     UNIT         ?PR?SYSTEM_INIT?SYSTEM
            CODE    15BAH     00D2H     UNIT         ?PR?___AIP3368H_DISPLAY_MILEAGE_BIT_X__?AIP3368H_DISPLAY
            CODE    168CH     00CEH     UNIT         ?PR?__AIP3368H_DISPLAY_BOOT_ANIMATION_IN_SPEED__?AIP3368H_DISPLAY
            CODE    175AH     00C4H     UNIT         ?PR?MILEAGE_SCAN?MILEAGE
            CODE    181EH     00C1H     UNIT         ?PR?IO_KEY_HANDLE?IO_KEY
            CODE    18DFH     00AAH     UNIT         ?PR?SPEED_FILTER_GET_SPEED?SPEED_SCAN
            CODE    1989H     00A4H     UNIT         ?PR?FUEL_CAPACITY_SCAN?FUEL_CAPACITY
            CODE    1A2DH     009AH     UNIT         ?C_C51STARTUP
            CODE    1AC7H     0099H     UNIT         ?PR?PIN_LEVEL_SCAN?PIN_LEVEL_SCAN
            CODE    1B60H     0096H     UNIT         ?PR?ENGINE_SPEED_SCAN?ENGINE_SPEED_SCAN
            CODE    1BF6H     0095H     UNIT         ?PR?___AIP3368H_DISPLAY_SPEED_SEG__?AIP3368H_DISPLAY
            CODE    1C8BH     0092H     UNIT         ?PR?___AIP3368H_DISPLAY_GEAR_DIGIT__?AIP3368H_DISPLAY
            CODE    1D1DH     0091H     UNIT         ?PR?TIMR1_IRQHANDLER?TMR1
            CODE    1DAEH     008EH     UNIT         ?PR?AIP3368H_DISPLAY_ENGINE_SPEED_HANDLE?ENGINE_SPEED_SCAN
            CODE    1E3CH     0080H     UNIT         ?PR?_AIP3368H_DISPLAY_BACK_LIGHT_SCALE_BAR?AIP3368H_DISPLAY
            CODE    1EBCH     007FH     UNIT         ?PR?_AIP3368H_DISPLAY_ENGINE_SPEED_SCALE_BAR?AIP3368H_DISPLAY
            CODE    1F3BH     007FH     UNIT         ?PR?_AIP3368H_DISPLAY_ENGINE_SPEED_DIGIT_SCALE?AIP3368H_DISPLAY
            CODE    1FBAH     007FH     UNIT         ?PR?___AIP3368H_DISPLAY_SPEED_BIT_X__?AIP3368H_DISPLAY
            CODE    2039H     007CH     UNIT         ?PR?_AIP3368H_DISPLAY_FUEL_LEVEL?AIP3368H_DISPLAY
            CODE    20B5H     0074H     UNIT         ?PR?PIN_LEVEL_SCAN_CONFIG?PIN_LEVEL_SCAN
            CODE    2129H     0070H     UNIT         ?PR?AIP3368H_DISPLAY_SETTING_ITEM_HANDLE?INSTRUMENT
            CODE    2199H     006CH     UNIT         ?PR?_AIP3368H_DISPLAY_MILEAGE?AIP3368H_DISPLAY
            CODE    2205H     0066H     UNIT         ?PR?AIP3368H_DISPLAY_TEST_MILEAGE?AIP3368H_DISPLAY
            CODE    226BH     0065H     UNIT         ?PR?__AIP3368H_DISPLAY_BOOT_ANIMATION_IN_ENGINE_SPEED_SCALE_BAR__?A
>> IP3368H_DISPLAY
            CODE    22D0H     0060H     UNIT         ?PR?ADC_IRQHANDLER?ADC
            CODE    2330H     0060H     UNIT         ?PR?__AIP3368H_DISPLAY_BOOT_ANIMATION_IN_BACK_LIGHT_SCALE_BAR__?AIP
>> 3368H_DISPLAY
            CODE    2390H     005FH     UNIT         ?PR?SPEED_SCAN_TIMER_50US_ISR?SPEED_SCAN
            CODE    23EFH     005FH     UNIT         ?PR?__AIP3368H_DISPLAY_BOOT_ANIMATION_IN_FUEL_LEVEL__?AIP3368H_DISP
>> LAY
            CODE    244EH     0059H     UNIT         ?PR?AIP3368H_DISPLAY_TEST_FUEL?AIP3368H_DISPLAY
            CODE    24A7H     0057H     UNIT         ?PR?SPEED_SCAN
            CODE    24FEH     0054H     UNIT         ?PR?ENGINE_SPEED_SCAN_TIMER_50US_ISR?ENGINE_SPEED_SCAN
            CODE    2552H     0052H     UNIT         ?PR?AIP3368H_MODULE_INIT?AIP3368
            CODE    25A4H     0052H     UNIT         ?PR?BAT_ADC_VAL_GET?BATTERY
            CODE    25F6H     0050H     UNIT         ?PR?AIP3368H_DISPLAY_MILEAGE_REFRESH?MILEAGE
BL51 BANKED LINKER/LOCATER V6.22.4.0                                                  06/02/2026  17:54:14  PAGE 4


            CODE    2646H     004EH     UNIT         ?PR?INSTRUMENT_INFO_INIT?INSTRUMENT
            CODE    2694H     0049H     UNIT         ?PR?TIMR2_IRQHANDLER?TMR2
            CODE    26DDH     0048H     UNIT         ?PR?AIP3368H_DISPLAY_BOOT_ANIMATION_HANDLE?AIP3368H_DISPLAY
            CODE    2725H     0046H     UNIT         ?PR?_FUEL_CAPACITY_CONVERT_VOLTAGE_TO_LEV?FUEL_CAPACITY
            CODE    276BH     0045H     UNIT         ?PR?___IO_KEY_GET_EVENT__?IO_KEY
            CODE    27B0H     0042H     UNIT         ?PR?_AIP3368H_MODULE_SEND_DATA_TO_ALL_DEV?AIP3368
            CODE    27F2H     0040H     UNIT         ?PR?TMR1_CONFIG?TMR1
            CODE    2832H     003EH     UNIT         ?PR?UPDATE_ENGINE_SPEED_SCAN_DATA?ENGINE_SPEED_SCAN
            CODE    2870H     003EH     UNIT         ?PR?FUEL_CAPACITY_ADC_VAL_GET?FUEL_CAPACITY
            CODE    28AEH     003DH     UNIT         ?PR?FUEL_CAPACITY
            CODE    28EBH     0039H     UNIT         ?PR?SPEED_SCAN_UPDATE_DATA?SPEED_SCAN
            CODE    2924H     0039H     UNIT         ?PR?AIP3368H_DISPLAY_TEST_GEAR?AIP3368H_DISPLAY
            CODE    295DH     0038H     UNIT         ?PR?__FUEL_VOLTAGE_SAMPLES_GET__?FUEL_CAPACITY
            CODE    2995H     0037H     UNIT         ?PR?_FLASH_PROGRAM?USER_FLASH
            CODE    29CCH     0036H     UNIT         ?PR?USER_INIT?MAIN
            CODE    2A02H     0036H     UNIT         ?PR?MAIN?MAIN
            CODE    2A38H     0036H     UNIT         ?PR?AIP3368H_DISPLAY_ERR_HANDLE?AIP3368H_DISPLAY
            CODE    2A6EH     0034H     UNIT         ?PR?_FLASH_READ?USER_FLASH
            CODE    2AA2H     0033H     UNIT         ?PR?TMR2_CONFIG?TMR2
            CODE    2AD5H     0033H     UNIT         ?PR?_AIP3368H_MODULE_SEND_DATA_TO_ONE_DEV?AIP3368
            CODE    2B08H     002BH     UNIT         ?PR?_BAT_ADC_VAL_SAMPLES_UPDATE?BATTERY
            CODE    2B33H     002BH     UNIT         ?PR?_AIP3368H_DISPLAY_X1000RPM_LIGHT?AIP3368H_DISPLAY
            CODE    2B5EH     002BH     UNIT         ?PR?AIP3368H_DISPLAY_TEST_BACK_LIGHT_SCALE_BAR?AIP3368H_DISPLAY
            CODE    2B89H     002BH     UNIT         ?PR?AIP3368H_DISPLAY_TEST_ENGINE_SPEED_SCALE_BAR?AIP3368H_DISPLAY
            CODE    2BB4H     002BH     UNIT         ?PR?AIP3368H_DISPLAY_TEST_ENGINE_SPEED_DIGIT_SCALE?AIP3368H_DISPLAY
>> 
            CODE    2BDFH     002BH     UNIT         ?PR?AIP3368H_DISPLAY_TEST_SPEED?AIP3368H_DISPLAY
            CODE    2C0AH     0026H     UNIT         ?PR?AIP3368H_DISPLAY_TEST_LIGHT_BLINK_1MS_ISR?AIP3368H_DISPLAY
            CODE    2C30H     0025H     UNIT         ?PR?AIP3368H_DISPLAY_ENGINE_SPEED_REFRESH_TIME_ADD?ENGINE_SPEED_SCA
>> N
            CODE    2C55H     0024H     UNIT         ?PR?MILEAGE
            CODE    2C79H     0024H     UNIT         ?PR?___AIP3368H_DISPLAY_SPEED_UNIT_TYPE__?AIP3368H_DISPLAY
            CODE    2C9DH     0024H     UNIT         ?PR?___AIP3368H_DISPLAY_MILEAGE_UNIT_TYPE__?AIP3368H_DISPLAY
            CODE    2CC1H     0024H     UNIT         ?CO?AIP3368H_DISPLAY
            CODE    2CE5H     0023H     UNIT         ?PR?ADC_CHANNEL_SWITCH_BY_ISR?ADC
            CODE    2D08H     0022H     UNIT         ?PR?BEEP_HANDLE_1MS_ISR?BEEP
            CODE    2D2AH     0021H     UNIT         ?PR?ADC_CONFIG?ADC
            CODE    2D4BH     0021H     UNIT         ?PR?KEY_DRIVER
            CODE    2D6CH     0021H     UNIT         ?PR?_FUEL_CAPACITY_ADC_VAL_SAMPLES_UPDATE?FUEL_CAPACITY
            CODE    2D8DH     001DH     UNIT         ?PR?_ADC_CHANNEL_SET?ADC
            CODE    2DAAH     001CH     UNIT         ?PR?AIP3368H_MODULE_DISPLAY?AIP3368
            CODE    2DC6H     001CH     UNIT         ?PR?INSTRUMENT_INFO_SAVE?INSTRUMENT
            CODE    2DE2H     001CH     UNIT         ?PR?_AIP3368H_DISPLAY_GEAR?AIP3368H_DISPLAY
            CODE    2DFEH     001BH     UNIT         ?PR?UART0_DEBUG_INIT?UART0
            CODE    2E19H     0019H     UNIT         ?PR?ENGINE_SPEED_GET_LEVEL?ENGINE_SPEED_SCAN
            CODE    2E32H     0019H     UNIT         ?PR?___FUEL_VOLTAGE_SAMPLES_UPDATE__?FUEL_CAPACITY
            CODE    2E4BH     0019H     UNIT         ?PR?_AIP3368H_DISPLAY_SPEED_UNIT_TYPE?AIP3368H_DISPLAY
            CODE    2E64H     0019H     UNIT         ?PR?_AIP3368H_DISPLAY_MILEAGE_UNIT_TYPE?AIP3368H_DISPLAY
            CODE    2E7DH     0018H     UNIT         ?PR?_SPEED_FILTER_ADD?SPEED_SCAN
            CODE    2E95H     0017H     UNIT         ?PR?AIP3368H_REFRESH_TIME_ADD?AIP3368
            CODE    2EACH     0017H     UNIT         ?PR?FUEL_CAPACITY_SCAN_TIME_ADD?FUEL_CAPACITY
            CODE    2EC3H     0017H     UNIT         ?PR?FUEL_LEV_UPDATE_TIME_ADD?FUEL_CAPACITY
            CODE    2EDAH     0017H     UNIT         ?PR?BAT_SCAN_TIME_ADD?BATTERY
            CODE    2EF1H     0017H     UNIT         ?PR?AIP3368H_DISPLAY_SETTING_ITEM_TIME_ADD?INSTRUMENT
            CODE    2F08H     0017H     UNIT         ?PR?AIP3368H_DISPLAY_SETTING_ITEM_EXIT_TIME_ADD?INSTRUMENT
            CODE    2F1FH     0015H     UNIT         ?PR?_SPEED_FILTER_INIT?SPEED_SCAN
            CODE    2F34H     0014H     UNIT         ?PR?BATTERY_SCAN?BATTERY
BL51 BANKED LINKER/LOCATER V6.22.4.0                                                  06/02/2026  17:54:14  PAGE 5


            CODE    2F48H     0014H     UNIT         ?PR?AIP3368H_DISPLAY_BOOT_ANIMATION_TIME_ADD?AIP3368H_DISPLAY
            CODE    2F5CH     0013H     UNIT         ?PR?_AIP3368H_DISPLAY_GEAR_LIGHT?AIP3368H_DISPLAY
            CODE    2F6FH     0013H     UNIT         ?PR?___AIP3368H_DISPLAY_MILEAGE_TOTAL_LIGHT__?AIP3368H_DISPLAY
            CODE    2F82H     0013H     UNIT         ?PR?___AIP3368H_DISPLAY_FUEL_ICON__?AIP3368H_DISPLAY
            CODE    2F95H     0013H     UNIT         ?PR?AIP3368H_DISPLAY_ERR_HANDLE_TIME_ADD?AIP3368H_DISPLAY
            CODE    2FA8H     0012H     UNIT         ?PR?DEBUG_PIN_INIT?MAIN
            CODE    2FBAH     0012H     UNIT         ?PR?_AIP3368H_DISPLAY_ERR_LIGHT?AIP3368H_DISPLAY
            CODE    2FCCH     0012H     UNIT         ?PR?_AIP3368H_DISPLAY_LOW_BEAM_INDICATOR_LIGHT?AIP3368H_DISPLAY
            CODE    2FDEH     0012H     UNIT         ?PR?_AIP3368H_DISPLAY_HIGH_BEAM_INDICATOR_LIGHT?AIP3368H_DISPLAY
            CODE    2FF0H     0011H     UNIT         ?PR?_FLASH_ERASE_SECTOR?USER_FLASH
            CODE    3001H     0011H     UNIT         ?PR?___BAT_ADV_VAL_SAMPLES_INIT__?BATTERY
            CODE    3012H     0010H     UNIT         ?PR?___AIP3368H_DISPLAY_FUEL_EMPTY_LIGHT__?AIP3368H_DISPLAY
            CODE    3022H     000FH     UNIT         ?PR?_BEEP_PLAY?BEEP
            CODE    3031H     000FH     UNIT         ?PR?___FUEL_VOLTAGE_SAMPLES_INIT__?FUEL_CAPACITY
            CODE    3040H     000FH     UNIT         ?PR?_AIP3368H_DISPLAY_LEFT_TURN_LIGHT?AIP3368H_DISPLAY
            CODE    304FH     000FH     UNIT         ?PR?_AIP3368H_DISPLAY_RIGHT_TURN_LIGHT?AIP3368H_DISPLAY
            CODE    305EH     000FH     UNIT         ?PR?___AIP3368H_DISPLAY_GEAR_N_LIGHT__?AIP3368H_DISPLAY
            CODE    306DH     000FH     UNIT         ?PR?___AIP3368H_DISPLAY_MILEAGE_TRIP_LIGHT__?AIP3368H_DISPLAY
            CODE    307CH     000FH     UNIT         ?PR?___AIP3368H_DISPLAY_MILEAGE_POINT__?AIP3368H_DISPLAY
            CODE    308BH     000FH     UNIT         ?PR?___AIP3368H_DISPLAY_FUEL_FULL_LIGHT__?AIP3368H_DISPLAY
            CODE    309AH     000FH     UNIT         ?PR?IO_KEY
            CODE    30A9H     000EH     UNIT         ?PR?_PUTCHAR?UART0
            CODE    30B7H     000DH     UNIT         ?PR?SPEED_SCAN_CONFIG?SPEED_SCAN
            CODE    30C4H     000DH     UNIT         ?PR?AIP3368H_DISPLAY_SPEED_REFRESH_TIME_ADD?SPEED_SCAN
            CODE    30D1H     000DH     UNIT         ?PR?ENGINE_SPEED_SCAN_CONFIG?ENGINE_SPEED_SCAN
            CODE    30DEH     000DH     UNIT         ?CO?ENGINE_SPEED_SCAN
            CODE    30EBH     000DH     UNIT         ?PR?ENGINE_SPEED_SCAN
            CODE    30F8H     000DH     UNIT         ?PR?IO_KEY_CONFIG?IO_KEY
            CODE    3105H     000DH     UNIT         ?CO?IO_KEY
            CODE    3112H     000CH     UNIT         ?PR?___FUEL_CAPACITY_ADC_VAL_SAMPLES_INIT__?FUEL_CAPACITY
            CODE    311EH     000CH     UNIT         ?PR?BATTERY
            CODE    312AH     000BH     UNIT         ?PR?_DELAY?SYSTEM
            CODE    3135H     000BH     UNIT         ?CO?MAIN
            CODE    3140H     0009H     UNIT         ?PR?IO_KEY_GET_KEY_ID?IO_KEY
            CODE    3149H     0008H     UNIT         ?PR?_UART0_SEND_BYTE?UART0
            CODE    3151H     0008H     UNIT         ?PR?AIP3368H_DISPLAY_SETTING_ITEM_TIME_CLEAR?INSTRUMENT
            CODE    3159H     0008H     UNIT         ?PR?AIP3368H_DISPLAY_SETTING_ITEM_EXIT_TIME_CLEAR?INSTRUMENT
            CODE    3161H     0007H     UNIT         ?PR?AIP3368
            CODE    3168H     0001H     UNIT         ?PR?AIP3368H_DISPLAY_TEST?AIP3368H_DISPLAY



OVERLAY MAP OF MODULE:   .\Release\Objects\Project (?C_STARTUP)


SEGMENT                                             BIT_GROUP          DATA_GROUP          XDATA_GROUP
  +--> CALLED SEGMENT                            START    LENGTH     START    LENGTH     START    LENGTH
--------------------------------------------------------------------------------------------------------
?C_C51STARTUP                                    -----    -----      -----    -----      -----    -----
  +--> ?PR?MAIN?MAIN
  +--> ?C_INITSEG

?PR?MAIN?MAIN                                    -----    -----      -----    -----      -----    -----
  +--> ?PR?SYSTEM_INIT?SYSTEM
  +--> ?PR?USER_INIT?MAIN
  +--> ?PR?PIN_LEVEL_SCAN?PIN_LEVEL_SCAN
  +--> ?PR?_KEY_DRIVER_SCAN?KEY_DRIVER
BL51 BANKED LINKER/LOCATER V6.22.4.0                                                  06/02/2026  17:54:14  PAGE 6


  +--> ?PR?IO_KEY_HANDLE?IO_KEY
  +--> ?PR?AIP3368H_DISPLAY_SETTING_ITEM_HAN...
  +--> ?PR?SPEED_SCAN?SPEED_SCAN
  +--> ?PR?AIP3368H_DISPLAY_SPEED_HANDLE?SPE...
  +--> ?PR?MILEAGE_SCAN?MILEAGE
  +--> ?PR?AIP3368H_MODULE_DISPLAY?AIP3368

?PR?SYSTEM_INIT?SYSTEM                           -----    -----      -----    -----      -----    -----
  +--> ?PR?_DELAY?SYSTEM
  +--> ?PR?_DELAY_MS?SYSTEM

?PR?_DELAY_MS?SYSTEM                             -----    -----      -----    -----      -----    -----
  +--> ?PR?_DELAY?SYSTEM

?PR?USER_INIT?MAIN                               -----    -----      -----    -----      -----    -----
  +--> ?PR?DEBUG_PIN_INIT?MAIN
  +--> ?PR?UART0_DEBUG_INIT?UART0
  +--> ?CO?MAIN
  +--> ?PR?PRINTF?PRINTF
  +--> ?PR?BEEP_INIT?BEEP
  +--> ?PR?PIN_LEVEL_SCAN_CONFIG?PIN_LEVEL_SCAN
  +--> ?PR?IO_KEY_CONFIG?IO_KEY
  +--> ?PR?SPEED_SCAN_CONFIG?SPEED_SCAN
  +--> ?PR?ENGINE_SPEED_SCAN_CONFIG?ENGINE_S...
  +--> ?PR?INSTRUMENT_INFO_INIT?INSTRUMENT
  +--> ?PR?AIP3368H_MODULE_INIT?AIP3368
  +--> ?PR?TMR1_CONFIG?TMR1
  +--> ?PR?TMR2_CONFIG?TMR2
  +--> ?PR?_BEEP_PLAY?BEEP
  +--> ?PR?_DELAY_MS?SYSTEM

?PR?PRINTF?PRINTF                                0020H.0  0001H.1    0008H    0005H      623FH    0028H
  +--> ?PR?_PUTCHAR?UART0

?PR?_PUTCHAR?UART0                               -----    -----      -----    -----      6267H    0001H
  +--> ?PR?_UART0_SEND_BYTE?UART0

?PR?INSTRUMENT_INFO_INIT?INSTRUMENT              -----    -----      -----    -----      623FH    000BH
  +--> ?PR?_FLASH_READ?USER_FLASH
  +--> ?PR?INSTRUMENT_INFO_SAVE?INSTRUMENT

?PR?_FLASH_READ?USER_FLASH                       -----    -----      -----    -----      624AH    0005H

?PR?INSTRUMENT_INFO_SAVE?INSTRUMENT              -----    -----      -----    -----      -----    -----
  +--> ?PR?_FLASH_ERASE_SECTOR?USER_FLASH
  +--> ?PR?_FLASH_PROGRAM?USER_FLASH

?PR?_FLASH_PROGRAM?USER_FLASH                    -----    -----      -----    -----      624AH    0005H

?PR?AIP3368H_MODULE_INIT?AIP3368                 -----    -----      -----    -----      -----    -----
  +--> ?PR?AIP3368
  +--> ?PR?_AIP3368H_MODULE_SEND_DATA_TO_ALL...

?PR?_AIP3368H_MODULE_SEND_DATA_TO_ALL...         -----    -----      -----    -----      623FH    0004H
  +--> ?PR?_AIP3368H_MODULE_SEND_DATA_TO_ONE...

?PR?_AIP3368H_MODULE_SEND_DATA_TO_ONE...         -----    -----      -----    -----      6243H    0002H
BL51 BANKED LINKER/LOCATER V6.22.4.0                                                  06/02/2026  17:54:14  PAGE 7



?PR?PIN_LEVEL_SCAN?PIN_LEVEL_SCAN                -----    -----      -----    -----      -----    -----
  +--> ?PR?_AIP3368H_DISPLAY_GEAR?AIP3368H_D...
  +--> ?PR?_AIP3368H_DISPLAY_GEAR_LIGHT?AIP3...
  +--> ?PR?_AIP3368H_DISPLAY_ERR_LIGHT?AIP33...
  +--> ?PR?_AIP3368H_DISPLAY_LEFT_TURN_LIGHT...
  +--> ?PR?_AIP3368H_DISPLAY_RIGHT_TURN_LIGH...
  +--> ?PR?_AIP3368H_DISPLAY_LOW_BEAM_INDICA...
  +--> ?PR?_AIP3368H_DISPLAY_HIGH_BEAM_INDIC...

?PR?_AIP3368H_DISPLAY_GEAR?AIP3368H_D...         -----    -----      -----    -----      -----    -----
  +--> ?PR?___AIP3368H_DISPLAY_GEAR_N_LIGHT_...
  +--> ?PR?___AIP3368H_DISPLAY_GEAR_DIGIT__?...

?PR?___AIP3368H_DISPLAY_GEAR_DIGIT__?...         -----    -----      -----    -----      623FH    0003H
  +--> ?PR?AIP3368H_DISPLAY

?PR?_AIP3368H_DISPLAY_LEFT_TURN_LIGHT...         -----    -----      -----    -----      -----    -----
  +--> ?PR?AIP3368H_DISPLAY

?PR?_KEY_DRIVER_SCAN?KEY_DRIVER                  -----    -----      -----    -----      623FH    0002H
  +--> ?PR?KEY_DRIVER

?PR?IO_KEY_HANDLE?IO_KEY                         -----    -----      -----    -----      -----    -----
  +--> ?PR?___IO_KEY_GET_EVENT__?IO_KEY
  +--> ?CO?IO_KEY
  +--> ?PR?PRINTF?PRINTF
  +--> ?PR?_BEEP_PLAY?BEEP
  +--> ?PR?AIP3368H_DISPLAY_MILEAGE_REFRESH?...
  +--> ?PR?_AIP3368H_DISPLAY_SPEED_UNIT_TYPE...
  +--> ?PR?_AIP3368H_DISPLAY_MILEAGE_UNIT_TY...
  +--> ?PR?AIP3368H_DISPLAY_SETTING_ITEM_TIM...
  +--> ?PR?INSTRUMENT_INFO_SAVE?INSTRUMENT

?PR?___IO_KEY_GET_EVENT__?IO_KEY                 -----    -----      -----    -----      -----    -----
  +--> ?PR?IO_KEY

?PR?AIP3368H_DISPLAY_MILEAGE_REFRESH?...         -----    -----      -----    -----      -----    -----
  +--> ?PR?MILEAGE
  +--> ?PR?_AIP3368H_DISPLAY_MILEAGE?AIP3368...

?PR?_AIP3368H_DISPLAY_MILEAGE?AIP3368...         -----    -----      -----    -----      623FH    0006H
  +--> ?PR?___AIP3368H_DISPLAY_MILEAGE_BIT_X...
  +--> ?PR?___AIP3368H_DISPLAY_MILEAGE_TOTAL...
  +--> ?PR?___AIP3368H_DISPLAY_MILEAGE_TRIP_...
  +--> ?PR?___AIP3368H_DISPLAY_MILEAGE_POINT...

?PR?___AIP3368H_DISPLAY_MILEAGE_BIT_X...         -----    -----      -----    -----      6245H    0003H
  +--> ?PR?AIP3368H_DISPLAY

?PR?___AIP3368H_DISPLAY_MILEAGE_TRIP_...         -----    -----      -----    -----      -----    -----
  +--> ?PR?AIP3368H_DISPLAY

?PR?___AIP3368H_DISPLAY_MILEAGE_POINT...         -----    -----      -----    -----      -----    -----
  +--> ?PR?AIP3368H_DISPLAY

?PR?_AIP3368H_DISPLAY_SPEED_UNIT_TYPE...         -----    -----      -----    -----      -----    -----
BL51 BANKED LINKER/LOCATER V6.22.4.0                                                  06/02/2026  17:54:14  PAGE 8


  +--> ?PR?___AIP3368H_DISPLAY_SPEED_UNIT_TY...

?PR?_AIP3368H_DISPLAY_MILEAGE_UNIT_TY...         -----    -----      -----    -----      -----    -----
  +--> ?PR?___AIP3368H_DISPLAY_MILEAGE_UNIT_...

?PR?AIP3368H_DISPLAY_SETTING_ITEM_HAN...         -----    -----      -----    -----      -----    -----
  +--> ?PR?___AIP3368H_DISPLAY_SPEED_UNIT_TY...
  +--> ?PR?___AIP3368H_DISPLAY_MILEAGE_UNIT_...

?PR?SPEED_SCAN?SPEED_SCAN                        -----    -----      -----    -----      623FH    0008H
  +--> ?PR?SPEED_SCAN

?PR?AIP3368H_DISPLAY_SPEED_HANDLE?SPE...         -----    -----      -----    -----      623FH    0003H
  +--> ?PR?_AIP3368H_DISPLAY_SPEED?AIP3368H_...
  +--> ?PR?_SPEED_FILTER_INIT?SPEED_SCAN
  +--> ?PR?SPEED_SCAN
  +--> ?PR?_SPEED_FILTER_ADD?SPEED_SCAN
  +--> ?PR?SPEED_FILTER_GET_SPEED?SPEED_SCAN

?PR?_AIP3368H_DISPLAY_SPEED?AIP3368H_...         -----    -----      -----    -----      6242H    0005H
  +--> ?PR?___AIP3368H_DISPLAY_SPEED_SEG__?A...
  +--> ?PR?AIP3368H_DISPLAY
  +--> ?PR?___AIP3368H_DISPLAY_SPEED_BIT_X__...

?PR?___AIP3368H_DISPLAY_SPEED_SEG__?A...         -----    -----      -----    -----      6247H    0003H
  +--> ?PR?AIP3368H_DISPLAY

?PR?___AIP3368H_DISPLAY_SPEED_BIT_X__...         -----    -----      -----    -----      6247H    0003H
  +--> ?PR?AIP3368H_DISPLAY

?PR?_SPEED_FILTER_INIT?SPEED_SCAN                -----    -----      -----    -----      -----    -----
  +--> ?PR?SPEED_SCAN

?PR?_SPEED_FILTER_ADD?SPEED_SCAN                 -----    -----      -----    -----      -----    -----
  +--> ?PR?SPEED_SCAN

?PR?SPEED_FILTER_GET_SPEED?SPEED_SCAN            -----    -----      -----    -----      6242H    0007H
  +--> ?PR?SPEED_SCAN

?PR?MILEAGE_SCAN?MILEAGE                         -----    -----      -----    -----      -----    -----
  +--> ?PR?INSTRUMENT_INFO_SAVE?INSTRUMENT
  +--> ?PR?MILEAGE
  +--> ?PR?_AIP3368H_DISPLAY_MILEAGE_UNIT_TY...
  +--> ?PR?AIP3368H_DISPLAY_MILEAGE_REFRESH?...

?PR?AIP3368H_MODULE_DISPLAY?AIP3368              -----    -----      -----    -----      -----    -----
  +--> ?PR?AIP3368
  +--> ?PR?_AIP3368H_MODULE_SEND_DATA_TO_ALL...

?C_INITSEG                                       -----    -----      -----    -----      -----    -----
  +--> ?PR?IO_KEY_GET_KEY_ID?IO_KEY

*** NEW ROOT ***************************************************

?PR?TIMR1_IRQHANDLER?TMR1                        -----    -----      -----    -----      -----    -----
  +--> ?PR?BEEP_HANDLE_1MS_ISR?BEEP
  +--> ?PR?FUEL_CAPACITY_SCAN_TIME_ADD?FUEL_...
BL51 BANKED LINKER/LOCATER V6.22.4.0                                                  06/02/2026  17:54:14  PAGE 9


  +--> ?PR?FUEL_LEV_UPDATE_TIME_ADD?FUEL_CAP...
  +--> ?PR?AIP3368H_REFRESH_TIME_ADD?AIP3368
  +--> ?PR?AIP3368H_DISPLAY_SPEED_REFRESH_TI...
  +--> ?PR?AIP3368H_DISPLAY_ENGINE_SPEED_REF...
  +--> ?PR?AIP3368H_DISPLAY_SETTING_ITEM_TIM...
  +--> ?PR?AIP3368H_DISPLAY_BOOT_ANIMATION_T...

?PR?AIP3368H_DISPLAY_ENGINE_SPEED_REF...         -----    -----      -----    -----      -----    -----
  +--> ?PR?ENGINE_SPEED_SCAN

?PR?AIP3368H_DISPLAY_BOOT_ANIMATION_T...         -----    -----      -----    -----      -----    -----
  +--> ?PR?AIP3368H_DISPLAY

*** NEW ROOT ***************************************************

?PR?TIMR2_IRQHANDLER?TMR2                        -----    -----      -----    -----      -----    -----
  +--> ?PR?ENGINE_SPEED_SCAN_TIMER_50US_ISR?...
  +--> ?PR?SPEED_SCAN_TIMER_50US_ISR?SPEED_SCAN

?PR?ENGINE_SPEED_SCAN_TIMER_50US_ISR?...         -----    -----      -----    -----      -----    -----
  +--> ?PR?ENGINE_SPEED_SCAN
  +--> ?PR?UPDATE_ENGINE_SPEED_SCAN_DATA?ENG...

?PR?UPDATE_ENGINE_SPEED_SCAN_DATA?ENG...         -----    -----      -----    -----      -----    -----
  +--> ?PR?ENGINE_SPEED_SCAN

?PR?SPEED_SCAN_TIMER_50US_ISR?SPEED_SCAN         -----    -----      -----    -----      -----    -----
  +--> ?PR?SPEED_SCAN
  +--> ?PR?SPEED_SCAN_UPDATE_DATA?SPEED_SCAN

?PR?SPEED_SCAN_UPDATE_DATA?SPEED_SCAN            -----    -----      -----    -----      -----    -----
  +--> ?PR?SPEED_SCAN

*** NEW ROOT ***************************************************

?PR?ADC_IRQHANDLER?ADC                           -----    -----      -----    -----      -----    -----
  +--> ?PR?_FUEL_CAPACITY_ADC_VAL_SAMPLES_UP...

?PR?_FUEL_CAPACITY_ADC_VAL_SAMPLES_UP...         -----    -----      -----    -----      -----    -----
  +--> ?PR?___FUEL_CAPACITY_ADC_VAL_SAMPLES_...
  +--> ?PR?FUEL_CAPACITY

?PR?___FUEL_CAPACITY_ADC_VAL_SAMPLES_...         -----    -----      -----    -----      -----    -----
  +--> ?PR?FUEL_CAPACITY

?PR?FUEL_CAPACITY                                -----    -----      -----    -----      -----    -----
  +--> ?PR?_FUEL_CAPACITY_CONVERT_VOLTAGE_TO...



SYMBOL TABLE OF MODULE:  .\Release\Objects\Project (?C_STARTUP)

  VALUE           TYPE          NAME
  ----------------------------------

  -------         MODULE        ?C_STARTUP
  C:1A2DH         SEGMENT       ?C_C51STARTUP
BL51 BANKED LINKER/LOCATER V6.22.4.0                                                  06/02/2026  17:54:14  PAGE 10


  I:0022H         SEGMENT       ?STACK
  C:0000H         PUBLIC        ?C_STARTUP
  D:00E0H         SYMBOL        ACC
  D:00F0H         SYMBOL        B
  D:0083H         SYMBOL        DPH
  D:0082H         SYMBOL        DPL
  N:0000H         SYMBOL        IBPSTACK
  N:0100H         SYMBOL        IBPSTACKTOP
  N:0080H         SYMBOL        IDATALEN
  C:1A30H         SYMBOL        IDATALOOP
  N:0000H         SYMBOL        PBPSTACK
  N:0100H         SYMBOL        PBPSTACKTOP
  N:0000H         SYMBOL        PDATALEN
  N:0000H         SYMBOL        PDATASTART
  N:0000H         SYMBOL        PPAGE
  N:0000H         SYMBOL        PPAGEENABLE
  D:00A0H         SYMBOL        PPAGE_SFR
  D:0081H         SYMBOL        SP
  C:1A2DH         SYMBOL        STARTUP1
  N:0000H         SYMBOL        XBPSTACK
  N:0000H         SYMBOL        XBPSTACKTOP
  N:0700H         SYMBOL        XDATALEN
  C:1A3BH         SYMBOL        XDATALOOP
  N:6000H         SYMBOL        XDATASTART
  C:0000H         LINE#         126
  C:1A2DH         LINE#         133
  C:1A2FH         LINE#         134
  C:1A30H         LINE#         135
  C:1A31H         LINE#         136
  C:1A33H         LINE#         140
  C:1A36H         LINE#         141
  C:1A38H         LINE#         145
  C:1A3AH         LINE#         147
  C:1A3BH         LINE#         148
  C:1A3CH         LINE#         149
  C:1A3DH         LINE#         150
  C:1A3FH         LINE#         151
  C:1A41H         LINE#         185
  C:1A44H         LINE#         196
  -------         ENDMOD        ?C_STARTUP

  -------         MODULE        SYSTEM
  C:0000H         SYMBOL        _ICE_DUMMY_
  D:00D9H         PUBLIC        WDT_KEY
  D:00A7H         PUBLIC        FLASH_TIMEREG0
  D:00ACH         PUBLIC        FLASH_TIMEREG1
  C:312AH         PUBLIC        _delay
  C:0027H         PUBLIC        _delay_ms
  C:14DEH         PUBLIC        system_init
  -------         PROC          _DELAY
  D:0006H         SYMBOL        cnt
  C:312AH         LINE#         37
  C:312AH         LINE#         38
  C:312AH         LINE#         39
  C:3134H         LINE#         40
  C:3134H         LINE#         41
  C:3134H         LINE#         42
BL51 BANKED LINKER/LOCATER V6.22.4.0                                                  06/02/2026  17:54:14  PAGE 11


  -------         ENDPROC       _DELAY
  -------         PROC          _DELAY_MS
  D:0002H         SYMBOL        ms
  C:0027H         LINE#         49
  C:002BH         LINE#         50
  C:002BH         LINE#         51
  C:0035H         LINE#         52
  C:0035H         LINE#         53
  C:003CH         LINE#         54
  C:003FH         LINE#         55
  C:0041H         LINE#         56
  -------         ENDPROC       _DELAY_MS
  -------         PROC          SYSTEM_INIT
  -------         DO            
  D:0007H         SYMBOL        i
  -------         ENDDO         
  C:14DEH         LINE#         63
  C:14DEH         LINE#         64
  C:14DEH         LINE#         67
  C:14E5H         LINE#         68
  C:14F2H         LINE#         69
  C:14F5H         LINE#         72
  C:14F8H         LINE#         73
  C:14FEH         LINE#         74
  C:1504H         LINE#         75
  C:150AH         LINE#         76
  C:1510H         LINE#         77
  C:1517H         LINE#         81
  C:1519H         LINE#         82
  C:1519H         LINE#         83
  C:1526H         LINE#         84
  C:152BH         LINE#         86
  C:15B9H         LINE#         87
  -------         ENDPROC       SYSTEM_INIT
  -------         ENDMOD        SYSTEM

  -------         MODULE        TK_SET
  C:0000H         SYMBOL        _ICE_DUMMY_
  -------         ENDMOD        TK_SET

  -------         MODULE        TMR1
  C:0000H         SYMBOL        _ICE_DUMMY_
  D:00A8H         PUBLIC        IE0
  D:00A9H         PUBLIC        IE1
  D:00AAH         PUBLIC        IE2
  D:00ABH         PUBLIC        IE3
  B:00A8H.7       PUBLIC        IE_EA
  D:00B8H         PUBLIC        IP0
  D:00B1H         PUBLIC        IP1
  D:00B2H         PUBLIC        IP2
  D:00B3H         PUBLIC        IP3
  D:00B4H         PUBLIC        IP4
  D:00B5H         PUBLIC        IP5
  D:00B6H         PUBLIC        IP6
  D:00B7H         PUBLIC        IP7
  D:00D1H         PUBLIC        TMR_ALLCON
  C:27F2H         PUBLIC        tmr1_config
BL51 BANKED LINKER/LOCATER V6.22.4.0                                                  06/02/2026  17:54:14  PAGE 12


  C:1D1DH         PUBLIC        TIMR1_IRQHandler
  -------         PROC          TMR1_CONFIG
  C:27F2H         LINE#         10
  C:27F2H         LINE#         11
  C:27F2H         LINE#         12
  C:27F8H         LINE#         13
  C:27FBH         LINE#         14
  C:27FDH         LINE#         16
  C:2800H         LINE#         19
  C:2806H         LINE#         20
  C:280AH         LINE#         21
  C:280EH         LINE#         22
  C:2812H         LINE#         24
  C:2817H         LINE#         25
  C:281BH         LINE#         28
  C:2820H         LINE#         29
  C:2824H         LINE#         35
  C:282AH         LINE#         36
  C:282EH         LINE#         38
  C:2831H         LINE#         40
  -------         ENDPROC       TMR1_CONFIG
  -------         PROC          TIMR1_IRQHANDLER
  C:1D1DH         LINE#         43
  C:1D3AH         LINE#         46
  C:1D3AH         LINE#         51
  C:1D40H         LINE#         52
  C:1D40H         LINE#         53
  C:1D44H         LINE#         55
  C:1D47H         LINE#         57
  C:1D5EH         LINE#         58
  C:1D5EH         LINE#         59
  C:1D68H         LINE#         60
  C:1D68H         LINE#         62
  C:1D71H         LINE#         63
  C:1D71H         LINE#         64
  C:1D74H         LINE#         65
  C:1D74H         LINE#         68
  C:1D77H         LINE#         69
  C:1D7AH         LINE#         73
  C:1D7AH         LINE#         74
  C:1D84H         LINE#         75
  C:1D84H         LINE#         84
  C:1D87H         LINE#         86
  C:1D8AH         LINE#         88
  C:1D8DH         LINE#         90
  C:1D90H         LINE#         96
  C:1D93H         LINE#         108
  C:1D93H         LINE#         111
  C:1D93H         LINE#         112
  -------         ENDPROC       TIMR1_IRQHANDLER
  -------         ENDMOD        TMR1

  -------         MODULE        TMR2
  C:0000H         SYMBOL        _ICE_DUMMY_
  D:00A8H         PUBLIC        IE0
  D:00A9H         PUBLIC        IE1
  D:00AAH         PUBLIC        IE2
BL51 BANKED LINKER/LOCATER V6.22.4.0                                                  06/02/2026  17:54:14  PAGE 13


  D:00ABH         PUBLIC        IE3
  B:00A8H.7       PUBLIC        IE_EA
  D:00B8H         PUBLIC        IP0
  D:00B1H         PUBLIC        IP1
  D:00B2H         PUBLIC        IP2
  D:00B3H         PUBLIC        IP3
  D:00B4H         PUBLIC        IP4
  D:00B5H         PUBLIC        IP5
  D:00B6H         PUBLIC        IP6
  D:00B7H         PUBLIC        IP7
  D:00D1H         PUBLIC        TMR_ALLCON
  C:2AA2H         PUBLIC        tmr2_config
  C:2694H         PUBLIC        TIMR2_IRQHandler
  -------         PROC          TMR2_CONFIG
  C:2AA2H         LINE#         15
  C:2AA2H         LINE#         16
  C:2AA2H         LINE#         17
  C:2AA8H         LINE#         18
  C:2AABH         LINE#         19
  C:2AADH         LINE#         22
  C:2AB0H         LINE#         25
  C:2AB6H         LINE#         26
  C:2ABCH         LINE#         28
  C:2AC3H         LINE#         29
  C:2AC7H         LINE#         31
  C:2ACDH         LINE#         34
  C:2AD1H         LINE#         38
  C:2AD4H         LINE#         39
  -------         ENDPROC       TMR2_CONFIG
  -------         PROC          TIMR2_IRQHANDLER
  C:2694H         LINE#         42
  C:26B1H         LINE#         45
  C:26B1H         LINE#         49
  C:26B8H         LINE#         50
  C:26B8H         LINE#         51
  C:26BCH         LINE#         54
  C:26BFH         LINE#         58
  C:26C2H         LINE#         60
  C:26C2H         LINE#         63
  C:26C2H         LINE#         64
  -------         ENDPROC       TIMR2_IRQHANDLER
  -------         ENDMOD        TMR2

  -------         MODULE        UART0
  C:0000H         SYMBOL        _ICE_DUMMY_
  D:00D2H         PUBLIC        UART0_CON0
  D:00D4H         PUBLIC        UART0_STA
  D:00D5H         PUBLIC        UART0_BAUD0
  D:00D6H         PUBLIC        UART0_BAUD1
  D:00D7H         PUBLIC        UART0_DATA
  C:30A9H         PUBLIC        _putchar
  C:2DFEH         PUBLIC        uart0_debug_init
  C:3149H         PUBLIC        _uart0_send_byte
  -------         PROC          _PUTCHAR
  X:6267H         SYMBOL        c
  C:30A9H         LINE#         10
  C:30AEH         LINE#         11
BL51 BANKED LINKER/LOCATER V6.22.4.0                                                  06/02/2026  17:54:14  PAGE 14


  C:30AEH         LINE#         12
  C:30B1H         LINE#         13
  C:30B6H         LINE#         14
  -------         ENDPROC       _PUTCHAR
  -------         PROC          UART0_DEBUG_INIT
  C:2DFEH         LINE#         17
  C:2DFEH         LINE#         18
  C:2DFEH         LINE#         19
  C:2E04H         LINE#         20
  C:2E08H         LINE#         21
  C:2E0FH         LINE#         23
  C:2E12H         LINE#         24
  C:2E15H         LINE#         25
  C:2E18H         LINE#         27
  -------         ENDPROC       UART0_DEBUG_INIT
  -------         PROC          _UART0_SEND_BYTE
  D:0007H         SYMBOL        byte
  C:3149H         LINE#         29
  C:3149H         LINE#         30
  C:3149H         LINE#         32
  C:314EH         LINE#         34
  C:3150H         LINE#         35
  -------         ENDPROC       _UART0_SEND_BYTE
  -------         ENDMOD        UART0

  -------         MODULE        ADC
  C:0000H         SYMBOL        _ICE_DUMMY_
  D:00A8H         PUBLIC        IE0
  D:00A9H         PUBLIC        IE1
  D:00AAH         PUBLIC        IE2
  D:00ABH         PUBLIC        IE3
  B:00A8H.7       PUBLIC        IE_EA
  D:00B8H         PUBLIC        IP0
  D:00B1H         PUBLIC        IP1
  D:00B2H         PUBLIC        IP2
  D:00B3H         PUBLIC        IP3
  D:00B4H         PUBLIC        IP4
  D:00B5H         PUBLIC        IP5
  D:00B6H         PUBLIC        IP6
  D:00B7H         PUBLIC        IP7
  D:0091H         PUBLIC        ADC_CFG2
  D:0093H         PUBLIC        ADC_DATAH0
  D:0094H         PUBLIC        ADC_DATAL0
  D:0099H         PUBLIC        ADC_CHS0
  D:009EH         PUBLIC        ADC_TRGS0
  X:630EH         PUBLIC        adc_val
  C:2D2AH         PUBLIC        adc_config
  C:2CE5H         PUBLIC        adc_channel_switch_by_isr
  X:6310H         SYMBOL        adc_channel_status
  C:2D8DH         PUBLIC        _adc_channel_set
  C:22D0H         PUBLIC        ADC_IRQHandler
  -------         PROC          ADC_CONFIG
  C:2D2AH         LINE#         10
  C:2D2AH         LINE#         11
  C:2D2AH         LINE#         19
  C:2D30H         LINE#         22
  C:2D36H         LINE#         24
BL51 BANKED LINKER/LOCATER V6.22.4.0                                                  06/02/2026  17:54:14  PAGE 15


  C:2D39H         LINE#         26
  C:2D3FH         LINE#         30
  C:2D42H         LINE#         31
  C:2D45H         LINE#         32
  C:2D48H         LINE#         33
  C:2D4AH         LINE#         36
  -------         ENDPROC       ADC_CONFIG
  -------         PROC          _ADC_CHANNEL_SET
  D:0007H         SYMBOL        adc_channel
  C:2D8DH         LINE#         39
  C:2D8DH         LINE#         40
  C:2D8DH         LINE#         41
  C:2D90H         LINE#         47
  C:2D95H         LINE#         48
  C:2D95H         LINE#         64
  C:2D95H         LINE#         65
  C:2D9CH         LINE#         67
  C:2DA0H         LINE#         70
  C:2DA3H         LINE#         71
  C:2DA3H         LINE#         74
  C:2DA3H         LINE#         76
  C:2DA9H         LINE#         79
  -------         ENDPROC       _ADC_CHANNEL_SET
  -------         PROC          ADC_CHANNEL_SWITCH_BY_ISR
  C:2CE5H         LINE#         122
  C:2CE5H         LINE#         123
  C:2CE5H         LINE#         124
  C:2CF4H         LINE#         125
  C:2CF4H         LINE#         126
  C:2CF4H         LINE#         127
  C:2CF4H         LINE#         138
  C:2CFAH         LINE#         139
  C:2CFBH         LINE#         140
  C:2CFBH         LINE#         141
  C:2D01H         LINE#         142
  C:2D07H         LINE#         143
  C:2D07H         LINE#         145
  C:2D07H         LINE#         146
  C:2D07H         LINE#         147
  C:2D07H         LINE#         148
  -------         ENDPROC       ADC_CHANNEL_SWITCH_BY_ISR
  -------         PROC          ADC_IRQHANDLER
  -------         DO            
  D:0006H         SYMBOL        adc_val
  -------         ENDDO         
  C:22D0H         LINE#         150
  C:22EDH         LINE#         155
  C:22EDH         LINE#         158
  C:22F3H         LINE#         159
  C:22F3H         LINE#         160
  C:22F7H         LINE#         161
  C:230AH         LINE#         163
  C:2312H         LINE#         164
  C:2312H         LINE#         169
  C:2312H         LINE#         170
  C:2315H         LINE#         171
  C:2315H         LINE#         172
BL51 BANKED LINKER/LOCATER V6.22.4.0                                                  06/02/2026  17:54:14  PAGE 16


  C:2315H         LINE#         173
  C:2315H         LINE#         176
  C:2315H         LINE#         177
  -------         ENDPROC       ADC_IRQHANDLER
  -------         ENDMOD        ADC

  -------         MODULE        KEY_DRIVER
  C:0000H         SYMBOL        _ICE_DUMMY_
  C:0EB5H         PUBLIC        _key_driver_scan
  X:6302H         SYMBOL        is_key_active
  X:6303H         PUBLIC        scan_para
  C:2D4BH         SYMBOL        Com0021
  C:2D4BH         SYMBOL        L?0034
  C:2D4EH         SYMBOL        L?0035
  C:2D4FH         SYMBOL        L?0036
  C:2D55H         SYMBOL        L?0037
  C:2D58H         SYMBOL        L?0038
  C:2D5CH         SYMBOL        L?0039
  C:2D62H         SYMBOL        L?0040
  C:2D65H         SYMBOL        L?0041
  -------         PROC          COM0021
  -------         ENDPROC       COM0021
  -------         PROC          _KEY_DRIVER_SCAN
  D:0001H         SYMBOL        _scan_para
  -------         DO            
  X:623FH         SYMBOL        key_event
  D:0007H         SYMBOL        cur_key_value
  X:6240H         SYMBOL        key_value
  C:101DH         SYMBOL        _notify
  C:103DH         SYMBOL        _scan_end
  -------         ENDDO         
  C:0EB5H         LINE#         19
  C:0EB5H         LINE#         21
  C:0EB5H         LINE#         26
  C:0EBAH         LINE#         27
  C:0EBCH         LINE#         28
  C:0EC0H         LINE#         32
  C:0EC6H         LINE#         35
  C:0ED9H         LINE#         36
  C:0ED9H         LINE#         38
  C:0ED9H         LINE#         40
  C:0EE3H         LINE#         42
  C:0EECH         LINE#         48
  C:0EF0H         LINE#         49
  C:0EF0H         LINE#         50
  C:0EF6H         LINE#         51
  C:0EF8H         LINE#         52
  C:0EFEH         LINE#         53
  C:0EFEH         LINE#         54
  C:0F01H         LINE#         55
  C:0F01H         LINE#         85
  C:0F15H         LINE#         86
  C:0F15H         LINE#         88
  C:0F1CH         LINE#         89
  C:0F22H         LINE#         91
  C:0F22H         LINE#         94
  C:0F33H         LINE#         95
BL51 BANKED LINKER/LOCATER V6.22.4.0                                                  06/02/2026  17:54:14  PAGE 17


  C:0F33H         LINE#         96
  C:0F3EH         LINE#         98
  C:0F3EH         LINE#         101
  C:0F4AH         LINE#         102
  C:0F4AH         LINE#         109
  C:0F4EH         LINE#         110
  C:0F4EH         LINE#         111
  C:0F55H         LINE#         112
  C:0F55H         LINE#         113
  C:0F57H         LINE#         114
  C:0F5DH         LINE#         115
  C:0F5FH         LINE#         117
  C:0F5FH         LINE#         120
  C:0F5FH         LINE#         121
  C:0F67H         LINE#         122
  C:0F67H         LINE#         123
  C:0F6AH         LINE#         125
  C:0F6AH         LINE#         130
  C:0F72H         LINE#         131
  C:0F7EH         LINE#         132
  C:0F7EH         LINE#         133
  C:0F83H         LINE#         134
  C:0F87H         LINE#         135
  C:0F8AH         LINE#         137
  C:0F8AH         LINE#         138
  C:0F90H         LINE#         139
  C:0F90H         LINE#         140
  C:0F90H         LINE#         142
  C:0F92H         LINE#         147
  C:0F92H         LINE#         149
  C:0F92H         LINE#         154
  C:0F96H         LINE#         155
  C:0F96H         LINE#         157
  C:0FA7H         LINE#         158
  C:0FA7H         LINE#         162
  C:0FB8H         LINE#         163
  C:0FB8H         LINE#         183
  C:0FB8H         LINE#         184
  C:0FBAH         LINE#         186
  C:0FBAH         LINE#         187
  C:0FC7H         LINE#         189
  C:0FC9H         LINE#         191
  C:0FC9H         LINE#         193
  C:0FC9H         LINE#         194
  C:0FD4H         LINE#         195
  C:0FD7H         LINE#         197
  C:0FD7H         LINE#         198
  C:0FD7H         LINE#         200
  C:0FD7H         LINE#         201
  C:0FD7H         LINE#         203
  C:0FD7H         LINE#         204
  C:0FD7H         LINE#         206
  C:0FD7H         LINE#         208
  C:0FE2H         LINE#         209
  C:0FE2H         LINE#         210
  C:0FEAH         LINE#         211
  C:0FEAH         LINE#         215
BL51 BANKED LINKER/LOCATER V6.22.4.0                                                  06/02/2026  17:54:14  PAGE 18


  C:0FF0H         LINE#         216
  C:0FF0H         LINE#         217
  C:0FF6H         LINE#         222
  C:0FF8H         LINE#         223
  C:1004H         LINE#         224
  C:1004H         LINE#         225
  C:1009H         LINE#         226
  C:1018H         LINE#         228
  C:1018H         LINE#         230
  C:1018H         LINE#         231
  C:1018H         LINE#         233
  C:1018H         LINE#         236
  C:101DH         LINE#         237
  C:101DH         LINE#         239
  C:101DH         LINE#         240
  C:101DH         LINE#         242
  C:101DH         LINE#         245
  C:101DH         LINE#         247
  C:101DH         LINE#         248
  C:1021H         LINE#         249
  C:1029H         LINE#         251
  C:1033H         LINE#         252
  C:103DH         LINE#         255
  C:103DH         LINE#         264
  C:103DH         LINE#         266
  C:103DH         LINE#         267
  C:1047H         LINE#         270
  -------         ENDPROC       _KEY_DRIVER_SCAN
  -------         ENDMOD        KEY_DRIVER

  -------         MODULE        USER_FLASH
  C:0000H         SYMBOL        _ICE_DUMMY_
  D:00A4H         PUBLIC        FLASH_CON
  D:00A5H         PUBLIC        FLASH_STA
  D:00A6H         PUBLIC        FLASH_DATA
  D:00AEH         PUBLIC        FLASH_PASSWORD
  D:00AFH         PUBLIC        FLASH_ADDR
  C:2FF0H         PUBLIC        _flash_erase_sector
  C:2995H         PUBLIC        _flash_program
  C:2A6EH         PUBLIC        _flash_read
  -------         PROC          _FLASH_ERASE_SECTOR
  D:0007H         SYMBOL        addr
  C:2FF0H         LINE#         9
  C:2FF0H         LINE#         10
  C:2FF0H         LINE#         11
  C:2FF3H         LINE#         12
  C:2FF5H         LINE#         13
  C:2FF8H         LINE#         14
  C:2FFBH         LINE#         16
  C:3000H         LINE#         18
  -------         ENDPROC       _FLASH_ERASE_SECTOR
  -------         PROC          _FLASH_PROGRAM
  D:0007H         SYMBOL        addr
  X:624BH         SYMBOL        p_data
  X:624EH         SYMBOL        len
  C:2995H         LINE#         27
  C:299BH         LINE#         28
BL51 BANKED LINKER/LOCATER V6.22.4.0                                                  06/02/2026  17:54:14  PAGE 19


  C:299BH         LINE#         29
  C:299EH         LINE#         30
  C:29A0H         LINE#         32
  C:29A9H         LINE#         33
  C:29A9H         LINE#         34
  C:29AEH         LINE#         36
  C:29BDH         LINE#         37
  C:29C0H         LINE#         38
  C:29C3H         LINE#         40
  C:29C9H         LINE#         41
  C:29CBH         LINE#         42
  -------         ENDPROC       _FLASH_PROGRAM
  -------         PROC          _FLASH_READ
  D:0007H         SYMBOL        addr
  X:624BH         SYMBOL        p_data
  X:624EH         SYMBOL        len
  C:2A6EH         LINE#         51
  C:2A74H         LINE#         52
  C:2A74H         LINE#         53
  C:2A7AH         LINE#         54
  C:2A7AH         LINE#         55
  C:2A99H         LINE#         56
  C:2A9FH         LINE#         57
  C:2AA1H         LINE#         58
  -------         ENDPROC       _FLASH_READ
  -------         ENDMOD        USER_FLASH

  -------         MODULE        AIP3368
  C:0000H         SYMBOL        _ICE_DUMMY_
  X:628CH         PUBLIC        aip3368h_display_buff
  C:2E95H         PUBLIC        aip3368h_refresh_time_add
  C:2552H         PUBLIC        aip3368h_module_init
  C:2DAAH         PUBLIC        aip3368h_module_display
  B:0080H.0       PUBLIC        P00
  B:0080H.3       PUBLIC        P03
  B:0090H.1       PUBLIC        P11
  B:0090H.2       PUBLIC        P12
  X:62A2H         SYMBOL        aip3368h_refresh_cnt
  C:2AD5H         SYMBOL        _aip3368h_module_send_data_to_one_dev
  C:27B0H         SYMBOL        _aip3368h_module_send_data_to_all_dev
  C:3161H         SYMBOL        Com0012
  C:3161H         SYMBOL        L?0019
  C:3161H         SYMBOL        L?0020
  -------         PROC          COM0012
  -------         ENDPROC       COM0012
  -------         PROC          AIP3368H_REFRESH_TIME_ADD
  C:2E95H         LINE#         14
  C:2E95H         LINE#         15
  C:2E95H         LINE#         17
  C:2EA4H         LINE#         18
  C:2EA4H         LINE#         19
  C:2EABH         LINE#         20
  C:2EABH         LINE#         21
  -------         ENDPROC       AIP3368H_REFRESH_TIME_ADD
  -------         PROC          _AIP3368H_MODULE_SEND_DATA_TO_ONE_DEV
  D:0006H         SYMBOL        dat
  -------         DO            
BL51 BANKED LINKER/LOCATER V6.22.4.0                                                  06/02/2026  17:54:14  PAGE 20


  X:6243H         SYMBOL        i
  -------         ENDDO         
  C:2AD5H         LINE#         23
  C:2AD5H         LINE#         24
  C:2AD5H         LINE#         28
  C:2ADCH         LINE#         29
  C:2ADCH         LINE#         30
  C:2AE6H         LINE#         33
  C:2AE8H         LINE#         35
  C:2AEFH         LINE#         36
  C:2AF1H         LINE#         38
  C:2B07H         LINE#         40
  -------         ENDPROC       _AIP3368H_MODULE_SEND_DATA_TO_ONE_DEV
  -------         PROC          _AIP3368H_MODULE_SEND_DATA_TO_ALL_DEV
  X:623FH         SYMBOL        buff
  D:0005H         SYMBOL        len
  -------         DO            
  X:6242H         SYMBOL        i
  -------         ENDDO         
  C:27B0H         LINE#         42
  C:27B6H         LINE#         43
  C:27B6H         LINE#         48
  C:27B8H         LINE#         49
  C:27BAH         LINE#         54
  C:27C7H         LINE#         55
  C:27C7H         LINE#         56
  C:27E3H         LINE#         57
  C:27EBH         LINE#         61
  C:27EDH         LINE#         63
  C:27EFH         LINE#         66
  C:27F1H         LINE#         69
  -------         ENDPROC       _AIP3368H_MODULE_SEND_DATA_TO_ALL_DEV
  -------         PROC          AIP3368H_MODULE_DISPLAY
  C:2DAAH         LINE#         73
  C:2DAAH         LINE#         74
  C:2DAAH         LINE#         79
  C:2DB9H         LINE#         80
  C:2DB9H         LINE#         82
  C:2DB9H         LINE#         84
  C:2DB9H         LINE#         85
  C:2DBDH         LINE#         86
  C:2DBDH         LINE#         96
  C:2DC5H         LINE#         97
  -------         ENDPROC       AIP3368H_MODULE_DISPLAY
  -------         PROC          AIP3368H_MODULE_INIT
  C:2552H         LINE#         105
  C:2552H         LINE#         106
  C:2552H         LINE#         109
  C:255EH         LINE#         112
  C:2564H         LINE#         113
  C:2568H         LINE#         114
  C:256DH         LINE#         116
  C:2571H         LINE#         117
  C:2575H         LINE#         118
  C:2578H         LINE#         120
  C:257EH         LINE#         121
  C:2582H         LINE#         122
BL51 BANKED LINKER/LOCATER V6.22.4.0                                                  06/02/2026  17:54:14  PAGE 21


  C:2587H         LINE#         124
  C:258BH         LINE#         125
  C:258FH         LINE#         126
  C:2594H         LINE#         128
  C:2596H         LINE#         129
  C:2598H         LINE#         130
  C:259AH         LINE#         131
  C:259CH         LINE#         132
  -------         ENDPROC       AIP3368H_MODULE_INIT
  -------         ENDMOD        AIP3368

  -------         MODULE        BEEP
  C:0000H         SYMBOL        _ICE_DUMMY_
  B:00A0H.4       PUBLIC        P24
  C:000FH         PUBLIC        beep_init
  C:3022H         PUBLIC        _beep_play
  C:2D08H         PUBLIC        beep_handle_1ms_isr
  X:6311H         SYMBOL        beep_time_cnt
  X:6312H         SYMBOL        is_beep_enable
  -------         PROC          BEEP_INIT
  C:000FH         LINE#         7
  C:000FH         LINE#         8
  C:000FH         LINE#         10
  C:0015H         LINE#         11
  C:0019H         LINE#         12
  C:001EH         LINE#         13
  C:0020H         LINE#         14
  -------         ENDPROC       BEEP_INIT
  -------         PROC          _BEEP_PLAY
  D:0007H         SYMBOL        beep_time
  C:3022H         LINE#         20
  C:3022H         LINE#         21
  C:3022H         LINE#         22
  C:3027H         LINE#         23
  C:302CH         LINE#         24
  C:3030H         LINE#         25
  -------         ENDPROC       _BEEP_PLAY
  -------         PROC          BEEP_HANDLE_1MS_ISR
  C:2D08H         LINE#         27
  C:2D08H         LINE#         28
  C:2D08H         LINE#         29
  C:2D0EH         LINE#         30
  C:2D0EH         LINE#         31
  C:2D14H         LINE#         32
  C:2D14H         LINE#         33
  C:2D17H         LINE#         34
  C:2D19H         LINE#         35
  C:2D1AH         LINE#         37
  C:2D1AH         LINE#         38
  C:2D1CH         LINE#         39
  C:2D21H         LINE#         40
  C:2D21H         LINE#         41
  C:2D22H         LINE#         43
  C:2D22H         LINE#         44
  C:2D24H         LINE#         45
  C:2D29H         LINE#         46
  C:2D29H         LINE#         47
BL51 BANKED LINKER/LOCATER V6.22.4.0                                                  06/02/2026  17:54:14  PAGE 22


  -------         ENDPROC       BEEP_HANDLE_1MS_ISR
  -------         ENDMOD        BEEP

  -------         MODULE        MAIN
  C:0000H         SYMBOL        _ICE_DUMMY_
  D:00D9H         PUBLIC        WDT_KEY
  B:0080H.4       PUBLIC        P04
  C:2FA8H         PUBLIC        debug_pin_init
  C:29CCH         PUBLIC        user_init
  C:2A02H         PUBLIC        main
  -------         PROC          DEBUG_PIN_INIT
  C:2FA8H         LINE#         24
  C:2FA8H         LINE#         25
  C:2FA8H         LINE#         26
  C:2FAEH         LINE#         27
  C:2FB2H         LINE#         28
  C:2FB7H         LINE#         29
  C:2FB9H         LINE#         30
  -------         ENDPROC       DEBUG_PIN_INIT
  -------         PROC          USER_INIT
  C:29CCH         LINE#         33
  C:29CCH         LINE#         34
  C:29CCH         LINE#         36
  C:29CFH         LINE#         37
  C:29D2H         LINE#         38
  C:29DBH         LINE#         41
  C:29DEH         LINE#         44
  C:29E1H         LINE#         48
  C:29E4H         LINE#         52
  C:29E7H         LINE#         56
  C:29EAH         LINE#         63
  C:29EDH         LINE#         64
  C:29F0H         LINE#         66
  C:29F3H         LINE#         67
  C:29F6H         LINE#         69
  C:29FBH         LINE#         70
  -------         ENDPROC       USER_INIT
  -------         PROC          MAIN
  C:2A02H         LINE#         74
  C:2A02H         LINE#         75
  C:2A02H         LINE#         77
  C:2A05H         LINE#         82
  C:2A08H         LINE#         83
  C:2A0FH         LINE#         84
  C:2A12H         LINE#         87
  C:2A15H         LINE#         98
  C:2A15H         LINE#         99
  C:2A15H         LINE#         104
  C:2A18H         LINE#         107
  C:2A1BH         LINE#         111
  C:2A24H         LINE#         112
  C:2A27H         LINE#         113
  C:2A2AH         LINE#         117
  C:2A2DH         LINE#         118
  C:2A30H         LINE#         121
  C:2A33H         LINE#         139
  C:2A36H         LINE#         140
BL51 BANKED LINKER/LOCATER V6.22.4.0                                                  06/02/2026  17:54:14  PAGE 23


  -------         ENDPROC       MAIN
  -------         ENDMOD        MAIN

  -------         MODULE        PIN_LEVEL_SCAN
  C:0000H         SYMBOL        _ICE_DUMMY_
  B:0080H.6       PUBLIC        P06
  B:0080H.7       PUBLIC        P07
  B:0090H.0       PUBLIC        P10
  B:0090H.3       PUBLIC        P13
  B:0090H.4       PUBLIC        P14
  B:00A0H.1       PUBLIC        P21
  B:00A0H.2       PUBLIC        P22
  B:00A0H.3       PUBLIC        P23
  B:00A0H.5       PUBLIC        P25
  B:00A0H.6       PUBLIC        P26
  B:00A0H.7       PUBLIC        P27
  B:00B0H.0       PUBLIC        P30
  C:20B5H         PUBLIC        pin_level_scan_config
  C:1AC7H         PUBLIC        pin_level_scan
  -------         PROC          PIN_LEVEL_SCAN_CONFIG
  C:20B5H         LINE#         4
  C:20B5H         LINE#         5
  C:20B5H         LINE#         7
  C:20BBH         LINE#         8
  C:20C1H         LINE#         11
  C:20C7H         LINE#         12
  C:20CDH         LINE#         15
  C:20D3H         LINE#         16
  C:20D9H         LINE#         19
  C:20DFH         LINE#         20
  C:20E5H         LINE#         23
  C:20EBH         LINE#         24
  C:20F1H         LINE#         27
  C:20F7H         LINE#         28
  C:20FDH         LINE#         31
  C:2103H         LINE#         32
  C:2109H         LINE#         35
  C:210FH         LINE#         36
  C:2115H         LINE#         39
  C:211AH         LINE#         42
  C:211EH         LINE#         45
  C:2123H         LINE#         48
  C:2128H         LINE#         49
  -------         ENDPROC       PIN_LEVEL_SCAN_CONFIG
  -------         PROC          PIN_LEVEL_SCAN
  C:1AC7H         LINE#         52
  C:1AC7H         LINE#         53
  C:1AC7H         LINE#         55
  C:1ACAH         LINE#         56
  C:1ACAH         LINE#         57
  C:1ACFH         LINE#         58
  C:1AD1H         LINE#         59
  C:1AD4H         LINE#         60
  C:1AD4H         LINE#         61
  C:1ADAH         LINE#         62
  C:1ADCH         LINE#         63
  C:1ADFH         LINE#         64
BL51 BANKED LINKER/LOCATER V6.22.4.0                                                  06/02/2026  17:54:14  PAGE 24


  C:1ADFH         LINE#         65
  C:1AE5H         LINE#         66
  C:1AE7H         LINE#         67
  C:1AEAH         LINE#         68
  C:1AEAH         LINE#         69
  C:1AF0H         LINE#         70
  C:1AF2H         LINE#         71
  C:1AF5H         LINE#         72
  C:1AF5H         LINE#         73
  C:1AFBH         LINE#         74
  C:1AFDH         LINE#         75
  C:1B00H         LINE#         76
  C:1B00H         LINE#         77
  C:1B06H         LINE#         78
  C:1B08H         LINE#         79
  C:1B0EH         LINE#         80
  C:1B0EH         LINE#         81
  C:1B11H         LINE#         82
  C:1B13H         LINE#         84
  C:1B13H         LINE#         86
  C:1B16H         LINE#         87
  C:1B16H         LINE#         89
  C:1B1EH         LINE#         90
  C:1B23H         LINE#         92
  C:1B26H         LINE#         93
  C:1B26H         LINE#         94
  C:1B28H         LINE#         95
  C:1B2AH         LINE#         97
  C:1B2AH         LINE#         98
  C:1B2FH         LINE#         99
  C:1B2FH         LINE#         102
  C:1B32H         LINE#         103
  C:1B32H         LINE#         104
  C:1B34H         LINE#         105
  C:1B36H         LINE#         107
  C:1B36H         LINE#         108
  C:1B3BH         LINE#         109
  C:1B3BH         LINE#         112
  C:1B3EH         LINE#         113
  C:1B3EH         LINE#         114
  C:1B40H         LINE#         115
  C:1B42H         LINE#         117
  C:1B42H         LINE#         118
  C:1B47H         LINE#         119
  C:1B47H         LINE#         122
  C:1B4AH         LINE#         123
  C:1B4AH         LINE#         124
  C:1B4CH         LINE#         125
  C:1B4EH         LINE#         127
  C:1B4EH         LINE#         128
  C:1B53H         LINE#         129
  C:1B53H         LINE#         132
  C:1B56H         LINE#         133
  C:1B56H         LINE#         134
  C:1B58H         LINE#         135
  C:1B5AH         LINE#         137
  C:1B5AH         LINE#         138
BL51 BANKED LINKER/LOCATER V6.22.4.0                                                  06/02/2026  17:54:14  PAGE 25


  C:1B5FH         LINE#         139
  C:1B5FH         LINE#         140
  -------         ENDPROC       PIN_LEVEL_SCAN
  -------         ENDMOD        PIN_LEVEL_SCAN

  -------         MODULE        SPEED_SCAN
  C:0000H         SYMBOL        _ICE_DUMMY_
  B:0090H.5       PUBLIC        P15
  C:2390H         PUBLIC        speed_scan_timer_50us_isr
  C:30B7H         PUBLIC        speed_scan_config
  C:13E9H         PUBLIC        speed_scan
  C:30C4H         PUBLIC        aip3368h_display_speed_refresh_time_add
  C:11BCH         PUBLIC        aip3368h_display_speed_handle
  B:0021H.2       SYMBOL        flag_is_speed_scan_over_time
  X:61D9H         SYMBOL        speed_pulse_cnt
  X:61DDH         SYMBOL        speed_scan_time_ms
  X:61E1H         SYMBOL        cur_speed_scan_time
  X:61E5H         SYMBOL        cur_speed_scan_pulse
  X:61E9H         SYMBOL        aip3368h_display_speed_refresh_time_cnt
  X:61EAH         SYMBOL        speed_filter_array
  X:6212H         SYMBOL        speed_filter_index
  C:2F1FH         PUBLIC        _speed_filter_init
  C:2E7DH         PUBLIC        _speed_filter_add
  C:18DFH         PUBLIC        speed_filter_get_speed
  C:28EBH         PUBLIC        speed_scan_update_data
  C:24A7H         SYMBOL        Com0037
  C:24A7H         SYMBOL        L?0056
  C:24ACH         SYMBOL        L?0057
  C:24AEH         SYMBOL        L?0058
  C:24B6H         SYMBOL        L?0059
  C:24B6H         SYMBOL        L?0060
  C:24B9H         SYMBOL        L?0061
  C:24BFH         SYMBOL        L?0062
  C:24BFH         SYMBOL        L?0063
  C:24C2H         SYMBOL        L?0064
  C:24C9H         SYMBOL        L?0065
  C:24DAH         SYMBOL        L?0066
  C:24E4H         SYMBOL        L?0067
  C:24EFH         SYMBOL        L?0068
  C:24EFH         SYMBOL        L?0069
  C:24F5H         SYMBOL        L?0070
  -------         PROC          COM0037
  -------         ENDPROC       COM0037
  -------         PROC          _SPEED_FILTER_INIT
  D:0007H         SYMBOL        speed
  -------         DO            
  D:0006H         SYMBOL        i
  -------         ENDDO         
  C:2F1FH         LINE#         22
  C:2F1FH         LINE#         23
  C:2F1FH         LINE#         25
  C:2F21H         LINE#         26
  C:2F21H         LINE#         27
  C:2F29H         LINE#         28
  C:2F2EH         LINE#         30
  C:2F33H         LINE#         31
  -------         ENDPROC       _SPEED_FILTER_INIT
BL51 BANKED LINKER/LOCATER V6.22.4.0                                                  06/02/2026  17:54:14  PAGE 26


  -------         PROC          _SPEED_FILTER_ADD
  D:0007H         SYMBOL        speed
  C:2E7DH         LINE#         33
  C:2E7DH         LINE#         34
  C:2E7DH         LINE#         35
  C:2E86H         LINE#         36
  C:2E8CH         LINE#         37
  C:2E92H         LINE#         38
  C:2E92H         LINE#         39
  C:2E94H         LINE#         40
  C:2E94H         LINE#         41
  -------         ENDPROC       _SPEED_FILTER_ADD
  -------         PROC          SPEED_FILTER_GET_SPEED
  -------         DO            
  X:6242H         SYMBOL        i
  X:6243H         SYMBOL        sum
  X:6247H         SYMBOL        max_speed
  X:6248H         SYMBOL        min_speed
  -------         ENDDO         
  C:18DFH         LINE#         43
  C:18DFH         LINE#         44
  C:18DFH         LINE#         46
  C:18E9H         LINE#         47
  C:18EEH         LINE#         48
  C:18F2H         LINE#         56
  C:18F7H         LINE#         57
  C:18F7H         LINE#         58
  C:1913H         LINE#         60
  C:1920H         LINE#         61
  C:1920H         LINE#         62
  C:192BH         LINE#         63
  C:192BH         LINE#         65
  C:1938H         LINE#         66
  C:1938H         LINE#         67
  C:1943H         LINE#         68
  C:1943H         LINE#         69
  C:194EH         LINE#         71
  C:197AH         LINE#         73
  -------         ENDPROC       SPEED_FILTER_GET_SPEED
  -------         PROC          SPEED_SCAN_CONFIG
  C:30B7H         LINE#         77
  C:30B7H         LINE#         78
  C:30B7H         LINE#         80
  C:30BDH         LINE#         81
  C:30C3H         LINE#         82
  -------         ENDPROC       SPEED_SCAN_CONFIG
  -------         PROC          SPEED_SCAN_UPDATE_DATA
  C:28EBH         LINE#         84
  C:28EBH         LINE#         85
  C:28EBH         LINE#         86
  C:28FDH         LINE#         87
  C:2907H         LINE#         88
  C:2919H         LINE#         89
  C:2923H         LINE#         90
  -------         ENDPROC       SPEED_SCAN_UPDATE_DATA
  -------         PROC          SPEED_SCAN_TIMER_50US_ISR
  -------         DO            
BL51 BANKED LINKER/LOCATER V6.22.4.0                                                  06/02/2026  17:54:14  PAGE 27


  B:0021H.1       SYMBOL        last_speed_scan_level
  X:61D4H         SYMBOL        cnt
  -------         ENDDO         
  C:2390H         LINE#         92
  C:2390H         LINE#         93
  C:2390H         LINE#         96
  C:239AH         LINE#         97
  C:23A9H         LINE#         98
  C:23A9H         LINE#         99
  C:23ADH         LINE#         101
  C:23B9H         LINE#         103
  C:23C8H         LINE#         105
  C:23C8H         LINE#         106
  C:23D2H         LINE#         107
  C:23D4H         LINE#         108
  C:23D4H         LINE#         109
  C:23D4H         LINE#         111
  C:23D7H         LINE#         112
  C:23D7H         LINE#         113
  C:23DAH         LINE#         114
  C:23DAH         LINE#         115
  C:23E6H         LINE#         116
  C:23E9H         LINE#         117
  C:23E9H         LINE#         119
  C:23EBH         LINE#         120
  C:23ECH         LINE#         122
  C:23ECH         LINE#         124
  C:23EEH         LINE#         125
  C:23EEH         LINE#         126
  -------         ENDPROC       SPEED_SCAN_TIMER_50US_ISR
  -------         PROC          SPEED_SCAN
  -------         DO            
  X:623FH         SYMBOL        cur_speed
  X:6243H         SYMBOL        tmp
  -------         ENDDO         
  C:13E9H         LINE#         128
  C:13E9H         LINE#         129
  C:13E9H         LINE#         130
  C:13F3H         LINE#         131
  C:13FDH         LINE#         134
  C:140FH         LINE#         135
  C:140FH         LINE#         140
  C:1430H         LINE#         149
  C:1433H         LINE#         150
  C:1433H         LINE#         152
  C:1444H         LINE#         153
  C:1444H         LINE#         155
  C:144BH         LINE#         156
  C:144DH         LINE#         158
  C:144DH         LINE#         159
  C:1454H         LINE#         160
  C:1454H         LINE#         161
  C:1456H         LINE#         163
  C:1456H         LINE#         177
  C:1477H         LINE#         178
  C:1477H         LINE#         181
  C:1489H         LINE#         188
BL51 BANKED LINKER/LOCATER V6.22.4.0                                                  06/02/2026  17:54:14  PAGE 28


  C:1493H         LINE#         189
  C:149DH         LINE#         190
  C:149FH         LINE#         192
  C:14AAH         LINE#         193
  C:14AAH         LINE#         194
  C:14BCH         LINE#         195
  C:14BCH         LINE#         198
  C:14C8H         LINE#         199
  C:14C8H         LINE#         200
  C:14D2H         LINE#         201
  C:14D2H         LINE#         213
  C:14DDH         LINE#         214
  C:14DDH         LINE#         215
  -------         ENDPROC       SPEED_SCAN
  -------         PROC          AIP3368H_DISPLAY_SPEED_REFRESH_TIME_ADD
  C:30C4H         LINE#         221
  C:30C4H         LINE#         222
  C:30C4H         LINE#         223
  C:30CDH         LINE#         224
  C:30CDH         LINE#         225
  C:30D0H         LINE#         226
  C:30D0H         LINE#         227
  -------         ENDPROC       AIP3368H_DISPLAY_SPEED_REFRESH_TIME_ADD
  -------         PROC          AIP3368H_DISPLAY_SPEED_HANDLE
  -------         DO            
  X:61D6H         SYMBOL        is_initialized
  X:61D7H         SYMBOL        speed_of_lag
  X:623FH         SYMBOL        cur_speed
  X:61D8H         SYMBOL        filtered_speed
  X:6240H         SYMBOL        base_step
  X:6241H         SYMBOL        speed_abs_diff
  -------         ENDDO         
  C:11BCH         LINE#         229
  C:11BCH         LINE#         230
  C:11BCH         LINE#         241
  C:11C2H         LINE#         242
  C:11C2H         LINE#         243
  C:11C4H         LINE#         245
  C:11CCH         LINE#         246
  C:11D4H         LINE#         247
  C:11DCH         LINE#         248
  C:11E4H         LINE#         253
  C:11E4H         LINE#         256
  C:11F0H         LINE#         257
  C:11F0H         LINE#         258
  C:11F2H         LINE#         261
  C:11F9H         LINE#         262
  C:11F9H         LINE#         263
  C:11FCH         LINE#         264
  C:1204H         LINE#         265
  C:1204H         LINE#         267
  C:1209H         LINE#         268
  C:1209H         LINE#         269
  C:120FH         LINE#         270
  C:1211H         LINE#         271
  C:121AH         LINE#         272
  C:121AH         LINE#         273
BL51 BANKED LINKER/LOCATER V6.22.4.0                                                  06/02/2026  17:54:14  PAGE 29


  C:121DH         LINE#         274
  C:121FH         LINE#         276
  C:121FH         LINE#         277
  C:1222H         LINE#         278
  C:1222H         LINE#         280
  C:1232H         LINE#         285
  C:1232H         LINE#         286
  C:1232H         LINE#         287
  C:1234H         LINE#         289
  C:1234H         LINE#         290
  C:1234H         LINE#         291
  C:123BH         LINE#         292
  C:123BH         LINE#         293
  C:1242H         LINE#         294
  C:1247H         LINE#         295
  C:1247H         LINE#         297
  C:124CH         LINE#         298
  C:124CH         LINE#         299
  C:1252H         LINE#         300
  C:1254H         LINE#         301
  C:125DH         LINE#         302
  C:125DH         LINE#         303
  C:1260H         LINE#         304
  C:1262H         LINE#         306
  C:1262H         LINE#         307
  C:1265H         LINE#         308
  C:1265H         LINE#         310
  C:1270H         LINE#         315
  C:1278H         LINE#         316
  C:1280H         LINE#         317
  C:1282H         LINE#         319
  C:1282H         LINE#         320
  C:1282H         LINE#         322
  C:128AH         LINE#         323
  C:1292H         LINE#         328
  C:1298H         LINE#         329
  C:1298H         LINE#         330
  C:129DH         LINE#         331
  C:129FH         LINE#         333
  C:129FH         LINE#         335
  C:12C4H         LINE#         336
  C:12C4H         LINE#         338
  C:12CCH         LINE#         340
  C:12D3H         LINE#         341
  C:12D3H         LINE#         342
  C:12D6H         LINE#         343
  C:12D8H         LINE#         344
  C:12E2H         LINE#         345
  C:12E2H         LINE#         346
  C:12E5H         LINE#         347
  C:12E5H         LINE#         352
  C:12EDH         LINE#         353
  C:12EDH         LINE#         355
  -------         ENDPROC       AIP3368H_DISPLAY_SPEED_HANDLE
  -------         ENDMOD        SPEED_SCAN

  -------         MODULE        ENGINE_SPEED_SCAN
BL51 BANKED LINKER/LOCATER V6.22.4.0                                                  06/02/2026  17:54:14  PAGE 30


  C:0000H         SYMBOL        _ICE_DUMMY_
  B:0080H.2       PUBLIC        P02
  B:0021H.4       PUBLIC        flag_is_engine_speed_scan_over_time
  X:62D7H         PUBLIC        engine_speed_scan_cnt
  X:62DBH         PUBLIC        engine_speed_scan_ms
  C:30D1H         PUBLIC        engine_speed_scan_config
  C:1B60H         PUBLIC        engine_speed_scan
  C:24FEH         PUBLIC        engine_speed_scan_timer_50us_isr
  C:2C30H         PUBLIC        aip3368h_display_engine_speed_refresh_time_add
  C:1DAEH         PUBLIC        aip3368h_display_engine_speed_handle
  X:62DDH         SYMBOL        cur_engine_speed_scan_cnt
  X:62E1H         SYMBOL        cur_engine_speed_scan_ms
  X:62E5H         SYMBOL        aip3368h_display_engine_speed_refresh_time_cnt
  X:62E7H         SYMBOL        aip3368h_display_exclamation_point_refresh_time_cnt
  C:2832H         PUBLIC        update_engine_speed_scan_data
  C:2E19H         PUBLIC        engine_speed_get_level
  C:30EBH         SYMBOL        Com001F
  C:30EBH         SYMBOL        L?0032
  C:30EBH         SYMBOL        L?0033
  C:30F1H         SYMBOL        L?0034
  C:30F2H         SYMBOL        L?0035
  -------         PROC          COM001F
  -------         ENDPROC       COM001F
  -------         PROC          ENGINE_SPEED_SCAN_CONFIG
  C:30D1H         LINE#         18
  C:30D1H         LINE#         19
  C:30D1H         LINE#         21
  C:30D7H         LINE#         22
  C:30DDH         LINE#         23
  -------         ENDPROC       ENGINE_SPEED_SCAN_CONFIG
  -------         PROC          UPDATE_ENGINE_SPEED_SCAN_DATA
  C:2832H         LINE#         25
  C:2832H         LINE#         26
  C:2832H         LINE#         27
  C:2847H         LINE#         28
  C:2851H         LINE#         29
  C:2868H         LINE#         30
  C:286FH         LINE#         31
  -------         ENDPROC       UPDATE_ENGINE_SPEED_SCAN_DATA
  -------         PROC          ENGINE_SPEED_SCAN_TIMER_50US_ISR
  -------         DO            
  B:0021H.3       SYMBOL        last_engine_speed_scan_level
  X:62D4H         SYMBOL        cnt
  -------         ENDDO         
  C:24FEH         LINE#         33
  C:24FEH         LINE#         34
  C:24FEH         LINE#         39
  C:2504H         LINE#         40
  C:250AH         LINE#         41
  C:250AH         LINE#         42
  C:250CH         LINE#         43
  C:2512H         LINE#         45
  C:2524H         LINE#         47
  C:2524H         LINE#         48
  C:2528H         LINE#         49
  C:252AH         LINE#         50
  C:252AH         LINE#         51
BL51 BANKED LINKER/LOCATER V6.22.4.0                                                  06/02/2026  17:54:14  PAGE 31


  C:252AH         LINE#         53
  C:252DH         LINE#         54
  C:252DH         LINE#         55
  C:2530H         LINE#         56
  C:2530H         LINE#         62
  C:2549H         LINE#         63
  C:254CH         LINE#         64
  C:254CH         LINE#         66
  C:254EH         LINE#         67
  C:254FH         LINE#         69
  C:254FH         LINE#         71
  C:2551H         LINE#         72
  C:2551H         LINE#         73
[...]
  C:2B89H         LINE#         1649
  C:2B89H         LINE#         1650
BL51 BANKED LINKER/LOCATER V6.22.4.0                                                  06/02/2026  17:54:14  PAGE 61


  C:2B89H         LINE#         1654
  C:2B8FH         LINE#         1655
  C:2B9EH         LINE#         1656
  C:2B9EH         LINE#         1658
  C:2B9EH         LINE#         1660
  C:2B9EH         LINE#         1661
  C:2B9EH         LINE#         1662
  C:2B9EH         LINE#         1664
  C:2BA5H         LINE#         1665
  C:2BABH         LINE#         1666
  C:2BB1H         LINE#         1667
  C:2BB1H         LINE#         1668
  C:2BB3H         LINE#         1669
  C:2BB3H         LINE#         1670
  -------         ENDPROC       AIP3368H_DISPLAY_TEST_ENGINE_SPEED_SCALE_BAR
  -------         PROC          AIP3368H_DISPLAY_TEST_ENGINE_SPEED_DIGIT_SCALE
  -------         DO            
  X:6035H         SYMBOL        cnt
  X:6037H         SYMBOL        level
  -------         ENDDO         
  C:2BB4H         LINE#         1676
  C:2BB4H         LINE#         1677
  C:2BB4H         LINE#         1681
  C:2BBAH         LINE#         1682
  C:2BC9H         LINE#         1683
  C:2BC9H         LINE#         1685
  C:2BC9H         LINE#         1687
  C:2BC9H         LINE#         1688
  C:2BC9H         LINE#         1689
  C:2BC9H         LINE#         1691
  C:2BD0H         LINE#         1692
  C:2BD6H         LINE#         1693
  C:2BDCH         LINE#         1694
  C:2BDCH         LINE#         1695
  C:2BDEH         LINE#         1696
  C:2BDEH         LINE#         1697
  -------         ENDPROC       AIP3368H_DISPLAY_TEST_ENGINE_SPEED_DIGIT_SCALE
  -------         PROC          AIP3368H_DISPLAY_TEST_GEAR
  -------         DO            
  X:6038H         SYMBOL        cnt
  X:603AH         SYMBOL        level
  -------         ENDDO         
  C:2924H         LINE#         1700
  C:2924H         LINE#         1701
  C:2924H         LINE#         1705
  C:292AH         LINE#         1706
  C:2939H         LINE#         1707
  C:2939H         LINE#         1709
  C:2939H         LINE#         1711
  C:2939H         LINE#         1712
  C:2939H         LINE#         1713
  C:2939H         LINE#         1715
  C:293FH         LINE#         1716
  C:293FH         LINE#         1717
  C:2943H         LINE#         1718
  C:2946H         LINE#         1719
  C:2948H         LINE#         1721
BL51 BANKED LINKER/LOCATER V6.22.4.0                                                  06/02/2026  17:54:14  PAGE 62


  C:2948H         LINE#         1723
  C:294EH         LINE#         1724
  C:294EH         LINE#         1726
  C:2954H         LINE#         1727
  C:295AH         LINE#         1728
  C:295AH         LINE#         1729
  C:295CH         LINE#         1730
  C:295CH         LINE#         1731
  -------         ENDPROC       AIP3368H_DISPLAY_TEST_GEAR
  -------         PROC          AIP3368H_DISPLAY_TEST_SPEED
  -------         DO            
  X:603BH         SYMBOL        cnt
  X:603DH         SYMBOL        speed
  -------         ENDDO         
  C:2BDFH         LINE#         1733
  C:2BDFH         LINE#         1734
  C:2BDFH         LINE#         1738
  C:2BE5H         LINE#         1739
  C:2BF4H         LINE#         1740
  C:2BF4H         LINE#         1742
  C:2BF4H         LINE#         1744
  C:2BF4H         LINE#         1745
  C:2BF4H         LINE#         1746
  C:2BF4H         LINE#         1748
  C:2BFBH         LINE#         1749
  C:2C01H         LINE#         1750
  C:2C07H         LINE#         1751
  C:2C07H         LINE#         1752
  C:2C09H         LINE#         1753
  C:2C09H         LINE#         1754
  -------         ENDPROC       AIP3368H_DISPLAY_TEST_SPEED
  -------         PROC          AIP3368H_DISPLAY_TEST_MILEAGE
  -------         DO            
  X:603EH         SYMBOL        cnt
  X:6040H         SYMBOL        index
  X:6041H         SYMBOL        is_displaying_total_mileage
  X:6268H         SYMBOL        buff
  -------         ENDDO         
  C:2205H         LINE#         1756
  C:2205H         LINE#         1757
  C:2205H         LINE#         1761
  C:2218H         LINE#         1773
  C:221EH         LINE#         1774
  C:222DH         LINE#         1775
  C:222DH         LINE#         1777
  C:222DH         LINE#         1779
  C:222DH         LINE#         1780
  C:222DH         LINE#         1781
  C:222DH         LINE#         1783
  C:224BH         LINE#         1784
  C:225CH         LINE#         1785
  C:2262H         LINE#         1786
  C:2268H         LINE#         1787
  C:2268H         LINE#         1788
  C:226AH         LINE#         1789
  C:226AH         LINE#         1790
  -------         ENDPROC       AIP3368H_DISPLAY_TEST_MILEAGE
BL51 BANKED LINKER/LOCATER V6.22.4.0                                                  06/02/2026  17:54:14  PAGE 63


  -------         PROC          AIP3368H_DISPLAY_TEST_FUEL
  -------         DO            
  X:6042H         SYMBOL        cnt
  X:6044H         SYMBOL        fuel_level
  X:6045H         SYMBOL        is_enable
  -------         ENDDO         
  C:244EH         LINE#         1792
  C:244EH         LINE#         1793
  C:244EH         LINE#         1799
  C:2454H         LINE#         1800
  C:2463H         LINE#         1801
  C:2463H         LINE#         1803
  C:2463H         LINE#         1805
  C:2463H         LINE#         1806
  C:2467H         LINE#         1807
  C:2467H         LINE#         1809
  C:246FH         LINE#         1810
  C:2477H         LINE#         1811
  C:247FH         LINE#         1812
  C:2487H         LINE#         1814
  C:248DH         LINE#         1815
  C:2493H         LINE#         1816
  C:2493H         LINE#         1817
  C:2495H         LINE#         1818
  C:2495H         LINE#         1820
  C:24A6H         LINE#         1821
  -------         ENDPROC       AIP3368H_DISPLAY_TEST_FUEL
  -------         PROC          AIP3368H_DISPLAY_TEST
  C:3168H         LINE#         1824
  C:3168H         LINE#         1825
  C:3168H         LINE#         2041
  -------         ENDPROC       AIP3368H_DISPLAY_TEST
  -------         ENDMOD        AIP3368H_DISPLAY

  -------         MODULE        IO_KEY
  C:0000H         SYMBOL        _ICE_DUMMY_
  B:0080H.5       PUBLIC        P05
  X:62BCH         PUBLIC        io_key_para
  C:30F8H         PUBLIC        io_key_config
  C:181EH         PUBLIC        io_key_handle
  C:3140H         PUBLIC        io_key_get_key_id
  X:62CFH         SYMBOL        io_key_event_table
  C:276BH         PUBLIC        ___io_key_get_event__
  C:309AH         SYMBOL        Com0023
  C:309AH         SYMBOL        L?0036
  -------         PROC          COM0023
  -------         ENDPROC       COM0023
  -------         PROC          IO_KEY_CONFIG
  C:30F8H         LINE#         42
  C:30F8H         LINE#         43
  C:30F8H         LINE#         44
  C:30FEH         LINE#         45
  C:3104H         LINE#         46
  -------         ENDPROC       IO_KEY_CONFIG
  -------         PROC          IO_KEY_GET_KEY_ID
  C:3140H         LINE#         48
  C:3140H         LINE#         49
BL51 BANKED LINKER/LOCATER V6.22.4.0                                                  06/02/2026  17:54:14  PAGE 64


  C:3140H         LINE#         50
  C:3143H         LINE#         51
  C:3143H         LINE#         53
  C:3146H         LINE#         54
  C:3146H         LINE#         56
  C:3148H         LINE#         57
  -------         ENDPROC       IO_KEY_GET_KEY_ID
  -------         PROC          ___IO_KEY_GET_EVENT__
  D:0007H         SYMBOL        key_val
  D:0005H         SYMBOL        key_event
  -------         DO            
  D:0006H         SYMBOL        ret_key_event
  D:0004H         SYMBOL        i
  D:0003H         SYMBOL        index
  -------         ENDDO         
  C:276BH         LINE#         59
  C:276BH         LINE#         60
  C:276BH         LINE#         61
  C:276DH         LINE#         62
  C:276EH         LINE#         63
  C:276FH         LINE#         65
  C:2773H         LINE#         66
  C:2773H         LINE#         67
  C:2774H         LINE#         68
  C:2776H         LINE#         69
  C:277AH         LINE#         70
  C:277AH         LINE#         71
  C:277CH         LINE#         72
  C:277EH         LINE#         73
  C:2782H         LINE#         74
  C:2782H         LINE#         75
  C:2784H         LINE#         76
  C:2786H         LINE#         77
  C:278AH         LINE#         78
  C:278AH         LINE#         79
  C:278CH         LINE#         80
  C:278CH         LINE#         82
  C:2792H         LINE#         83
  C:2792H         LINE#         84
  C:2799H         LINE#         85
  C:2799H         LINE#         86
  C:27A8H         LINE#         87
  C:27AAH         LINE#         88
  C:27AAH         LINE#         89
  C:27ADH         LINE#         91
  C:27AFH         LINE#         92
  -------         ENDPROC       ___IO_KEY_GET_EVENT__
  -------         PROC          IO_KEY_HANDLE
  -------         DO            
  D:0007H         SYMBOL        io_key_event
  -------         ENDDO         
  C:181EH         LINE#         94
  C:181EH         LINE#         95
  C:181EH         LINE#         96
  C:181EH         LINE#         98
  C:1827H         LINE#         99
  C:1827H         LINE#         101
BL51 BANKED LINKER/LOCATER V6.22.4.0                                                  06/02/2026  17:54:14  PAGE 65


  C:1827H         LINE#         103
  C:182FH         LINE#         104
  C:1834H         LINE#         105
  C:1836H         LINE#         108
  C:1841H         LINE#         109
  C:1841H         LINE#         110
  C:1841H         LINE#         112
  C:184AH         LINE#         115
  C:184FH         LINE#         117
  C:1855H         LINE#         119
  C:1855H         LINE#         120
  C:1866H         LINE#         122
  C:1869H         LINE#         123
  C:1869H         LINE#         124
  C:1871H         LINE#         126
  C:1871H         LINE#         129
  C:1877H         LINE#         131
  C:1877H         LINE#         132
  C:1879H         LINE#         134
  C:187DH         LINE#         135
  C:187FH         LINE#         136
  C:1881H         LINE#         138
  C:1881H         LINE#         139
  C:1886H         LINE#         140
  C:188AH         LINE#         141
  C:188FH         LINE#         142
  C:188FH         LINE#         145
  C:1892H         LINE#         146
  C:1892H         LINE#         165
  C:1892H         LINE#         166
  C:1892H         LINE#         168
  C:189BH         LINE#         170
  C:18A0H         LINE#         172
  C:18A6H         LINE#         174
  C:18A6H         LINE#         177
  C:18ADH         LINE#         178
  C:18ADH         LINE#         182
  C:18B3H         LINE#         185
  C:18B4H         LINE#         187
  C:18B4H         LINE#         189
  C:18BEH         LINE#         190
  C:18C1H         LINE#         191
  C:18C4H         LINE#         192
  C:18C4H         LINE#         193
  C:18C4H         LINE#         194
  C:18CBH         LINE#         196
  C:18CBH         LINE#         198
  C:18CEH         LINE#         199
  C:18D6H         LINE#         201
  C:18DEH         LINE#         203
  C:18DEH         LINE#         205
  C:18DEH         LINE#         207
  C:18DEH         LINE#         208
  C:18DEH         LINE#         209
  C:18DEH         LINE#         210
  -------         ENDPROC       IO_KEY_HANDLE
  -------         ENDMOD        IO_KEY
BL51 BANKED LINKER/LOCATER V6.22.4.0                                                  06/02/2026  17:54:14  PAGE 66



  -------         MODULE        ?C?COPY
  C:0115H         PUBLIC        ?C?COPY
  -------         ENDMOD        ?C?COPY

  -------         MODULE        ?C?CLDPTR
  C:013BH         PUBLIC        ?C?CLDPTR
  -------         ENDMOD        ?C?CLDPTR

  -------         MODULE        ?C?CLDOPTR
  C:0154H         PUBLIC        ?C?CLDOPTR
  -------         ENDMOD        ?C?CLDOPTR

  -------         MODULE        ?C?CILDOPTR
  C:0181H         PUBLIC        ?C?CILDOPTR
  -------         ENDMOD        ?C?CILDOPTR

  -------         MODULE        ?C?CSTPTR
  C:01B4H         PUBLIC        ?C?CSTPTR
  -------         ENDMOD        ?C?CSTPTR

  -------         MODULE        ?C?CSTOPTR
  C:01C6H         PUBLIC        ?C?CSTOPTR
  -------         ENDMOD        ?C?CSTOPTR

  -------         MODULE        ?C?IMUL
  C:01E8H         PUBLIC        ?C?IMUL
  -------         ENDMOD        ?C?IMUL

  -------         MODULE        ?C?UIDIV
  C:01FAH         PUBLIC        ?C?UIDIV
  -------         ENDMOD        ?C?UIDIV

  -------         MODULE        ?C?IILDX
  C:024FH         PUBLIC        ?C?IILDX
  -------         ENDMOD        ?C?IILDX

  -------         MODULE        ?C?ILDOPTR
  C:0265H         PUBLIC        ?C?ILDOPTR
  -------         ENDMOD        ?C?ILDOPTR

  -------         MODULE        ?C?LADD
  C:029DH         PUBLIC        ?C?LADD
  -------         ENDMOD        ?C?LADD

  -------         MODULE        ?C?LSUB
  C:02AAH         PUBLIC        ?C?LSUB
  -------         ENDMOD        ?C?LSUB

  -------         MODULE        ?C?LMUL
  C:02B8H         PUBLIC        ?C?LMUL
  -------         ENDMOD        ?C?LMUL

  -------         MODULE        ?C?ULDIV
  C:0343H         PUBLIC        ?C?ULDIV
  -------         ENDMOD        ?C?ULDIV

BL51 BANKED LINKER/LOCATER V6.22.4.0                                                  06/02/2026  17:54:14  PAGE 67


  -------         MODULE        ?C?SLCMP
  C:03D5H         PUBLIC        ?C?SLCMP
  -------         ENDMOD        ?C?SLCMP

  -------         MODULE        ?C?ULCMP
  C:03EBH         PUBLIC        ?C?ULCMP
  -------         ENDMOD        ?C?ULCMP

  -------         MODULE        ?C?LLDXDATA
  C:03FCH         PUBLIC        ?C?LLDXDATA
  -------         ENDMOD        ?C?LLDXDATA

  -------         MODULE        ?C?LLDXDATA0
  C:0408H         PUBLIC        ?C?LLDXDATA0
  -------         ENDMOD        ?C?LLDXDATA0

  -------         MODULE        ?C?LSTXDATA
  C:0414H         PUBLIC        ?C?LSTXDATA
  -------         ENDMOD        ?C?LSTXDATA

  -------         MODULE        ?C?LSTKXDATA
  C:0420H         PUBLIC        ?C?LSTKXDATA
  -------         ENDMOD        ?C?LSTKXDATA

  -------         MODULE        ?C?OFFXADD
  C:0451H         PUBLIC        ?C?OFFXADD
  -------         ENDMOD        ?C?OFFXADD

  -------         MODULE        ?C?PLDXDATA
  C:045DH         PUBLIC        ?C?PLDXDATA
  -------         ENDMOD        ?C?PLDXDATA

  -------         MODULE        ?C?PLDIXDATA
  C:0466H         PUBLIC        ?C?PLDIXDATA
  -------         ENDMOD        ?C?PLDIXDATA

  -------         MODULE        ?C?PSTXDATA
  C:047DH         PUBLIC        ?C?PSTXDATA
  -------         ENDMOD        ?C?PSTXDATA

  -------         MODULE        ?C?PLDOPTR
  C:0486H         PUBLIC        ?C?PLDOPTR
  -------         ENDMOD        ?C?PLDOPTR

  -------         MODULE        ?C?CCASE
  C:04B6H         PUBLIC        ?C?CCASE
  -------         ENDMOD        ?C?CCASE

  -------         MODULE        ?C?ICALL
  C:04DCH         PUBLIC        ?C?ICALL
  C:04E0H         PUBLIC        ?C?ICALL2
  -------         ENDMOD        ?C?ICALL

  -------         MODULE        ?C?LIMUL
  C:04E2H         PUBLIC        ?C?LIMUL
  -------         ENDMOD        ?C?LIMUL

BL51 BANKED LINKER/LOCATER V6.22.4.0                                                  06/02/2026  17:54:14  PAGE 68


  -------         MODULE        PRINTF
  X:623FH         PUBLIC        ?_PRINTF517?BYTE
  X:623FH         PUBLIC        ?_PRINTF?BYTE
  X:623FH         PUBLIC        ?_SPRINTF517?BYTE
  X:623FH         PUBLIC        ?_SPRINTF?BYTE
  C:0965H         PUBLIC        _PRINTF
  C:0965H         PUBLIC        _PRINTF517
  C:095FH         PUBLIC        _SPRINTF
  C:095FH         PUBLIC        _SPRINTF517
  -------         ENDMOD        PRINTF

  -------         MODULE        ?C?MEMSET
  C:050FH         PUBLIC        ?C?MEMSET
  -------         ENDMOD        ?C?MEMSET

  -------         MODULE        ?C?PLDIDATA
  C:053BH         PUBLIC        ?C?PLDIDATA
  -------         ENDMOD        ?C?PLDIDATA

  -------         MODULE        ?C?PLDPDATA
  C:0544H         PUBLIC        ?C?PLDPDATA
  -------         ENDMOD        ?C?PLDPDATA

  -------         MODULE        ?C?PLDCODE
  C:054DH         PUBLIC        ?C?PLDCODE
  -------         ENDMOD        ?C?PLDCODE

*** WARNING L16: UNCALLED SEGMENT, IGNORED FOR OVERLAY PROCESS
    SEGMENT: ?PR?ADC_CONFIG?ADC

*** WARNING L16: UNCALLED SEGMENT, IGNORED FOR OVERLAY PROCESS
    SEGMENT: ?PR?_ADC_CHANNEL_SET?ADC

*** WARNING L16: UNCALLED SEGMENT, IGNORED FOR OVERLAY PROCESS
    SEGMENT: ?PR?ADC_CHANNEL_SWITCH_BY_ISR?ADC

*** WARNING L16: UNCALLED SEGMENT, IGNORED FOR OVERLAY PROCESS
    SEGMENT: ?PR?ENGINE_SPEED_SCAN?ENGINE_SPEED_SCAN

*** WARNING L16: UNCALLED SEGMENT, IGNORED FOR OVERLAY PROCESS
    SEGMENT: ?PR?AIP3368H_DISPLAY_ENGINE_SPEED_HANDLE?ENGINE_SPEED_SCAN

*** WARNING L16: UNCALLED SEGMENT, IGNORED FOR OVERLAY PROCESS
    SEGMENT: ?PR?FUEL_CAPACITY_SCAN?FUEL_CAPACITY

*** WARNING L16: UNCALLED SEGMENT, IGNORED FOR OVERLAY PROCESS
    SEGMENT: ?PR?_BAT_ADC_VAL_SAMPLES_UPDATE?BATTERY

*** WARNING L16: UNCALLED SEGMENT, IGNORED FOR OVERLAY PROCESS
    SEGMENT: ?PR?BAT_ADC_VAL_GET?BATTERY

*** WARNING L16: UNCALLED SEGMENT, IGNORED FOR OVERLAY PROCESS
    SEGMENT: ?PR?BAT_SCAN_TIME_ADD?BATTERY

*** WARNING L16: UNCALLED SEGMENT, IGNORED FOR OVERLAY PROCESS
    SEGMENT: ?PR?BATTERY_SCAN?BATTERY

BL51 BANKED LINKER/LOCATER V6.22.4.0                                                  06/02/2026  17:54:14  PAGE 69


*** WARNING L16: UNCALLED SEGMENT, IGNORED FOR OVERLAY PROCESS
    SEGMENT: ?PR?AIP3368H_DISPLAY_SETTING_ITEM_EXIT_TIME_ADD?INSTRUMENT

*** WARNING L16: UNCALLED SEGMENT, IGNORED FOR OVERLAY PROCESS
    SEGMENT: ?PR?AIP3368H_DISPLAY_SETTING_ITEM_EXIT_TIME_CLEAR?INSTRUMENT

*** WARNING L16: UNCALLED SEGMENT, IGNORED FOR OVERLAY PROCESS
    SEGMENT: ?PR?__AIP3368H_DISPLAY_BOOT_ANIMATION_IN_ENGINE_SPEED_SCALE_BAR__?AIP3368H_DISPLAY

*** WARNING L16: UNCALLED SEGMENT, IGNORED FOR OVERLAY PROCESS
    SEGMENT: ?PR?__AIP3368H_DISPLAY_BOOT_ANIMATION_IN_FUEL_LEVEL__?AIP3368H_DISPLAY

*** WARNING L16: UNCALLED SEGMENT, IGNORED FOR OVERLAY PROCESS
    SEGMENT: ?PR?AIP3368H_DISPLAY_BOOT_ANIMATION_HANDLE?AIP3368H_DISPLAY

*** WARNING L16: UNCALLED SEGMENT, IGNORED FOR OVERLAY PROCESS
    SEGMENT: ?PR?AIP3368H_DISPLAY_ERR_HANDLE_TIME_ADD?AIP3368H_DISPLAY

*** WARNING L16: UNCALLED SEGMENT, IGNORED FOR OVERLAY PROCESS
    SEGMENT: ?PR?AIP3368H_DISPLAY_ERR_HANDLE?AIP3368H_DISPLAY

*** WARNING L16: UNCALLED SEGMENT, IGNORED FOR OVERLAY PROCESS
    SEGMENT: ?PR?AIP3368H_DISPLAY_TEST_LIGHT_BLINK_1MS_ISR?AIP3368H_DISPLAY

*** WARNING L16: UNCALLED SEGMENT, IGNORED FOR OVERLAY PROCESS
    SEGMENT: ?PR?AIP3368H_DISPLAY_TEST_BACK_LIGHT_SCALE_BAR?AIP3368H_DISPLAY

*** WARNING L16: UNCALLED SEGMENT, IGNORED FOR OVERLAY PROCESS
    SEGMENT: ?PR?AIP3368H_DISPLAY_TEST_ENGINE_SPEED_SCALE_BAR?AIP3368H_DISPLAY

*** WARNING L16: UNCALLED SEGMENT, IGNORED FOR OVERLAY PROCESS
    SEGMENT: ?PR?AIP3368H_DISPLAY_TEST_ENGINE_SPEED_DIGIT_SCALE?AIP3368H_DISPLAY

*** WARNING L16: UNCALLED SEGMENT, IGNORED FOR OVERLAY PROCESS
    SEGMENT: ?PR?AIP3368H_DISPLAY_TEST_GEAR?AIP3368H_DISPLAY

*** WARNING L16: UNCALLED SEGMENT, IGNORED FOR OVERLAY PROCESS
    SEGMENT: ?PR?AIP3368H_DISPLAY_TEST_SPEED?AIP3368H_DISPLAY

*** WARNING L16: UNCALLED SEGMENT, IGNORED FOR OVERLAY PROCESS
    SEGMENT: ?PR?AIP3368H_DISPLAY_TEST_MILEAGE?AIP3368H_DISPLAY

*** WARNING L16: UNCALLED SEGMENT, IGNORED FOR OVERLAY PROCESS
    SEGMENT: ?PR?AIP3368H_DISPLAY_TEST_FUEL?AIP3368H_DISPLAY

*** WARNING L16: UNCALLED SEGMENT, IGNORED FOR OVERLAY PROCESS
    SEGMENT: ?PR?AIP3368H_DISPLAY_TEST?AIP3368H_DISPLAY

Program Size: data=15.6 xdata=797 code=12649
LINK/LOCATE RUN COMPLETE.  26 WARNING(S),  0 ERROR(S)
