BL51 BANKED LINKER/LOCATER V6.22.4.0                                                    05/27/2026  18:59:01  PAGE 1


BL51 BANKED LINKER/LOCATER V6.22.4.0, INVOKED BY:
C:\KEIL_V5\C51\BIN\BL51.EXE .\Release\Objects\STARTUP.obj, .\Release\Objects\system.obj, ..\..\User\lib\tk_simplify_algo
>> rithm_V1.0.0.LIB, .\Release\Objects\tk_set.obj, .\Release\Objects\tmr1.obj, .\Release\Objects\tmr2.obj, .\Release\Obj
>> ects\uart0.obj, .\Release\Objects\adc.obj, .\Release\Objects\key_driver.obj, .\Release\Objects\user_flash.obj, .\Rele
>> ase\Objects\aip3368.obj, .\Release\Objects\main.obj, .\Release\Objects\pin_level_scan.obj, .\Release\Objects\speed_sc
>> an.obj, .\Release\Objects\engine_speed_scan.obj, .\Release\Objects\mileage.obj, .\Release\Objects\fuel_capacity.obj, 
>> .\Release\Objects\battery.obj, .\Release\Objects\instrument.obj, .\Release\Objects\aip3368h_display.obj, .\Release\Ob
>> jects\io_key.obj TO .\Release\Objects\Project PRINT (.\Release\Listings\Project.m51) RAMSIZE (256) CODE (0X0000-0X3EE
>> F) XDATA (0X6000-0X66FF)


MEMORY MODEL: LARGE


INPUT MODULES INCLUDED:
  .\Release\Objects\STARTUP.obj (?C_STARTUP)
  .\Release\Objects\system.obj (SYSTEM)
  .\Release\Objects\tk_set.obj (TK_SET)
  .\Release\Objects\tmr1.obj (TMR1)
  .\Release\Objects\tmr2.obj (TMR2)
  .\Release\Objects\uart0.obj (UART0)
  .\Release\Objects\adc.obj (ADC)
  .\Release\Objects\key_driver.obj (KEY_DRIVER)
  .\Release\Objects\user_flash.obj (USER_FLASH)
  .\Release\Objects\aip3368.obj (AIP3368)
  .\Release\Objects\main.obj (MAIN)
  .\Release\Objects\pin_level_scan.obj (PIN_LEVEL_SCAN)
  .\Release\Objects\speed_scan.obj (SPEED_SCAN)
  .\Release\Objects\engine_speed_scan.obj (ENGINE_SPEED_SCAN)
  .\Release\Objects\mileage.obj (MILEAGE)
  .\Release\Objects\fuel_capacity.obj (FUEL_CAPACITY)
  .\Release\Objects\battery.obj (BATTERY)
  .\Release\Objects\instrument.obj (INSTRUMENT)
  .\Release\Objects\aip3368h_display.obj (AIP3368H_DISPLAY)
  .\Release\Objects\io_key.obj (IO_KEY)
  C:\KEIL_V5\C51\LIB\C51L.LIB (?C_INIT)
  C:\KEIL_V5\C51\LIB\C51L.LIB (?C?CLDPTR)
  C:\KEIL_V5\C51\LIB\C51L.LIB (?C?CLDOPTR)
  C:\KEIL_V5\C51\LIB\C51L.LIB (?C?CILDOPTR)
  C:\KEIL_V5\C51\LIB\C51L.LIB (?C?CSTPTR)
  C:\KEIL_V5\C51\LIB\C51L.LIB (?C?CSTOPTR)
  C:\KEIL_V5\C51\LIB\C51L.LIB (?C?UIDIV)
  C:\KEIL_V5\C51\LIB\C51L.LIB (?C?IILDX)
  C:\KEIL_V5\C51\LIB\C51L.LIB (?C?ILDOPTR)
  C:\KEIL_V5\C51\LIB\C51L.LIB (?C?LADD)
  C:\KEIL_V5\C51\LIB\C51L.LIB (?C?LSUB)
  C:\KEIL_V5\C51\LIB\C51L.LIB (?C?LMUL)
  C:\KEIL_V5\C51\LIB\C51L.LIB (?C?ULDIV)
  C:\KEIL_V5\C51\LIB\C51L.LIB (?C?SLCMP)
  C:\KEIL_V5\C51\LIB\C51L.LIB (?C?ULCMP)
  C:\KEIL_V5\C51\LIB\C51L.LIB (?C?LLDXDATA)
  C:\KEIL_V5\C51\LIB\C51L.LIB (?C?LLDXDATA0)
  C:\KEIL_V5\C51\LIB\C51L.LIB (?C?LSTXDATA)
  C:\KEIL_V5\C51\LIB\C51L.LIB (?C?LSTKXDATA)
  C:\KEIL_V5\C51\LIB\C51L.LIB (?C?OFFXADD)
  C:\KEIL_V5\C51\LIB\C51L.LIB (?C?PLDXDATA)
  C:\KEIL_V5\C51\LIB\C51L.LIB (?C?PLDIXDATA)
  C:\KEIL_V5\C51\LIB\C51L.LIB (?C?PSTXDATA)
BL51 BANKED LINKER/LOCATER V6.22.4.0                                                  05/27/2026  18:59:01  PAGE 2


  C:\KEIL_V5\C51\LIB\C51L.LIB (?C?PLDOPTR)
  C:\KEIL_V5\C51\LIB\C51L.LIB (?C?CCASE)
  C:\KEIL_V5\C51\LIB\C51L.LIB (?C?ICALL)
  C:\KEIL_V5\C51\LIB\C51L.LIB (?C?LIMUL)
  C:\KEIL_V5\C51\LIB\C51L.LIB (?C?MEMSET)
  C:\KEIL_V5\C51\LIB\C51L.LIB (?C?PLDIDATA)
  C:\KEIL_V5\C51\LIB\C51L.LIB (?C?PLDPDATA)
  C:\KEIL_V5\C51\LIB\C51L.LIB (?C?PLDCODE)


LINK MAP OF MODULE:  .\Release\Objects\Project (?C_STARTUP)


            TYPE    BASE      LENGTH    RELOCATION   SEGMENT NAME
            -----------------------------------------------------

            * * * * * * *   D A T A   M E M O R Y   * * * * * * *
            REG     0000H     0008H     ABSOLUTE     "REG BANK 0"
                    0008H     0018H                  *** GAP ***
            BIT     0020H.0   0000H.2   UNIT         ?BI?SPEED_SCAN
            BIT     0020H.2   0000H.2   UNIT         ?BI?ENGINE_SPEED_SCAN
            BIT     0020H.4   0000H.1   UNIT         ?BI?MILEAGE
            BIT     0020H.5   0000H.1   UNIT         ?BI?AIP3368H_DISPLAY
                    0020H.6   0000H.2                *** GAP ***
            IDATA   0021H     0001H     UNIT         ?STACK

            * * * * * * *  X D A T A   M E M O R Y  * * * * * * *
                    0000H     6000H                  *** GAP ***
            XDATA   6000H     00AFH     UNIT         ?XD?AIP3368H_DISPLAY
            XDATA   60AFH     0059H     UNIT         ?XD?FUEL_CAPACITY
            XDATA   6108H     003FH     UNIT         ?XD?SPEED_SCAN
            XDATA   6147H     002CH     UNIT         ?XD?BATTERY
            XDATA   6173H     0018H     UNIT         ?XD?AIP3368
            XDATA   618BH     0018H     UNIT         ?XD?IO_KEY
            XDATA   61A3H     0015H     UNIT         ?XD?ENGINE_SPEED_SCAN
            XDATA   61B8H     0013H     UNIT         ?XD?INSTRUMENT
            XDATA   61CBH     0011H     UNIT         _XDATA_GROUP_
            XDATA   61DCH     000AH     UNIT         ?XD?MILEAGE
            XDATA   61E6H     0008H     UNIT         ?XD?SPEED_SCAN?SPEED_SCAN
            XDATA   61EEH     0007H     UNIT         ?XD?SPEED_FILTER_GET_SPEED?SPEED_SCAN
            XDATA   61F5H     0005H     UNIT         ?XD?FUEL_CAPACITY_ADC_VAL_GET?FUEL_CAPACITY
            XDATA   61FAH     0005H     UNIT         ?XD?__FUEL_VOLTAGE_SAMPLES_GET__?FUEL_CAPACITY
            XDATA   61FFH     0005H     UNIT         ?XD?BAT_ADC_VAL_GET?BATTERY
            XDATA   6204H     0005H     UNIT         ?XD?___AIP3368H_DISPLAY_MILEAGE__?AIP3368H_DISPLAY
            XDATA   6209H     0005H     UNIT         ?XD?_AIP3368H_DISPLAY_MILEAGE?AIP3368H_DISPLAY
            XDATA   620EH     0005H     UNIT         ?XD?_AIP3368H_DISPLAY_SPEED?AIP3368H_DISPLAY
            XDATA   6213H     0004H     UNIT         ?XD?KEY_DRIVER
            XDATA   6217H     0004H     UNIT         ?XD?ENGINE_SPEED_SCAN?ENGINE_SPEED_SCAN
            XDATA   621BH     0003H     UNIT         ?XD?ADC
            XDATA   621EH     0003H     UNIT         ?XD?AIP3368H_DISPLAY_SPEED_HANDLE?SPEED_SCAN
            XDATA   6221H     0003H     UNIT         ?XD?___AIP3368H_DISPLAY_MILEAGE_BIT_X__?AIP3368H_DISPLAY
            XDATA   6224H     0003H     UNIT         ?XD?___AIP3368H_DISPLAY_SPEED_BIT_X__?AIP3368H_DISPLAY
            XDATA   6227H     0002H     UNIT         ?XD?_KEY_DRIVER_SCAN?KEY_DRIVER
            XDATA   6229H     0002H     UNIT         ?XD?_AIP3368H_DISPLAY_SPEED_SCALE_BAR?AIP3368H_DISPLAY
            XDATA   622BH     0001H     UNIT         ?XD?AIP3368H_DISPLAY_ENGINE_SPEED_HANDLE?ENGINE_SPEED_SCAN
            XDATA   622CH     0001H     UNIT         ?XD?FUEL_CAPACITY_SCAN?FUEL_CAPACITY
            XDATA   622DH     0001H     UNIT         ?XD?__AIP3368H_DISPLAY_BOOT_ANIMATION_IN_SPEED_AND_MILEAGE__?AIP336
BL51 BANKED LINKER/LOCATER V6.22.4.0                                                  05/27/2026  18:59:01  PAGE 3


>> 8H_DISPLAY

            * * * * * * *   C O D E   M E M O R Y   * * * * * * *
            CODE    0000H     0003H     ABSOLUTE     
            CODE    0003H     000CH     ABSOLUTE     
            CODE    000FH     0011H     UNIT         ?PR?_FLASH_ERASE_SECTOR?USER_FLASH
            CODE    0020H     0001H     UNIT         ?PR?PIN_LEVEL_SCAN?PIN_LEVEL_SCAN
            CODE    0021H     0003H     ABSOLUTE     
            CODE    0024H     0003H     ABSOLUTE     
            CODE    0027H     001BH     UNIT         ?PR?_DELAY_MS?SYSTEM
            CODE    0042H     0003H     ABSOLUTE     
            CODE    0045H     040CH     UNIT         ?C?LIB_CODE
            CODE    0451H     0255H     UNIT         ?C_INITSEG
            CODE    06A6H     0193H     UNIT         ?PR?_KEY_DRIVER_SCAN?KEY_DRIVER
            CODE    0839H     013CH     UNIT         ?PR?AIP3368H_DISPLAY
            CODE    0975H     0120H     UNIT         ?PR?AIP3368H_DISPLAY_SPEED_HANDLE?SPEED_SCAN
            CODE    0A95H     00F8H     UNIT         ?PR?SPEED_SCAN?SPEED_SCAN
            CODE    0B8DH     00E6H     UNIT         ?PR?_AIP3368H_DISPLAY_SPEED?AIP3368H_DISPLAY
            CODE    0C73H     00DCH     UNIT         ?PR?SYSTEM_INIT?SYSTEM
            CODE    0D4FH     00D4H     UNIT         ?PR?___AIP3368H_DISPLAY_SPEED_BIT_X__?AIP3368H_DISPLAY
            CODE    0E23H     00C7H     UNIT         ?PR?___AIP3368H_DISPLAY_MILEAGE_BIT_X__?AIP3368H_DISPLAY
            CODE    0EEAH     00B9H     UNIT         ?PR?_AIP3368H_DISPLAY_ENGINE_SPEED_SCALE_BAR?AIP3368H_DISPLAY
            CODE    0FA3H     00B8H     UNIT         ?PR?MILEAGE_SCAN?MILEAGE
            CODE    105BH     00AAH     UNIT         ?PR?SPEED_FILTER_GET_SPEED?SPEED_SCAN
            CODE    1105H     00A4H     UNIT         ?PR?FUEL_CAPACITY_SCAN?FUEL_CAPACITY
            CODE    11A9H     009AH     UNIT         ?C_C51STARTUP
            CODE    1243H     0089H     UNIT         ?PR?__AIP3368H_DISPLAY_BOOT_ANIMATION_IN_SPEED_AND_MILEAGE__?AIP336
>> 8H_DISPLAY
            CODE    12CCH     0082H     UNIT         ?PR?TIMR1_IRQHANDLER?TMR1
            CODE    134EH     0080H     UNIT         ?PR?ADC_IRQHANDLER?ADC
            CODE    13CEH     007FH     UNIT         ?PR?AIP3368H_DISPLAY_BOOT_ANIMATION_HANDLE?AIP3368H_DISPLAY
            CODE    144DH     007EH     UNIT         ?PR?ENGINE_SPEED_SCAN?ENGINE_SPEED_SCAN
            CODE    14CBH     0075H     UNIT         ?PR?_AIP3368H_DISPLAY_SPEED_SCALE_BAR?AIP3368H_DISPLAY
            CODE    1540H     006CH     UNIT         ?PR?AIP3368H_DISPLAY_ERR_HANDLE?AIP3368H_DISPLAY
            CODE    15ACH     006AH     UNIT         ?PR?AIP3368H_DISPLAY_ENGINE_SPEED_HANDLE?ENGINE_SPEED_SCAN
            CODE    1616H     006AH     UNIT         ?PR?__AIP3368H_DISPLAY_BOOT_ANIMATION_IN_ENGINE_SPEED_SCALE_BAR__?A
>> IP3368H_DISPLAY
            CODE    1680H     0066H     UNIT         ?PR?__AIP3368H_DISPLAY_BOOT_ANIMATION_IN_SPEED_SCALE_BAR__?AIP3368H
>> _DISPLAY
            CODE    16E6H     0064H     UNIT         ?PR?__AIP3368H_DISPLAY_BOOT_ANIMATION_IN_FUEL_LEVEL__?AIP3368H_DISP
>> LAY
            CODE    174AH     0063H     UNIT         ?PR?SPEED_SCAN_TIMER_50US_ISR?SPEED_SCAN
            CODE    17ADH     005BH     UNIT         ?PR?BATTERY_SCAN?BATTERY
            CODE    1808H     0054H     UNIT         ?PR?ENGINE_SPEED_SCAN_TIMER_50US_ISR?ENGINE_SPEED_SCAN
            CODE    185CH     0052H     UNIT         ?PR?AIP3368H_MODULE_INIT?AIP3368
            CODE    18AEH     0052H     UNIT         ?PR?BAT_ADC_VAL_GET?BATTERY
            CODE    1900H     0052H     UNIT         ?PR?___AIP3368H_DISPLAY_MILEAGE__?AIP3368H_DISPLAY
            CODE    1952H     0051H     UNIT         ?PR?SPEED_SCAN
            CODE    19A3H     004CH     UNIT         ?PR?_AIP3368H_DISPLAY_MILEAGE?AIP3368H_DISPLAY
            CODE    19EFH     0047H     UNIT         ?PR?INSTRUMENT_INFO_INIT?INSTRUMENT
            CODE    1A36H     0046H     UNIT         ?PR?_FUEL_CAPACITY_CONVERT_VOLTAGE_TO_LEV?FUEL_CAPACITY
            CODE    1A7CH     0045H     UNIT         ?PR?_AIP3368H_DISPLAY_FUEL_LEVEL?AIP3368H_DISPLAY
            CODE    1AC1H     0045H     UNIT         ?PR?___IO_KEY_GET_EVENT__?IO_KEY
            CODE    1B06H     0043H     UNIT         ?PR?IO_KEY_HANDLE?IO_KEY
            CODE    1B49H     0042H     UNIT         ?PR?_AIP3368H_MODULE_SEND_DATA_TO_ALL_DEV?AIP3368
            CODE    1B8BH     0040H     UNIT         ?PR?TMR1_CONFIG?TMR1
            CODE    1BCBH     003EH     UNIT         ?PR?UPDATE_ENGINE_SPEED_SCAN_DATA?ENGINE_SPEED_SCAN
BL51 BANKED LINKER/LOCATER V6.22.4.0                                                  05/27/2026  18:59:01  PAGE 4


            CODE    1C09H     003EH     UNIT         ?PR?FUEL_CAPACITY_ADC_VAL_GET?FUEL_CAPACITY
            CODE    1C47H     003DH     UNIT         ?PR?FUEL_CAPACITY
            CODE    1C84H     003CH     UNIT         ?PR?SPEED_SCAN_UPDATE_DATA?SPEED_SCAN
            CODE    1CC0H     003AH     UNIT         ?PR?ADC_CHANNEL_SWITCH_BY_ISR?ADC
            CODE    1CFAH     0038H     UNIT         ?PR?__FUEL_VOLTAGE_SAMPLES_GET__?FUEL_CAPACITY
            CODE    1D32H     0037H     UNIT         ?PR?_FLASH_PROGRAM?USER_FLASH
            CODE    1D69H     0034H     UNIT         ?PR?_FLASH_READ?USER_FLASH
            CODE    1D9DH     0033H     UNIT         ?PR?TMR2_CONFIG?TMR2
            CODE    1DD0H     0033H     UNIT         ?PR?_AIP3368H_MODULE_SEND_DATA_TO_ONE_DEV?AIP3368
            CODE    1E03H     002BH     UNIT         ?PR?_BAT_ADC_VAL_SAMPLES_UPDATE?BATTERY
            CODE    1E2EH     0028H     UNIT         ?PR?AIP3368H_DISPLAY_ENGINE_SPEED_BACK_LIGHT?AIP3368H_DISPLAY
            CODE    1E56H     0026H     UNIT         ?PR?ADC_CONFIG?ADC
            CODE    1E7CH     0025H     UNIT         ?PR?AIP3368H_DISPLAY_ENGINE_SPEED_REFRESH_TIME_ADD?ENGINE_SPEED_SCA
>> N
            CODE    1EA1H     0021H     UNIT         ?PR?KEY_DRIVER
            CODE    1EC2H     0021H     UNIT         ?PR?_FUEL_CAPACITY_ADC_VAL_SAMPLES_UPDATE?FUEL_CAPACITY
            CODE    1EE3H     0020H     UNIT         ?PR?_ADC_CHANNEL_SET?ADC
            CODE    1F03H     0020H     UNIT         ?PR?_AIP3368H_DISPLAY_MILEAGE_KM_ICON?AIP3368H_DISPLAY
            CODE    1F23H     001EH     UNIT         ?PR?_AIP3368H_DISPLAY_SPEED_KM_ICON?AIP3368H_DISPLAY
            CODE    1F41H     001CH     UNIT         ?PR?AIP3368H_MODULE_DISPLAY?AIP3368
            CODE    1F5DH     001CH     UNIT         ?PR?INSTRUMENT_INFO_SAVE?INSTRUMENT
            CODE    1F79H     001BH     UNIT         ?PR?MAIN?MAIN
            CODE    1F94H     0019H     UNIT         ?PR?ENGINE_SPEED_GET_LEVEL?ENGINE_SPEED_SCAN
            CODE    1FADH     0019H     UNIT         ?PR?___FUEL_VOLTAGE_SAMPLES_UPDATE__?FUEL_CAPACITY
            CODE    1FC6H     0019H     UNIT         ?PR?_AIP3368H_DISPLAY_ERR_ICON?AIP3368H_DISPLAY
            CODE    1FDFH     0018H     UNIT         ?PR?TIMR2_IRQHANDLER?TMR2
            CODE    1FF7H     0018H     UNIT         ?PR?_SPEED_FILTER_ADD?SPEED_SCAN
            CODE    200FH     0018H     UNIT         ?PR?MILEAGE
            CODE    2027H     0017H     UNIT         ?PR?AIP3368H_REFRESH_TIME_ADD?AIP3368
            CODE    203EH     0017H     UNIT         ?PR?FUEL_CAPACITY_SCAN_TIME_ADD?FUEL_CAPACITY
            CODE    2055H     0017H     UNIT         ?PR?FUEL_LEV_UPDATE_TIME_ADD?FUEL_CAPACITY
            CODE    206CH     0017H     UNIT         ?PR?BAT_SCAN_TIME_ADD?BATTERY
            CODE    2083H     0016H     UNIT         ?PR?ADC
            CODE    2099H     0015H     UNIT         ?PR?_SPEED_FILTER_INIT?SPEED_SCAN
            CODE    20AEH     0013H     UNIT         ?PR?USER_INIT?MAIN
            CODE    20C1H     0013H     UNIT         ?PR?AIP3368H_DISPLAY_ERR_HANDLE_TIME_ADD?AIP3368H_DISPLAY
            CODE    20D4H     0011H     UNIT         ?PR?___BAT_ADV_VAL_SAMPLES_INIT__?BATTERY
            CODE    20E5H     0010H     UNIT         ?PR?AIP3368H_DISPLAY_BOOT_ANIMATION_TIME_ADD?AIP3368H_DISPLAY
            CODE    20F5H     000FH     UNIT         ?PR?___FUEL_VOLTAGE_SAMPLES_INIT__?FUEL_CAPACITY
            CODE    2104H     000FH     UNIT         ?PR?_AIP3368H_DISPLAY_EXCLAMATION_POINT?AIP3368H_DISPLAY
            CODE    2113H     000FH     UNIT         ?PR?IO_KEY
            CODE    2122H     000DH     UNIT         ?PR?PIN_LEVEL_SCAN_CONFIG?PIN_LEVEL_SCAN
            CODE    212FH     000DH     UNIT         ?PR?SPEED_SCAN_CONFIG?SPEED_SCAN
            CODE    213CH     000DH     UNIT         ?PR?AIP3368H_DISPLAY_SPEED_REFRESH_TIME_ADD?SPEED_SCAN
            CODE    2149H     000DH     UNIT         ?PR?ENGINE_SPEED_SCAN_CONFIG?ENGINE_SPEED_SCAN
            CODE    2156H     000DH     UNIT         ?PR?ENGINE_SPEED_SCAN
            CODE    2163H     000DH     UNIT         ?PR?_AIP3368H_DISPLAY_BAT_ERR_ICON?AIP3368H_DISPLAY
            CODE    2170H     000DH     UNIT         ?PR?IO_KEY_CONFIG?IO_KEY
            CODE    217DH     000CH     UNIT         ?PR?___FUEL_CAPACITY_ADC_VAL_SAMPLES_INIT__?FUEL_CAPACITY
            CODE    2189H     000CH     UNIT         ?PR?BATTERY
            CODE    2195H     000BH     UNIT         ?PR?_DELAY?SYSTEM
            CODE    21A0H     0009H     UNIT         ?PR?IO_KEY_GET_KEY_ID?IO_KEY
            CODE    21A9H     0007H     UNIT         ?PR?AIP3368
            CODE    21B0H     0001H     UNIT         ?PR?AIP3368H_DISPLAY_TEST?AIP3368H_DISPLAY



BL51 BANKED LINKER/LOCATER V6.22.4.0                                                  05/27/2026  18:59:01  PAGE 5


OVERLAY MAP OF MODULE:   .\Release\Objects\Project (?C_STARTUP)


SEGMENT                                            XDATA_GROUP
  +--> CALLED SEGMENT                            START    LENGTH
----------------------------------------------------------------
?C_C51STARTUP                                    -----    -----
  +--> ?PR?MAIN?MAIN
  +--> ?C_INITSEG

?PR?MAIN?MAIN                                    -----    -----
  +--> ?PR?SYSTEM_INIT?SYSTEM
  +--> ?PR?USER_INIT?MAIN
  +--> ?PR?AIP3368H_MODULE_DISPLAY?AIP3368

?PR?SYSTEM_INIT?SYSTEM                           -----    -----
  +--> ?PR?_DELAY?SYSTEM
  +--> ?PR?_DELAY_MS?SYSTEM

?PR?_DELAY_MS?SYSTEM                             -----    -----
  +--> ?PR?_DELAY?SYSTEM

?PR?USER_INIT?MAIN                               -----    -----
  +--> ?PR?INSTRUMENT_INFO_INIT?INSTRUMENT
  +--> ?PR?AIP3368H_MODULE_INIT?AIP3368
  +--> ?PR?TMR1_CONFIG?TMR1
  +--> ?PR?TMR2_CONFIG?TMR2
  +--> ?PR?_DELAY_MS?SYSTEM

?PR?INSTRUMENT_INFO_INIT?INSTRUMENT              61CBH    000AH
  +--> ?PR?_FLASH_READ?USER_FLASH
  +--> ?PR?INSTRUMENT_INFO_SAVE?INSTRUMENT

?PR?_FLASH_READ?USER_FLASH                       61D5H    0005H

?PR?INSTRUMENT_INFO_SAVE?INSTRUMENT              -----    -----
  +--> ?PR?_FLASH_ERASE_SECTOR?USER_FLASH
  +--> ?PR?_FLASH_PROGRAM?USER_FLASH

?PR?_FLASH_PROGRAM?USER_FLASH                    61D5H    0005H

?PR?AIP3368H_MODULE_INIT?AIP3368                 -----    -----
  +--> ?PR?AIP3368
  +--> ?PR?_AIP3368H_MODULE_SEND_DATA_TO_ALL...

?PR?_AIP3368H_MODULE_SEND_DATA_TO_ALL...         61CBH    0004H
  +--> ?PR?_AIP3368H_MODULE_SEND_DATA_TO_ONE...

?PR?_AIP3368H_MODULE_SEND_DATA_TO_ONE...         61CFH    0002H

?PR?AIP3368H_MODULE_DISPLAY?AIP3368              -----    -----
  +--> ?PR?AIP3368
  +--> ?PR?_AIP3368H_MODULE_SEND_DATA_TO_ALL...

?C_INITSEG                                       -----    -----
  +--> ?PR?IO_KEY_GET_KEY_ID?IO_KEY

BL51 BANKED LINKER/LOCATER V6.22.4.0                                                  05/27/2026  18:59:01  PAGE 6


*** NEW ROOT ***************************************************

?PR?TIMR1_IRQHANDLER?TMR1                        -----    -----
  +--> ?PR?FUEL_CAPACITY_SCAN_TIME_ADD?FUEL_...
  +--> ?PR?FUEL_LEV_UPDATE_TIME_ADD?FUEL_CAP...
  +--> ?PR?AIP3368H_REFRESH_TIME_ADD?AIP3368

*** NEW ROOT ***************************************************

?PR?ADC_IRQHANDLER?ADC                           61DAH    0002H
  +--> ?PR?_BAT_ADC_VAL_SAMPLES_UPDATE?BATTERY
  +--> ?PR?_FUEL_CAPACITY_ADC_VAL_SAMPLES_UP...

?PR?_BAT_ADC_VAL_SAMPLES_UPDATE?BATTERY          -----    -----
  +--> ?PR?___BAT_ADV_VAL_SAMPLES_INIT__?BAT...
  +--> ?PR?BATTERY

?PR?___BAT_ADV_VAL_SAMPLES_INIT__?BAT...         -----    -----
  +--> ?PR?BATTERY

?PR?_FUEL_CAPACITY_ADC_VAL_SAMPLES_UP...         -----    -----
  +--> ?PR?___FUEL_CAPACITY_ADC_VAL_SAMPLES_...
  +--> ?PR?FUEL_CAPACITY

?PR?___FUEL_CAPACITY_ADC_VAL_SAMPLES_...         -----    -----
  +--> ?PR?FUEL_CAPACITY

?PR?FUEL_CAPACITY                                -----    -----
  +--> ?PR?_FUEL_CAPACITY_CONVERT_VOLTAGE_TO...



SYMBOL TABLE OF MODULE:  .\Release\Objects\Project (?C_STARTUP)

  VALUE           TYPE          NAME
  ----------------------------------

  -------         MODULE        ?C_STARTUP
  C:11A9H         SEGMENT       ?C_C51STARTUP
  I:0021H         SEGMENT       ?STACK
  C:0000H         PUBLIC        ?C_STARTUP
  D:00E0H         SYMBOL        ACC
  D:00F0H         SYMBOL        B
  D:0083H         SYMBOL        DPH
  D:0082H         SYMBOL        DPL
  N:0000H         SYMBOL        IBPSTACK
  N:0100H         SYMBOL        IBPSTACKTOP
  N:0080H         SYMBOL        IDATALEN
  C:11ACH         SYMBOL        IDATALOOP
  N:0000H         SYMBOL        PBPSTACK
  N:0100H         SYMBOL        PBPSTACKTOP
  N:0000H         SYMBOL        PDATALEN
  N:0000H         SYMBOL        PDATASTART
  N:0000H         SYMBOL        PPAGE
  N:0000H         SYMBOL        PPAGEENABLE
  D:00A0H         SYMBOL        PPAGE_SFR
  D:0081H         SYMBOL        SP
BL51 BANKED LINKER/LOCATER V6.22.4.0                                                  05/27/2026  18:59:01  PAGE 7


  C:11A9H         SYMBOL        STARTUP1
  N:0000H         SYMBOL        XBPSTACK
  N:0000H         SYMBOL        XBPSTACKTOP
  N:0700H         SYMBOL        XDATALEN
  C:11B7H         SYMBOL        XDATALOOP
  N:6000H         SYMBOL        XDATASTART
  C:0000H         LINE#         126
  C:11A9H         LINE#         133
  C:11ABH         LINE#         134
  C:11ACH         LINE#         135
  C:11ADH         LINE#         136
  C:11AFH         LINE#         140
  C:11B2H         LINE#         141
  C:11B4H         LINE#         145
  C:11B6H         LINE#         147
  C:11B7H         LINE#         148
  C:11B8H         LINE#         149
  C:11B9H         LINE#         150
  C:11BBH         LINE#         151
  C:11BDH         LINE#         185
  C:11C0H         LINE#         196
  -------         ENDMOD        ?C_STARTUP

  -------         MODULE        SYSTEM
  C:0000H         SYMBOL        _ICE_DUMMY_
  D:00D9H         PUBLIC        WDT_KEY
  D:00A7H         PUBLIC        FLASH_TIMEREG0
  D:00ACH         PUBLIC        FLASH_TIMEREG1
  C:2195H         PUBLIC        _delay
  C:0027H         PUBLIC        _delay_ms
  C:0C73H         PUBLIC        system_init
  -------         PROC          _DELAY
  D:0006H         SYMBOL        cnt
  C:2195H         LINE#         37
  C:2195H         LINE#         38
  C:2195H         LINE#         39
  C:219FH         LINE#         40
  C:219FH         LINE#         41
  C:219FH         LINE#         42
  -------         ENDPROC       _DELAY
  -------         PROC          _DELAY_MS
  D:0002H         SYMBOL        ms
  C:0027H         LINE#         49
  C:002BH         LINE#         50
  C:002BH         LINE#         51
  C:0035H         LINE#         52
  C:0035H         LINE#         53
  C:003CH         LINE#         54
  C:003FH         LINE#         55
  C:0041H         LINE#         56
  -------         ENDPROC       _DELAY_MS
  -------         PROC          SYSTEM_INIT
  -------         DO            
  D:0007H         SYMBOL        i
  -------         ENDDO         
  C:0C73H         LINE#         63
  C:0C73H         LINE#         64
BL51 BANKED LINKER/LOCATER V6.22.4.0                                                  05/27/2026  18:59:01  PAGE 8


  C:0C73H         LINE#         67
  C:0C7AH         LINE#         68
  C:0C87H         LINE#         69
  C:0C8AH         LINE#         72
  C:0C8DH         LINE#         73
  C:0C93H         LINE#         74
  C:0C99H         LINE#         75
  C:0C9FH         LINE#         76
  C:0CA5H         LINE#         77
  C:0CACH         LINE#         81
  C:0CAEH         LINE#         82
  C:0CAEH         LINE#         83
  C:0CBBH         LINE#         84
  C:0CC0H         LINE#         86
  C:0D4EH         LINE#         87
  -------         ENDPROC       SYSTEM_INIT
  -------         ENDMOD        SYSTEM

  -------         MODULE        TK_SET
  C:0000H         SYMBOL        _ICE_DUMMY_
  -------         ENDMOD        TK_SET

  -------         MODULE        TMR1
  C:0000H         SYMBOL        _ICE_DUMMY_
  D:00A8H         PUBLIC        IE0
  D:00A9H         PUBLIC        IE1
  D:00AAH         PUBLIC        IE2
  D:00ABH         PUBLIC        IE3
  B:00A8H.7       PUBLIC        IE_EA
  D:00B8H         PUBLIC        IP0
  D:00B1H         PUBLIC        IP1
  D:00B2H         PUBLIC        IP2
  D:00B3H         PUBLIC        IP3
  D:00B4H         PUBLIC        IP4
  D:00B5H         PUBLIC        IP5
  D:00B6H         PUBLIC        IP6
  D:00B7H         PUBLIC        IP7
  D:00D1H         PUBLIC        TMR_ALLCON
  C:1B8BH         PUBLIC        tmr1_config
  C:12CCH         PUBLIC        TIMR1_IRQHandler
  -------         PROC          TMR1_CONFIG
  C:1B8BH         LINE#         10
  C:1B8BH         LINE#         11
  C:1B8BH         LINE#         12
  C:1B91H         LINE#         13
  C:1B94H         LINE#         14
  C:1B96H         LINE#         16
  C:1B99H         LINE#         19
  C:1B9FH         LINE#         20
  C:1BA3H         LINE#         21
  C:1BA7H         LINE#         22
  C:1BABH         LINE#         24
  C:1BB0H         LINE#         25
  C:1BB4H         LINE#         28
  C:1BB9H         LINE#         29
  C:1BBDH         LINE#         35
  C:1BC3H         LINE#         36
BL51 BANKED LINKER/LOCATER V6.22.4.0                                                  05/27/2026  18:59:01  PAGE 9


  C:1BC7H         LINE#         38
  C:1BCAH         LINE#         40
  -------         ENDPROC       TMR1_CONFIG
  -------         PROC          TIMR1_IRQHANDLER
  C:12CCH         LINE#         43
  C:12E9H         LINE#         46
  C:12E9H         LINE#         51
  C:12EFH         LINE#         52
  C:12EFH         LINE#         53
  C:12F3H         LINE#         55
  C:130AH         LINE#         56
  C:130AH         LINE#         57
  C:1314H         LINE#         58
  C:1314H         LINE#         60
  C:131DH         LINE#         61
  C:131DH         LINE#         62
  C:1320H         LINE#         63
  C:1320H         LINE#         66
  C:1323H         LINE#         67
  C:1326H         LINE#         71
  C:1326H         LINE#         72
  C:1330H         LINE#         73
  C:1330H         LINE#         81
  C:1333H         LINE#         95
  C:1333H         LINE#         98
  C:1333H         LINE#         99
  -------         ENDPROC       TIMR1_IRQHANDLER
  -------         ENDMOD        TMR1

  -------         MODULE        TMR2
  C:0000H         SYMBOL        _ICE_DUMMY_
  D:00A8H         PUBLIC        IE0
  D:00A9H         PUBLIC        IE1
  D:00AAH         PUBLIC        IE2
  D:00ABH         PUBLIC        IE3
  B:00A8H.7       PUBLIC        IE_EA
  D:00B8H         PUBLIC        IP0
  D:00B1H         PUBLIC        IP1
  D:00B2H         PUBLIC        IP2
  D:00B3H         PUBLIC        IP3
  D:00B4H         PUBLIC        IP4
  D:00B5H         PUBLIC        IP5
  D:00B6H         PUBLIC        IP6
  D:00B7H         PUBLIC        IP7
  D:00D1H         PUBLIC        TMR_ALLCON
  C:1D9DH         PUBLIC        tmr2_config
  C:1FDFH         PUBLIC        TIMR2_IRQHandler
  -------         PROC          TMR2_CONFIG
  C:1D9DH         LINE#         15
  C:1D9DH         LINE#         16
  C:1D9DH         LINE#         17
  C:1DA3H         LINE#         18
  C:1DA6H         LINE#         19
  C:1DA8H         LINE#         22
  C:1DABH         LINE#         25
  C:1DB1H         LINE#         26
  C:1DB7H         LINE#         28
BL51 BANKED LINKER/LOCATER V6.22.4.0                                                  05/27/2026  18:59:01  PAGE 10


  C:1DBEH         LINE#         29
  C:1DC2H         LINE#         31
  C:1DC8H         LINE#         34
  C:1DCCH         LINE#         38
  C:1DCFH         LINE#         39
  -------         ENDPROC       TMR2_CONFIG
  -------         PROC          TIMR2_IRQHANDLER
  C:1FDFH         LINE#         42
  C:1FE5H         LINE#         45
  C:1FE5H         LINE#         49
  C:1FECH         LINE#         50
  C:1FECH         LINE#         51
  C:1FF0H         LINE#         60
  C:1FF0H         LINE#         63
  C:1FF0H         LINE#         64
  -------         ENDPROC       TIMR2_IRQHANDLER
  -------         ENDMOD        TMR2

  -------         MODULE        UART0
  C:0000H         SYMBOL        _ICE_DUMMY_
  -------         ENDMOD        UART0

  -------         MODULE        ADC
  C:0000H         SYMBOL        _ICE_DUMMY_
  D:00A8H         PUBLIC        IE0
  D:00A9H         PUBLIC        IE1
  D:00AAH         PUBLIC        IE2
  D:00ABH         PUBLIC        IE3
  B:00A8H.7       PUBLIC        IE_EA
  D:00B8H         PUBLIC        IP0
  D:00B1H         PUBLIC        IP1
  D:00B2H         PUBLIC        IP2
  D:00B3H         PUBLIC        IP3
  D:00B4H         PUBLIC        IP4
  D:00B5H         PUBLIC        IP5
  D:00B6H         PUBLIC        IP6
  D:00B7H         PUBLIC        IP7
  D:0091H         PUBLIC        ADC_CFG2
  D:0093H         PUBLIC        ADC_DATAH0
  D:0094H         PUBLIC        ADC_DATAL0
  D:0099H         PUBLIC        ADC_CHS0
  D:009EH         PUBLIC        ADC_TRGS0
  X:621BH         PUBLIC        adc_val
  C:1E56H         PUBLIC        adc_config
  C:1CC0H         PUBLIC        adc_channel_switch_by_isr
  X:621DH         SYMBOL        adc_channel_status
  C:1EE3H         PUBLIC        _adc_channel_set
  C:134EH         PUBLIC        ADC_IRQHandler
  C:2083H         SYMBOL        Com0035
  C:2083H         SYMBOL        L?0054
  C:208FH         SYMBOL        L?0055
  -------         PROC          COM0035
  -------         ENDPROC       COM0035
  -------         PROC          ADC_CONFIG
  C:1E56H         LINE#         10
  C:1E56H         LINE#         11
  C:1E56H         LINE#         14
BL51 BANKED LINKER/LOCATER V6.22.4.0                                                  05/27/2026  18:59:01  PAGE 11


  C:1E5CH         LINE#         19
  C:1E61H         LINE#         22
  C:1E67H         LINE#         24
  C:1E6AH         LINE#         26
  C:1E70H         LINE#         30
  C:1E73H         LINE#         31
  C:1E76H         LINE#         32
  C:1E79H         LINE#         33
  C:1E7BH         LINE#         34
  -------         ENDPROC       ADC_CONFIG
  -------         PROC          _ADC_CHANNEL_SET
  D:0007H         SYMBOL        adc_channel
  C:1EE3H         LINE#         37
  C:1EE3H         LINE#         38
  C:1EE3H         LINE#         39
  C:1EE6H         LINE#         45
  C:1EEEH         LINE#         46
  C:1EEEH         LINE#         49
  C:1EEEH         LINE#         50
  C:1EEEH         LINE#         52
  C:1EF1H         LINE#         55
  C:1EF4H         LINE#         56
  C:1EF6H         LINE#         62
  C:1EF6H         LINE#         63
  C:1EF6H         LINE#         65
  C:1EF9H         LINE#         68
  C:1EFCH         LINE#         69
  C:1EFCH         LINE#         72
  C:1EFCH         LINE#         74
  C:1F02H         LINE#         77
  -------         ENDPROC       _ADC_CHANNEL_SET
  -------         PROC          ADC_CHANNEL_SWITCH_BY_ISR
  C:1CC0H         LINE#         120
  C:1CC0H         LINE#         121
  C:1CC0H         LINE#         122
  C:1CD4H         LINE#         123
  C:1CD4H         LINE#         124
  C:1CD4H         LINE#         125
  C:1CD4H         LINE#         127
  C:1CD9H         LINE#         128
  C:1CDFH         LINE#         129
  C:1CE0H         LINE#         130
  C:1CE0H         LINE#         131
  C:1CE0H         LINE#         132
  C:1CE6H         LINE#         133
  C:1CE7H         LINE#         134
  C:1CE7H         LINE#         135
  C:1CECH         LINE#         136
  C:1CF2H         LINE#         137
  C:1CF3H         LINE#         138
  C:1CF3H         LINE#         139
  C:1CF3H         LINE#         140
  C:1CF9H         LINE#         141
  C:1CF9H         LINE#         143
  C:1CF9H         LINE#         144
  C:1CF9H         LINE#         145
  C:1CF9H         LINE#         146
BL51 BANKED LINKER/LOCATER V6.22.4.0                                                  05/27/2026  18:59:01  PAGE 12


  -------         ENDPROC       ADC_CHANNEL_SWITCH_BY_ISR
  -------         PROC          ADC_IRQHANDLER
  -------         DO            
  X:61DAH         SYMBOL        adc_val
  -------         ENDDO         
  C:134EH         LINE#         148
  C:136BH         LINE#         153
  C:136BH         LINE#         156
  C:1371H         LINE#         157
  C:1371H         LINE#         158
  C:1375H         LINE#         159
  C:138FH         LINE#         161
  C:139BH         LINE#         162
  C:139BH         LINE#         163
  C:139BH         LINE#         164
  C:13A6H         LINE#         165
  C:13A8H         LINE#         167
  C:13A8H         LINE#         168
  C:13B3H         LINE#         169
  C:13B3H         LINE#         170
  C:13B3H         LINE#         171
  C:13B3H         LINE#         174
  C:13B3H         LINE#         175
  -------         ENDPROC       ADC_IRQHANDLER
  -------         ENDMOD        ADC

  -------         MODULE        KEY_DRIVER
  C:0000H         SYMBOL        _ICE_DUMMY_
  C:06A6H         PUBLIC        _key_driver_scan
  X:6213H         SYMBOL        is_key_active
  X:6214H         PUBLIC        scan_para
  C:1EA1H         SYMBOL        Com0021
  C:1EA1H         SYMBOL        L?0034
  C:1EA4H         SYMBOL        L?0035
  C:1EA5H         SYMBOL        L?0036
  C:1EABH         SYMBOL        L?0037
  C:1EAEH         SYMBOL        L?0038
  C:1EB2H         SYMBOL        L?0039
  C:1EB8H         SYMBOL        L?0040
  C:1EBBH         SYMBOL        L?0041
  -------         PROC          COM0021
  -------         ENDPROC       COM0021
  -------         PROC          _KEY_DRIVER_SCAN
  D:0001H         SYMBOL        _scan_para
  -------         DO            
  X:6227H         SYMBOL        key_event
  D:0007H         SYMBOL        cur_key_value
  X:6228H         SYMBOL        key_value
  C:080EH         SYMBOL        _notify
  C:082EH         SYMBOL        _scan_end
  -------         ENDDO         
  C:06A6H         LINE#         19
  C:06A6H         LINE#         21
  C:06A6H         LINE#         26
  C:06ABH         LINE#         27
  C:06ADH         LINE#         28
  C:06B1H         LINE#         32
BL51 BANKED LINKER/LOCATER V6.22.4.0                                                  05/27/2026  18:59:01  PAGE 13


  C:06B7H         LINE#         35
  C:06CAH         LINE#         36
  C:06CAH         LINE#         38
  C:06CAH         LINE#         40
  C:06D4H         LINE#         42
  C:06DDH         LINE#         48
  C:06E1H         LINE#         49
  C:06E1H         LINE#         50
  C:06E7H         LINE#         51
  C:06E9H         LINE#         52
  C:06EFH         LINE#         53
  C:06EFH         LINE#         54
  C:06F2H         LINE#         55
  C:06F2H         LINE#         85
  C:0706H         LINE#         86
  C:0706H         LINE#         88
  C:070DH         LINE#         89
  C:0713H         LINE#         91
  C:0713H         LINE#         94
  C:0724H         LINE#         95
  C:0724H         LINE#         96
  C:072FH         LINE#         98
  C:072FH         LINE#         101
  C:073BH         LINE#         102
  C:073BH         LINE#         109
  C:073FH         LINE#         110
  C:073FH         LINE#         111
  C:0746H         LINE#         112
  C:0746H         LINE#         113
  C:0748H         LINE#         114
  C:074EH         LINE#         115
  C:0750H         LINE#         117
  C:0750H         LINE#         120
  C:0750H         LINE#         121
  C:0758H         LINE#         122
  C:0758H         LINE#         123
  C:075BH         LINE#         125
  C:075BH         LINE#         130
  C:0763H         LINE#         131
  C:076FH         LINE#         132
  C:076FH         LINE#         133
  C:0774H         LINE#         134
  C:0778H         LINE#         135
  C:077BH         LINE#         137
  C:077BH         LINE#         138
  C:0781H         LINE#         139
  C:0781H         LINE#         140
  C:0781H         LINE#         142
  C:0783H         LINE#         147
  C:0783H         LINE#         149
  C:0783H         LINE#         154
  C:0787H         LINE#         155
  C:0787H         LINE#         157
  C:0798H         LINE#         158
  C:0798H         LINE#         162
  C:07A9H         LINE#         163
  C:07A9H         LINE#         183
BL51 BANKED LINKER/LOCATER V6.22.4.0                                                  05/27/2026  18:59:01  PAGE 14


  C:07A9H         LINE#         184
  C:07ABH         LINE#         186
  C:07ABH         LINE#         187
  C:07B8H         LINE#         189
  C:07BAH         LINE#         191
  C:07BAH         LINE#         193
  C:07BAH         LINE#         194
  C:07C5H         LINE#         195
  C:07C8H         LINE#         197
  C:07C8H         LINE#         198
  C:07C8H         LINE#         200
  C:07C8H         LINE#         201
  C:07C8H         LINE#         203
  C:07C8H         LINE#         204
  C:07C8H         LINE#         206
  C:07C8H         LINE#         208
  C:07D3H         LINE#         209
  C:07D3H         LINE#         210
  C:07DBH         LINE#         211
  C:07DBH         LINE#         215
  C:07E1H         LINE#         216
  C:07E1H         LINE#         217
  C:07E7H         LINE#         222
  C:07E9H         LINE#         223
  C:07F5H         LINE#         224
  C:07F5H         LINE#         225
  C:07FAH         LINE#         226
  C:0809H         LINE#         228
  C:0809H         LINE#         230
  C:0809H         LINE#         231
  C:0809H         LINE#         233
  C:0809H         LINE#         236
  C:080EH         LINE#         237
  C:080EH         LINE#         239
  C:080EH         LINE#         240
  C:080EH         LINE#         242
  C:080EH         LINE#         245
  C:080EH         LINE#         247
  C:080EH         LINE#         248
  C:0812H         LINE#         249
  C:081AH         LINE#         251
  C:0824H         LINE#         252
  C:082EH         LINE#         255
  C:082EH         LINE#         264
  C:082EH         LINE#         266
  C:082EH         LINE#         267
  C:0838H         LINE#         270
  -------         ENDPROC       _KEY_DRIVER_SCAN
  -------         ENDMOD        KEY_DRIVER

  -------         MODULE        USER_FLASH
  C:0000H         SYMBOL        _ICE_DUMMY_
  D:00A4H         PUBLIC        FLASH_CON
  D:00A5H         PUBLIC        FLASH_STA
  D:00A6H         PUBLIC        FLASH_DATA
  D:00AEH         PUBLIC        FLASH_PASSWORD
  D:00AFH         PUBLIC        FLASH_ADDR
BL51 BANKED LINKER/LOCATER V6.22.4.0                                                  05/27/2026  18:59:01  PAGE 15


  C:000FH         PUBLIC        _flash_erase_sector
  C:1D32H         PUBLIC        _flash_program
  C:1D69H         PUBLIC        _flash_read
  -------         PROC          _FLASH_ERASE_SECTOR
  D:0007H         SYMBOL        addr
  C:000FH         LINE#         9
  C:000FH         LINE#         10
  C:000FH         LINE#         11
  C:0012H         LINE#         12
  C:0014H         LINE#         13
  C:0017H         LINE#         14
  C:001AH         LINE#         16
  C:001FH         LINE#         18
  -------         ENDPROC       _FLASH_ERASE_SECTOR
  -------         PROC          _FLASH_PROGRAM
  D:0007H         SYMBOL        addr
  X:61D6H         SYMBOL        p_data
  X:61D9H         SYMBOL        len
  C:1D32H         LINE#         27
  C:1D38H         LINE#         28
  C:1D38H         LINE#         29
  C:1D3BH         LINE#         30
  C:1D3DH         LINE#         32
  C:1D46H         LINE#         33
  C:1D46H         LINE#         34
  C:1D4BH         LINE#         36
  C:1D5AH         LINE#         37
  C:1D5DH         LINE#         38
  C:1D60H         LINE#         40
  C:1D66H         LINE#         41
  C:1D68H         LINE#         42
  -------         ENDPROC       _FLASH_PROGRAM
  -------         PROC          _FLASH_READ
  D:0007H         SYMBOL        addr
  X:61D6H         SYMBOL        p_data
  X:61D9H         SYMBOL        len
  C:1D69H         LINE#         51
  C:1D6FH         LINE#         52
  C:1D6FH         LINE#         53
  C:1D75H         LINE#         54
  C:1D75H         LINE#         55
  C:1D94H         LINE#         56
  C:1D9AH         LINE#         57
  C:1D9CH         LINE#         58
  -------         ENDPROC       _FLASH_READ
  -------         ENDMOD        USER_FLASH

  -------         MODULE        AIP3368
  C:0000H         SYMBOL        _ICE_DUMMY_
  B:0080H.0       PUBLIC        P00
  B:0080H.3       PUBLIC        P03
  B:0090H.1       PUBLIC        P11
  B:0090H.2       PUBLIC        P12
  X:6173H         PUBLIC        aip3368h_display_buff
  C:2027H         PUBLIC        aip3368h_refresh_time_add
  C:185CH         PUBLIC        aip3368h_module_init
  C:1F41H         PUBLIC        aip3368h_module_display
BL51 BANKED LINKER/LOCATER V6.22.4.0                                                  05/27/2026  18:59:01  PAGE 16


  X:6189H         SYMBOL        aip3368h_refresh_cnt
  C:1DD0H         SYMBOL        _aip3368h_module_send_data_to_one_dev
  C:1B49H         SYMBOL        _aip3368h_module_send_data_to_all_dev
  C:21A9H         SYMBOL        Com0012
  C:21A9H         SYMBOL        L?0019
  C:21A9H         SYMBOL        L?0020
  -------         PROC          COM0012
  -------         ENDPROC       COM0012
  -------         PROC          AIP3368H_REFRESH_TIME_ADD
  C:2027H         LINE#         13
  C:2027H         LINE#         14
  C:2027H         LINE#         16
  C:2036H         LINE#         17
  C:2036H         LINE#         18
  C:203DH         LINE#         19
  C:203DH         LINE#         20
  -------         ENDPROC       AIP3368H_REFRESH_TIME_ADD
  -------         PROC          _AIP3368H_MODULE_SEND_DATA_TO_ONE_DEV
  D:0006H         SYMBOL        dat
  -------         DO            
  X:61CFH         SYMBOL        i
  -------         ENDDO         
  C:1DD0H         LINE#         22
  C:1DD0H         LINE#         23
  C:1DD0H         LINE#         27
  C:1DD7H         LINE#         28
  C:1DD7H         LINE#         29
  C:1DE1H         LINE#         32
  C:1DE3H         LINE#         34
  C:1DEAH         LINE#         35
  C:1DECH         LINE#         37
  C:1E02H         LINE#         39
  -------         ENDPROC       _AIP3368H_MODULE_SEND_DATA_TO_ONE_DEV
  -------         PROC          _AIP3368H_MODULE_SEND_DATA_TO_ALL_DEV
  X:61CBH         SYMBOL        buff
  D:0005H         SYMBOL        len
  -------         DO            
  X:61CEH         SYMBOL        i
  -------         ENDDO         
  C:1B49H         LINE#         41
  C:1B4FH         LINE#         42
  C:1B4FH         LINE#         47
  C:1B51H         LINE#         48
  C:1B53H         LINE#         53
  C:1B60H         LINE#         54
  C:1B60H         LINE#         55
  C:1B7CH         LINE#         56
  C:1B84H         LINE#         60
  C:1B86H         LINE#         62
  C:1B88H         LINE#         65
  C:1B8AH         LINE#         68
  -------         ENDPROC       _AIP3368H_MODULE_SEND_DATA_TO_ALL_DEV
  -------         PROC          AIP3368H_MODULE_DISPLAY
  C:1F41H         LINE#         72
  C:1F41H         LINE#         73
  C:1F41H         LINE#         78
  C:1F50H         LINE#         79
BL51 BANKED LINKER/LOCATER V6.22.4.0                                                  05/27/2026  18:59:01  PAGE 17


  C:1F50H         LINE#         81
  C:1F50H         LINE#         83
  C:1F50H         LINE#         84
  C:1F54H         LINE#         86
  C:1F54H         LINE#         96
  C:1F5CH         LINE#         97
  -------         ENDPROC       AIP3368H_MODULE_DISPLAY
  -------         PROC          AIP3368H_MODULE_INIT
  C:185CH         LINE#         105
  C:185CH         LINE#         106
  C:185CH         LINE#         109
  C:1868H         LINE#         112
  C:186EH         LINE#         113
  C:1872H         LINE#         114
  C:1877H         LINE#         116
  C:187BH         LINE#         117
  C:187FH         LINE#         118
  C:1882H         LINE#         120
  C:1888H         LINE#         121
  C:188CH         LINE#         122
  C:1891H         LINE#         124
  C:1895H         LINE#         125
  C:1899H         LINE#         126
  C:189EH         LINE#         129
  C:18A0H         LINE#         130
  C:18A2H         LINE#         131
  C:18A4H         LINE#         132
  C:18A6H         LINE#         133
  -------         ENDPROC       AIP3368H_MODULE_INIT
  -------         ENDMOD        AIP3368

  -------         MODULE        MAIN
  C:0000H         SYMBOL        _ICE_DUMMY_
  D:00D9H         PUBLIC        WDT_KEY
  C:20AEH         PUBLIC        user_init
  C:1F79H         PUBLIC        main
  -------         PROC          USER_INIT
  C:20AEH         LINE#         33
  C:20AEH         LINE#         34
  C:20AEH         LINE#         61
  C:20B1H         LINE#         62
  C:20B4H         LINE#         64
  C:20B7H         LINE#         65
  C:20BAH         LINE#         67
  -------         ENDPROC       USER_INIT
  -------         PROC          MAIN
  C:1F79H         LINE#         71
  C:1F79H         LINE#         72
  C:1F79H         LINE#         74
  C:1F7CH         LINE#         79
  C:1F7FH         LINE#         80
  C:1F86H         LINE#         81
  C:1F89H         LINE#         84
  C:1F8CH         LINE#         94
  C:1F8CH         LINE#         95
  C:1F8CH         LINE#         100
  C:1F8FH         LINE#         138
BL51 BANKED LINKER/LOCATER V6.22.4.0                                                  05/27/2026  18:59:01  PAGE 18


  C:1F92H         LINE#         140
  -------         ENDPROC       MAIN
  -------         ENDMOD        MAIN

  -------         MODULE        PIN_LEVEL_SCAN
  C:0000H         SYMBOL        _ICE_DUMMY_
  B:00A0H.0       PUBLIC        P20
  C:2122H         PUBLIC        pin_level_scan_config
  C:0020H         PUBLIC        pin_level_scan
  -------         PROC          PIN_LEVEL_SCAN_CONFIG
  C:2122H         LINE#         4
  C:2122H         LINE#         5
  C:2122H         LINE#         7
  C:2128H         LINE#         8
  C:212EH         LINE#         9
  -------         ENDPROC       PIN_LEVEL_SCAN_CONFIG
  -------         PROC          PIN_LEVEL_SCAN
  C:0020H         LINE#         12
  C:0020H         LINE#         13
  C:0020H         LINE#         14
  C:0020H         LINE#         15
  C:0020H         LINE#         17
  C:0020H         LINE#         19
  C:0020H         LINE#         21
  C:0020H         LINE#         22
  -------         ENDPROC       PIN_LEVEL_SCAN
  -------         ENDMOD        PIN_LEVEL_SCAN

  -------         MODULE        SPEED_SCAN
  C:0000H         SYMBOL        _ICE_DUMMY_
  B:0090H.5       PUBLIC        P15
  C:174AH         PUBLIC        speed_scan_timer_50us_isr
  C:212FH         PUBLIC        speed_scan_config
  C:0A95H         PUBLIC        speed_scan
  C:213CH         PUBLIC        aip3368h_display_speed_refresh_time_add
  C:0975H         PUBLIC        aip3368h_display_speed_handle
  B:0020H.1       SYMBOL        flag_is_speed_scan_over_time
  X:610DH         SYMBOL        speed_pulse_cnt
  X:6111H         SYMBOL        speed_scan_time_ms
  X:6115H         SYMBOL        cur_speed_scan_time
  X:6119H         SYMBOL        cur_speed_scan_pulse
  X:611DH         SYMBOL        aip3368h_display_speed_refresh_time_cnt
  X:611EH         SYMBOL        speed_filter_array
  X:6146H         SYMBOL        speed_filter_index
  C:2099H         PUBLIC        _speed_filter_init
  C:1FF7H         PUBLIC        _speed_filter_add
  C:105BH         PUBLIC        speed_filter_get_speed
  C:1C84H         PUBLIC        speed_scan_update_data
  C:1952H         SYMBOL        Com0036
  C:1952H         SYMBOL        L?0055
  C:1957H         SYMBOL        L?0056
  C:1959H         SYMBOL        L?0057
  C:1961H         SYMBOL        L?0058
  C:1961H         SYMBOL        L?0059
  C:1964H         SYMBOL        L?0060
  C:196AH         SYMBOL        L?0061
  C:196AH         SYMBOL        L?0062
BL51 BANKED LINKER/LOCATER V6.22.4.0                                                  05/27/2026  18:59:01  PAGE 19


  C:196DH         SYMBOL        L?0063
  C:1974H         SYMBOL        L?0064
  C:1985H         SYMBOL        L?0065
  C:198BH         SYMBOL        L?0066
  C:198CH         SYMBOL        L?0067
  C:1992H         SYMBOL        L?0068
  C:199DH         SYMBOL        L?0069
  -------         PROC          COM0036
  -------         ENDPROC       COM0036
  -------         PROC          _SPEED_FILTER_INIT
  D:0007H         SYMBOL        speed
  -------         DO            
  D:0006H         SYMBOL        i
  -------         ENDDO         
  C:2099H         LINE#         22
  C:2099H         LINE#         23
  C:2099H         LINE#         25
  C:209BH         LINE#         26
  C:209BH         LINE#         27
  C:20A3H         LINE#         28
  C:20A8H         LINE#         30
  C:20ADH         LINE#         31
  -------         ENDPROC       _SPEED_FILTER_INIT
  -------         PROC          _SPEED_FILTER_ADD
  D:0007H         SYMBOL        speed
  C:1FF7H         LINE#         33
  C:1FF7H         LINE#         34
  C:1FF7H         LINE#         35
  C:2000H         LINE#         36
  C:2006H         LINE#         37
  C:200CH         LINE#         38
  C:200CH         LINE#         39
  C:200EH         LINE#         40
  C:200EH         LINE#         41
  -------         ENDPROC       _SPEED_FILTER_ADD
  -------         PROC          SPEED_FILTER_GET_SPEED
  -------         DO            
  X:61EEH         SYMBOL        i
  X:61EFH         SYMBOL        sum
  X:61F3H         SYMBOL        max_speed
  X:61F4H         SYMBOL        min_speed
  -------         ENDDO         
  C:105BH         LINE#         43
  C:105BH         LINE#         44
  C:105BH         LINE#         47
  C:1065H         LINE#         48
  C:106AH         LINE#         49
  C:106EH         LINE#         57
  C:1073H         LINE#         58
  C:1073H         LINE#         59
  C:108FH         LINE#         61
  C:109CH         LINE#         62
  C:109CH         LINE#         63
  C:10A7H         LINE#         64
  C:10A7H         LINE#         66
  C:10B4H         LINE#         67
  C:10B4H         LINE#         68
BL51 BANKED LINKER/LOCATER V6.22.4.0                                                  05/27/2026  18:59:01  PAGE 20


  C:10BFH         LINE#         69
  C:10BFH         LINE#         70
  C:10CAH         LINE#         72
  C:10F6H         LINE#         74
  -------         ENDPROC       SPEED_FILTER_GET_SPEED
  -------         PROC          SPEED_SCAN_CONFIG
  C:212FH         LINE#         105
  C:212FH         LINE#         106
  C:212FH         LINE#         108
  C:2135H         LINE#         109
  C:213BH         LINE#         110
  -------         ENDPROC       SPEED_SCAN_CONFIG
  -------         PROC          SPEED_SCAN_UPDATE_DATA
  C:1C84H         LINE#         112
  C:1C84H         LINE#         113
  C:1C84H         LINE#         114
  C:1C96H         LINE#         115
  C:1CA0H         LINE#         116
  C:1CB5H         LINE#         117
  C:1CBFH         LINE#         118
  -------         ENDPROC       SPEED_SCAN_UPDATE_DATA
  -------         PROC          SPEED_SCAN_TIMER_50US_ISR
  -------         DO            
  B:0020H.0       SYMBOL        last_speed_scan_level
  X:6108H         SYMBOL        cnt
  -------         ENDDO         
  C:174AH         LINE#         120
  C:174AH         LINE#         121
  C:174AH         LINE#         124
  C:1754H         LINE#         125
  C:1763H         LINE#         126
  C:1763H         LINE#         127
  C:1767H         LINE#         129
  C:1773H         LINE#         131
  C:1786H         LINE#         133
  C:1786H         LINE#         134
  C:1790H         LINE#         135
  C:1792H         LINE#         136
  C:1792H         LINE#         137
  C:1792H         LINE#         139
  C:1795H         LINE#         140
  C:1795H         LINE#         141
  C:1798H         LINE#         142
  C:1798H         LINE#         143
  C:17A4H         LINE#         144
  C:17A7H         LINE#         145
  C:17A7H         LINE#         147
  C:17A9H         LINE#         148
  C:17AAH         LINE#         150
  C:17AAH         LINE#         152
  C:17ACH         LINE#         153
  C:17ACH         LINE#         154
  -------         ENDPROC       SPEED_SCAN_TIMER_50US_ISR
  -------         PROC          SPEED_SCAN
  -------         DO            
  X:61E6H         SYMBOL        cur_speed
  X:61EAH         SYMBOL        tmp
BL51 BANKED LINKER/LOCATER V6.22.4.0                                                  05/27/2026  18:59:01  PAGE 21


  -------         ENDDO         
  C:0A95H         LINE#         242
  C:0A95H         LINE#         243
  C:0A95H         LINE#         244
  C:0A9FH         LINE#         245
  C:0AA9H         LINE#         248
  C:0ABFH         LINE#         249
  C:0ABFH         LINE#         255
  C:0AD7H         LINE#         262
  C:0ADAH         LINE#         263
  C:0ADAH         LINE#         265
  C:0AEBH         LINE#         266
  C:0AEBH         LINE#         268
  C:0AF2H         LINE#         269
  C:0AF4H         LINE#         271
  C:0AF4H         LINE#         272
  C:0AFBH         LINE#         273
  C:0AFBH         LINE#         274
  C:0AFDH         LINE#         276
  C:0AFDH         LINE#         290
  C:0B20H         LINE#         291
  C:0B20H         LINE#         294
  C:0B35H         LINE#         301
  C:0B3FH         LINE#         302
  C:0B49H         LINE#         303
  C:0B4BH         LINE#         305
  C:0B56H         LINE#         306
  C:0B56H         LINE#         307
  C:0B6BH         LINE#         308
  C:0B6BH         LINE#         311
  C:0B77H         LINE#         312
  C:0B77H         LINE#         313
  C:0B81H         LINE#         314
  C:0B81H         LINE#         326
  C:0B8CH         LINE#         327
  C:0B8CH         LINE#         328
  -------         ENDPROC       SPEED_SCAN
  -------         PROC          AIP3368H_DISPLAY_SPEED_REFRESH_TIME_ADD
  C:213CH         LINE#         330
  C:213CH         LINE#         331
  C:213CH         LINE#         332
  C:2145H         LINE#         333
  C:2145H         LINE#         334
  C:2148H         LINE#         335
  C:2148H         LINE#         336
  -------         ENDPROC       AIP3368H_DISPLAY_SPEED_REFRESH_TIME_ADD
  -------         PROC          AIP3368H_DISPLAY_SPEED_HANDLE
  -------         DO            
  X:610AH         SYMBOL        is_initialized
  X:610BH         SYMBOL        speed_of_lag
  X:621EH         SYMBOL        cur_speed
  X:610CH         SYMBOL        filtered_speed
  X:621FH         SYMBOL        base_step
  X:6220H         SYMBOL        speed_abs_diff
  -------         ENDDO         
  C:0975H         LINE#         338
  C:0975H         LINE#         339
BL51 BANKED LINKER/LOCATER V6.22.4.0                                                  05/27/2026  18:59:01  PAGE 22


  C:0975H         LINE#         350
  C:097BH         LINE#         351
  C:097BH         LINE#         352
  C:097DH         LINE#         354
  C:0985H         LINE#         355
  C:098DH         LINE#         358
  C:0995H         LINE#         359
  C:0995H         LINE#         361
  C:09A1H         LINE#         362
  C:09A1H         LINE#         363
  C:09A3H         LINE#         366
  C:09AAH         LINE#         367
  C:09AAH         LINE#         368
  C:09ADH         LINE#         369
  C:09B5H         LINE#         370
  C:09B5H         LINE#         372
  C:09BAH         LINE#         373
  C:09BAH         LINE#         374
  C:09C0H         LINE#         375
  C:09C2H         LINE#         376
  C:09CBH         LINE#         377
  C:09CBH         LINE#         378
  C:09CEH         LINE#         379
  C:09D0H         LINE#         381
  C:09D0H         LINE#         382
  C:09D3H         LINE#         383
  C:09D3H         LINE#         385
  C:09E3H         LINE#         390
  C:09E3H         LINE#         391
  C:09E5H         LINE#         394
  C:09E5H         LINE#         395
  C:09E5H         LINE#         396
  C:09ECH         LINE#         397
  C:09ECH         LINE#         398
  C:09F3H         LINE#         399
  C:09F8H         LINE#         400
  C:09F8H         LINE#         402
  C:09FDH         LINE#         403
  C:09FDH         LINE#         404
  C:0A03H         LINE#         405
  C:0A05H         LINE#         406
  C:0A0EH         LINE#         407
  C:0A0EH         LINE#         408
  C:0A11H         LINE#         409
  C:0A13H         LINE#         411
  C:0A13H         LINE#         412
  C:0A16H         LINE#         413
  C:0A16H         LINE#         415
  C:0A21H         LINE#         420
  C:0A29H         LINE#         421
  C:0A32H         LINE#         424
  C:0A32H         LINE#         425
  C:0A32H         LINE#         427
  C:0A3AH         LINE#         428
  C:0A42H         LINE#         433
  C:0A48H         LINE#         434
  C:0A48H         LINE#         435
BL51 BANKED LINKER/LOCATER V6.22.4.0                                                  05/27/2026  18:59:01  PAGE 23


  C:0A4DH         LINE#         436
  C:0A4FH         LINE#         438
  C:0A4FH         LINE#         440
  C:0A74H         LINE#         441
  C:0A74H         LINE#         443
  C:0A7CH         LINE#         445
  C:0A83H         LINE#         446
  C:0A83H         LINE#         447
  C:0A86H         LINE#         448
  C:0A87H         LINE#         449
  C:0A91H         LINE#         450
  C:0A91H         LINE#         451
  C:0A94H         LINE#         452
  C:0A94H         LINE#         458
  C:0A94H         LINE#         459
  -------         ENDPROC       AIP3368H_DISPLAY_SPEED_HANDLE
  -------         ENDMOD        SPEED_SCAN

  -------         MODULE        ENGINE_SPEED_SCAN
  C:0000H         SYMBOL        _ICE_DUMMY_
  B:0080H.2       PUBLIC        P02
  B:0020H.3       PUBLIC        flag_is_engine_speed_scan_over_time
  X:61A6H         PUBLIC        engine_speed_scan_cnt
  X:61AAH         PUBLIC        engine_speed_scan_ms
  C:2149H         PUBLIC        engine_speed_scan_config
  C:144DH         PUBLIC        engine_speed_scan
  C:1808H         PUBLIC        engine_speed_scan_timer_50us_isr
  C:1E7CH         PUBLIC        aip3368h_display_engine_speed_refresh_time_add
  C:15ACH         PUBLIC        aip3368h_display_engine_speed_handle
  X:61ACH         SYMBOL        cur_engine_speed_scan_cnt
  X:61B0H         SYMBOL        cur_engine_speed_scan_ms
  X:61B4H         SYMBOL        aip3368h_display_engine_speed_refresh_time_cnt
  X:61B6H         SYMBOL        aip3368h_display_exclamation_point_refresh_time_cnt
  C:1BCBH         PUBLIC        update_engine_speed_scan_data
  C:1F94H         PUBLIC        engine_speed_get_level
  C:2156H         SYMBOL        Com001D
  C:2156H         SYMBOL        L?0030
  C:2156H         SYMBOL        L?0031
  C:215CH         SYMBOL        L?0032
  C:215DH         SYMBOL        L?0033
  -------         PROC          COM001D
  -------         ENDPROC       COM001D
  -------         PROC          ENGINE_SPEED_SCAN_CONFIG
  C:2149H         LINE#         18
  C:2149H         LINE#         19
  C:2149H         LINE#         21
  C:214FH         LINE#         22
  C:2155H         LINE#         23
  -------         ENDPROC       ENGINE_SPEED_SCAN_CONFIG
  -------         PROC          UPDATE_ENGINE_SPEED_SCAN_DATA
  C:1BCBH         LINE#         25
  C:1BCBH         LINE#         26
  C:1BCBH         LINE#         27
  C:1BE0H         LINE#         28
  C:1BEAH         LINE#         29
  C:1C01H         LINE#         30
  C:1C08H         LINE#         31
BL51 BANKED LINKER/LOCATER V6.22.4.0                                                  05/27/2026  18:59:01  PAGE 24


  -------         ENDPROC       UPDATE_ENGINE_SPEED_SCAN_DATA
  -------         PROC          ENGINE_SPEED_SCAN_TIMER_50US_ISR
  -------         DO            
  B:0020H.2       SYMBOL        last_engine_speed_scan_level
  X:61A3H         SYMBOL        cnt
  -------         ENDDO         
  C:1808H         LINE#         33
  C:1808H         LINE#         34
  C:1808H         LINE#         39
  C:180EH         LINE#         40
  C:1814H         LINE#         41
  C:1814H         LINE#         42
  C:1816H         LINE#         43
  C:181CH         LINE#         45
  C:182EH         LINE#         47
  C:182EH         LINE#         48
  C:1832H         LINE#         49
  C:1834H         LINE#         50
  C:1834H         LINE#         51
  C:1834H         LINE#         53
  C:1837H         LINE#         54
  C:1837H         LINE#         55
  C:183AH         LINE#         56
  C:183AH         LINE#         62
  C:1853H         LINE#         63
  C:1856H         LINE#         64
  C:1856H         LINE#         66
  C:1858H         LINE#         67
  C:1859H         LINE#         69
  C:1859H         LINE#         71
  C:185BH         LINE#         72
  C:185BH         LINE#         73
  -------         ENDPROC       ENGINE_SPEED_SCAN_TIMER_50US_ISR
  -------         PROC          ENGINE_SPEED_SCAN
  -------         DO            
  X:6217H         SYMBOL        rpm
  -------         ENDDO         
  C:144DH         LINE#         76
  C:144DH         LINE#         77
  C:144DH         LINE#         81
  C:1460H         LINE#         83
  C:1460H         LINE#         85
  C:1463H         LINE#         86
  C:1463H         LINE#         87
  C:1465H         LINE#         88
  C:146FH         LINE#         89
  C:1471H         LINE#         91
  C:1471H         LINE#         106
  C:148DH         LINE#         110
  C:148DH         LINE#         114
  C:1497H         LINE#         115
  C:14A1H         LINE#         118
  C:14B4H         LINE#         119
  C:14B4H         LINE#         120
  C:14BEH         LINE#         121
  C:14BEH         LINE#         125
  C:14CAH         LINE#         126
BL51 BANKED LINKER/LOCATER V6.22.4.0                                                  05/27/2026  18:59:01  PAGE 25


  C:14CAH         LINE#         127
  -------         ENDPROC       ENGINE_SPEED_SCAN
  -------         PROC          AIP3368H_DISPLAY_ENGINE_SPEED_REFRESH_TIME_ADD
  C:1E7CH         LINE#         140
  C:1E7CH         LINE#         141
  C:1E7CH         LINE#         142
  C:1E8BH         LINE#         143
  C:1E8BH         LINE#         144
  C:1E8EH         LINE#         145
  C:1E8EH         LINE#         147
  C:1E9DH         LINE#         148
  C:1E9DH         LINE#         149
  C:1EA0H         LINE#         150
  C:1EA0H         LINE#         151
  -------         ENDPROC       AIP3368H_DISPLAY_ENGINE_SPEED_REFRESH_TIME_ADD
  -------         PROC          ENGINE_SPEED_GET_LEVEL
  -------         DO            
  D:0007H         SYMBOL        level
  -------         ENDDO         
  C:1F94H         LINE#         154
  C:1F94H         LINE#         155
  C:1F94H         LINE#         156
  C:1FA4H         LINE#         158
  C:1FAAH         LINE#         159
  C:1FAAH         LINE#         160
  C:1FACH         LINE#         161
  C:1FACH         LINE#         163
  C:1FACH         LINE#         164
  -------         ENDPROC       ENGINE_SPEED_GET_LEVEL
  -------         PROC          AIP3368H_DISPLAY_ENGINE_SPEED_HANDLE
  -------         DO            
  X:61A4H         SYMBOL        engine_speed_level_of_lag
  X:61A5H         SYMBOL        is_initialized
  X:622BH         SYMBOL        cur_engine_speed_level
  -------         ENDDO         
  C:15ACH         LINE#         166
  C:15ACH         LINE#         167
  C:15ACH         LINE#         171
  C:15B1H         LINE#         173
  C:15B7H         LINE#         174
  C:15B7H         LINE#         175
  C:15B9H         LINE#         177
  C:15C1H         LINE#         178
  C:15C1H         LINE#         180
  C:15D0H         LINE#         181
  C:15D0H         LINE#         182
  C:15D4H         LINE#         183
  C:15DCH         LINE#         185
  C:15E5H         LINE#         186
  C:15E5H         LINE#         187
  C:15E8H         LINE#         188
  C:15EAH         LINE#         189
  C:15F4H         LINE#         190
  C:15F4H         LINE#         191
  C:15FDH         LINE#         192
  C:15FDH         LINE#         193
  C:1600H         LINE#         194
BL51 BANKED LINKER/LOCATER V6.22.4.0                                                  05/27/2026  18:59:01  PAGE 26


  C:1600H         LINE#         195
  C:1600H         LINE#         200
  C:1609H         LINE#         201
  C:1609H         LINE#         202
  C:160FH         LINE#         203
  C:1610H         LINE#         205
  C:1610H         LINE#         206
  C:1615H         LINE#         209
  C:1615H         LINE#         212
  C:1615H         LINE#         213
  -------         ENDPROC       AIP3368H_DISPLAY_ENGINE_SPEED_HANDLE
  -------         ENDMOD        ENGINE_SPEED_SCAN

  -------         MODULE        MILEAGE
  C:0000H         SYMBOL        _ICE_DUMMY_
  X:61DEH         PUBLIC        distance
  X:61E2H         PUBLIC        mileage_save_time_cnt
  X:61E4H         PUBLIC        mileage_update_time_cnt
  C:0FA3H         PUBLIC        mileage_scan
  C:200FH         SYMBOL        Com000B
  C:200FH         SYMBOL        L?0012
  C:2020H         SYMBOL        L?0013
  C:2020H         SYMBOL        L?0014
  -------         PROC          COM000B
  -------         ENDPROC       COM000B
  -------         PROC          MILEAGE_SCAN
  -------         DO            
  X:61DDH         SYMBOL        is_initialized
  B:0020H.4       SYMBOL        flag_is_any_mileage_save
  -------         DO            
  X:61DCH         SYMBOL        cnt
  -------         ENDDO         
  -------         ENDDO         
  C:0FA3H         LINE#         11
  C:0FA3H         LINE#         12
  C:0FA3H         LINE#         27
  C:0FB5H         LINE#         29
  C:0FB5H         LINE#         31
  C:0FB8H         LINE#         32
  C:0FBAH         LINE#         33
  C:0FC1H         LINE#         40
  C:0FC1H         LINE#         42
  C:0FD0H         LINE#         43
  C:0FD0H         LINE#         45
  C:0FE0H         LINE#         46
  C:0FE0H         LINE#         47
  C:0FECH         LINE#         48
  C:0FECH         LINE#         50
  C:0FFCH         LINE#         51
  C:0FFCH         LINE#         52
  C:1008H         LINE#         53
  C:1008H         LINE#         55
  C:1025H         LINE#         57
  C:1025H         LINE#         59
  C:102BH         LINE#         60
  C:1031H         LINE#         61
  C:1031H         LINE#         62
BL51 BANKED LINKER/LOCATER V6.22.4.0                                                  05/27/2026  18:59:01  PAGE 27


  C:1033H         LINE#         63
  C:1035H         LINE#         64
  C:1035H         LINE#         65
  C:1035H         LINE#         66
  C:1035H         LINE#         94
  C:104AH         LINE#         95
  C:104AH         LINE#         99
  C:1051H         LINE#         100
  C:1056H         LINE#         102
  C:105AH         LINE#         103
  C:105AH         LINE#         106
  C:105AH         LINE#         108
  C:105AH         LINE#         111
  C:105AH         LINE#         112
  C:105AH         LINE#         113
  -------         ENDPROC       MILEAGE_SCAN
  -------         ENDMOD        MILEAGE

  -------         MODULE        FUEL_CAPACITY
  C:0000H         SYMBOL        _ICE_DUMMY_
  C:203EH         PUBLIC        fuel_capacity_scan_time_add
  C:2055H         PUBLIC        fuel_lev_update_time_add
  C:1EC2H         PUBLIC        _fuel_capacity_adc_val_samples_update
  C:1C09H         PUBLIC        fuel_capacity_adc_val_get
  C:1105H         PUBLIC        fuel_capacity_scan
  X:60B2H         SYMBOL        fuel_capacity_scan_time_cnt
  X:60B4H         SYMBOL        fuel_lev_update_time_cnt
  X:60B6H         SYMBOL        fuel_capacity_adc_val_samples
  X:60DEH         SYMBOL        fuel_capacity_adc_val_sample_index
  C:217DH         SYMBOL        ___fuel_capacity_adc_val_samples_init__
  X:60DFH         SYMBOL        fuel_voltage_samples
  X:6107H         SYMBOL        fuel_voltage_sample_index
  C:20F5H         PUBLIC        ___fuel_voltage_samples_init__
  C:1FADH         PUBLIC        ___fuel_voltage_samples_update__
  C:1CFAH         PUBLIC        __fuel_voltage_samples_get__
  C:1A36H         PUBLIC        _fuel_capacity_convert_voltage_to_lev
  C:1C47H         SYMBOL        Com0034
  C:1C47H         SYMBOL        L?0053
  C:1C50H         SYMBOL        L?0054
  C:1C58H         SYMBOL        L?0055
  C:1C58H         SYMBOL        L?0056
  C:1C62H         SYMBOL        L?0057
  C:1C6FH         SYMBOL        L?0058
  C:1C7BH         SYMBOL        L?0059
  -------         PROC          COM0034
  -------         ENDPROC       COM0034
  -------         PROC          ___FUEL_CAPACITY_ADC_VAL_SAMPLES_INIT__
  D:0006H         SYMBOL        adc_val
  -------         DO            
  D:0005H         SYMBOL        i
  -------         ENDDO         
  C:217DH         LINE#         13
  C:217DH         LINE#         14
  C:217DH         LINE#         16
  C:217FH         LINE#         17
  C:217FH         LINE#         18
  C:2183H         LINE#         19
BL51 BANKED LINKER/LOCATER V6.22.4.0                                                  05/27/2026  18:59:01  PAGE 28


  C:2188H         LINE#         20
  -------         ENDPROC       ___FUEL_CAPACITY_ADC_VAL_SAMPLES_INIT__
  -------         PROC          _FUEL_CAPACITY_ADC_VAL_SAMPLES_UPDATE
  D:0006H         SYMBOL        adc_val
  -------         DO            
  X:60AFH         SYMBOL        is_initialized
  -------         ENDDO         
  C:1EC2H         LINE#         23
  C:1EC2H         LINE#         24
  C:1EC2H         LINE#         26
  C:1EC8H         LINE#         27
  C:1EC8H         LINE#         28
  C:1ECAH         LINE#         29
  C:1ECDH         LINE#         31
  C:1ECDH         LINE#         33
  C:1ED4H         LINE#         34
  C:1EDAH         LINE#         35
  C:1EE0H         LINE#         36
  C:1EE0H         LINE#         37
  C:1EE2H         LINE#         38
  C:1EE2H         LINE#         39
  -------         ENDPROC       _FUEL_CAPACITY_ADC_VAL_SAMPLES_UPDATE
  -------         PROC          FUEL_CAPACITY_ADC_VAL_GET
  -------         DO            
  X:61F5H         SYMBOL        i
  X:61F6H         SYMBOL        sum
  -------         ENDDO         
  C:1C09H         LINE#         42
  C:1C09H         LINE#         43
  C:1C09H         LINE#         45
  C:1C13H         LINE#         46
  C:1C18H         LINE#         47
  C:1C18H         LINE#         48
  C:1C34H         LINE#         49
  C:1C3EH         LINE#         51
  -------         ENDPROC       FUEL_CAPACITY_ADC_VAL_GET
  -------         PROC          FUEL_CAPACITY_SCAN_TIME_ADD
  C:203EH         LINE#         54
  C:203EH         LINE#         55
  C:203EH         LINE#         56
  C:204DH         LINE#         57
  C:204DH         LINE#         58
  C:2054H         LINE#         59
  C:2054H         LINE#         60
  -------         ENDPROC       FUEL_CAPACITY_SCAN_TIME_ADD
  -------         PROC          FUEL_LEV_UPDATE_TIME_ADD
  C:2055H         LINE#         62
  C:2055H         LINE#         63
  C:2055H         LINE#         64
  C:2064H         LINE#         65
  C:2064H         LINE#         66
  C:206BH         LINE#         67
  C:206BH         LINE#         68
  -------         ENDPROC       FUEL_LEV_UPDATE_TIME_ADD
  -------         PROC          ___FUEL_VOLTAGE_SAMPLES_INIT__
  D:0006H         SYMBOL        voltage
  -------         DO            
BL51 BANKED LINKER/LOCATER V6.22.4.0                                                  05/27/2026  18:59:01  PAGE 29


  D:0005H         SYMBOL        i
  -------         ENDDO         
  C:20F5H         LINE#         74
  C:20F5H         LINE#         75
  C:20F5H         LINE#         77
  C:20F7H         LINE#         78
  C:20F7H         LINE#         79
  C:20FEH         LINE#         80
  C:2103H         LINE#         81
  -------         ENDPROC       ___FUEL_VOLTAGE_SAMPLES_INIT__
  -------         PROC          ___FUEL_VOLTAGE_SAMPLES_UPDATE__
  D:0006H         SYMBOL        voltage
  C:1FADH         LINE#         83
  C:1FADH         LINE#         84
  C:1FADH         LINE#         85
  C:1FB7H         LINE#         86
  C:1FBDH         LINE#         87
  C:1FC3H         LINE#         88
  C:1FC3H         LINE#         89
  C:1FC5H         LINE#         90
  C:1FC5H         LINE#         91
  -------         ENDPROC       ___FUEL_VOLTAGE_SAMPLES_UPDATE__
  -------         PROC          __FUEL_VOLTAGE_SAMPLES_GET__
  -------         DO            
  X:61FAH         SYMBOL        i
  X:61FBH         SYMBOL        sum
  -------         ENDDO         
  C:1CFAH         LINE#         93
  C:1CFAH         LINE#         94
  C:1CFAH         LINE#         96
  C:1D04H         LINE#         97
  C:1D09H         LINE#         98
  C:1D09H         LINE#         99
  C:1D1FH         LINE#         100
  C:1D29H         LINE#         102
  -------         ENDPROC       __FUEL_VOLTAGE_SAMPLES_GET__
  -------         PROC          _FUEL_CAPACITY_CONVERT_VOLTAGE_TO_LEV
  D:0006H         SYMBOL        voltage
  -------         DO            
  D:0005H         SYMBOL        ret
  -------         ENDDO         
  C:1A36H         LINE#         107
  C:1A36H         LINE#         108
  C:1A36H         LINE#         109
  C:1A38H         LINE#         110
  C:1A41H         LINE#         111
  C:1A41H         LINE#         112
  C:1A41H         LINE#         113
  C:1A43H         LINE#         114
  C:1A4CH         LINE#         115
  C:1A4CH         LINE#         116
  C:1A4EH         LINE#         117
  C:1A50H         LINE#         118
  C:1A59H         LINE#         119
  C:1A59H         LINE#         120
  C:1A5BH         LINE#         121
  C:1A5DH         LINE#         122
BL51 BANKED LINKER/LOCATER V6.22.4.0                                                  05/27/2026  18:59:01  PAGE 30


  C:1A66H         LINE#         123
  C:1A66H         LINE#         124
  C:1A68H         LINE#         125
  C:1A6AH         LINE#         126
  C:1A73H         LINE#         127
  C:1A73H         LINE#         128
  C:1A75H         LINE#         129
  C:1A77H         LINE#         135
  C:1A77H         LINE#         136
  C:1A79H         LINE#         137
  C:1A79H         LINE#         139
  C:1A7BH         LINE#         140
  -------         ENDPROC       _FUEL_CAPACITY_CONVERT_VOLTAGE_TO_LEV
  -------         PROC          FUEL_CAPACITY_SCAN
  -------         DO            
  D:0006H         SYMBOL        fuel_adc_val
  D:0002H         SYMBOL        fuel_voltage
  X:60B0H         SYMBOL        is_initialized
  X:60B1H         SYMBOL        fuel_lev_of_lag
  X:622CH         SYMBOL        cur_fuel_lev
  -------         ENDDO         
  C:1105H         LINE#         142
  C:1105H         LINE#         143
  C:1105H         LINE#         149
  C:110AH         LINE#         151
  C:111CH         LINE#         152
  C:111CH         LINE#         153
  C:1120H         LINE#         154
  C:1120H         LINE#         156
  C:1120H         LINE#         159
  C:1120H         LINE#         162
  C:1123H         LINE#         164
  C:1137H         LINE#         168
  C:113DH         LINE#         169
  C:113DH         LINE#         170
  C:113FH         LINE#         171
  C:1142H         LINE#         172
  C:1142H         LINE#         173
  C:1146H         LINE#         175
  C:1148H         LINE#         176
  C:1148H         LINE#         178
  C:114EH         LINE#         179
  C:114EH         LINE#         182
  C:1150H         LINE#         183
  C:1150H         LINE#         184
  C:1152H         LINE#         186
  C:1152H         LINE#         188
  C:1157H         LINE#         191
  C:1157H         LINE#         192
  C:1159H         LINE#         194
  C:1159H         LINE#         195
  C:1160H         LINE#         196
  C:1160H         LINE#         198
  C:116FH         LINE#         199
  C:116FH         LINE#         202
  C:116FH         LINE#         203
  C:1173H         LINE#         207
BL51 BANKED LINKER/LOCATER V6.22.4.0                                                  05/27/2026  18:59:01  PAGE 31


  C:1176H         LINE#         210
  C:117FH         LINE#         211
  C:117FH         LINE#         212
  C:1182H         LINE#         213
  C:1184H         LINE#         214
  C:118EH         LINE#         215
  C:118EH         LINE#         216
  C:1194H         LINE#         217
  C:1194H         LINE#         219
  C:119AH         LINE#         220
  C:119AH         LINE#         223
  C:11A0H         LINE#         224
  C:11A0H         LINE#         227
  C:11A2H         LINE#         228
  C:11A2H         LINE#         229
  C:11A3H         LINE#         231
  C:11A3H         LINE#         233
  C:11A8H         LINE#         236
  C:11A8H         LINE#         237
  -------         ENDPROC       FUEL_CAPACITY_SCAN
  -------         ENDMOD        FUEL_CAPACITY

  -------         MODULE        BATTERY
  C:0000H         SYMBOL        _ICE_DUMMY_
  X:6148H         PUBLIC        battery_scan_time_cnt
  C:1E03H         PUBLIC        _bat_adc_val_samples_update
  C:206CH         PUBLIC        bat_scan_time_add
  C:17ADH         PUBLIC        battery_scan
  X:614AH         SYMBOL        bat_adc_val_samples
  X:6172H         SYMBOL        bat_adc_val_sample_index
  C:20D4H         SYMBOL        ___bat_adv_val_samples_init__
  C:18AEH         PUBLIC        bat_adc_val_get
  C:2189H         SYMBOL        Com0015
  C:2189H         SYMBOL        L?0022
  C:2189H         SYMBOL        L?0023
  -------         PROC          COM0015
  -------         ENDPROC       COM0015
  -------         PROC          ___BAT_ADV_VAL_SAMPLES_INIT__
  D:0006H         SYMBOL        adc_val
  -------         DO            
  D:0005H         SYMBOL        i
  -------         ENDDO         
  C:20D4H         LINE#         15
  C:20D4H         LINE#         16
  C:20D4H         LINE#         18
  C:20D6H         LINE#         19
  C:20D6H         LINE#         20
  C:20DFH         LINE#         21
  C:20E4H         LINE#         22
  -------         ENDPROC       ___BAT_ADV_VAL_SAMPLES_INIT__
  -------         PROC          _BAT_ADC_VAL_SAMPLES_UPDATE
  D:0006H         SYMBOL        adc_val
  -------         DO            
  X:6147H         SYMBOL        is_initialized
  -------         ENDDO         
  C:1E03H         LINE#         25
  C:1E03H         LINE#         26
BL51 BANKED LINKER/LOCATER V6.22.4.0                                                  05/27/2026  18:59:01  PAGE 32


  C:1E03H         LINE#         28
  C:1E09H         LINE#         29
  C:1E09H         LINE#         30
  C:1E0CH         LINE#         31
  C:1E13H         LINE#         33
  C:1E13H         LINE#         35
  C:1E1FH         LINE#         36
  C:1E25H         LINE#         37
  C:1E2BH         LINE#         38
  C:1E2BH         LINE#         39
  C:1E2DH         LINE#         40
  C:1E2DH         LINE#         41
  -------         ENDPROC       _BAT_ADC_VAL_SAMPLES_UPDATE
  -------         PROC          BAT_ADC_VAL_GET
  -------         DO            
  X:61FFH         SYMBOL        i
  X:6200H         SYMBOL        sum
  -------         ENDDO         
  C:18AEH         LINE#         44
  C:18AEH         LINE#         45
  C:18AEH         LINE#         47
  C:18B8H         LINE#         48
  C:18BDH         LINE#         49
  C:18BDH         LINE#         50
  C:18DBH         LINE#         51
  C:18E5H         LINE#         52
  C:18FAH         LINE#         54
  -------         ENDPROC       BAT_ADC_VAL_GET
  -------         PROC          BAT_SCAN_TIME_ADD
  C:206CH         LINE#         57
  C:206CH         LINE#         58
  C:206CH         LINE#         59
  C:207BH         LINE#         60
  C:207BH         LINE#         61
  C:2082H         LINE#         62
  C:2082H         LINE#         63
  -------         ENDPROC       BAT_SCAN_TIME_ADD
  -------         PROC          BATTERY_SCAN
  -------         DO            
[...]
  C:1249H         LINE#         699
  C:1250H         LINE#         700
  C:1250H         LINE#         701
  C:1255H         LINE#         702
  C:1255H         LINE#         703
  C:1259H         LINE#         704
  C:1259H         LINE#         705
  C:1259H         LINE#         707
  C:125CH         LINE#         708
  C:125CH         LINE#         709
  C:125CH         LINE#         710
  C:1261H         LINE#         712
  C:1267H         LINE#         714
  C:126DH         LINE#         715
  C:126DH         LINE#         716
  C:1270H         LINE#         717
  C:1276H         LINE#         718
  C:1276H         LINE#         719
  C:1276H         LINE#         720
  C:1277H         LINE#         721
  C:127CH         LINE#         722
  C:127CH         LINE#         723
  C:1281H         LINE#         724
  C:1281H         LINE#         725
  C:1285H         LINE#         727
  C:128EH         LINE#         728
  C:128EH         LINE#         729
  C:1291H         LINE#         730
  C:1291H         LINE#         732
  C:1291H         LINE#         733
  C:1291H         LINE#         734
  C:1294H         LINE#         735
  C:1294H         LINE#         736
  C:1294H         LINE#         737
  C:1299H         LINE#         738
  C:1299H         LINE#         739
  C:1299H         LINE#         740
  -------         ENDPROC       __AIP3368H_DISPLAY_BOOT_ANIMATION_IN_SPEED_AND_MILEAGE__
  -------         PROC          __AIP3368H_DISPLAY_BOOT_ANIMATION_IN_FUEL_LEVEL__
  -------         DO            
  X:600CH         SYMBOL        animation_step
  X:600EH         SYMBOL        animation_phase
  X:600FH         SYMBOL        level
  -------         ENDDO         
  C:16E6H         LINE#         742
  C:16E6H         LINE#         743
  C:16E6H         LINE#         748
  C:16ECH         LINE#         749
  C:16F3H         LINE#         750
  C:16F3H         LINE#         751
BL51 BANKED LINKER/LOCATER V6.22.4.0                                                  05/27/2026  18:59:01  PAGE 43


  C:16F8H         LINE#         752
  C:16F8H         LINE#         753
  C:16FCH         LINE#         755
  C:1704H         LINE#         756
  C:1704H         LINE#         757
  C:1707H         LINE#         758
  C:1709H         LINE#         760
  C:1709H         LINE#         761
  C:170FH         LINE#         762
  C:170FH         LINE#         764
  C:170FH         LINE#         765
  C:170FH         LINE#         766
  C:1711H         LINE#         767
  C:1715H         LINE#         768
  C:1715H         LINE#         769
  C:1721H         LINE#         770
  C:1721H         LINE#         771
  C:1721H         LINE#         772
  C:1724H         LINE#         773
  C:1724H         LINE#         774
  C:1725H         LINE#         775
  C:172CH         LINE#         776
  C:172CH         LINE#         777
  C:1731H         LINE#         778
  C:1731H         LINE#         779
  C:1735H         LINE#         781
  C:173EH         LINE#         782
  C:173EH         LINE#         783
  C:1741H         LINE#         784
  C:1741H         LINE#         786
  C:1749H         LINE#         787
  C:1749H         LINE#         788
  C:1749H         LINE#         789
  -------         ENDPROC       __AIP3368H_DISPLAY_BOOT_ANIMATION_IN_FUEL_LEVEL__
  -------         PROC          AIP3368H_DISPLAY_BOOT_ANIMATION_TIME_ADD
  C:20E5H         LINE#         791
  C:20E5H         LINE#         792
  C:20E5H         LINE#         793
  C:20ECH         LINE#         794
  C:20ECH         LINE#         796
  C:20F2H         LINE#         797
  C:20F4H         LINE#         798
  C:20F4H         LINE#         799
  -------         ENDPROC       AIP3368H_DISPLAY_BOOT_ANIMATION_TIME_ADD
  -------         PROC          AIP3368H_DISPLAY_BOOT_ANIMATION_HANDLE
  C:13CEH         LINE#         802
  C:13CEH         LINE#         803
  C:13CEH         LINE#         804
  C:13D4H         LINE#         805
  C:13D7H         LINE#         806
  C:13DCH         LINE#         808
  C:13DFH         LINE#         809
  C:13E2H         LINE#         811
  C:13E8H         LINE#         812
  C:13EEH         LINE#         813
  C:13EEH         LINE#         814
  C:13F1H         LINE#         815
BL51 BANKED LINKER/LOCATER V6.22.4.0                                                  05/27/2026  18:59:01  PAGE 44


  C:13F5H         LINE#         817
  C:13FAH         LINE#         818
  C:13FDH         LINE#         821
  C:1400H         LINE#         822
  C:1407H         LINE#         824
  C:140DH         LINE#         825
  C:140DH         LINE#         826
  C:1410H         LINE#         828
  C:1413H         LINE#         829
  C:1413H         LINE#         830
  C:1415H         LINE#         831
  C:1415H         LINE#         833
  C:1415H         LINE#         834
  C:1415H         LINE#         835
  C:1415H         LINE#         837
  C:1418H         LINE#         838
  C:141BH         LINE#         839
  C:141EH         LINE#         840
  C:1421H         LINE#         843
  C:1430H         LINE#         844
  C:1430H         LINE#         845
  C:1435H         LINE#         849
  C:1439H         LINE#         850
  C:143CH         LINE#         852
  C:143FH         LINE#         853
  C:1442H         LINE#         854
  C:1447H         LINE#         856
  C:1447H         LINE#         858
  C:144AH         LINE#         859
  C:144CH         LINE#         860
  -------         ENDPROC       AIP3368H_DISPLAY_BOOT_ANIMATION_HANDLE
  -------         PROC          AIP3368H_DISPLAY_ERR_HANDLE_TIME_ADD
  C:20C1H         LINE#         862
  C:20C1H         LINE#         863
  C:20C1H         LINE#         864
  C:20D0H         LINE#         865
  C:20D0H         LINE#         866
  C:20D3H         LINE#         867
  C:20D3H         LINE#         868
  -------         ENDPROC       AIP3368H_DISPLAY_ERR_HANDLE_TIME_ADD
  -------         PROC          AIP3368H_DISPLAY_ERR_HANDLE
  C:1540H         LINE#         869
  C:1540H         LINE#         870
  C:1540H         LINE#         871
  C:154FH         LINE#         872
  C:154FH         LINE#         874
  C:154FH         LINE#         876
  C:154FH         LINE#         877
  C:1553H         LINE#         878
  C:1553H         LINE#         881
  C:1559H         LINE#         882
  C:1559H         LINE#         884
  C:1564H         LINE#         885
  C:1564H         LINE#         886
  C:1568H         LINE#         887
  C:156AH         LINE#         889
  C:156AH         LINE#         890
BL51 BANKED LINKER/LOCATER V6.22.4.0                                                  05/27/2026  18:59:01  PAGE 45


  C:1571H         LINE#         891
  C:1571H         LINE#         892
  C:1571H         LINE#         895
  C:1577H         LINE#         896
  C:1577H         LINE#         898
  C:1582H         LINE#         899
  C:1582H         LINE#         900
  C:1582H         LINE#         901
  C:1585H         LINE#         902
  C:1587H         LINE#         904
  C:1587H         LINE#         905
  C:158AH         LINE#         906
  C:158DH         LINE#         907
  C:158DH         LINE#         908
  C:158DH         LINE#         911
  C:1593H         LINE#         912
  C:1593H         LINE#         915
  C:15A0H         LINE#         916
  C:15A0H         LINE#         917
  C:15A4H         LINE#         918
  C:15A5H         LINE#         920
  C:15A5H         LINE#         921
  C:15ABH         LINE#         922
  C:15ABH         LINE#         923
  C:15ABH         LINE#         924
  -------         ENDPROC       AIP3368H_DISPLAY_ERR_HANDLE
  -------         PROC          AIP3368H_DISPLAY_TEST
  C:21B0H         LINE#         1163
  C:21B0H         LINE#         1164
  C:21B0H         LINE#         1380
  -------         ENDPROC       AIP3368H_DISPLAY_TEST
  -------         ENDMOD        AIP3368H_DISPLAY

  -------         MODULE        IO_KEY
  C:0000H         SYMBOL        _ICE_DUMMY_
  B:0080H.5       PUBLIC        P05
  X:618BH         PUBLIC        io_key_para
  C:2170H         PUBLIC        io_key_config
  C:1B06H         PUBLIC        io_key_handle
  C:21A0H         PUBLIC        io_key_get_key_id
  X:619EH         SYMBOL        io_key_event_table
  C:1AC1H         PUBLIC        ___io_key_get_event__
  C:2113H         SYMBOL        Com001A
  C:2113H         SYMBOL        L?0027
  -------         PROC          COM001A
  -------         ENDPROC       COM001A
  -------         PROC          IO_KEY_CONFIG
  C:2170H         LINE#         42
  C:2170H         LINE#         43
  C:2170H         LINE#         44
  C:2176H         LINE#         45
  C:217CH         LINE#         46
  -------         ENDPROC       IO_KEY_CONFIG
  -------         PROC          IO_KEY_GET_KEY_ID
  C:21A0H         LINE#         48
  C:21A0H         LINE#         49
  C:21A0H         LINE#         50
BL51 BANKED LINKER/LOCATER V6.22.4.0                                                  05/27/2026  18:59:01  PAGE 46


  C:21A3H         LINE#         51
  C:21A3H         LINE#         52
  C:21A6H         LINE#         53
  C:21A6H         LINE#         55
  C:21A8H         LINE#         56
  -------         ENDPROC       IO_KEY_GET_KEY_ID
  -------         PROC          ___IO_KEY_GET_EVENT__
  D:0007H         SYMBOL        key_val
  D:0005H         SYMBOL        key_event
  -------         DO            
  D:0006H         SYMBOL        ret_key_event
  D:0004H         SYMBOL        i
  D:0003H         SYMBOL        index
  -------         ENDDO         
  C:1AC1H         LINE#         58
  C:1AC1H         LINE#         59
  C:1AC1H         LINE#         60
  C:1AC3H         LINE#         61
  C:1AC4H         LINE#         62
  C:1AC5H         LINE#         64
  C:1AC9H         LINE#         65
  C:1AC9H         LINE#         66
  C:1ACAH         LINE#         67
  C:1ACCH         LINE#         68
  C:1AD0H         LINE#         69
  C:1AD0H         LINE#         70
  C:1AD2H         LINE#         71
  C:1AD4H         LINE#         72
  C:1AD8H         LINE#         73
  C:1AD8H         LINE#         74
  C:1ADAH         LINE#         75
  C:1ADCH         LINE#         76
  C:1AE0H         LINE#         77
  C:1AE0H         LINE#         78
  C:1AE2H         LINE#         79
  C:1AE2H         LINE#         81
  C:1AE8H         LINE#         82
  C:1AE8H         LINE#         83
  C:1AEFH         LINE#         84
  C:1AEFH         LINE#         85
  C:1AFEH         LINE#         86
  C:1B00H         LINE#         87
  C:1B00H         LINE#         88
  C:1B03H         LINE#         90
  C:1B05H         LINE#         91
  -------         ENDPROC       ___IO_KEY_GET_EVENT__
  -------         PROC          IO_KEY_HANDLE
  -------         DO            
  D:0007H         SYMBOL        io_key_event
  -------         ENDDO         
  C:1B06H         LINE#         93
  C:1B06H         LINE#         94
  C:1B06H         LINE#         95
  C:1B06H         LINE#         97
  C:1B0CH         LINE#         98
  C:1B0CH         LINE#         100
  C:1B0CH         LINE#         102
BL51 BANKED LINKER/LOCATER V6.22.4.0                                                  05/27/2026  18:59:01  PAGE 47


  C:1B14H         LINE#         103
  C:1B19H         LINE#         104
  C:1B1BH         LINE#         106
  C:1B23H         LINE#         107
  C:1B23H         LINE#         108
  C:1B23H         LINE#         109
  C:1B29H         LINE#         110
  C:1B29H         LINE#         111
  C:1B2BH         LINE#         115
  C:1B2DH         LINE#         117
  C:1B2DH         LINE#         118
  C:1B33H         LINE#         122
  C:1B33H         LINE#         124
  C:1B33H         LINE#         126
  C:1B35H         LINE#         127
  C:1B35H         LINE#         128
  C:1B3BH         LINE#         129
  C:1B3BH         LINE#         130
  C:1B45H         LINE#         134
  C:1B48H         LINE#         135
  C:1B48H         LINE#         136
  C:1B48H         LINE#         138
  C:1B48H         LINE#         139
  C:1B48H         LINE#         140
  C:1B48H         LINE#         141
  -------         ENDPROC       IO_KEY_HANDLE
  -------         ENDMOD        IO_KEY

  -------         MODULE        ?C?CLDPTR
  C:0045H         PUBLIC        ?C?CLDPTR
  -------         ENDMOD        ?C?CLDPTR

  -------         MODULE        ?C?CLDOPTR
  C:005EH         PUBLIC        ?C?CLDOPTR
  -------         ENDMOD        ?C?CLDOPTR

  -------         MODULE        ?C?CILDOPTR
  C:008BH         PUBLIC        ?C?CILDOPTR
  -------         ENDMOD        ?C?CILDOPTR

  -------         MODULE        ?C?CSTPTR
  C:00BEH         PUBLIC        ?C?CSTPTR
  -------         ENDMOD        ?C?CSTPTR

  -------         MODULE        ?C?CSTOPTR
  C:00D0H         PUBLIC        ?C?CSTOPTR
  -------         ENDMOD        ?C?CSTOPTR

  -------         MODULE        ?C?UIDIV
  C:00F2H         PUBLIC        ?C?UIDIV
  -------         ENDMOD        ?C?UIDIV

  -------         MODULE        ?C?IILDX
  C:0147H         PUBLIC        ?C?IILDX
  -------         ENDMOD        ?C?IILDX

  -------         MODULE        ?C?ILDOPTR
BL51 BANKED LINKER/LOCATER V6.22.4.0                                                  05/27/2026  18:59:01  PAGE 48


  C:015DH         PUBLIC        ?C?ILDOPTR
  -------         ENDMOD        ?C?ILDOPTR

  -------         MODULE        ?C?LADD
  C:0195H         PUBLIC        ?C?LADD
  -------         ENDMOD        ?C?LADD

  -------         MODULE        ?C?LSUB
  C:01A2H         PUBLIC        ?C?LSUB
  -------         ENDMOD        ?C?LSUB

  -------         MODULE        ?C?LMUL
  C:01B0H         PUBLIC        ?C?LMUL
  -------         ENDMOD        ?C?LMUL

  -------         MODULE        ?C?ULDIV
  C:023BH         PUBLIC        ?C?ULDIV
  -------         ENDMOD        ?C?ULDIV

  -------         MODULE        ?C?SLCMP
  C:02CDH         PUBLIC        ?C?SLCMP
  -------         ENDMOD        ?C?SLCMP

  -------         MODULE        ?C?ULCMP
  C:02E3H         PUBLIC        ?C?ULCMP
  -------         ENDMOD        ?C?ULCMP

  -------         MODULE        ?C?LLDXDATA
  C:02F4H         PUBLIC        ?C?LLDXDATA
  -------         ENDMOD        ?C?LLDXDATA

  -------         MODULE        ?C?LLDXDATA0
  C:0300H         PUBLIC        ?C?LLDXDATA0
  -------         ENDMOD        ?C?LLDXDATA0

  -------         MODULE        ?C?LSTXDATA
  C:030CH         PUBLIC        ?C?LSTXDATA
  -------         ENDMOD        ?C?LSTXDATA

  -------         MODULE        ?C?LSTKXDATA
  C:0318H         PUBLIC        ?C?LSTKXDATA
  -------         ENDMOD        ?C?LSTKXDATA

  -------         MODULE        ?C?OFFXADD
  C:0349H         PUBLIC        ?C?OFFXADD
  -------         ENDMOD        ?C?OFFXADD

  -------         MODULE        ?C?PLDXDATA
  C:0355H         PUBLIC        ?C?PLDXDATA
  -------         ENDMOD        ?C?PLDXDATA

  -------         MODULE        ?C?PLDIXDATA
  C:035EH         PUBLIC        ?C?PLDIXDATA
  -------         ENDMOD        ?C?PLDIXDATA

  -------         MODULE        ?C?PSTXDATA
  C:0375H         PUBLIC        ?C?PSTXDATA
BL51 BANKED LINKER/LOCATER V6.22.4.0                                                  05/27/2026  18:59:01  PAGE 49


  -------         ENDMOD        ?C?PSTXDATA

  -------         MODULE        ?C?PLDOPTR
  C:037EH         PUBLIC        ?C?PLDOPTR
  -------         ENDMOD        ?C?PLDOPTR

  -------         MODULE        ?C?CCASE
  C:03AEH         PUBLIC        ?C?CCASE
  -------         ENDMOD        ?C?CCASE

  -------         MODULE        ?C?ICALL
  C:03D4H         PUBLIC        ?C?ICALL
  C:03D8H         PUBLIC        ?C?ICALL2
  -------         ENDMOD        ?C?ICALL

  -------         MODULE        ?C?LIMUL
  C:03DAH         PUBLIC        ?C?LIMUL
  -------         ENDMOD        ?C?LIMUL

  -------         MODULE        ?C?MEMSET
  C:0407H         PUBLIC        ?C?MEMSET
  -------         ENDMOD        ?C?MEMSET

  -------         MODULE        ?C?PLDIDATA
  C:0433H         PUBLIC        ?C?PLDIDATA
  -------         ENDMOD        ?C?PLDIDATA

  -------         MODULE        ?C?PLDPDATA
  C:043CH         PUBLIC        ?C?PLDPDATA
  -------         ENDMOD        ?C?PLDPDATA

  -------         MODULE        ?C?PLDCODE
  C:0445H         PUBLIC        ?C?PLDCODE
  -------         ENDMOD        ?C?PLDCODE

*** WARNING L16: UNCALLED SEGMENT, IGNORED FOR OVERLAY PROCESS
    SEGMENT: ?PR?ADC_CONFIG?ADC

*** WARNING L16: UNCALLED SEGMENT, IGNORED FOR OVERLAY PROCESS
    SEGMENT: ?PR?ADC_CHANNEL_SWITCH_BY_ISR?ADC

*** WARNING L16: UNCALLED SEGMENT, IGNORED FOR OVERLAY PROCESS
    SEGMENT: ?PR?_KEY_DRIVER_SCAN?KEY_DRIVER

*** WARNING L16: UNCALLED SEGMENT, IGNORED FOR OVERLAY PROCESS
    SEGMENT: ?PR?PIN_LEVEL_SCAN_CONFIG?PIN_LEVEL_SCAN

*** WARNING L16: UNCALLED SEGMENT, IGNORED FOR OVERLAY PROCESS
    SEGMENT: ?PR?PIN_LEVEL_SCAN?PIN_LEVEL_SCAN

*** WARNING L16: UNCALLED SEGMENT, IGNORED FOR OVERLAY PROCESS
    SEGMENT: ?PR?SPEED_SCAN_CONFIG?SPEED_SCAN

*** WARNING L16: UNCALLED SEGMENT, IGNORED FOR OVERLAY PROCESS
    SEGMENT: ?PR?SPEED_SCAN_TIMER_50US_ISR?SPEED_SCAN

*** WARNING L16: UNCALLED SEGMENT, IGNORED FOR OVERLAY PROCESS
BL51 BANKED LINKER/LOCATER V6.22.4.0                                                  05/27/2026  18:59:01  PAGE 50


    SEGMENT: ?PR?SPEED_SCAN?SPEED_SCAN

*** WARNING L16: UNCALLED SEGMENT, IGNORED FOR OVERLAY PROCESS
    SEGMENT: ?PR?AIP3368H_DISPLAY_SPEED_REFRESH_TIME_ADD?SPEED_SCAN

*** WARNING L16: UNCALLED SEGMENT, IGNORED FOR OVERLAY PROCESS
    SEGMENT: ?PR?AIP3368H_DISPLAY_SPEED_HANDLE?SPEED_SCAN

*** WARNING L16: UNCALLED SEGMENT, IGNORED FOR OVERLAY PROCESS
    SEGMENT: ?PR?ENGINE_SPEED_SCAN_CONFIG?ENGINE_SPEED_SCAN

*** WARNING L16: UNCALLED SEGMENT, IGNORED FOR OVERLAY PROCESS
    SEGMENT: ?PR?ENGINE_SPEED_SCAN_TIMER_50US_ISR?ENGINE_SPEED_SCAN

*** WARNING L16: UNCALLED SEGMENT, IGNORED FOR OVERLAY PROCESS
    SEGMENT: ?PR?ENGINE_SPEED_SCAN?ENGINE_SPEED_SCAN

*** WARNING L16: UNCALLED SEGMENT, IGNORED FOR OVERLAY PROCESS
    SEGMENT: ?PR?AIP3368H_DISPLAY_ENGINE_SPEED_REFRESH_TIME_ADD?ENGINE_SPEED_SCAN

*** WARNING L16: UNCALLED SEGMENT, IGNORED FOR OVERLAY PROCESS
    SEGMENT: ?PR?AIP3368H_DISPLAY_ENGINE_SPEED_HANDLE?ENGINE_SPEED_SCAN

*** WARNING L16: UNCALLED SEGMENT, IGNORED FOR OVERLAY PROCESS
    SEGMENT: ?PR?MILEAGE_SCAN?MILEAGE

*** WARNING L16: UNCALLED SEGMENT, IGNORED FOR OVERLAY PROCESS
    SEGMENT: ?PR?FUEL_CAPACITY_SCAN?FUEL_CAPACITY

*** WARNING L16: UNCALLED SEGMENT, IGNORED FOR OVERLAY PROCESS
    SEGMENT: ?PR?BAT_SCAN_TIME_ADD?BATTERY

*** WARNING L16: UNCALLED SEGMENT, IGNORED FOR OVERLAY PROCESS
    SEGMENT: ?PR?BATTERY_SCAN?BATTERY

*** WARNING L16: UNCALLED SEGMENT, IGNORED FOR OVERLAY PROCESS
    SEGMENT: ?PR?_AIP3368H_DISPLAY_MILEAGE?AIP3368H_DISPLAY

*** WARNING L16: UNCALLED SEGMENT, IGNORED FOR OVERLAY PROCESS
    SEGMENT: ?PR?_AIP3368H_DISPLAY_SPEED?AIP3368H_DISPLAY

*** WARNING L16: UNCALLED SEGMENT, IGNORED FOR OVERLAY PROCESS
    SEGMENT: ?PR?AIP3368H_DISPLAY_BOOT_ANIMATION_TIME_ADD?AIP3368H_DISPLAY

*** WARNING L16: UNCALLED SEGMENT, IGNORED FOR OVERLAY PROCESS
    SEGMENT: ?PR?AIP3368H_DISPLAY_BOOT_ANIMATION_HANDLE?AIP3368H_DISPLAY

*** WARNING L16: UNCALLED SEGMENT, IGNORED FOR OVERLAY PROCESS
    SEGMENT: ?PR?AIP3368H_DISPLAY_ERR_HANDLE_TIME_ADD?AIP3368H_DISPLAY

*** WARNING L16: UNCALLED SEGMENT, IGNORED FOR OVERLAY PROCESS
    SEGMENT: ?PR?AIP3368H_DISPLAY_ERR_HANDLE?AIP3368H_DISPLAY

*** WARNING L16: UNCALLED SEGMENT, IGNORED FOR OVERLAY PROCESS
    SEGMENT: ?PR?AIP3368H_DISPLAY_TEST?AIP3368H_DISPLAY

*** WARNING L16: UNCALLED SEGMENT, IGNORED FOR OVERLAY PROCESS
BL51 BANKED LINKER/LOCATER V6.22.4.0                                                  05/27/2026  18:59:01  PAGE 51


    SEGMENT: ?PR?IO_KEY_CONFIG?IO_KEY

*** WARNING L16: UNCALLED SEGMENT, IGNORED FOR OVERLAY PROCESS
    SEGMENT: ?PR?IO_KEY_HANDLE?IO_KEY

Program Size: data=9.6 xdata=558 code=8625
LINK/LOCATE RUN COMPLETE.  28 WARNING(S),  0 ERROR(S)
