BL51 BANKED LINKER/LOCATER V6.22.4.0                                                    06/03/2026  18:44:46  PAGE 1


BL51 BANKED LINKER/LOCATER V6.22.4.0, INVOKED BY:
C:\KEIL_V5\C51\BIN\BL51.EXE .\Release\Objects\STARTUP.obj, .\Release\Objects\system.obj, ..\..\User\lib\tk_simplify_algo
>> rithm_V1.0.0.LIB, .\Release\Objects\tk_set.obj, .\Release\Objects\tmr1.obj, .\Release\Objects\tmr2.obj, .\Release\Obj
>> ects\uart0.obj, .\Release\Objects\adc.obj, .\Release\Objects\key_driver.obj, .\Release\Objects\user_flash.obj, .\Rele
>> ase\Objects\aip3368.obj, .\Release\Objects\beep.obj, .\Release\Objects\main.obj, .\Release\Objects\pin_level_scan.obj
>> , .\Release\Objects\speed_scan.obj, .\Release\Objects\engine_speed_scan.obj, .\Release\Objects\mileage.obj, .\Release
>> \Objects\fuel_capacity.obj, .\Release\Objects\instrument.obj, .\Release\Objects\aip3368h_display.obj, .\Release\Objec
>> ts\io_key.obj, .\Release\Objects\ui.obj TO .\Release\Objects\Project PRINT (.\Release\Listings\Project.m51) RAMSIZE (
>> 256) CODE (0X0000-0X3EEF) XDATA (0X6000-0X66FF)


MEMORY MODEL: LARGE


INPUT MODULES INCLUDED:
  .\Release\Objects\STARTUP.obj (?C_STARTUP)
  .\Release\Objects\system.obj (SYSTEM)
  .\Release\Objects\tk_set.obj (TK_SET)
  .\Release\Objects\tmr1.obj (TMR1)
  .\Release\Objects\tmr2.obj (TMR2)
  .\Release\Objects\uart0.obj (UART0)
  .\Release\Objects\adc.obj (ADC)
  .\Release\Objects\key_driver.obj (KEY_DRIVER)
  .\Release\Objects\user_flash.obj (USER_FLASH)
  .\Release\Objects\aip3368.obj (AIP3368)
  .\Release\Objects\beep.obj (BEEP)
  .\Release\Objects\main.obj (MAIN)
  .\Release\Objects\pin_level_scan.obj (PIN_LEVEL_SCAN)
  .\Release\Objects\speed_scan.obj (SPEED_SCAN)
  .\Release\Objects\engine_speed_scan.obj (ENGINE_SPEED_SCAN)
  .\Release\Objects\mileage.obj (MILEAGE)
  .\Release\Objects\fuel_capacity.obj (FUEL_CAPACITY)
  .\Release\Objects\instrument.obj (INSTRUMENT)
  .\Release\Objects\aip3368h_display.obj (AIP3368H_DISPLAY)
  .\Release\Objects\io_key.obj (IO_KEY)
  .\Release\Objects\ui.obj (UI)
  C:\KEIL_V5\C51\LIB\C51L.LIB (?C_INIT)
  C:\KEIL_V5\C51\LIB\C51L.LIB (?C?COPY)
  C:\KEIL_V5\C51\LIB\C51L.LIB (?C?CLDPTR)
  C:\KEIL_V5\C51\LIB\C51L.LIB (?C?CLDOPTR)
  C:\KEIL_V5\C51\LIB\C51L.LIB (?C?CILDOPTR)
  C:\KEIL_V5\C51\LIB\C51L.LIB (?C?CSTPTR)
  C:\KEIL_V5\C51\LIB\C51L.LIB (?C?CSTOPTR)
  C:\KEIL_V5\C51\LIB\C51L.LIB (?C?UIDIV)
  C:\KEIL_V5\C51\LIB\C51L.LIB (?C?IILDX)
  C:\KEIL_V5\C51\LIB\C51L.LIB (?C?ILDOPTR)
  C:\KEIL_V5\C51\LIB\C51L.LIB (?C?LADD)
  C:\KEIL_V5\C51\LIB\C51L.LIB (?C?LSUB)
  C:\KEIL_V5\C51\LIB\C51L.LIB (?C?LMUL)
  C:\KEIL_V5\C51\LIB\C51L.LIB (?C?ULDIV)
  C:\KEIL_V5\C51\LIB\C51L.LIB (?C?SLCMP)
  C:\KEIL_V5\C51\LIB\C51L.LIB (?C?ULCMP)
  C:\KEIL_V5\C51\LIB\C51L.LIB (?C?LLDXDATA)
  C:\KEIL_V5\C51\LIB\C51L.LIB (?C?LLDXDATA0)
  C:\KEIL_V5\C51\LIB\C51L.LIB (?C?LSTXDATA)
  C:\KEIL_V5\C51\LIB\C51L.LIB (?C?LSTKXDATA)
  C:\KEIL_V5\C51\LIB\C51L.LIB (?C?OFFXADD)
  C:\KEIL_V5\C51\LIB\C51L.LIB (?C?PLDXDATA)
BL51 BANKED LINKER/LOCATER V6.22.4.0                                                  06/03/2026  18:44:46  PAGE 2


  C:\KEIL_V5\C51\LIB\C51L.LIB (?C?PLDIXDATA)
  C:\KEIL_V5\C51\LIB\C51L.LIB (?C?PSTXDATA)
  C:\KEIL_V5\C51\LIB\C51L.LIB (?C?PLDOPTR)
  C:\KEIL_V5\C51\LIB\C51L.LIB (?C?CCASE)
  C:\KEIL_V5\C51\LIB\C51L.LIB (?C?ICALL)
  C:\KEIL_V5\C51\LIB\C51L.LIB (?C?LIMUL)
  C:\KEIL_V5\C51\LIB\C51L.LIB (PRINTF)
  C:\KEIL_V5\C51\LIB\C51L.LIB (?C?MEMSET)
  C:\KEIL_V5\C51\LIB\C51L.LIB (?C?PLDIDATA)
  C:\KEIL_V5\C51\LIB\C51L.LIB (?C?PLDPDATA)
  C:\KEIL_V5\C51\LIB\C51L.LIB (?C?PLDCODE)


LINK MAP OF MODULE:  .\Release\Objects\Project (?C_STARTUP)


            TYPE    BASE      LENGTH    RELOCATION   SEGMENT NAME
            -----------------------------------------------------

            * * * * * * *   D A T A   M E M O R Y   * * * * * * *
            REG     0000H     0008H     ABSOLUTE     "REG BANK 0"
            DATA    0008H     0005H     UNIT         _DATA_GROUP_
                    000DH     0013H                  *** GAP ***
            BIT     0020H.0   0001H.1   UNIT         _BIT_GROUP_
            BIT     0021H.1   0000H.2   UNIT         ?BI?SPEED_SCAN
            BIT     0021H.3   0000H.2   UNIT         ?BI?ENGINE_SPEED_SCAN
            BIT     0021H.5   0000H.1   UNIT         ?BI?MILEAGE
                    0021H.6   0000H.2                *** GAP ***
            IDATA   0022H     0001H     UNIT         ?STACK

            * * * * * * *  X D A T A   M E M O R Y  * * * * * * *
                    0000H     6000H                  *** GAP ***
            XDATA   6000H     015DH     UNIT         ?XD?AIP3368H_DISPLAY
            XDATA   615DH     0059H     UNIT         ?XD?FUEL_CAPACITY
            XDATA   61B6H     003EH     UNIT         ?XD?SPEED_SCAN
            XDATA   61F4H     002DH     UNIT         _XDATA_GROUP_
            XDATA   6221H     0018H     UNIT         ?XD?AIP3368
            XDATA   6239H     0018H     UNIT         ?XD?IO_KEY
            XDATA   6251H     0015H     UNIT         ?XD?ENGINE_SPEED_SCAN
            XDATA   6266H     0015H     UNIT         ?XD?INSTRUMENT
            XDATA   627BH     000AH     UNIT         ?XD?MILEAGE
            XDATA   6285H     0007H     UNIT         ?XD?UI
            XDATA   628CH     0004H     UNIT         ?XD?KEY_DRIVER
            XDATA   6290H     0003H     UNIT         ?XD?ADC
            XDATA   6293H     0002H     UNIT         ?XD?BEEP
            XDATA   6295H     0002H     UNIT         ?XD?_AIP3368H_DISPLAY_BACK_LIGHT_SCALE_BAR?AIP3368H_DISPLAY
            XDATA   6297H     0002H     UNIT         ?XD?_AIP3368H_DISPLAY_ENGINE_SPEED_DIGIT_SCALE?AIP3368H_DISPLAY

            * * * * * * *   C O D E   M E M O R Y   * * * * * * *
            CODE    0000H     0003H     ABSOLUTE     
            CODE    0003H     000CH     ABSOLUTE     
            CODE    000FH     0012H     UNIT         ?PR?TMR1
            CODE    0021H     0003H     ABSOLUTE     
            CODE    0024H     0003H     ABSOLUTE     
            CODE    0027H     001BH     UNIT         ?PR?_DELAY_MS?SYSTEM
            CODE    0042H     0003H     ABSOLUTE     
            CODE    0045H     0502H     UNIT         ?C?LIB_CODE
BL51 BANKED LINKER/LOCATER V6.22.4.0                                                  06/03/2026  18:44:46  PAGE 3


            CODE    0547H     0365H     UNIT         ?PR?PRINTF?PRINTF
            CODE    08ACH     0311H     UNIT         ?C_INITSEG
            CODE    0BBDH     0252H     UNIT         ?PR?__AIP3368H_DISPLAY_BOOT_ANIMATION_LEFT_TO_RIGHT__?AIP3368H_DISP
>> LAY
            CODE    0E0FH     0193H     UNIT         ?PR?_KEY_DRIVER_SCAN?KEY_DRIVER
            CODE    0FA2H     018CH     UNIT         ?PR?AIP3368H_DISPLAY
            CODE    112EH     0147H     UNIT         ?PR?AIP3368H_DISPLAY_SPEED_HANDLE?SPEED_SCAN
            CODE    1275H     0137H     UNIT         ?PR?FUEL_CAPACITY_SCAN?FUEL_CAPACITY
            CODE    13ACH     0100H     UNIT         ?PR?SPEED_SCAN?SPEED_SCAN
            CODE    14ACH     00F2H     UNIT         ?PR?_AIP3368H_DISPLAY_SPEED?AIP3368H_DISPLAY
            CODE    159EH     00DCH     UNIT         ?PR?SYSTEM_INIT?SYSTEM
            CODE    167AH     00CAH     UNIT         ?PR?___AIP3368H_DISPLAY_MILEAGE_BIT_X__?AIP3368H_DISPLAY
            CODE    1744H     00C7H     UNIT         ?PR?UI_DISPLAY_HANDLE?UI
            CODE    180BH     00B6H     UNIT         ?PR?IO_KEY_HANDLE?IO_KEY
            CODE    18C1H     00AAH     UNIT         ?PR?SPEED_FILTER_GET_SPEED?SPEED_SCAN
            CODE    196BH     009AH     UNIT         ?C_C51STARTUP
            CODE    1A05H     0099H     UNIT         ?PR?PIN_LEVEL_SCAN?PIN_LEVEL_SCAN
            CODE    1A9EH     0098H     UNIT         ?PR?___AIP3368H_DISPLAY_GEAR_DIGIT__?AIP3368H_DISPLAY
            CODE    1B36H     0094H     UNIT         ?PR?___AIP3368H_DISPLAY_SPEED_SEG__?AIP3368H_DISPLAY
            CODE    1BCAH     0093H     UNIT         ?PR?MILEAGE_SCAN?MILEAGE
            CODE    1C5DH     0089H     UNIT         ?PR?__AIP3368H_DISPLAY_BOOT_ANIMATION_IN_SPEED__?AIP3368H_DISPLAY
            CODE    1CE6H     0084H     UNIT         ?PR?TIMR1_IRQHANDLER?TMR1
            CODE    1D6AH     0084H     UNIT         ?PR?AIP3368H_MODULE_INIT?AIP3368
            CODE    1DEEH     0084H     UNIT         ?PR?AIP3368H_DISPLAY_ENGINE_SPEED_HANDLE?ENGINE_SPEED_SCAN
            CODE    1E72H     0080H     UNIT         ?PR?_AIP3368H_DISPLAY_BACK_LIGHT_SCALE_BAR?AIP3368H_DISPLAY
            CODE    1EF2H     007FH     UNIT         ?PR?_AIP3368H_DISPLAY_ENGINE_SPEED_SCALE_BAR?AIP3368H_DISPLAY
            CODE    1F71H     007FH     UNIT         ?PR?_AIP3368H_DISPLAY_ENGINE_SPEED_DIGIT_SCALE?AIP3368H_DISPLAY
            CODE    1FF0H     007EH     UNIT         ?PR?ENGINE_SPEED_SCAN?ENGINE_SPEED_SCAN
            CODE    206EH     007CH     UNIT         ?PR?___AIP3368H_DISPLAY_SPEED_BIT_X__?AIP3368H_DISPLAY
            CODE    20EAH     007CH     UNIT         ?PR?_AIP3368H_DISPLAY_FUEL_LEVEL?AIP3368H_DISPLAY
            CODE    2166H     0074H     UNIT         ?PR?PIN_LEVEL_SCAN_CONFIG?PIN_LEVEL_SCAN
            CODE    21DAH     006CH     UNIT         ?PR?_AIP3368H_DISPLAY_MILEAGE?AIP3368H_DISPLAY
            CODE    2246H     0065H     UNIT         ?PR?__AIP3368H_DISPLAY_BOOT_ANIMATION_IN_ENGINE_SPEED_SCALE_BAR__?A
>> IP3368H_DISPLAY
            CODE    22ABH     0060H     UNIT         ?PR?ADC_IRQHANDLER?ADC
            CODE    230BH     005FH     UNIT         ?PR?SPEED_SCAN_TIMER_50US_ISR?SPEED_SCAN
            CODE    236AH     005FH     UNIT         ?PR?__AIP3368H_DISPLAY_BOOT_ANIMATION_IN_FUEL_LEVEL__?AIP3368H_DISP
>> LAY
            CODE    23C9H     0057H     UNIT         ?PR?__AIP3368H_DISPLAY_BOOT_ANIMATION_IN_BACK_LIGHT_SCALE_BAR__?AIP
>> 3368H_DISPLAY
            CODE    2420H     0055H     UNIT         ?PR?SPEED_SCAN
            CODE    2475H     0054H     UNIT         ?PR?ENGINE_SPEED_SCAN_TIMER_50US_ISR?ENGINE_SPEED_SCAN
            CODE    24C9H     0053H     UNIT         ?PR?_FUEL_CAPACITY_CONVERT_VOLTAGE_TO_LEV?FUEL_CAPACITY
            CODE    251CH     0053H     UNIT         ?PR?___AIP3368H_DISPLAY_SPEED_BIT_X_CLEAR__?AIP3368H_DISPLAY
            CODE    256FH     0050H     UNIT         ?PR?AIP3368H_DISPLAY_MILEAGE_REFRESH?MILEAGE
            CODE    25BFH     0049H     UNIT         ?PR?TIMR2_IRQHANDLER?TMR2
            CODE    2608H     0048H     UNIT         ?PR?AIP3368H_DISPLAY_BOOT_ANIMATION_HANDLE?AIP3368H_DISPLAY
            CODE    2650H     0045H     UNIT         ?PR?___IO_KEY_GET_EVENT__?IO_KEY
            CODE    2695H     0045H     UNIT         ?PR?UI_TIMER_HANDLE_ISR?UI
            CODE    26DAH     0044H     UNIT         ?PR?FUEL_CAPACITY
            CODE    271EH     0044H     UNIT         ?PR?INSTRUMENT_INFO_INIT?INSTRUMENT
            CODE    2762H     0042H     UNIT         ?PR?_AIP3368H_MODULE_SEND_DATA_TO_ALL_DEV?AIP3368
            CODE    27A4H     0040H     UNIT         ?PR?TMR1_CONFIG?TMR1
            CODE    27E4H     003EH     UNIT         ?PR?UPDATE_ENGINE_SPEED_SCAN_DATA?ENGINE_SPEED_SCAN
            CODE    2822H     003EH     UNIT         ?PR?FUEL_CAPACITY_ADC_VAL_GET?FUEL_CAPACITY
            CODE    2860H     003DH     UNIT         ?PR?UI_DISPLAY_REFRESH?UI
            CODE    289DH     003CH     UNIT         ?PR?USER_INIT?MAIN
BL51 BANKED LINKER/LOCATER V6.22.4.0                                                  06/03/2026  18:44:46  PAGE 4


            CODE    28D9H     003BH     UNIT         ?PR?MAIN?MAIN
            CODE    2914H     0039H     UNIT         ?PR?SPEED_SCAN_UPDATE_DATA?SPEED_SCAN
            CODE    294DH     0038H     UNIT         ?PR?__FUEL_VOLTAGE_SAMPLES_GET__?FUEL_CAPACITY
            CODE    2985H     0037H     UNIT         ?PR?_FLASH_PROGRAM?USER_FLASH
            CODE    29BCH     0036H     UNIT         ?PR?AIP3368H_DISPLAY_ERR_HANDLE?AIP3368H_DISPLAY
            CODE    29F2H     0035H     UNIT         ?PR?_AIP3368H_DISPLAY_SPEED_BY_UNIT_TYPE?SPEED_SCAN
            CODE    2A27H     0034H     UNIT         ?PR?_FLASH_READ?USER_FLASH
            CODE    2A5BH     0033H     UNIT         ?PR?TMR2_CONFIG?TMR2
            CODE    2A8EH     0033H     UNIT         ?PR?_AIP3368H_MODULE_SEND_DATA_TO_ONE_DEV?AIP3368
            CODE    2AC1H     002BH     UNIT         ?PR?_AIP3368H_DISPLAY_X1000RPM_LIGHT?AIP3368H_DISPLAY
            CODE    2AECH     002AH     UNIT         ?PR?AIP3368H_DISPLAY_MILEAGE_HANDLE?MILEAGE
            CODE    2B16H     0028H     UNIT         ?CO?FUEL_CAPACITY
            CODE    2B3EH     0025H     UNIT         ?PR?ADC_CONFIG?ADC
            CODE    2B63H     0025H     UNIT         ?PR?AIP3368H_DISPLAY_ENGINE_SPEED_REFRESH_TIME_ADD?ENGINE_SPEED_SCA
>> N
            CODE    2B88H     0024H     UNIT         ?PR?MILEAGE
            CODE    2BACH     0024H     UNIT         ?PR?___AIP3368H_DISPLAY_SPEED_UNIT_TYPE__?AIP3368H_DISPLAY
            CODE    2BD0H     0024H     UNIT         ?PR?___AIP3368H_DISPLAY_MILEAGE_UNIT_TYPE__?AIP3368H_DISPLAY
            CODE    2BF4H     0022H     UNIT         ?PR?ADC_CHANNEL_SWITCH_BY_ISR?ADC
            CODE    2C16H     0022H     UNIT         ?PR?_AIP3368H_MODULE_SET_BRIGHTNESS?AIP3368
            CODE    2C38H     0022H     UNIT         ?PR?BEEP_HANDLE_1MS_ISR?BEEP
            CODE    2C5AH     0021H     UNIT         ?PR?KEY_DRIVER
            CODE    2C7BH     0021H     UNIT         ?PR?_FUEL_CAPACITY_ADC_VAL_SAMPLES_UPDATE?FUEL_CAPACITY
            CODE    2C9CH     001EH     UNIT         ?PR?AIP3368H_DISPLAY_SPEED_REFRESH_TIME_ADD?SPEED_SCAN
            CODE    2CBAH     001DH     UNIT         ?PR?_ADC_CHANNEL_SET?ADC
            CODE    2CD7H     001CH     UNIT         ?PR?AIP3368H_MODULE_DISPLAY?AIP3368
            CODE    2CF3H     001CH     UNIT         ?PR?INSTRUMENT_INFO_SAVE?INSTRUMENT
            CODE    2D0FH     001CH     UNIT         ?PR?_AIP3368H_DISPLAY_GEAR?AIP3368H_DISPLAY
            CODE    2D2BH     001CH     UNIT         ?PR?UI
            CODE    2D47H     001BH     UNIT         ?PR?UART0_DEBUG_INIT?UART0
            CODE    2D62H     0019H     UNIT         ?PR?ENGINE_SPEED_GET_LEVEL?ENGINE_SPEED_SCAN
            CODE    2D7BH     0019H     UNIT         ?PR?___FUEL_VOLTAGE_SAMPLES_UPDATE__?FUEL_CAPACITY
            CODE    2D94H     0019H     UNIT         ?PR?_AIP3368H_DISPLAY_SPEED_UNIT_TYPE?AIP3368H_DISPLAY
            CODE    2DADH     0019H     UNIT         ?PR?_AIP3368H_DISPLAY_MILEAGE_UNIT_TYPE?AIP3368H_DISPLAY
            CODE    2DC6H     0018H     UNIT         ?PR?_SPEED_FILTER_ADD?SPEED_SCAN
            CODE    2DDEH     0017H     UNIT         ?PR?AIP3368H_REFRESH_TIME_ADD?AIP3368
            CODE    2DF5H     0017H     UNIT         ?PR?FUEL_CAPACITY_SCAN_TIME_ADD?FUEL_CAPACITY
            CODE    2E0CH     0017H     UNIT         ?PR?FUEL_LEV_UPDATE_TIME_ADD?FUEL_CAPACITY
            CODE    2E23H     0015H     UNIT         ?PR?_SPEED_FILTER_INIT?SPEED_SCAN
            CODE    2E38H     0014H     UNIT         ?PR?AIP3368H_DISPLAY_BOOT_ANIMATION_TIME_ADD?AIP3368H_DISPLAY
            CODE    2E4CH     0013H     UNIT         ?PR?_AIP3368H_DISPLAY_GEAR_LIGHT?AIP3368H_DISPLAY
            CODE    2E5FH     0013H     UNIT         ?PR?___AIP3368H_DISPLAY_MILEAGE_TOTAL_LIGHT__?AIP3368H_DISPLAY
            CODE    2E72H     0013H     UNIT         ?PR?___AIP3368H_DISPLAY_FUEL_ICON__?AIP3368H_DISPLAY
            CODE    2E85H     0013H     UNIT         ?PR?AIP3368H_DISPLAY_ERR_HANDLE_TIME_ADD?AIP3368H_DISPLAY
            CODE    2E98H     0012H     UNIT         ?PR?BEEP_INIT?BEEP
            CODE    2EAAH     0012H     UNIT         ?PR?DEBUG_PIN_INIT?MAIN
            CODE    2EBCH     0012H     UNIT         ?PR?_AIP3368H_DISPLAY_ERR_LIGHT?AIP3368H_DISPLAY
            CODE    2ECEH     0012H     UNIT         ?PR?_AIP3368H_DISPLAY_LOW_BEAM_INDICATOR_LIGHT?AIP3368H_DISPLAY
            CODE    2EE0H     0012H     UNIT         ?PR?_AIP3368H_DISPLAY_HIGH_BEAM_INDICATOR_LIGHT?AIP3368H_DISPLAY
            CODE    2EF2H     0011H     UNIT         ?PR?_FLASH_ERASE_SECTOR?USER_FLASH
            CODE    2F03H     0010H     UNIT         ?PR?___AIP3368H_DISPLAY_FUEL_EMPTY_LIGHT__?AIP3368H_DISPLAY
            CODE    2F13H     000FH     UNIT         ?PR?_BEEP_PLAY?BEEP
            CODE    2F22H     000FH     UNIT         ?PR?___FUEL_VOLTAGE_SAMPLES_INIT__?FUEL_CAPACITY
            CODE    2F31H     000FH     UNIT         ?PR?_AIP3368H_DISPLAY_LEFT_TURN_LIGHT?AIP3368H_DISPLAY
            CODE    2F40H     000FH     UNIT         ?PR?_AIP3368H_DISPLAY_RIGHT_TURN_LIGHT?AIP3368H_DISPLAY
            CODE    2F4FH     000FH     UNIT         ?PR?___AIP3368H_DISPLAY_GEAR_N_LIGHT__?AIP3368H_DISPLAY
            CODE    2F5EH     000FH     UNIT         ?PR?___AIP3368H_DISPLAY_MILEAGE_TRIP_LIGHT__?AIP3368H_DISPLAY
BL51 BANKED LINKER/LOCATER V6.22.4.0                                                  06/03/2026  18:44:46  PAGE 5


            CODE    2F6DH     000FH     UNIT         ?PR?___AIP3368H_DISPLAY_MILEAGE_POINT__?AIP3368H_DISPLAY
            CODE    2F7CH     000FH     UNIT         ?PR?___AIP3368H_DISPLAY_FUEL_FULL_LIGHT__?AIP3368H_DISPLAY
            CODE    2F8BH     000FH     UNIT         ?PR?IO_KEY
            CODE    2F9AH     000EH     UNIT         ?PR?_PUTCHAR?UART0
            CODE    2FA8H     000DH     UNIT         ?PR?SPEED_SCAN_CONFIG?SPEED_SCAN
            CODE    2FB5H     000DH     UNIT         ?PR?ENGINE_SPEED_SCAN_CONFIG?ENGINE_SPEED_SCAN
            CODE    2FC2H     000DH     UNIT         ?PR?ENGINE_SPEED_SCAN
            CODE    2FCFH     000DH     UNIT         ?PR?IO_KEY_CONFIG?IO_KEY
            CODE    2FDCH     000CH     UNIT         ?PR?___FUEL_CAPACITY_ADC_VAL_SAMPLES_INIT__?FUEL_CAPACITY
            CODE    2FE8H     000BH     UNIT         ?PR?_DELAY?SYSTEM
            CODE    2FF3H     000BH     UNIT         ?CO?MAIN
            CODE    2FFEH     0009H     UNIT         ?PR?IO_KEY_GET_KEY_ID?IO_KEY
            CODE    3007H     0008H     UNIT         ?PR?_UART0_SEND_BYTE?UART0
            CODE    300FH     0008H     UNIT         ?PR?UI_MANAGER_INIT?UI
            CODE    3017H     0007H     UNIT         ?PR?AIP3368
            CODE    301EH     0006H     UNIT         ?PR?_UI_SET_STATE?UI



OVERLAY MAP OF MODULE:   .\Release\Objects\Project (?C_STARTUP)


SEGMENT                                             BIT_GROUP          DATA_GROUP          XDATA_GROUP
  +--> CALLED SEGMENT                            START    LENGTH     START    LENGTH     START    LENGTH
--------------------------------------------------------------------------------------------------------
?C_C51STARTUP                                    -----    -----      -----    -----      -----    -----
  +--> ?PR?MAIN?MAIN
  +--> ?C_INITSEG

?PR?MAIN?MAIN                                    -----    -----      -----    -----      -----    -----
  +--> ?PR?SYSTEM_INIT?SYSTEM
  +--> ?PR?USER_INIT?MAIN
  +--> ?PR?_AIP3368H_MODULE_SET_BRIGHTNESS?A...
  +--> ?PR?PIN_LEVEL_SCAN?PIN_LEVEL_SCAN
  +--> ?PR?_KEY_DRIVER_SCAN?KEY_DRIVER
  +--> ?PR?IO_KEY_HANDLE?IO_KEY
  +--> ?PR?SPEED_SCAN?SPEED_SCAN
  +--> ?PR?MILEAGE_SCAN?MILEAGE
  +--> ?PR?ENGINE_SPEED_SCAN?ENGINE_SPEED_SCAN
  +--> ?PR?FUEL_CAPACITY_SCAN?FUEL_CAPACITY
  +--> ?PR?UI_DISPLAY_HANDLE?UI

?PR?SYSTEM_INIT?SYSTEM                           -----    -----      -----    -----      -----    -----
  +--> ?PR?_DELAY?SYSTEM
  +--> ?PR?_DELAY_MS?SYSTEM

?PR?_DELAY_MS?SYSTEM                             -----    -----      -----    -----      -----    -----
  +--> ?PR?_DELAY?SYSTEM

?PR?USER_INIT?MAIN                               -----    -----      -----    -----      -----    -----
  +--> ?PR?DEBUG_PIN_INIT?MAIN
  +--> ?PR?UART0_DEBUG_INIT?UART0
  +--> ?CO?MAIN
  +--> ?PR?PRINTF?PRINTF
  +--> ?PR?BEEP_INIT?BEEP
  +--> ?PR?PIN_LEVEL_SCAN_CONFIG?PIN_LEVEL_SCAN
  +--> ?PR?IO_KEY_CONFIG?IO_KEY
BL51 BANKED LINKER/LOCATER V6.22.4.0                                                  06/03/2026  18:44:46  PAGE 6


  +--> ?PR?SPEED_SCAN_CONFIG?SPEED_SCAN
  +--> ?PR?ENGINE_SPEED_SCAN_CONFIG?ENGINE_S...
  +--> ?PR?ADC_CONFIG?ADC
  +--> ?PR?INSTRUMENT_INFO_INIT?INSTRUMENT
  +--> ?PR?AIP3368H_MODULE_INIT?AIP3368
  +--> ?PR?TMR1_CONFIG?TMR1
  +--> ?PR?TMR2_CONFIG?TMR2
  +--> ?PR?_BEEP_PLAY?BEEP
  +--> ?PR?UI_MANAGER_INIT?UI
  +--> ?PR?_DELAY_MS?SYSTEM

?PR?PRINTF?PRINTF                                0020H.0  0001H.1    0008H    0005H      61F8H    0028H
  +--> ?PR?_PUTCHAR?UART0

?PR?_PUTCHAR?UART0                               -----    -----      -----    -----      6220H    0001H
  +--> ?PR?_UART0_SEND_BYTE?UART0

?PR?ADC_CONFIG?ADC                               -----    -----      -----    -----      -----    -----
  +--> ?PR?_ADC_CHANNEL_SET?ADC

?PR?INSTRUMENT_INFO_INIT?INSTRUMENT              -----    -----      -----    -----      61F4H    000CH
  +--> ?PR?_FLASH_READ?USER_FLASH
  +--> ?PR?INSTRUMENT_INFO_SAVE?INSTRUMENT

?PR?_FLASH_READ?USER_FLASH                       -----    -----      -----    -----      6200H    0005H

?PR?INSTRUMENT_INFO_SAVE?INSTRUMENT              -----    -----      -----    -----      -----    -----
  +--> ?PR?_FLASH_ERASE_SECTOR?USER_FLASH
  +--> ?PR?_FLASH_PROGRAM?USER_FLASH

?PR?_FLASH_PROGRAM?USER_FLASH                    -----    -----      -----    -----      6200H    0005H

?PR?AIP3368H_MODULE_INIT?AIP3368                 -----    -----      -----    -----      -----    -----
  +--> ?PR?AIP3368
  +--> ?PR?_AIP3368H_MODULE_SEND_DATA_TO_ALL...

?PR?_AIP3368H_MODULE_SEND_DATA_TO_ALL...         -----    -----      -----    -----      61F4H    0004H
  +--> ?PR?_AIP3368H_MODULE_SEND_DATA_TO_ONE...

?PR?_AIP3368H_MODULE_SEND_DATA_TO_ONE...         -----    -----      -----    -----      61F8H    0002H

?PR?UI_MANAGER_INIT?UI                           -----    -----      -----    -----      -----    -----
  +--> ?PR?UI_DISPLAY_REFRESH?UI

?PR?UI_DISPLAY_REFRESH?UI                        -----    -----      -----    -----      -----    -----
  +--> ?PR?UI
  +--> ?PR?_AIP3368H_DISPLAY_SPEED_BY_UNIT_T...
  +--> ?PR?_AIP3368H_DISPLAY_SPEED?AIP3368H_...
  +--> ?PR?AIP3368H_DISPLAY_MILEAGE_REFRESH?...
  +--> ?PR?_AIP3368H_DISPLAY_SPEED_UNIT_TYPE...
  +--> ?PR?_AIP3368H_DISPLAY_MILEAGE_UNIT_TY...

?PR?_AIP3368H_DISPLAY_SPEED_BY_UNIT_T...         -----    -----      -----    -----      61F7H    0001H
  +--> ?PR?_AIP3368H_DISPLAY_SPEED?AIP3368H_...

?PR?_AIP3368H_DISPLAY_SPEED?AIP3368H_...         -----    -----      -----    -----      61F8H    0005H
  +--> ?PR?___AIP3368H_DISPLAY_SPEED_SEG__?A...
BL51 BANKED LINKER/LOCATER V6.22.4.0                                                  06/03/2026  18:44:46  PAGE 7


  +--> ?PR?AIP3368H_DISPLAY
  +--> ?PR?___AIP3368H_DISPLAY_SPEED_BIT_X__...

?PR?___AIP3368H_DISPLAY_SPEED_SEG__?A...         -----    -----      -----    -----      61FDH    0003H
  +--> ?PR?AIP3368H_DISPLAY

?PR?___AIP3368H_DISPLAY_SPEED_BIT_X__...         -----    -----      -----    -----      61FDH    0003H
  +--> ?PR?AIP3368H_DISPLAY

?PR?AIP3368H_DISPLAY_MILEAGE_REFRESH?...         -----    -----      -----    -----      -----    -----
  +--> ?PR?MILEAGE
  +--> ?PR?_AIP3368H_DISPLAY_MILEAGE?AIP3368...

?PR?_AIP3368H_DISPLAY_MILEAGE?AIP3368...         -----    -----      -----    -----      61F4H    0006H
  +--> ?PR?___AIP3368H_DISPLAY_MILEAGE_BIT_X...
  +--> ?PR?___AIP3368H_DISPLAY_MILEAGE_TOTAL...
  +--> ?PR?___AIP3368H_DISPLAY_MILEAGE_TRIP_...
  +--> ?PR?___AIP3368H_DISPLAY_MILEAGE_POINT...

?PR?___AIP3368H_DISPLAY_MILEAGE_BIT_X...         -----    -----      -----    -----      61FAH    0003H
  +--> ?PR?AIP3368H_DISPLAY

?PR?___AIP3368H_DISPLAY_MILEAGE_TRIP_...         -----    -----      -----    -----      -----    -----
  +--> ?PR?AIP3368H_DISPLAY

?PR?___AIP3368H_DISPLAY_MILEAGE_POINT...         -----    -----      -----    -----      -----    -----
  +--> ?PR?AIP3368H_DISPLAY

?PR?_AIP3368H_DISPLAY_SPEED_UNIT_TYPE...         -----    -----      -----    -----      -----    -----
  +--> ?PR?___AIP3368H_DISPLAY_SPEED_UNIT_TY...

?PR?_AIP3368H_DISPLAY_MILEAGE_UNIT_TY...         -----    -----      -----    -----      -----    -----
  +--> ?PR?___AIP3368H_DISPLAY_MILEAGE_UNIT_...

?PR?PIN_LEVEL_SCAN?PIN_LEVEL_SCAN                -----    -----      -----    -----      -----    -----
  +--> ?PR?_AIP3368H_DISPLAY_GEAR?AIP3368H_D...
  +--> ?PR?_AIP3368H_DISPLAY_GEAR_LIGHT?AIP3...
  +--> ?PR?_AIP3368H_DISPLAY_ERR_LIGHT?AIP33...
  +--> ?PR?_AIP3368H_DISPLAY_LEFT_TURN_LIGHT...
  +--> ?PR?_AIP3368H_DISPLAY_RIGHT_TURN_LIGH...
  +--> ?PR?_AIP3368H_DISPLAY_LOW_BEAM_INDICA...
  +--> ?PR?_AIP3368H_DISPLAY_HIGH_BEAM_INDIC...

?PR?_AIP3368H_DISPLAY_GEAR?AIP3368H_D...         -----    -----      -----    -----      -----    -----
  +--> ?PR?___AIP3368H_DISPLAY_GEAR_N_LIGHT_...
  +--> ?PR?___AIP3368H_DISPLAY_GEAR_DIGIT__?...

?PR?___AIP3368H_DISPLAY_GEAR_DIGIT__?...         -----    -----      -----    -----      61F4H    0003H
  +--> ?PR?AIP3368H_DISPLAY

?PR?_AIP3368H_DISPLAY_LEFT_TURN_LIGHT...         -----    -----      -----    -----      -----    -----
  +--> ?PR?AIP3368H_DISPLAY

?PR?_KEY_DRIVER_SCAN?KEY_DRIVER                  -----    -----      -----    -----      61F4H    0002H
  +--> ?PR?KEY_DRIVER

?PR?IO_KEY_HANDLE?IO_KEY                         -----    -----      -----    -----      -----    -----
BL51 BANKED LINKER/LOCATER V6.22.4.0                                                  06/03/2026  18:44:46  PAGE 8


  +--> ?PR?___IO_KEY_GET_EVENT__?IO_KEY
  +--> ?PR?_BEEP_PLAY?BEEP
  +--> ?PR?INSTRUMENT_INFO_SAVE?INSTRUMENT
  +--> ?PR?_UI_SET_STATE?UI
  +--> ?PR?UI_DISPLAY_REFRESH?UI

?PR?___IO_KEY_GET_EVENT__?IO_KEY                 -----    -----      -----    -----      -----    -----
  +--> ?PR?IO_KEY

?PR?SPEED_SCAN?SPEED_SCAN                        -----    -----      -----    -----      61F4H    0008H
  +--> ?PR?SPEED_SCAN

?PR?MILEAGE_SCAN?MILEAGE                         -----    -----      -----    -----      -----    -----
  +--> ?PR?INSTRUMENT_INFO_SAVE?INSTRUMENT
  +--> ?PR?MILEAGE

?PR?ENGINE_SPEED_SCAN?ENGINE_SPEED_SCAN          -----    -----      -----    -----      61F4H    0004H
  +--> ?PR?ENGINE_SPEED_SCAN

?PR?FUEL_CAPACITY_SCAN?FUEL_CAPACITY             -----    -----      -----    -----      61F4H    0004H
  +--> ?PR?FUEL_CAPACITY_ADC_VAL_GET?FUEL_CA...
  +--> ?PR?FUEL_CAPACITY
  +--> ?PR?___FUEL_VOLTAGE_SAMPLES_INIT__?FU...
  +--> ?PR?_FUEL_CAPACITY_CONVERT_VOLTAGE_TO...
  +--> ?PR?___FUEL_VOLTAGE_SAMPLES_UPDATE__?...
  +--> ?PR?__FUEL_VOLTAGE_SAMPLES_GET__?FUEL...
  +--> ?CO?FUEL_CAPACITY
  +--> ?PR?PRINTF?PRINTF
  +--> ?PR?_AIP3368H_DISPLAY_FUEL_LEVEL?AIP3...

?PR?FUEL_CAPACITY_ADC_VAL_GET?FUEL_CA...         -----    -----      -----    -----      61F8H    0005H
  +--> ?PR?FUEL_CAPACITY

?PR?___FUEL_VOLTAGE_SAMPLES_INIT__?FU...         -----    -----      -----    -----      -----    -----
  +--> ?PR?FUEL_CAPACITY

?PR?___FUEL_VOLTAGE_SAMPLES_UPDATE__?...         -----    -----      -----    -----      -----    -----
  +--> ?PR?FUEL_CAPACITY

?PR?__FUEL_VOLTAGE_SAMPLES_GET__?FUEL...         -----    -----      -----    -----      61F8H    0005H
  +--> ?PR?FUEL_CAPACITY

?PR?_AIP3368H_DISPLAY_FUEL_LEVEL?AIP3...         -----    -----      -----    -----      61F8H    0002H
  +--> ?PR?AIP3368H_DISPLAY

?PR?UI_DISPLAY_HANDLE?UI                         -----    -----      -----    -----      -----    -----
  +--> ?PR?UI
  +--> ?PR?___AIP3368H_DISPLAY_SPEED_UNIT_TY...
  +--> ?PR?___AIP3368H_DISPLAY_MILEAGE_UNIT_...
  +--> ?PR?___AIP3368H_DISPLAY_SPEED_BIT_X_C...
  +--> ?PR?_AIP3368H_DISPLAY_SPEED?AIP3368H_...
  +--> ?PR?_UI_SET_STATE?UI
  +--> ?PR?UI_DISPLAY_REFRESH?UI
  +--> ?PR?INSTRUMENT_INFO_SAVE?INSTRUMENT
  +--> ?PR?AIP3368H_DISPLAY_SPEED_HANDLE?SPE...
  +--> ?PR?AIP3368H_DISPLAY_MILEAGE_HANDLE?M...
  +--> ?PR?AIP3368H_DISPLAY_ENGINE_SPEED_HAN...
BL51 BANKED LINKER/LOCATER V6.22.4.0                                                  06/03/2026  18:44:46  PAGE 9


  +--> ?PR?AIP3368H_MODULE_DISPLAY?AIP3368

?PR?___AIP3368H_DISPLAY_SPEED_BIT_X_C...         -----    -----      -----    -----      61F4H    0002H
  +--> ?PR?AIP3368H_DISPLAY

?PR?AIP3368H_DISPLAY_SPEED_HANDLE?SPE...         -----    -----      -----    -----      61F4H    0003H
  +--> ?PR?_AIP3368H_DISPLAY_SPEED_BY_UNIT_T...
  +--> ?PR?_SPEED_FILTER_INIT?SPEED_SCAN
  +--> ?PR?SPEED_SCAN
  +--> ?PR?_SPEED_FILTER_ADD?SPEED_SCAN
  +--> ?PR?SPEED_FILTER_GET_SPEED?SPEED_SCAN

?PR?_SPEED_FILTER_INIT?SPEED_SCAN                -----    -----      -----    -----      -----    -----
  +--> ?PR?SPEED_SCAN

?PR?_SPEED_FILTER_ADD?SPEED_SCAN                 -----    -----      -----    -----      -----    -----
  +--> ?PR?SPEED_SCAN

?PR?SPEED_FILTER_GET_SPEED?SPEED_SCAN            -----    -----      -----    -----      61F7H    0007H
  +--> ?PR?SPEED_SCAN

?PR?AIP3368H_DISPLAY_MILEAGE_HANDLE?M...         -----    -----      -----    -----      -----    -----
  +--> ?PR?_AIP3368H_DISPLAY_MILEAGE_UNIT_TY...
  +--> ?PR?AIP3368H_DISPLAY_MILEAGE_REFRESH?...

?PR?AIP3368H_DISPLAY_ENGINE_SPEED_HAN...         -----    -----      -----    -----      61F4H    0001H
  +--> ?PR?ENGINE_SPEED_GET_LEVEL?ENGINE_SPE...
  +--> ?PR?_AIP3368H_DISPLAY_ENGINE_SPEED_SC...

?PR?_AIP3368H_DISPLAY_ENGINE_SPEED_SC...         -----    -----      -----    -----      61F5H    0002H
  +--> ?PR?AIP3368H_DISPLAY

?PR?AIP3368H_MODULE_DISPLAY?AIP3368              -----    -----      -----    -----      -----    -----
  +--> ?PR?AIP3368
  +--> ?PR?_AIP3368H_MODULE_SEND_DATA_TO_ALL...

?C_INITSEG                                       -----    -----      -----    -----      -----    -----
  +--> ?PR?IO_KEY_GET_KEY_ID?IO_KEY

*** NEW ROOT ***************************************************

?PR?TIMR1_IRQHANDLER?TMR1                        -----    -----      -----    -----      -----    -----
  +--> ?PR?BEEP_HANDLE_1MS_ISR?BEEP
  +--> ?PR?TMR1
  +--> ?PR?FUEL_CAPACITY_SCAN_TIME_ADD?FUEL_...
  +--> ?PR?FUEL_LEV_UPDATE_TIME_ADD?FUEL_CAP...
  +--> ?PR?ADC_CHANNEL_SWITCH_BY_ISR?ADC
  +--> ?PR?UI_TIMER_HANDLE_ISR?UI
  +--> ?PR?AIP3368H_DISPLAY_BOOT_ANIMATION_T...

?PR?UI_TIMER_HANDLE_ISR?UI                       -----    -----      -----    -----      -----    -----
  +--> ?PR?AIP3368H_REFRESH_TIME_ADD?AIP3368
  +--> ?PR?AIP3368H_DISPLAY_SPEED_REFRESH_TI...
  +--> ?PR?AIP3368H_DISPLAY_ENGINE_SPEED_REF...
  +--> ?PR?UI

?PR?AIP3368H_DISPLAY_ENGINE_SPEED_REF...         -----    -----      -----    -----      -----    -----
BL51 BANKED LINKER/LOCATER V6.22.4.0                                                  06/03/2026  18:44:46  PAGE 10


  +--> ?PR?ENGINE_SPEED_SCAN

?PR?AIP3368H_DISPLAY_BOOT_ANIMATION_T...         -----    -----      -----    -----      -----    -----
  +--> ?PR?AIP3368H_DISPLAY

*** NEW ROOT ***************************************************

?PR?TIMR2_IRQHANDLER?TMR2                        -----    -----      -----    -----      -----    -----
  +--> ?PR?ENGINE_SPEED_SCAN_TIMER_50US_ISR?...
  +--> ?PR?SPEED_SCAN_TIMER_50US_ISR?SPEED_SCAN

?PR?ENGINE_SPEED_SCAN_TIMER_50US_ISR?...         -----    -----      -----    -----      -----    -----
  +--> ?PR?ENGINE_SPEED_SCAN
  +--> ?PR?UPDATE_ENGINE_SPEED_SCAN_DATA?ENG...

?PR?UPDATE_ENGINE_SPEED_SCAN_DATA?ENG...         -----    -----      -----    -----      -----    -----
  +--> ?PR?ENGINE_SPEED_SCAN

?PR?SPEED_SCAN_TIMER_50US_ISR?SPEED_SCAN         -----    -----      -----    -----      -----    -----
  +--> ?PR?SPEED_SCAN
  +--> ?PR?SPEED_SCAN_UPDATE_DATA?SPEED_SCAN

?PR?SPEED_SCAN_UPDATE_DATA?SPEED_SCAN            -----    -----      -----    -----      -----    -----
  +--> ?PR?SPEED_SCAN

*** NEW ROOT ***************************************************

?PR?ADC_IRQHANDLER?ADC                           -----    -----      -----    -----      -----    -----
  +--> ?PR?_FUEL_CAPACITY_ADC_VAL_SAMPLES_UP...

?PR?_FUEL_CAPACITY_ADC_VAL_SAMPLES_UP...         -----    -----      -----    -----      -----    -----
  +--> ?PR?___FUEL_CAPACITY_ADC_VAL_SAMPLES_...
  +--> ?PR?FUEL_CAPACITY

?PR?___FUEL_CAPACITY_ADC_VAL_SAMPLES_...         -----    -----      -----    -----      -----    -----
  +--> ?PR?FUEL_CAPACITY



SYMBOL TABLE OF MODULE:  .\Release\Objects\Project (?C_STARTUP)

  VALUE           TYPE          NAME
  ----------------------------------

  -------         MODULE        ?C_STARTUP
  C:196BH         SEGMENT       ?C_C51STARTUP
  I:0022H         SEGMENT       ?STACK
  C:0000H         PUBLIC        ?C_STARTUP
  D:00E0H         SYMBOL        ACC
  D:00F0H         SYMBOL        B
  D:0083H         SYMBOL        DPH
  D:0082H         SYMBOL        DPL
  N:0000H         SYMBOL        IBPSTACK
  N:0100H         SYMBOL        IBPSTACKTOP
  N:0080H         SYMBOL        IDATALEN
  C:196EH         SYMBOL        IDATALOOP
  N:0000H         SYMBOL        PBPSTACK
BL51 BANKED LINKER/LOCATER V6.22.4.0                                                  06/03/2026  18:44:46  PAGE 11


  N:0100H         SYMBOL        PBPSTACKTOP
  N:0000H         SYMBOL        PDATALEN
  N:0000H         SYMBOL        PDATASTART
  N:0000H         SYMBOL        PPAGE
  N:0000H         SYMBOL        PPAGEENABLE
  D:00A0H         SYMBOL        PPAGE_SFR
  D:0081H         SYMBOL        SP
  C:196BH         SYMBOL        STARTUP1
  N:0000H         SYMBOL        XBPSTACK
  N:0000H         SYMBOL        XBPSTACKTOP
  N:0700H         SYMBOL        XDATALEN
  C:1979H         SYMBOL        XDATALOOP
  N:6000H         SYMBOL        XDATASTART
  C:0000H         LINE#         126
  C:196BH         LINE#         133
  C:196DH         LINE#         134
  C:196EH         LINE#         135
  C:196FH         LINE#         136
  C:1971H         LINE#         140
  C:1974H         LINE#         141
  C:1976H         LINE#         145
  C:1978H         LINE#         147
  C:1979H         LINE#         148
  C:197AH         LINE#         149
  C:197BH         LINE#         150
  C:197DH         LINE#         151
  C:197FH         LINE#         185
  C:1982H         LINE#         196
  -------         ENDMOD        ?C_STARTUP

  -------         MODULE        SYSTEM
  C:0000H         SYMBOL        _ICE_DUMMY_
  D:00D9H         PUBLIC        WDT_KEY
  D:00A7H         PUBLIC        FLASH_TIMEREG0
  D:00ACH         PUBLIC        FLASH_TIMEREG1
  C:2FE8H         PUBLIC        _delay
  C:0027H         PUBLIC        _delay_ms
  C:159EH         PUBLIC        system_init
  -------         PROC          _DELAY
  D:0006H         SYMBOL        cnt
  C:2FE8H         LINE#         37
  C:2FE8H         LINE#         38
  C:2FE8H         LINE#         39
  C:2FF2H         LINE#         40
  C:2FF2H         LINE#         41
  C:2FF2H         LINE#         42
  -------         ENDPROC       _DELAY
  -------         PROC          _DELAY_MS
  D:0002H         SYMBOL        ms
  C:0027H         LINE#         49
  C:002BH         LINE#         50
  C:002BH         LINE#         51
  C:0035H         LINE#         52
  C:0035H         LINE#         53
  C:003CH         LINE#         54
  C:003FH         LINE#         55
  C:0041H         LINE#         56
BL51 BANKED LINKER/LOCATER V6.22.4.0                                                  06/03/2026  18:44:46  PAGE 12


  -------         ENDPROC       _DELAY_MS
  -------         PROC          SYSTEM_INIT
  -------         DO            
  D:0007H         SYMBOL        i
  -------         ENDDO         
  C:159EH         LINE#         63
  C:159EH         LINE#         64
  C:159EH         LINE#         67
  C:15A5H         LINE#         68
  C:15B2H         LINE#         69
  C:15B5H         LINE#         72
  C:15B8H         LINE#         73
  C:15BEH         LINE#         74
  C:15C4H         LINE#         75
  C:15CAH         LINE#         76
  C:15D0H         LINE#         77
  C:15D7H         LINE#         81
  C:15D9H         LINE#         82
  C:15D9H         LINE#         83
  C:15E6H         LINE#         84
  C:15EBH         LINE#         86
  C:1679H         LINE#         87
  -------         ENDPROC       SYSTEM_INIT
  -------         ENDMOD        SYSTEM

  -------         MODULE        TK_SET
  C:0000H         SYMBOL        _ICE_DUMMY_
  -------         ENDMOD        TK_SET

  -------         MODULE        TMR1
  C:0000H         SYMBOL        _ICE_DUMMY_
  D:00A8H         PUBLIC        IE0
  D:00A9H         PUBLIC        IE1
  D:00AAH         PUBLIC        IE2
  D:00ABH         PUBLIC        IE3
  B:00A8H.7       PUBLIC        IE_EA
  D:00B8H         PUBLIC        IP0
  D:00B1H         PUBLIC        IP1
  D:00B2H         PUBLIC        IP2
  D:00B3H         PUBLIC        IP3
  D:00B4H         PUBLIC        IP4
  D:00B5H         PUBLIC        IP5
  D:00B6H         PUBLIC        IP6
  D:00B7H         PUBLIC        IP7
  D:00D1H         PUBLIC        TMR_ALLCON
  C:27A4H         PUBLIC        tmr1_config
  C:1CE6H         PUBLIC        TIMR1_IRQHandler
  C:000FH         SYMBOL        Com0045
  C:000FH         SYMBOL        L?0070
  -------         PROC          COM0045
  -------         ENDPROC       COM0045
  -------         PROC          TMR1_CONFIG
  C:27A4H         LINE#         10
  C:27A4H         LINE#         11
  C:27A4H         LINE#         12
  C:27AAH         LINE#         13
  C:27ADH         LINE#         14
BL51 BANKED LINKER/LOCATER V6.22.4.0                                                  06/03/2026  18:44:46  PAGE 13


  C:27AFH         LINE#         16
  C:27B2H         LINE#         19
  C:27B8H         LINE#         20
  C:27BCH         LINE#         21
  C:27C0H         LINE#         22
  C:27C4H         LINE#         24
  C:27C9H         LINE#         25
  C:27CDH         LINE#         28
  C:27D2H         LINE#         29
  C:27D6H         LINE#         35
  C:27DCH         LINE#         36
  C:27E0H         LINE#         38
  C:27E3H         LINE#         40
  -------         ENDPROC       TMR1_CONFIG
  -------         PROC          TIMR1_IRQHANDLER
  C:1CE6H         LINE#         43
  C:1D03H         LINE#         46
  C:1D03H         LINE#         51
  C:1D09H         LINE#         52
  C:1D09H         LINE#         53
  C:1D0DH         LINE#         55
  C:1D10H         LINE#         57
  C:1D18H         LINE#         58
  C:1D18H         LINE#         59
  C:1D22H         LINE#         60
  C:1D22H         LINE#         62
  C:1D2AH         LINE#         63
  C:1D2AH         LINE#         64
  C:1D34H         LINE#         65
  C:1D34H         LINE#         67
  C:1D3DH         LINE#         68
  C:1D3DH         LINE#         69
  C:1D40H         LINE#         70
  C:1D40H         LINE#         73
  C:1D43H         LINE#         74
  C:1D46H         LINE#         78
  C:1D49H         LINE#         79
  C:1D4CH         LINE#         85
  C:1D4FH         LINE#         97
  C:1D4FH         LINE#         100
  C:1D4FH         LINE#         101
  -------         ENDPROC       TIMR1_IRQHANDLER
  -------         ENDMOD        TMR1

  -------         MODULE        TMR2
  C:0000H         SYMBOL        _ICE_DUMMY_
  D:00A8H         PUBLIC        IE0
  D:00A9H         PUBLIC        IE1
  D:00AAH         PUBLIC        IE2
  D:00ABH         PUBLIC        IE3
  B:00A8H.7       PUBLIC        IE_EA
  D:00B8H         PUBLIC        IP0
  D:00B1H         PUBLIC        IP1
  D:00B2H         PUBLIC        IP2
  D:00B3H         PUBLIC        IP3
  D:00B4H         PUBLIC        IP4
  D:00B5H         PUBLIC        IP5
BL51 BANKED LINKER/LOCATER V6.22.4.0                                                  06/03/2026  18:44:46  PAGE 14


  D:00B6H         PUBLIC        IP6
  D:00B7H         PUBLIC        IP7
  D:00D1H         PUBLIC        TMR_ALLCON
  C:2A5BH         PUBLIC        tmr2_config
  C:25BFH         PUBLIC        TIMR2_IRQHandler
  -------         PROC          TMR2_CONFIG
  C:2A5BH         LINE#         15
  C:2A5BH         LINE#         16
  C:2A5BH         LINE#         17
  C:2A61H         LINE#         18
  C:2A64H         LINE#         19
  C:2A66H         LINE#         22
  C:2A69H         LINE#         25
  C:2A6FH         LINE#         26
  C:2A75H         LINE#         28
  C:2A7CH         LINE#         29
  C:2A80H         LINE#         31
  C:2A86H         LINE#         34
  C:2A8AH         LINE#         38
  C:2A8DH         LINE#         39
  -------         ENDPROC       TMR2_CONFIG
  -------         PROC          TIMR2_IRQHANDLER
  C:25BFH         LINE#         42
  C:25DCH         LINE#         45
  C:25DCH         LINE#         49
  C:25E3H         LINE#         50
  C:25E3H         LINE#         51
  C:25E7H         LINE#         54
  C:25EAH         LINE#         58
  C:25EDH         LINE#         60
  C:25EDH         LINE#         63
  C:25EDH         LINE#         64
  -------         ENDPROC       TIMR2_IRQHANDLER
  -------         ENDMOD        TMR2

  -------         MODULE        UART0
  C:0000H         SYMBOL        _ICE_DUMMY_
  D:00D2H         PUBLIC        UART0_CON0
  D:00D4H         PUBLIC        UART0_STA
  D:00D5H         PUBLIC        UART0_BAUD0
  D:00D6H         PUBLIC        UART0_BAUD1
  D:00D7H         PUBLIC        UART0_DATA
  C:2F9AH         PUBLIC        _putchar
  C:2D47H         PUBLIC        uart0_debug_init
  C:3007H         PUBLIC        _uart0_send_byte
  -------         PROC          _PUTCHAR
  X:6220H         SYMBOL        c
  C:2F9AH         LINE#         10
  C:2F9FH         LINE#         11
  C:2F9FH         LINE#         12
  C:2FA2H         LINE#         13
  C:2FA7H         LINE#         14
  -------         ENDPROC       _PUTCHAR
  -------         PROC          UART0_DEBUG_INIT
  C:2D47H         LINE#         17
  C:2D47H         LINE#         18
  C:2D47H         LINE#         19
BL51 BANKED LINKER/LOCATER V6.22.4.0                                                  06/03/2026  18:44:46  PAGE 15


  C:2D4DH         LINE#         20
  C:2D51H         LINE#         21
  C:2D58H         LINE#         23
  C:2D5BH         LINE#         24
  C:2D5EH         LINE#         25
  C:2D61H         LINE#         27
  -------         ENDPROC       UART0_DEBUG_INIT
  -------         PROC          _UART0_SEND_BYTE
  D:0007H         SYMBOL        byte
  C:3007H         LINE#         29
  C:3007H         LINE#         30
  C:3007H         LINE#         32
  C:300CH         LINE#         34
  C:300EH         LINE#         35
  -------         ENDPROC       _UART0_SEND_BYTE
  -------         ENDMOD        UART0

  -------         MODULE        ADC
  C:0000H         SYMBOL        _ICE_DUMMY_
  D:00A8H         PUBLIC        IE0
  D:00A9H         PUBLIC        IE1
  D:00AAH         PUBLIC        IE2
  D:00ABH         PUBLIC        IE3
  B:00A8H.7       PUBLIC        IE_EA
  D:00B8H         PUBLIC        IP0
  D:00B1H         PUBLIC        IP1
  D:00B2H         PUBLIC        IP2
  D:00B3H         PUBLIC        IP3
  D:00B4H         PUBLIC        IP4
  D:00B5H         PUBLIC        IP5
  D:00B6H         PUBLIC        IP6
  D:00B7H         PUBLIC        IP7
  D:0091H         PUBLIC        ADC_CFG2
  D:0093H         PUBLIC        ADC_DATAH0
  D:0094H         PUBLIC        ADC_DATAL0
  D:0099H         PUBLIC        ADC_CHS0
  D:009EH         PUBLIC        ADC_TRGS0
  X:6290H         PUBLIC        adc_val
  C:2B3EH         PUBLIC        adc_config
  C:2CBAH         PUBLIC        _adc_channel_set
  C:2BF4H         PUBLIC        adc_channel_switch_by_isr
  X:6292H         SYMBOL        adc_channel_status
  C:22ABH         PUBLIC        ADC_IRQHandler
  -------         PROC          ADC_CONFIG
  C:2B3EH         LINE#         10
  C:2B3EH         LINE#         11
  C:2B3EH         LINE#         14
  C:2B44H         LINE#         17
  C:2B4AH         LINE#         19
  C:2B4DH         LINE#         21
  C:2B53H         LINE#         25
  C:2B56H         LINE#         26
  C:2B59H         LINE#         27
  C:2B5CH         LINE#         28
  C:2B5EH         LINE#         30
  -------         ENDPROC       ADC_CONFIG
  -------         PROC          _ADC_CHANNEL_SET
BL51 BANKED LINKER/LOCATER V6.22.4.0                                                  06/03/2026  18:44:46  PAGE 16


  D:0007H         SYMBOL        adc_channel
  C:2CBAH         LINE#         34
  C:2CBAH         LINE#         35
  C:2CBAH         LINE#         36
  C:2CBDH         LINE#         42
  C:2CC2H         LINE#         43
  C:2CC2H         LINE#         47
  C:2CC2H         LINE#         48
  C:2CC9H         LINE#         50
  C:2CCDH         LINE#         53
  C:2CD0H         LINE#         54
  C:2CD0H         LINE#         57
  C:2CD0H         LINE#         59
  C:2CD6H         LINE#         62
  -------         ENDPROC       _ADC_CHANNEL_SET
  -------         PROC          ADC_CHANNEL_SWITCH_BY_ISR
  C:2BF4H         LINE#         105
  C:2BF4H         LINE#         106
  C:2BF4H         LINE#         107
  C:2C02H         LINE#         108
  C:2C02H         LINE#         109
  C:2C02H         LINE#         110
  C:2C02H         LINE#         111
  C:2C08H         LINE#         112
  C:2C09H         LINE#         113
  C:2C09H         LINE#         114
  C:2C0FH         LINE#         115
  C:2C15H         LINE#         116
  C:2C15H         LINE#         118
  C:2C15H         LINE#         119
  C:2C15H         LINE#         120
  C:2C15H         LINE#         121
  -------         ENDPROC       ADC_CHANNEL_SWITCH_BY_ISR
  -------         PROC          ADC_IRQHANDLER
  -------         DO            
  D:0006H         SYMBOL        adc_val
  -------         ENDDO         
  C:22ABH         LINE#         123
  C:22C8H         LINE#         128
  C:22C8H         LINE#         131
  C:22CEH         LINE#         132
  C:22CEH         LINE#         133
  C:22D2H         LINE#         134
  C:22E5H         LINE#         136
  C:22EDH         LINE#         137
  C:22EDH         LINE#         142
  C:22EDH         LINE#         143
  C:22F0H         LINE#         144
  C:22F0H         LINE#         145
  C:22F0H         LINE#         146
  C:22F0H         LINE#         149
  C:22F0H         LINE#         150
  -------         ENDPROC       ADC_IRQHANDLER
  -------         ENDMOD        ADC

  -------         MODULE        KEY_DRIVER
  C:0000H         SYMBOL        _ICE_DUMMY_
BL51 BANKED LINKER/LOCATER V6.22.4.0                                                  06/03/2026  18:44:46  PAGE 17


  C:0E0FH         PUBLIC        _key_driver_scan
  X:628CH         SYMBOL        is_key_active
  X:628DH         PUBLIC        scan_para
  C:2C5AH         SYMBOL        Com0021
  C:2C5AH         SYMBOL        L?0034
  C:2C5DH         SYMBOL        L?0035
  C:2C5EH         SYMBOL        L?0036
  C:2C64H         SYMBOL        L?0037
  C:2C67H         SYMBOL        L?0038
  C:2C6BH         SYMBOL        L?0039
  C:2C71H         SYMBOL        L?0040
  C:2C74H         SYMBOL        L?0041
  -------         PROC          COM0021
  -------         ENDPROC       COM0021
  -------         PROC          _KEY_DRIVER_SCAN
  D:0001H         SYMBOL        _scan_para
  -------         DO            
  X:61F4H         SYMBOL        key_event
  D:0007H         SYMBOL        cur_key_value
  X:61F5H         SYMBOL        key_value
  C:0F77H         SYMBOL        _notify
  C:0F97H         SYMBOL        _scan_end
  -------         ENDDO         
  C:0E0FH         LINE#         19
  C:0E0FH         LINE#         21
  C:0E0FH         LINE#         26
  C:0E14H         LINE#         27
  C:0E16H         LINE#         28
  C:0E1AH         LINE#         32
  C:0E20H         LINE#         35
  C:0E33H         LINE#         36
  C:0E33H         LINE#         38
  C:0E33H         LINE#         40
  C:0E3DH         LINE#         42
  C:0E46H         LINE#         48
  C:0E4AH         LINE#         49
  C:0E4AH         LINE#         50
  C:0E50H         LINE#         51
  C:0E52H         LINE#         52
  C:0E58H         LINE#         53
  C:0E58H         LINE#         54
  C:0E5BH         LINE#         55
  C:0E5BH         LINE#         85
  C:0E6FH         LINE#         86
  C:0E6FH         LINE#         88
  C:0E76H         LINE#         89
  C:0E7CH         LINE#         91
  C:0E7CH         LINE#         94
  C:0E8DH         LINE#         95
  C:0E8DH         LINE#         96
  C:0E98H         LINE#         98
  C:0E98H         LINE#         101
  C:0EA4H         LINE#         102
  C:0EA4H         LINE#         109
  C:0EA8H         LINE#         110
  C:0EA8H         LINE#         111
  C:0EAFH         LINE#         112
BL51 BANKED LINKER/LOCATER V6.22.4.0                                                  06/03/2026  18:44:46  PAGE 18


  C:0EAFH         LINE#         113
  C:0EB1H         LINE#         114
  C:0EB7H         LINE#         115
  C:0EB9H         LINE#         117
  C:0EB9H         LINE#         120
  C:0EB9H         LINE#         121
  C:0EC1H         LINE#         122
  C:0EC1H         LINE#         123
  C:0EC4H         LINE#         125
  C:0EC4H         LINE#         130
  C:0ECCH         LINE#         131
  C:0ED8H         LINE#         132
  C:0ED8H         LINE#         133
  C:0EDDH         LINE#         134
  C:0EE1H         LINE#         135
  C:0EE4H         LINE#         137
  C:0EE4H         LINE#         138
  C:0EEAH         LINE#         139
  C:0EEAH         LINE#         140
  C:0EEAH         LINE#         142
  C:0EECH         LINE#         147
  C:0EECH         LINE#         149
  C:0EECH         LINE#         154
  C:0EF0H         LINE#         155
  C:0EF0H         LINE#         157
  C:0F01H         LINE#         158
  C:0F01H         LINE#         162
  C:0F12H         LINE#         163
  C:0F12H         LINE#         183
  C:0F12H         LINE#         184
  C:0F14H         LINE#         186
  C:0F14H         LINE#         187
  C:0F21H         LINE#         189
  C:0F23H         LINE#         191
  C:0F23H         LINE#         193
  C:0F23H         LINE#         194
  C:0F2EH         LINE#         195
  C:0F31H         LINE#         197
  C:0F31H         LINE#         198
  C:0F31H         LINE#         200
  C:0F31H         LINE#         201
  C:0F31H         LINE#         203
  C:0F31H         LINE#         204
  C:0F31H         LINE#         206
  C:0F31H         LINE#         208
  C:0F3CH         LINE#         209
  C:0F3CH         LINE#         210
  C:0F44H         LINE#         211
  C:0F44H         LINE#         215
  C:0F4AH         LINE#         216
  C:0F4AH         LINE#         217
  C:0F50H         LINE#         222
  C:0F52H         LINE#         223
  C:0F5EH         LINE#         224
  C:0F5EH         LINE#         225
  C:0F63H         LINE#         226
  C:0F72H         LINE#         228
BL51 BANKED LINKER/LOCATER V6.22.4.0                                                  06/03/2026  18:44:46  PAGE 19


  C:0F72H         LINE#         230
  C:0F72H         LINE#         231
  C:0F72H         LINE#         233
  C:0F72H         LINE#         236
  C:0F77H         LINE#         237
  C:0F77H         LINE#         239
  C:0F77H         LINE#         240
  C:0F77H         LINE#         242
  C:0F77H         LINE#         245
  C:0F77H         LINE#         247
  C:0F77H         LINE#         248
  C:0F7BH         LINE#         249
  C:0F83H         LINE#         251
  C:0F8DH         LINE#         252
  C:0F97H         LINE#         255
  C:0F97H         LINE#         264
  C:0F97H         LINE#         266
  C:0F97H         LINE#         267
  C:0FA1H         LINE#         270
  -------         ENDPROC       _KEY_DRIVER_SCAN
  -------         ENDMOD        KEY_DRIVER

  -------         MODULE        USER_FLASH
  C:0000H         SYMBOL        _ICE_DUMMY_
  D:00A4H         PUBLIC        FLASH_CON
  D:00A5H         PUBLIC        FLASH_STA
  D:00A6H         PUBLIC        FLASH_DATA
  D:00AEH         PUBLIC        FLASH_PASSWORD
  D:00AFH         PUBLIC        FLASH_ADDR
  C:2EF2H         PUBLIC        _flash_erase_sector
  C:2985H         PUBLIC        _flash_program
  C:2A27H         PUBLIC        _flash_read
  -------         PROC          _FLASH_ERASE_SECTOR
  D:0007H         SYMBOL        addr
  C:2EF2H         LINE#         9
  C:2EF2H         LINE#         10
  C:2EF2H         LINE#         11
  C:2EF5H         LINE#         12
  C:2EF7H         LINE#         13
  C:2EFAH         LINE#         14
  C:2EFDH         LINE#         16
  C:2F02H         LINE#         18
  -------         ENDPROC       _FLASH_ERASE_SECTOR
  -------         PROC          _FLASH_PROGRAM
  D:0007H         SYMBOL        addr
  X:6201H         SYMBOL        p_data
  X:6204H         SYMBOL        len
  C:2985H         LINE#         27
  C:298BH         LINE#         28
  C:298BH         LINE#         29
  C:298EH         LINE#         30
  C:2990H         LINE#         32
  C:2999H         LINE#         33
  C:2999H         LINE#         34
  C:299EH         LINE#         36
  C:29ADH         LINE#         37
  C:29B0H         LINE#         38
BL51 BANKED LINKER/LOCATER V6.22.4.0                                                  06/03/2026  18:44:46  PAGE 20


  C:29B3H         LINE#         40
  C:29B9H         LINE#         41
  C:29BBH         LINE#         42
  -------         ENDPROC       _FLASH_PROGRAM
  -------         PROC          _FLASH_READ
  D:0007H         SYMBOL        addr
  X:6201H         SYMBOL        p_data
  X:6204H         SYMBOL        len
  C:2A27H         LINE#         51
  C:2A2DH         LINE#         52
  C:2A2DH         LINE#         53
  C:2A33H         LINE#         54
  C:2A33H         LINE#         55
  C:2A52H         LINE#         56
  C:2A58H         LINE#         57
  C:2A5AH         LINE#         58
  -------         ENDPROC       _FLASH_READ
  -------         ENDMOD        USER_FLASH

  -------         MODULE        AIP3368
  C:0000H         SYMBOL        _ICE_DUMMY_
  X:6221H         PUBLIC        aip3368h_display_buff
  C:2DDEH         PUBLIC        aip3368h_refresh_time_add
  C:1D6AH         PUBLIC        aip3368h_module_init
  C:2CD7H         PUBLIC        aip3368h_module_display
  C:2C16H         PUBLIC        _aip3368h_module_set_brightness
  B:0080H.3       PUBLIC        P03
  B:0090H.1       PUBLIC        P11
  B:0090H.2       PUBLIC        P12
  X:6237H         SYMBOL        aip3368h_refresh_cnt
  C:2A8EH         SYMBOL        _aip3368h_module_send_data_to_one_dev
  C:2762H         SYMBOL        _aip3368h_module_send_data_to_all_dev
  C:3017H         SYMBOL        Com0013
  C:3017H         SYMBOL        L?0020
  C:3017H         SYMBOL        L?0021
  -------         PROC          COM0013
  -------         ENDPROC       COM0013
  -------         PROC          AIP3368H_REFRESH_TIME_ADD
  C:2DDEH         LINE#         14
  C:2DDEH         LINE#         15
  C:2DDEH         LINE#         17
  C:2DEDH         LINE#         18
  C:2DEDH         LINE#         19
  C:2DF4H         LINE#         20
  C:2DF4H         LINE#         21
  -------         ENDPROC       AIP3368H_REFRESH_TIME_ADD
  -------         PROC          _AIP3368H_MODULE_SEND_DATA_TO_ONE_DEV
  D:0006H         SYMBOL        dat
  -------         DO            
  X:61F8H         SYMBOL        i
  -------         ENDDO         
  C:2A8EH         LINE#         23
  C:2A8EH         LINE#         24
  C:2A8EH         LINE#         28
  C:2A95H         LINE#         29
  C:2A95H         LINE#         30
  C:2A9FH         LINE#         33
BL51 BANKED LINKER/LOCATER V6.22.4.0                                                  06/03/2026  18:44:46  PAGE 21


  C:2AA1H         LINE#         35
  C:2AA8H         LINE#         36
  C:2AAAH         LINE#         38
  C:2AC0H         LINE#         40
  -------         ENDPROC       _AIP3368H_MODULE_SEND_DATA_TO_ONE_DEV
  -------         PROC          _AIP3368H_MODULE_SEND_DATA_TO_ALL_DEV
  X:61F4H         SYMBOL        buff
  D:0005H         SYMBOL        len
  -------         DO            
  X:61F7H         SYMBOL        i
  -------         ENDDO         
  C:2762H         LINE#         42
  C:2768H         LINE#         43
  C:2768H         LINE#         48
  C:276AH         LINE#         49
  C:276CH         LINE#         54
  C:2779H         LINE#         55
  C:2779H         LINE#         56
  C:2795H         LINE#         57
  C:279DH         LINE#         61
  C:279FH         LINE#         63
  C:27A1H         LINE#         66
  C:27A3H         LINE#         69
  -------         ENDPROC       _AIP3368H_MODULE_SEND_DATA_TO_ALL_DEV
  -------         PROC          AIP3368H_MODULE_DISPLAY
  C:2CD7H         LINE#         73
  C:2CD7H         LINE#         74
  C:2CD7H         LINE#         79
  C:2CE6H         LINE#         80
  C:2CE6H         LINE#         82
  C:2CE6H         LINE#         84
  C:2CE6H         LINE#         85
  C:2CEAH         LINE#         86
  C:2CEAH         LINE#         96
  C:2CF2H         LINE#         97
  -------         ENDPROC       AIP3368H_MODULE_DISPLAY
  -------         PROC          AIP3368H_MODULE_INIT
  C:1D6AH         LINE#         105
  C:1D6AH         LINE#         106
  C:1D6AH         LINE#         109
  C:1D76H         LINE#         112
  C:1D7CH         LINE#         113
  C:1D80H         LINE#         114
  C:1D85H         LINE#         116
  C:1D89H         LINE#         117
  C:1D8DH         LINE#         118
  C:1D90H         LINE#         120
  C:1D96H         LINE#         121
  C:1D9AH         LINE#         122
  C:1D9FH         LINE#         125
  C:1DA3H         LINE#         126
  C:1DA7H         LINE#         127
  C:1DADH         LINE#         131
  C:1DB1H         LINE#         132
  C:1DB6H         LINE#         133
  C:1DBAH         LINE#         134
  C:1DBEH         LINE#         135
BL51 BANKED LINKER/LOCATER V6.22.4.0                                                  06/03/2026  18:44:46  PAGE 22


  C:1DC0H         LINE#         137
  C:1DC3H         LINE#         138
  C:1DC8H         LINE#         139
  C:1DCEH         LINE#         140
  C:1DD4H         LINE#         141
  C:1DDAH         LINE#         142
  C:1DE0H         LINE#         144
  C:1DE2H         LINE#         145
  C:1DE4H         LINE#         146
  C:1DE6H         LINE#         148
  -------         ENDPROC       AIP3368H_MODULE_INIT
  -------         PROC          _AIP3368H_MODULE_SET_BRIGHTNESS
  D:0007H         SYMBOL        brightness
  -------         DO            
  D:0004H         SYMBOL        channel_duty
  -------         ENDDO         
  C:2C16H         LINE#         151
  C:2C16H         LINE#         152
  C:2C16H         LINE#         155
  C:2C2AH         LINE#         157
  C:2C2EH         LINE#         158
  C:2C31H         LINE#         159
  C:2C37H         LINE#         160
  -------         ENDPROC       _AIP3368H_MODULE_SET_BRIGHTNESS
  -------         ENDMOD        AIP3368

  -------         MODULE        BEEP
  C:0000H         SYMBOL        _ICE_DUMMY_
  B:00A0H.4       PUBLIC        P24
  C:2E98H         PUBLIC        beep_init
  C:2F13H         PUBLIC        _beep_play
  C:2C38H         PUBLIC        beep_handle_1ms_isr
  X:6293H         SYMBOL        beep_time_cnt
  X:6294H         SYMBOL        is_beep_enable
  -------         PROC          BEEP_INIT
  C:2E98H         LINE#         7
  C:2E98H         LINE#         8
  C:2E98H         LINE#         10
  C:2E9EH         LINE#         11
  C:2EA2H         LINE#         12
  C:2EA7H         LINE#         13
  C:2EA9H         LINE#         14
  -------         ENDPROC       BEEP_INIT
  -------         PROC          _BEEP_PLAY
  D:0007H         SYMBOL        beep_time
  C:2F13H         LINE#         20
  C:2F13H         LINE#         21
  C:2F13H         LINE#         22
  C:2F18H         LINE#         23
  C:2F1DH         LINE#         24
  C:2F21H         LINE#         25
  -------         ENDPROC       _BEEP_PLAY
  -------         PROC          BEEP_HANDLE_1MS_ISR
  C:2C38H         LINE#         27
  C:2C38H         LINE#         28
  C:2C38H         LINE#         29
  C:2C3EH         LINE#         30
BL51 BANKED LINKER/LOCATER V6.22.4.0                                                  06/03/2026  18:44:46  PAGE 23


  C:2C3EH         LINE#         31
  C:2C44H         LINE#         32
  C:2C44H         LINE#         33
  C:2C47H         LINE#         34
  C:2C49H         LINE#         35
  C:2C4AH         LINE#         37
  C:2C4AH         LINE#         38
  C:2C4CH         LINE#         39
  C:2C51H         LINE#         40
  C:2C51H         LINE#         41
  C:2C52H         LINE#         43
  C:2C52H         LINE#         44
  C:2C54H         LINE#         45
  C:2C59H         LINE#         46
  C:2C59H         LINE#         47
  -------         ENDPROC       BEEP_HANDLE_1MS_ISR
  -------         ENDMOD        BEEP

  -------         MODULE        MAIN
  C:0000H         SYMBOL        _ICE_DUMMY_
  D:00D9H         PUBLIC        WDT_KEY
  B:0080H.4       PUBLIC        P04
  C:2EAAH         PUBLIC        debug_pin_init
  C:289DH         PUBLIC        user_init
  C:28D9H         PUBLIC        main
  -------         PROC          DEBUG_PIN_INIT
  C:2EAAH         LINE#         24
  C:2EAAH         LINE#         25
  C:2EAAH         LINE#         26
  C:2EB0H         LINE#         27
  C:2EB4H         LINE#         28
  C:2EB9H         LINE#         29
  C:2EBBH         LINE#         30
  -------         ENDPROC       DEBUG_PIN_INIT
  -------         PROC          USER_INIT
  C:289DH         LINE#         33
  C:289DH         LINE#         34
  C:289DH         LINE#         36
  C:28A0H         LINE#         37
  C:28A3H         LINE#         38
  C:28ACH         LINE#         41
  C:28AFH         LINE#         44
  C:28B2H         LINE#         48
  C:28B5H         LINE#         52
  C:28B8H         LINE#         56
  C:28BBH         LINE#         60
  C:28BEH         LINE#         63
  C:28C1H         LINE#         64
  C:28C4H         LINE#         66
  C:28C7H         LINE#         67
  C:28CAH         LINE#         69
  C:28CFH         LINE#         70
  C:28D2H         LINE#         71
  -------         ENDPROC       USER_INIT
  -------         PROC          MAIN
  C:28D9H         LINE#         75
  C:28D9H         LINE#         76
BL51 BANKED LINKER/LOCATER V6.22.4.0                                                  06/03/2026  18:44:46  PAGE 24


  C:28D9H         LINE#         78
  C:28DCH         LINE#         83
  C:28DFH         LINE#         84
  C:28E6H         LINE#         85
  C:28E9H         LINE#         88
  C:28ECH         LINE#         97
  C:28F1H         LINE#         100
  C:28F1H         LINE#         101
  C:28F1H         LINE#         106
  C:28F4H         LINE#         109
  C:28F7H         LINE#         113
  C:2900H         LINE#         114
  C:2903H         LINE#         118
  C:2906H         LINE#         120
  C:2909H         LINE#         123
  C:290CH         LINE#         127
  C:290FH         LINE#         135
  C:2912H         LINE#         136
  -------         ENDPROC       MAIN
  -------         ENDMOD        MAIN

  -------         MODULE        PIN_LEVEL_SCAN
  C:0000H         SYMBOL        _ICE_DUMMY_
  B:0080H.6       PUBLIC        P06
  B:0080H.7       PUBLIC        P07
  B:0090H.0       PUBLIC        P10
  B:0090H.3       PUBLIC        P13
  B:0090H.4       PUBLIC        P14
  B:00A0H.1       PUBLIC        P21
  B:00A0H.2       PUBLIC        P22
  B:00A0H.3       PUBLIC        P23
  B:00A0H.5       PUBLIC        P25
  B:00A0H.6       PUBLIC        P26
  B:00A0H.7       PUBLIC        P27
  B:00B0H.0       PUBLIC        P30
  C:2166H         PUBLIC        pin_level_scan_config
  C:1A05H         PUBLIC        pin_level_scan
  -------         PROC          PIN_LEVEL_SCAN_CONFIG
  C:2166H         LINE#         4
  C:2166H         LINE#         5
  C:2166H         LINE#         7
  C:216CH         LINE#         8
  C:2172H         LINE#         11
  C:2178H         LINE#         12
  C:217EH         LINE#         15
  C:2184H         LINE#         16
  C:218AH         LINE#         19
  C:2190H         LINE#         20
  C:2196H         LINE#         23
  C:219CH         LINE#         24
  C:21A2H         LINE#         27
  C:21A8H         LINE#         28
  C:21AEH         LINE#         31
  C:21B4H         LINE#         32
  C:21BAH         LINE#         35
  C:21C0H         LINE#         36
  C:21C6H         LINE#         39
BL51 BANKED LINKER/LOCATER V6.22.4.0                                                  06/03/2026  18:44:46  PAGE 25


  C:21CBH         LINE#         42
  C:21CFH         LINE#         45
  C:21D4H         LINE#         48
  C:21D9H         LINE#         49
  -------         ENDPROC       PIN_LEVEL_SCAN_CONFIG
  -------         PROC          PIN_LEVEL_SCAN
  C:1A05H         LINE#         52
  C:1A05H         LINE#         53
  C:1A05H         LINE#         55
  C:1A08H         LINE#         56
  C:1A08H         LINE#         57
  C:1A0DH         LINE#         58
  C:1A0FH         LINE#         59
  C:1A12H         LINE#         60
  C:1A12H         LINE#         61
  C:1A18H         LINE#         62
  C:1A1AH         LINE#         63
  C:1A1DH         LINE#         64
  C:1A1DH         LINE#         65
  C:1A23H         LINE#         66
  C:1A25H         LINE#         67
  C:1A28H         LINE#         68
  C:1A28H         LINE#         69
  C:1A2EH         LINE#         70
  C:1A30H         LINE#         71
  C:1A33H         LINE#         72
  C:1A33H         LINE#         73
  C:1A39H         LINE#         74
  C:1A3BH         LINE#         75
  C:1A3EH         LINE#         76
  C:1A3EH         LINE#         77
  C:1A44H         LINE#         78
  C:1A46H         LINE#         79
  C:1A4CH         LINE#         80
  C:1A4CH         LINE#         81
  C:1A4FH         LINE#         82
  C:1A51H         LINE#         84
  C:1A51H         LINE#         86
  C:1A54H         LINE#         87
  C:1A54H         LINE#         89
  C:1A5CH         LINE#         90
  C:1A61H         LINE#         92
  C:1A64H         LINE#         93
  C:1A64H         LINE#         94
  C:1A66H         LINE#         95
  C:1A68H         LINE#         97
  C:1A68H         LINE#         98
  C:1A6DH         LINE#         99
  C:1A6DH         LINE#         102
  C:1A70H         LINE#         103
  C:1A70H         LINE#         104
  C:1A72H         LINE#         105
  C:1A74H         LINE#         107
  C:1A74H         LINE#         108
  C:1A79H         LINE#         109
  C:1A79H         LINE#         112
  C:1A7CH         LINE#         113
BL51 BANKED LINKER/LOCATER V6.22.4.0                                                  06/03/2026  18:44:46  PAGE 26


  C:1A7CH         LINE#         114
  C:1A7EH         LINE#         115
  C:1A80H         LINE#         117
  C:1A80H         LINE#         118
  C:1A85H         LINE#         119
  C:1A85H         LINE#         122
  C:1A88H         LINE#         123
  C:1A88H         LINE#         124
  C:1A8AH         LINE#         125
  C:1A8CH         LINE#         127
  C:1A8CH         LINE#         128
  C:1A91H         LINE#         129
  C:1A91H         LINE#         132
  C:1A94H         LINE#         133
  C:1A94H         LINE#         134
  C:1A96H         LINE#         135
  C:1A98H         LINE#         137
  C:1A98H         LINE#         138
  C:1A9DH         LINE#         139
  C:1A9DH         LINE#         140
  -------         ENDPROC       PIN_LEVEL_SCAN
  -------         ENDMOD        PIN_LEVEL_SCAN

  -------         MODULE        SPEED_SCAN
  C:0000H         SYMBOL        _ICE_DUMMY_
  B:0090H.5       PUBLIC        P15
  C:230BH         PUBLIC        speed_scan_timer_50us_isr
  C:2FA8H         PUBLIC        speed_scan_config
  C:13ACH         PUBLIC        speed_scan
  C:29F2H         PUBLIC        _aip3368h_display_speed_by_unit_type
  C:2C9CH         PUBLIC        aip3368h_display_speed_refresh_time_add
  C:112EH         PUBLIC        aip3368h_display_speed_handle
  B:0021H.2       SYMBOL        flag_is_speed_scan_over_time
  X:61BAH         SYMBOL        speed_pulse_cnt
  X:61BEH         SYMBOL        speed_scan_time_ms
  X:61C2H         SYMBOL        cur_speed_scan_time
  X:61C6H         SYMBOL        cur_speed_scan_pulse
  X:61CAH         SYMBOL        aip3368h_display_speed_refresh_time_cnt
  X:61CBH         SYMBOL        speed_filter_array
  X:61F3H         SYMBOL        speed_filter_index
  C:2E23H         PUBLIC        _speed_filter_init
  C:2DC6H         PUBLIC        _speed_filter_add
  C:18C1H         PUBLIC        speed_filter_get_speed
  C:2914H         PUBLIC        speed_scan_update_data
  C:2420H         SYMBOL        Com003E
  C:2420H         SYMBOL        L?0063
  C:2425H         SYMBOL        L?0064
  C:2427H         SYMBOL        L?0065
  C:242FH         SYMBOL        L?0066
  C:242FH         SYMBOL        L?0067
  C:2432H         SYMBOL        L?0068
  C:2438H         SYMBOL        L?0069
  C:2449H         SYMBOL        L?0070
  C:2449H         SYMBOL        L?0071
  C:2451H         SYMBOL        L?0072
  C:245BH         SYMBOL        L?0073
  C:2466H         SYMBOL        L?0074
BL51 BANKED LINKER/LOCATER V6.22.4.0                                                  06/03/2026  18:44:46  PAGE 27


  C:2466H         SYMBOL        L?0075
  C:246CH         SYMBOL        L?0076
  -------         PROC          COM003E
  -------         ENDPROC       COM003E
  -------         PROC          _SPEED_FILTER_INIT
  D:0007H         SYMBOL        speed
  -------         DO            
  D:0006H         SYMBOL        i
  -------         ENDDO         
  C:2E23H         LINE#         22
  C:2E23H         LINE#         23
  C:2E23H         LINE#         25
  C:2E25H         LINE#         26
  C:2E25H         LINE#         27
  C:2E2DH         LINE#         28
  C:2E32H         LINE#         30
  C:2E37H         LINE#         31
  -------         ENDPROC       _SPEED_FILTER_INIT
  -------         PROC          _SPEED_FILTER_ADD
  D:0007H         SYMBOL        speed
  C:2DC6H         LINE#         33
  C:2DC6H         LINE#         34
  C:2DC6H         LINE#         35
  C:2DCFH         LINE#         36
  C:2DD5H         LINE#         37
  C:2DDBH         LINE#         38
  C:2DDBH         LINE#         39
  C:2DDDH         LINE#         40
  C:2DDDH         LINE#         41
  -------         ENDPROC       _SPEED_FILTER_ADD
  -------         PROC          SPEED_FILTER_GET_SPEED
  -------         DO            
  X:61F7H         SYMBOL        i
  X:61F8H         SYMBOL        sum
  X:61FCH         SYMBOL        max_speed
  X:61FDH         SYMBOL        min_speed
  -------         ENDDO         
  C:18C1H         LINE#         43
  C:18C1H         LINE#         44
  C:18C1H         LINE#         46
  C:18CBH         LINE#         47
  C:18D0H         LINE#         48
  C:18D4H         LINE#         56
  C:18D9H         LINE#         57
  C:18D9H         LINE#         58
  C:18F5H         LINE#         60
  C:1902H         LINE#         61
  C:1902H         LINE#         62
  C:190DH         LINE#         63
  C:190DH         LINE#         65
  C:191AH         LINE#         66
  C:191AH         LINE#         67
  C:1925H         LINE#         68
  C:1925H         LINE#         69
  C:1930H         LINE#         71
  C:195CH         LINE#         73
  -------         ENDPROC       SPEED_FILTER_GET_SPEED
BL51 BANKED LINKER/LOCATER V6.22.4.0                                                  06/03/2026  18:44:46  PAGE 28


  -------         PROC          SPEED_SCAN_CONFIG
  C:2FA8H         LINE#         77
  C:2FA8H         LINE#         78
  C:2FA8H         LINE#         80
  C:2FAEH         LINE#         81
  C:2FB4H         LINE#         82
  -------         ENDPROC       SPEED_SCAN_CONFIG
  -------         PROC          SPEED_SCAN_UPDATE_DATA
  C:2914H         LINE#         84
  C:2914H         LINE#         85
  C:2914H         LINE#         86
  C:2926H         LINE#         87
  C:2930H         LINE#         88
  C:2942H         LINE#         89
  C:294CH         LINE#         90
  -------         ENDPROC       SPEED_SCAN_UPDATE_DATA
  -------         PROC          SPEED_SCAN_TIMER_50US_ISR
  -------         DO            
  B:0021H.1       SYMBOL        last_speed_scan_level
  X:61B6H         SYMBOL        cnt
  -------         ENDDO         
  C:230BH         LINE#         92
  C:230BH         LINE#         93
  C:230BH         LINE#         96
  C:2315H         LINE#         97
  C:2324H         LINE#         98
  C:2324H         LINE#         99
  C:2328H         LINE#         101
  C:2334H         LINE#         103
  C:2343H         LINE#         105
  C:2343H         LINE#         106
  C:234DH         LINE#         107
  C:234FH         LINE#         108
  C:234FH         LINE#         109
  C:234FH         LINE#         111
  C:2352H         LINE#         112
  C:2352H         LINE#         113
  C:2355H         LINE#         114
  C:2355H         LINE#         115
  C:2361H         LINE#         116
  C:2364H         LINE#         117
  C:2364H         LINE#         119
  C:2366H         LINE#         120
  C:2367H         LINE#         122
  C:2367H         LINE#         124
  C:2369H         LINE#         125
  C:2369H         LINE#         126
  -------         ENDPROC       SPEED_SCAN_TIMER_50US_ISR
  -------         PROC          SPEED_SCAN
  -------         DO            
  X:61F4H         SYMBOL        cur_speed
  X:61F8H         SYMBOL        tmp
  -------         ENDDO         
  C:13ACH         LINE#         128
  C:13ACH         LINE#         129
  C:13ACH         LINE#         130
  C:13B6H         LINE#         131
BL51 BANKED LINKER/LOCATER V6.22.4.0                                                  06/03/2026  18:44:46  PAGE 29


  C:13C0H         LINE#         133
  C:13D2H         LINE#         134
  C:13D2H         LINE#         143
  C:13FEH         LINE#         150
  C:1401H         LINE#         151
  C:1401H         LINE#         153
  C:1412H         LINE#         154
  C:1412H         LINE#         156
  C:1419H         LINE#         157
  C:141BH         LINE#         159
  C:141BH         LINE#         160
  C:1422H         LINE#         161
  C:1422H         LINE#         162
  C:1424H         LINE#         164
  C:1424H         LINE#         178
  C:1445H         LINE#         179
  C:1445H         LINE#         182
  C:1457H         LINE#         189
  C:1461H         LINE#         190
  C:146BH         LINE#         191
  C:146DH         LINE#         193
  C:1478H         LINE#         194
  C:1478H         LINE#         195
  C:148AH         LINE#         196
  C:148AH         LINE#         199
  C:1496H         LINE#         200
  C:1496H         LINE#         201
  C:14A0H         LINE#         202
  C:14A0H         LINE#         204
  C:14ABH         LINE#         205
  C:14ABH         LINE#         206
  -------         ENDPROC       SPEED_SCAN
  -------         PROC          AIP3368H_DISPLAY_SPEED_REFRESH_TIME_ADD
  C:2C9CH         LINE#         212
  C:2C9CH         LINE#         213
  C:2C9CH         LINE#         214
  C:2CA7H         LINE#         216
  C:2CA7H         LINE#         218
  C:2CADH         LINE#         220
  C:2CADH         LINE#         222
  C:2CB6H         LINE#         223
  C:2CB6H         LINE#         224
  C:2CB9H         LINE#         225
  C:2CB9H         LINE#         226
  -------         ENDPROC       AIP3368H_DISPLAY_SPEED_REFRESH_TIME_ADD
  -------         PROC          _AIP3368H_DISPLAY_SPEED_BY_UNIT_TYPE
  X:61F7H         SYMBOL        speed
  C:29F2H         LINE#         233
  C:29F7H         LINE#         234
  C:29F7H         LINE#         235
  C:29FDH         LINE#         237
  C:29FDH         LINE#         239
  C:2A02H         LINE#         240
  C:2A04H         LINE#         241
  C:2A0BH         LINE#         243
  C:2A0BH         LINE#         246
  C:2A26H         LINE#         247
BL51 BANKED LINKER/LOCATER V6.22.4.0                                                  06/03/2026  18:44:46  PAGE 30


  C:2A26H         LINE#         248
  -------         ENDPROC       _AIP3368H_DISPLAY_SPEED_BY_UNIT_TYPE
  -------         PROC          AIP3368H_DISPLAY_SPEED_HANDLE
  -------         DO            
  X:61B8H         SYMBOL        is_initialized
  X:61F4H         SYMBOL        cur_speed
  X:61B9H         SYMBOL        filtered_speed
  X:61F5H         SYMBOL        base_step
  X:61F6H         SYMBOL        speed_abs_diff
  -------         ENDDO         
  C:112EH         LINE#         250
  C:112EH         LINE#         251
  C:112EH         LINE#         262
  C:1139H         LINE#         264
  C:1139H         LINE#         266
  C:113FH         LINE#         268
  C:113FH         LINE#         270
  C:1145H         LINE#         271
  C:1145H         LINE#         272
  C:1147H         LINE#         274
  C:114DH         LINE#         275
  C:1155H         LINE#         276
  C:115DH         LINE#         277
  C:1165H         LINE#         282
  C:1165H         LINE#         285
  C:1171H         LINE#         286
  C:1171H         LINE#         287
  C:1173H         LINE#         290
  C:117AH         LINE#         291
  C:117AH         LINE#         292
  C:117DH         LINE#         293
  C:1185H         LINE#         294
  C:1185H         LINE#         296
  C:118AH         LINE#         297
  C:118AH         LINE#         298
  C:1190H         LINE#         299
  C:1192H         LINE#         300
  C:119BH         LINE#         301
  C:119BH         LINE#         302
  C:119EH         LINE#         303
  C:11A0H         LINE#         305
  C:11A0H         LINE#         306
  C:11A3H         LINE#         307
  C:11A3H         LINE#         309
  C:11B3H         LINE#         314
  C:11B3H         LINE#         315
  C:11B3H         LINE#         316
  C:11B5H         LINE#         318
  C:11B5H         LINE#         319
  C:11B5H         LINE#         320
  C:11BCH         LINE#         321
  C:11BCH         LINE#         322
  C:11C3H         LINE#         323
  C:11C8H         LINE#         324
  C:11C8H         LINE#         326
  C:11CDH         LINE#         327
  C:11CDH         LINE#         328
BL51 BANKED LINKER/LOCATER V6.22.4.0                                                  06/03/2026  18:44:46  PAGE 31


  C:11D3H         LINE#         329
  C:11D5H         LINE#         330
  C:11DEH         LINE#         331
  C:11DEH         LINE#         332
  C:11E1H         LINE#         333
  C:11E3H         LINE#         335
  C:11E3H         LINE#         336
  C:11E6H         LINE#         337
  C:11E6H         LINE#         339
  C:11F1H         LINE#         344
  C:11F9H         LINE#         345
  C:1201H         LINE#         347
  C:1203H         LINE#         349
  C:1203H         LINE#         350
  C:1203H         LINE#         352
  C:120BH         LINE#         353
  C:1213H         LINE#         358
  C:1219H         LINE#         359
  C:1219H         LINE#         360
  C:121EH         LINE#         361
  C:1220H         LINE#         363
  C:1220H         LINE#         365
  C:1245H         LINE#         366
  C:1245H         LINE#         368
  C:124DH         LINE#         370
  C:1257H         LINE#         371
  C:1257H         LINE#         372
  C:125AH         LINE#         373
  C:125CH         LINE#         374
  C:1269H         LINE#         375
  C:1269H         LINE#         376
  C:126CH         LINE#         377
  C:126CH         LINE#         382
  C:1274H         LINE#         383
  C:1274H         LINE#         385
  -------         ENDPROC       AIP3368H_DISPLAY_SPEED_HANDLE
  -------         ENDMOD        SPEED_SCAN

  -------         MODULE        ENGINE_SPEED_SCAN
  C:0000H         SYMBOL        _ICE_DUMMY_
  B:0080H.2       PUBLIC        P02
  B:0021H.4       PUBLIC        flag_is_engine_speed_scan_over_time
  X:6254H         PUBLIC        engine_speed_scan_cnt
  X:6258H         PUBLIC        engine_speed_scan_ms
  C:2FB5H         PUBLIC        engine_speed_scan_config
  C:1FF0H         PUBLIC        engine_speed_scan
[...]
  C:0DF1H         LINE#         1451
  C:0DF8H         LINE#         1452
  C:0DFCH         LINE#         1453
  C:0DFEH         LINE#         1454
  C:0DFEH         LINE#         1455
  C:0E03H         LINE#         1456
  C:0E08H         LINE#         1457
  C:0E08H         LINE#         1458
  C:0E08H         LINE#         1460
  C:0E0EH         LINE#         1461
  C:0E0EH         LINE#         1462
  -------         ENDPROC       __AIP3368H_DISPLAY_BOOT_ANIMATION_LEFT_TO_RIGHT__
  -------         PROC          AIP3368H_DISPLAY_BOOT_ANIMATION_HANDLE
  C:2608H         LINE#         1465
  C:2608H         LINE#         1466
  C:2608H         LINE#         1468
  C:260EH         LINE#         1473
  C:2614H         LINE#         1474
  C:2614H         LINE#         1475
  C:2617H         LINE#         1477
  C:261BH         LINE#         1478
  C:261BH         LINE#         1479
  C:261DH         LINE#         1480
  C:261DH         LINE#         1482
  C:261DH         LINE#         1483
  C:261DH         LINE#         1484
  C:261DH         LINE#         1486
  C:2620H         LINE#         1487
  C:2623H         LINE#         1488
  C:2626H         LINE#         1490
  C:262DH         LINE#         1492
  C:262DH         LINE#         1494
  C:2632H         LINE#         1495
  C:2637H         LINE#         1496
  C:263CH         LINE#         1497
  C:2641H         LINE#         1498
  C:2644H         LINE#         1499
  C:2647H         LINE#         1500
  C:264AH         LINE#         1503
  C:264AH         LINE#         1505
  C:264DH         LINE#         1506
  C:264FH         LINE#         1507
  -------         ENDPROC       AIP3368H_DISPLAY_BOOT_ANIMATION_HANDLE
  -------         PROC          AIP3368H_DISPLAY_ERR_HANDLE_TIME_ADD
  C:2E85H         LINE#         1509
  C:2E85H         LINE#         1510
  C:2E85H         LINE#         1511
  C:2E94H         LINE#         1512
BL51 BANKED LINKER/LOCATER V6.22.4.0                                                  06/03/2026  18:44:46  PAGE 59


  C:2E94H         LINE#         1513
  C:2E97H         LINE#         1514
  C:2E97H         LINE#         1515
  -------         ENDPROC       AIP3368H_DISPLAY_ERR_HANDLE_TIME_ADD
  -------         PROC          AIP3368H_DISPLAY_ERR_HANDLE
  C:29BCH         LINE#         1516
  C:29BCH         LINE#         1517
  C:29BCH         LINE#         1518
  C:29CBH         LINE#         1519
  C:29CBH         LINE#         1521
  C:29CBH         LINE#         1523
  C:29CBH         LINE#         1524
  C:29CFH         LINE#         1525
  C:29CFH         LINE#         1558
  C:29D5H         LINE#         1559
  C:29D5H         LINE#         1562
  C:29E2H         LINE#         1563
  C:29E2H         LINE#         1564
  C:29E6H         LINE#         1565
  C:29E7H         LINE#         1567
  C:29E7H         LINE#         1568
  C:29F1H         LINE#         1569
  C:29F1H         LINE#         1570
  C:29F1H         LINE#         1571
  -------         ENDPROC       AIP3368H_DISPLAY_ERR_HANDLE
  -------         ENDMOD        AIP3368H_DISPLAY

  -------         MODULE        IO_KEY
  C:0000H         SYMBOL        _ICE_DUMMY_
  B:0080H.5       PUBLIC        P05
  X:6239H         PUBLIC        io_key_para
  C:2FCFH         PUBLIC        io_key_config
  C:180BH         PUBLIC        io_key_handle
  C:2FFEH         PUBLIC        io_key_get_key_id
  X:624CH         SYMBOL        io_key_event_table
  C:2650H         PUBLIC        ___io_key_get_event__
  C:2F8BH         SYMBOL        Com002A
  C:2F8BH         SYMBOL        L?0043
  -------         PROC          COM002A
  -------         ENDPROC       COM002A
  -------         PROC          IO_KEY_CONFIG
  C:2FCFH         LINE#         42
  C:2FCFH         LINE#         43
  C:2FCFH         LINE#         44
  C:2FD5H         LINE#         45
  C:2FDBH         LINE#         46
  -------         ENDPROC       IO_KEY_CONFIG
  -------         PROC          IO_KEY_GET_KEY_ID
  C:2FFEH         LINE#         48
  C:2FFEH         LINE#         49
  C:2FFEH         LINE#         50
  C:3001H         LINE#         51
  C:3001H         LINE#         53
  C:3004H         LINE#         54
  C:3004H         LINE#         56
  C:3006H         LINE#         57
  -------         ENDPROC       IO_KEY_GET_KEY_ID
BL51 BANKED LINKER/LOCATER V6.22.4.0                                                  06/03/2026  18:44:46  PAGE 60


  -------         PROC          ___IO_KEY_GET_EVENT__
  D:0007H         SYMBOL        key_val
  D:0005H         SYMBOL        key_event
  -------         DO            
  D:0006H         SYMBOL        ret_key_event
  D:0004H         SYMBOL        i
  D:0003H         SYMBOL        index
  -------         ENDDO         
  C:2650H         LINE#         59
  C:2650H         LINE#         60
  C:2650H         LINE#         61
  C:2652H         LINE#         62
  C:2653H         LINE#         63
  C:2654H         LINE#         65
  C:2658H         LINE#         66
  C:2658H         LINE#         67
  C:2659H         LINE#         68
  C:265BH         LINE#         69
  C:265FH         LINE#         70
  C:265FH         LINE#         71
  C:2661H         LINE#         72
  C:2663H         LINE#         73
  C:2667H         LINE#         74
  C:2667H         LINE#         75
  C:2669H         LINE#         76
  C:266BH         LINE#         77
  C:266FH         LINE#         78
  C:266FH         LINE#         79
  C:2671H         LINE#         80
  C:2671H         LINE#         82
  C:2677H         LINE#         83
  C:2677H         LINE#         84
  C:267EH         LINE#         85
  C:267EH         LINE#         86
  C:268DH         LINE#         87
  C:268FH         LINE#         88
  C:268FH         LINE#         89
  C:2692H         LINE#         91
  C:2694H         LINE#         92
  -------         ENDPROC       ___IO_KEY_GET_EVENT__
  -------         PROC          IO_KEY_HANDLE
  -------         DO            
  D:0007H         SYMBOL        io_key_event
  -------         ENDDO         
  C:180BH         LINE#         94
  C:180BH         LINE#         95
  C:180BH         LINE#         96
  C:180BH         LINE#         98
  C:1814H         LINE#         99
  C:1814H         LINE#         101
  C:1814H         LINE#         103
  C:181CH         LINE#         104
  C:1821H         LINE#         105
  C:1823H         LINE#         107
  C:182EH         LINE#         108
  C:182EH         LINE#         109
  C:182EH         LINE#         114
BL51 BANKED LINKER/LOCATER V6.22.4.0                                                  06/03/2026  18:44:46  PAGE 61


  C:1833H         LINE#         116
  C:1839H         LINE#         117
  C:1839H         LINE#         118
  C:184AH         LINE#         121
  C:184DH         LINE#         122
  C:184FH         LINE#         123
  C:1856H         LINE#         125
  C:1856H         LINE#         129
  C:185CH         LINE#         131
  C:185CH         LINE#         132
  C:185EH         LINE#         134
  C:1860H         LINE#         136
  C:1860H         LINE#         137
  C:1865H         LINE#         139
  C:1865H         LINE#         140
  C:1867H         LINE#         141
  C:186EH         LINE#         143
  C:186EH         LINE#         146
  C:1875H         LINE#         147
  C:187BH         LINE#         148
  C:187BH         LINE#         149
  C:187EH         LINE#         150
  C:187EH         LINE#         151
  C:187EH         LINE#         153
  C:187EH         LINE#         154
  C:1880H         LINE#         155
  C:1880H         LINE#         159
  C:1885H         LINE#         161
  C:188BH         LINE#         162
  C:188BH         LINE#         164
  C:1892H         LINE#         165
  C:1892H         LINE#         169
  C:1897H         LINE#         170
  C:1899H         LINE#         172
  C:1899H         LINE#         174
  C:18A3H         LINE#         175
  C:18A3H         LINE#         176
  C:18A3H         LINE#         177
  C:18A5H         LINE#         178
  C:18ACH         LINE#         180
  C:18ACH         LINE#         182
  C:18AFH         LINE#         183
  C:18AFH         LINE#         184
  C:18B1H         LINE#         185
  C:18B8H         LINE#         187
  C:18B8H         LINE#         189
  C:18BAH         LINE#         190
  C:18BDH         LINE#         191
  C:18BDH         LINE#         193
  C:18C0H         LINE#         195
  C:18C0H         LINE#         197
  C:18C0H         LINE#         198
  C:18C0H         LINE#         199
  C:18C0H         LINE#         200
  -------         ENDPROC       IO_KEY_HANDLE
  -------         ENDMOD        IO_KEY

BL51 BANKED LINKER/LOCATER V6.22.4.0                                                  06/03/2026  18:44:46  PAGE 62


  -------         MODULE        UI
  C:0000H         SYMBOL        _ICE_DUMMY_
  X:6285H         PUBLIC        ui_manager
  C:300FH         PUBLIC        ui_manager_init
  C:2695H         PUBLIC        ui_timer_handle_isr
  C:301EH         PUBLIC        _ui_set_state
  C:1744H         PUBLIC        ui_display_handle
  C:2860H         PUBLIC        ui_display_refresh
  C:2D2BH         SYMBOL        Com0025
  C:2D2BH         SYMBOL        L?0038
  C:2D39H         SYMBOL        L?0039
  -------         PROC          COM0025
  -------         ENDPROC       COM0025
  -------         PROC          UI_MANAGER_INIT
  C:300FH         LINE#         6
  C:300FH         LINE#         7
  C:300FH         LINE#         8
  C:3014H         LINE#         10
  -------         ENDPROC       UI_MANAGER_INIT
  -------         PROC          UI_TIMER_HANDLE_ISR
  C:2695H         LINE#         19
  C:2695H         LINE#         20
  C:2695H         LINE#         21
  C:2698H         LINE#         23
  C:269BH         LINE#         25
  C:269EH         LINE#         29
  C:26AAH         LINE#         31
  C:26AAH         LINE#         32
  C:26B9H         LINE#         33
  C:26B9H         LINE#         34
  C:26C0H         LINE#         35
  C:26C0H         LINE#         37
  C:26CFH         LINE#         38
  C:26CFH         LINE#         39
  C:26D6H         LINE#         40
  C:26D6H         LINE#         41
  C:26D6H         LINE#         43
  C:26D6H         LINE#         44
  C:26D6H         LINE#         45
  C:26D9H         LINE#         46
  C:26D9H         LINE#         47
  -------         ENDPROC       UI_TIMER_HANDLE_ISR
  -------         PROC          _UI_SET_STATE
  D:0007H         SYMBOL        state
  C:301EH         LINE#         50
  C:301EH         LINE#         51
  C:301EH         LINE#         52
  C:3023H         LINE#         70
  -------         ENDPROC       _UI_SET_STATE
  -------         PROC          UI_DISPLAY_HANDLE
  C:1744H         LINE#         73
  C:1744H         LINE#         74
  C:1744H         LINE#         75
  C:1752H         LINE#         76
  C:1752H         LINE#         77
  C:1752H         LINE#         79
  C:1752H         LINE#         80
BL51 BANKED LINKER/LOCATER V6.22.4.0                                                  06/03/2026  18:44:46  PAGE 63


  C:1752H         LINE#         83
  C:175AH         LINE#         84
  C:175AH         LINE#         85
  C:175EH         LINE#         87
  C:1764H         LINE#         89
  C:1764H         LINE#         93
  C:176FH         LINE#         94
  C:176FH         LINE#         96
  C:1775H         LINE#         97
  C:1777H         LINE#         98
  C:1779H         LINE#         100
  C:1779H         LINE#         102
  C:1780H         LINE#         103
  C:1784H         LINE#         104
  C:1784H         LINE#         105
  C:1786H         LINE#         106
  C:178EH         LINE#         108
  C:178EH         LINE#         110
  C:179AH         LINE#         111
  C:179AH         LINE#         113
  C:17A1H         LINE#         114
  C:17A3H         LINE#         115
  C:17A5H         LINE#         117
  C:17A5H         LINE#         119
  C:17ACH         LINE#         120
  C:17B3H         LINE#         121
  C:17B3H         LINE#         122
  C:17B3H         LINE#         123
  C:17B3H         LINE#         125
  C:17B5H         LINE#         126
  C:17B5H         LINE#         129
  C:17BAH         LINE#         130
  C:17BAH         LINE#         131
  C:17BEH         LINE#         138
  C:17C9H         LINE#         139
  C:17C9H         LINE#         141
  C:17CEH         LINE#         142
  C:17D3H         LINE#         143
  C:17D8H         LINE#         144
  C:17DAH         LINE#         146
  C:17DAH         LINE#         150
  C:17E2H         LINE#         152
  C:17E2H         LINE#         153
  C:17E2H         LINE#         155
  C:17E2H         LINE#         156
  C:17E2H         LINE#         158
  C:17F1H         LINE#         159
  C:17F1H         LINE#         160
  C:17F5H         LINE#         161
  C:17F9H         LINE#         162
  C:17FCH         LINE#         165
  C:17FFH         LINE#         166
  C:17FFH         LINE#         168
  C:1802H         LINE#         169
  C:1805H         LINE#         170
  C:1808H         LINE#         171
  -------         ENDPROC       UI_DISPLAY_HANDLE
BL51 BANKED LINKER/LOCATER V6.22.4.0                                                  06/03/2026  18:44:46  PAGE 64


  -------         PROC          UI_DISPLAY_REFRESH
  C:2860H         LINE#         180
  C:2860H         LINE#         181
  C:2860H         LINE#         182
  C:2860H         LINE#         183
  C:2863H         LINE#         190
  C:286FH         LINE#         191
  C:286FH         LINE#         192
  C:286FH         LINE#         196
  C:2877H         LINE#         198
  C:2879H         LINE#         199
  C:2879H         LINE#         202
  C:2879H         LINE#         203
  C:2879H         LINE#         205
  C:2881H         LINE#         206
  C:2881H         LINE#         207
  C:2881H         LINE#         209
  C:2884H         LINE#         212
  C:288AH         LINE#         214
  C:288AH         LINE#         215
  C:288EH         LINE#         216
  C:2890H         LINE#         217
  C:2892H         LINE#         219
  C:2892H         LINE#         220
  C:2897H         LINE#         221
  C:289CH         LINE#         222
  C:289CH         LINE#         223
  -------         ENDPROC       UI_DISPLAY_REFRESH
  -------         ENDMOD        UI

  -------         MODULE        ?C?COPY
  C:0115H         PUBLIC        ?C?COPY
  -------         ENDMOD        ?C?COPY

  -------         MODULE        ?C?CLDPTR
  C:013BH         PUBLIC        ?C?CLDPTR
  -------         ENDMOD        ?C?CLDPTR

  -------         MODULE        ?C?CLDOPTR
  C:0154H         PUBLIC        ?C?CLDOPTR
  -------         ENDMOD        ?C?CLDOPTR

  -------         MODULE        ?C?CILDOPTR
  C:0181H         PUBLIC        ?C?CILDOPTR
  -------         ENDMOD        ?C?CILDOPTR

  -------         MODULE        ?C?CSTPTR
  C:01B4H         PUBLIC        ?C?CSTPTR
  -------         ENDMOD        ?C?CSTPTR

  -------         MODULE        ?C?CSTOPTR
  C:01C6H         PUBLIC        ?C?CSTOPTR
  -------         ENDMOD        ?C?CSTOPTR

  -------         MODULE        ?C?UIDIV
  C:01E8H         PUBLIC        ?C?UIDIV
  -------         ENDMOD        ?C?UIDIV
BL51 BANKED LINKER/LOCATER V6.22.4.0                                                  06/03/2026  18:44:46  PAGE 65



  -------         MODULE        ?C?IILDX
  C:023DH         PUBLIC        ?C?IILDX
  -------         ENDMOD        ?C?IILDX

  -------         MODULE        ?C?ILDOPTR
  C:0253H         PUBLIC        ?C?ILDOPTR
  -------         ENDMOD        ?C?ILDOPTR

  -------         MODULE        ?C?LADD
  C:028BH         PUBLIC        ?C?LADD
  -------         ENDMOD        ?C?LADD

  -------         MODULE        ?C?LSUB
  C:0298H         PUBLIC        ?C?LSUB
  -------         ENDMOD        ?C?LSUB

  -------         MODULE        ?C?LMUL
  C:02A6H         PUBLIC        ?C?LMUL
  -------         ENDMOD        ?C?LMUL

  -------         MODULE        ?C?ULDIV
  C:0331H         PUBLIC        ?C?ULDIV
  -------         ENDMOD        ?C?ULDIV

  -------         MODULE        ?C?SLCMP
  C:03C3H         PUBLIC        ?C?SLCMP
  -------         ENDMOD        ?C?SLCMP

  -------         MODULE        ?C?ULCMP
  C:03D9H         PUBLIC        ?C?ULCMP
  -------         ENDMOD        ?C?ULCMP

  -------         MODULE        ?C?LLDXDATA
  C:03EAH         PUBLIC        ?C?LLDXDATA
  -------         ENDMOD        ?C?LLDXDATA

  -------         MODULE        ?C?LLDXDATA0
  C:03F6H         PUBLIC        ?C?LLDXDATA0
  -------         ENDMOD        ?C?LLDXDATA0

  -------         MODULE        ?C?LSTXDATA
  C:0402H         PUBLIC        ?C?LSTXDATA
  -------         ENDMOD        ?C?LSTXDATA

  -------         MODULE        ?C?LSTKXDATA
  C:040EH         PUBLIC        ?C?LSTKXDATA
  -------         ENDMOD        ?C?LSTKXDATA

  -------         MODULE        ?C?OFFXADD
  C:043FH         PUBLIC        ?C?OFFXADD
  -------         ENDMOD        ?C?OFFXADD

  -------         MODULE        ?C?PLDXDATA
  C:044BH         PUBLIC        ?C?PLDXDATA
  -------         ENDMOD        ?C?PLDXDATA

BL51 BANKED LINKER/LOCATER V6.22.4.0                                                  06/03/2026  18:44:46  PAGE 66


  -------         MODULE        ?C?PLDIXDATA
  C:0454H         PUBLIC        ?C?PLDIXDATA
  -------         ENDMOD        ?C?PLDIXDATA

  -------         MODULE        ?C?PSTXDATA
  C:046BH         PUBLIC        ?C?PSTXDATA
  -------         ENDMOD        ?C?PSTXDATA

  -------         MODULE        ?C?PLDOPTR
  C:0474H         PUBLIC        ?C?PLDOPTR
  -------         ENDMOD        ?C?PLDOPTR

  -------         MODULE        ?C?CCASE
  C:04A4H         PUBLIC        ?C?CCASE
  -------         ENDMOD        ?C?CCASE

  -------         MODULE        ?C?ICALL
  C:04CAH         PUBLIC        ?C?ICALL
  C:04CEH         PUBLIC        ?C?ICALL2
  -------         ENDMOD        ?C?ICALL

  -------         MODULE        ?C?LIMUL
  C:04D0H         PUBLIC        ?C?LIMUL
  -------         ENDMOD        ?C?LIMUL

  -------         MODULE        PRINTF
  X:61F8H         PUBLIC        ?_PRINTF517?BYTE
  X:61F8H         PUBLIC        ?_PRINTF?BYTE
  X:61F8H         PUBLIC        ?_SPRINTF517?BYTE
  X:61F8H         PUBLIC        ?_SPRINTF?BYTE
  C:05B2H         PUBLIC        _PRINTF
  C:05B2H         PUBLIC        _PRINTF517
  C:05ACH         PUBLIC        _SPRINTF
  C:05ACH         PUBLIC        _SPRINTF517
  -------         ENDMOD        PRINTF

  -------         MODULE        ?C?MEMSET
  C:04FDH         PUBLIC        ?C?MEMSET
  -------         ENDMOD        ?C?MEMSET

  -------         MODULE        ?C?PLDIDATA
  C:0529H         PUBLIC        ?C?PLDIDATA
  -------         ENDMOD        ?C?PLDIDATA

  -------         MODULE        ?C?PLDPDATA
  C:0532H         PUBLIC        ?C?PLDPDATA
  -------         ENDMOD        ?C?PLDPDATA

  -------         MODULE        ?C?PLDCODE
  C:053BH         PUBLIC        ?C?PLDCODE
  -------         ENDMOD        ?C?PLDCODE

*** WARNING L16: UNCALLED SEGMENT, IGNORED FOR OVERLAY PROCESS
    SEGMENT: ?PR?__AIP3368H_DISPLAY_BOOT_ANIMATION_IN_ENGINE_SPEED_SCALE_BAR__?AIP3368H_DISPLAY

*** WARNING L16: UNCALLED SEGMENT, IGNORED FOR OVERLAY PROCESS
    SEGMENT: ?PR?__AIP3368H_DISPLAY_BOOT_ANIMATION_IN_FUEL_LEVEL__?AIP3368H_DISPLAY
BL51 BANKED LINKER/LOCATER V6.22.4.0                                                  06/03/2026  18:44:46  PAGE 67



*** WARNING L16: UNCALLED SEGMENT, IGNORED FOR OVERLAY PROCESS
    SEGMENT: ?PR?AIP3368H_DISPLAY_BOOT_ANIMATION_HANDLE?AIP3368H_DISPLAY

*** WARNING L16: UNCALLED SEGMENT, IGNORED FOR OVERLAY PROCESS
    SEGMENT: ?PR?AIP3368H_DISPLAY_ERR_HANDLE_TIME_ADD?AIP3368H_DISPLAY

*** WARNING L16: UNCALLED SEGMENT, IGNORED FOR OVERLAY PROCESS
    SEGMENT: ?PR?AIP3368H_DISPLAY_ERR_HANDLE?AIP3368H_DISPLAY

Program Size: data=15.6 xdata=665 code=12324
LINK/LOCATE RUN COMPLETE.  5 WARNING(S),  0 ERROR(S)
