BL51 BANKED LINKER/LOCATER V6.22.4.0                                                    05/28/2026  17:45:02  PAGE 1


BL51 BANKED LINKER/LOCATER V6.22.4.0, INVOKED BY:
C:\KEIL_V5\C51\BIN\BL51.EXE .\Release\Objects\STARTUP.obj, .\Release\Objects\system.obj, ..\..\User\lib\tk_simplify_algo
>> rithm_V1.0.0.LIB, .\Release\Objects\tk_set.obj, .\Release\Objects\tmr1.obj, .\Release\Objects\tmr2.obj, .\Release\Obj
>> ects\uart0.obj, .\Release\Objects\adc.obj, .\Release\Objects\key_driver.obj, .\Release\Objects\user_flash.obj, .\Rele
>> ase\Objects\aip3368.obj, .\Release\Objects\main.obj, .\Release\Objects\pin_level_scan.obj, .\Release\Objects\speed_sc
>> an.obj, .\Release\Objects\engine_speed_scan.obj, .\Release\Objects\mileage.obj, .\Release\Objects\fuel_capacity.obj, 
>> .\Release\Objects\battery.obj, .\Release\Objects\instrument.obj, .\Release\Objects\aip3368h_display.obj, .\Release\Ob
>> jects\io_key.obj TO .\Release\Objects\Project PRINT (.\Release\Listings\Project.m51) RAMSIZE (256) CODE (0X0000-0X3EE
>> F) XDATA (0X6000-0X66FF)


MEMORY MODEL: LARGE


INPUT MODULES INCLUDED:
  .\Release\Objects\STARTUP.obj (?C_STARTUP)
  .\Release\Objects\system.obj (SYSTEM)
  .\Release\Objects\tk_set.obj (TK_SET)
  .\Release\Objects\tmr1.obj (TMR1)
  .\Release\Objects\tmr2.obj (TMR2)
  .\Release\Objects\uart0.obj (UART0)
  .\Release\Objects\adc.obj (ADC)
  .\Release\Objects\key_driver.obj (KEY_DRIVER)
  .\Release\Objects\user_flash.obj (USER_FLASH)
  .\Release\Objects\aip3368.obj (AIP3368)
  .\Release\Objects\main.obj (MAIN)
  .\Release\Objects\pin_level_scan.obj (PIN_LEVEL_SCAN)
  .\Release\Objects\speed_scan.obj (SPEED_SCAN)
  .\Release\Objects\engine_speed_scan.obj (ENGINE_SPEED_SCAN)
  .\Release\Objects\mileage.obj (MILEAGE)
  .\Release\Objects\fuel_capacity.obj (FUEL_CAPACITY)
  .\Release\Objects\battery.obj (BATTERY)
  .\Release\Objects\instrument.obj (INSTRUMENT)
  .\Release\Objects\aip3368h_display.obj (AIP3368H_DISPLAY)
  .\Release\Objects\io_key.obj (IO_KEY)
  C:\KEIL_V5\C51\LIB\C51L.LIB (?C_INIT)
  C:\KEIL_V5\C51\LIB\C51L.LIB (?C?CLDPTR)
  C:\KEIL_V5\C51\LIB\C51L.LIB (?C?CLDOPTR)
  C:\KEIL_V5\C51\LIB\C51L.LIB (?C?CILDOPTR)
  C:\KEIL_V5\C51\LIB\C51L.LIB (?C?CSTPTR)
  C:\KEIL_V5\C51\LIB\C51L.LIB (?C?CSTOPTR)
  C:\KEIL_V5\C51\LIB\C51L.LIB (?C?UIDIV)
  C:\KEIL_V5\C51\LIB\C51L.LIB (?C?IILDX)
  C:\KEIL_V5\C51\LIB\C51L.LIB (?C?ILDOPTR)
  C:\KEIL_V5\C51\LIB\C51L.LIB (?C?LADD)
  C:\KEIL_V5\C51\LIB\C51L.LIB (?C?LSUB)
  C:\KEIL_V5\C51\LIB\C51L.LIB (?C?LMUL)
  C:\KEIL_V5\C51\LIB\C51L.LIB (?C?ULDIV)
  C:\KEIL_V5\C51\LIB\C51L.LIB (?C?SLCMP)
  C:\KEIL_V5\C51\LIB\C51L.LIB (?C?ULCMP)
  C:\KEIL_V5\C51\LIB\C51L.LIB (?C?LLDXDATA)
  C:\KEIL_V5\C51\LIB\C51L.LIB (?C?LLDXDATA0)
  C:\KEIL_V5\C51\LIB\C51L.LIB (?C?LSTXDATA)
  C:\KEIL_V5\C51\LIB\C51L.LIB (?C?LSTKXDATA)
  C:\KEIL_V5\C51\LIB\C51L.LIB (?C?OFFXADD)
  C:\KEIL_V5\C51\LIB\C51L.LIB (?C?PLDXDATA)
  C:\KEIL_V5\C51\LIB\C51L.LIB (?C?PLDIXDATA)
  C:\KEIL_V5\C51\LIB\C51L.LIB (?C?PSTXDATA)
BL51 BANKED LINKER/LOCATER V6.22.4.0                                                  05/28/2026  17:45:02  PAGE 2


  C:\KEIL_V5\C51\LIB\C51L.LIB (?C?PLDOPTR)
  C:\KEIL_V5\C51\LIB\C51L.LIB (?C?ICALL)
  C:\KEIL_V5\C51\LIB\C51L.LIB (?C?LIMUL)
  C:\KEIL_V5\C51\LIB\C51L.LIB (?C?MEMSET)
  C:\KEIL_V5\C51\LIB\C51L.LIB (?C?PLDIDATA)
  C:\KEIL_V5\C51\LIB\C51L.LIB (?C?PLDPDATA)
  C:\KEIL_V5\C51\LIB\C51L.LIB (?C?PLDCODE)


LINK MAP OF MODULE:  .\Release\Objects\Project (?C_STARTUP)


            TYPE    BASE      LENGTH    RELOCATION   SEGMENT NAME
            -----------------------------------------------------

            * * * * * * *   D A T A   M E M O R Y   * * * * * * *
            REG     0000H     0008H     ABSOLUTE     "REG BANK 0"
                    0008H     0018H                  *** GAP ***
            BIT     0020H.0   0000H.2   UNIT         ?BI?SPEED_SCAN
            BIT     0020H.2   0000H.2   UNIT         ?BI?ENGINE_SPEED_SCAN
            BIT     0020H.4   0000H.1   UNIT         ?BI?MILEAGE
            BIT     0020H.5   0000H.1   UNIT         ?BI?AIP3368H_DISPLAY
                    0020H.6   0000H.2                *** GAP ***
            IDATA   0021H     0001H     UNIT         ?STACK

            * * * * * * *  X D A T A   M E M O R Y  * * * * * * *
                    0000H     6000H                  *** GAP ***
            XDATA   6000H     0169H     UNIT         ?XD?AIP3368H_DISPLAY
            XDATA   6169H     0059H     UNIT         ?XD?FUEL_CAPACITY
            XDATA   61C2H     003FH     UNIT         ?XD?SPEED_SCAN
            XDATA   6201H     002CH     UNIT         ?XD?BATTERY
            XDATA   622DH     0018H     UNIT         ?XD?AIP3368
            XDATA   6245H     0018H     UNIT         ?XD?IO_KEY
            XDATA   625DH     0015H     UNIT         ?XD?ENGINE_SPEED_SCAN
            XDATA   6272H     0013H     UNIT         ?XD?INSTRUMENT
            XDATA   6285H     0011H     UNIT         _XDATA_GROUP_
            XDATA   6296H     000AH     UNIT         ?XD?MILEAGE
            XDATA   62A0H     0008H     UNIT         ?XD?SPEED_SCAN?SPEED_SCAN
            XDATA   62A8H     0007H     UNIT         ?XD?SPEED_FILTER_GET_SPEED?SPEED_SCAN
            XDATA   62AFH     0005H     UNIT         ?XD?FUEL_CAPACITY_ADC_VAL_GET?FUEL_CAPACITY
            XDATA   62B4H     0005H     UNIT         ?XD?__FUEL_VOLTAGE_SAMPLES_GET__?FUEL_CAPACITY
            XDATA   62B9H     0005H     UNIT         ?XD?BAT_ADC_VAL_GET?BATTERY
            XDATA   62BEH     0005H     UNIT         ?XD?___AIP3368H_DISPLAY_MILEAGE__?AIP3368H_DISPLAY
            XDATA   62C3H     0005H     UNIT         ?XD?_AIP3368H_DISPLAY_MILEAGE?AIP3368H_DISPLAY
            XDATA   62C8H     0004H     UNIT         ?XD?KEY_DRIVER
            XDATA   62CCH     0004H     UNIT         ?XD?ENGINE_SPEED_SCAN?ENGINE_SPEED_SCAN
            XDATA   62D0H     0003H     UNIT         ?XD?ADC
            XDATA   62D3H     0003H     UNIT         ?XD?AIP3368H_DISPLAY_SPEED_HANDLE?SPEED_SCAN
            XDATA   62D6H     0003H     UNIT         ?XD?___AIP3368H_DISPLAY_GEAR_DIGIT__?AIP3368H_DISPLAY
            XDATA   62D9H     0003H     UNIT         ?XD?___AIP3368H_DISPLAY_MILEAGE_BIT_X__?AIP3368H_DISPLAY
            XDATA   62DCH     0002H     UNIT         ?XD?_KEY_DRIVER_SCAN?KEY_DRIVER
            XDATA   62DEH     0002H     UNIT         ?XD?_AIP3368H_DISPLAY_BACK_LIGHT_SCALE_BAR?AIP3368H_DISPLAY
            XDATA   62E0H     0002H     UNIT         ?XD?_AIP3368H_DISPLAY_ENGINE_SPEED_SCALE_BAR?AIP3368H_DISPLAY
            XDATA   62E2H     0002H     UNIT         ?XD?_AIP3368H_DISPLAY_ENGINE_SPEED_DIGIT_SCALE?AIP3368H_DISPLAY
            XDATA   62E4H     0002H     UNIT         ?XD?_AIP3368H_DISPLAY_SPEED_SCALE_BAR?AIP3368H_DISPLAY
            XDATA   62E6H     0001H     UNIT         ?XD?AIP3368H_DISPLAY_ENGINE_SPEED_HANDLE?ENGINE_SPEED_SCAN
            XDATA   62E7H     0001H     UNIT         ?XD?FUEL_CAPACITY_SCAN?FUEL_CAPACITY
BL51 BANKED LINKER/LOCATER V6.22.4.0                                                  05/28/2026  17:45:02  PAGE 3


            XDATA   62E8H     0001H     UNIT         ?XD?__AIP3368H_DISPLAY_BOOT_ANIMATION_IN_SPEED_AND_MILEAGE__?AIP336
>> 8H_DISPLAY

            * * * * * * *   C O D E   M E M O R Y   * * * * * * *
            CODE    0000H     0003H     ABSOLUTE     
            CODE    0003H     000CH     ABSOLUTE     
            CODE    000FH     0012H     UNIT         ?PR?_AIP3368H_DISPLAY_LEFT_TURN_LIGHT?AIP3368H_DISPLAY
            CODE    0021H     0003H     ABSOLUTE     
            CODE    0024H     0003H     ABSOLUTE     
            CODE    0027H     001BH     UNIT         ?PR?_DELAY_MS?SYSTEM
            CODE    0042H     0003H     ABSOLUTE     
            CODE    0045H     03E6H     UNIT         ?C?LIB_CODE
            CODE    042BH     0342H     UNIT         ?C_INITSEG
            CODE    076DH     0193H     UNIT         ?PR?_KEY_DRIVER_SCAN?KEY_DRIVER
            CODE    0900H     0175H     UNIT         ?PR?AIP3368H_DISPLAY
            CODE    0A75H     0120H     UNIT         ?PR?AIP3368H_DISPLAY_SPEED_HANDLE?SPEED_SCAN
            CODE    0B95H     00FBH     UNIT         ?PR?_AIP3368H_DISPLAY_SPEED?AIP3368H_DISPLAY
            CODE    0C90H     00F8H     UNIT         ?PR?SPEED_SCAN?SPEED_SCAN
            CODE    0D88H     00DCH     UNIT         ?PR?SYSTEM_INIT?SYSTEM
            CODE    0E64H     00D2H     UNIT         ?PR?___AIP3368H_DISPLAY_MILEAGE_BIT_X__?AIP3368H_DISPLAY
            CODE    0F36H     00B8H     UNIT         ?PR?MILEAGE_SCAN?MILEAGE
            CODE    0FEEH     00AAH     UNIT         ?PR?SPEED_FILTER_GET_SPEED?SPEED_SCAN
            CODE    1098H     00A4H     UNIT         ?PR?FUEL_CAPACITY_SCAN?FUEL_CAPACITY
            CODE    113CH     009AH     UNIT         ?C_C51STARTUP
            CODE    11D6H     0095H     UNIT         ?PR?___AIP3368H_DISPLAY_SPEED_SEG__?AIP3368H_DISPLAY
            CODE    126BH     0092H     UNIT         ?PR?___AIP3368H_DISPLAY_GEAR_DIGIT__?AIP3368H_DISPLAY
            CODE    12FDH     0085H     UNIT         ?PR?TIMR1_IRQHANDLER?TMR1
            CODE    1382H     0080H     UNIT         ?PR?ADC_IRQHANDLER?ADC
            CODE    1402H     0080H     UNIT         ?PR?_AIP3368H_DISPLAY_BACK_LIGHT_SCALE_BAR?AIP3368H_DISPLAY
            CODE    1482H     007FH     UNIT         ?PR?_AIP3368H_DISPLAY_ENGINE_SPEED_SCALE_BAR?AIP3368H_DISPLAY
            CODE    1501H     007FH     UNIT         ?PR?_AIP3368H_DISPLAY_ENGINE_SPEED_DIGIT_SCALE?AIP3368H_DISPLAY
            CODE    1580H     007FH     UNIT         ?PR?___AIP3368H_DISPLAY_SPEED_BIT_X__?AIP3368H_DISPLAY
            CODE    15FFH     007EH     UNIT         ?PR?ENGINE_SPEED_SCAN?ENGINE_SPEED_SCAN
            CODE    167DH     007CH     UNIT         ?PR?_AIP3368H_DISPLAY_SPEED_SCALE_BAR?AIP3368H_DISPLAY
            CODE    16F9H     007BH     UNIT         ?PR?AIP3368H_DISPLAY_ERR_HANDLE?AIP3368H_DISPLAY
            CODE    1774H     0072H     UNIT         ?PR?__AIP3368H_DISPLAY_BOOT_ANIMATION_IN_SPEED_AND_MILEAGE__?AIP336
>> 8H_DISPLAY
            CODE    17E6H     006AH     UNIT         ?PR?AIP3368H_DISPLAY_ENGINE_SPEED_HANDLE?ENGINE_SPEED_SCAN
            CODE    1850H     0066H     UNIT         ?PR?__AIP3368H_DISPLAY_BOOT_ANIMATION_IN_SPEED_SCALE_BAR__?AIP3368H
>> _DISPLAY
            CODE    18B6H     0063H     UNIT         ?PR?SPEED_SCAN_TIMER_50US_ISR?SPEED_SCAN
            CODE    1919H     0060H     UNIT         ?PR?__AIP3368H_DISPLAY_BOOT_ANIMATION_IN_ENGINE_SPEED_SCALE_BAR__?A
>> IP3368H_DISPLAY
            CODE    1979H     005BH     UNIT         ?PR?BATTERY_SCAN?BATTERY
            CODE    19D4H     005AH     UNIT         ?PR?__AIP3368H_DISPLAY_BOOT_ANIMATION_IN_FUEL_LEVEL__?AIP3368H_DISP
>> LAY
            CODE    1A2EH     0058H     UNIT         ?PR?_AIP3368H_DISPLAY_MILEAGE?AIP3368H_DISPLAY
            CODE    1A86H     0054H     UNIT         ?PR?ENGINE_SPEED_SCAN_TIMER_50US_ISR?ENGINE_SPEED_SCAN
            CODE    1ADAH     0052H     UNIT         ?PR?AIP3368H_MODULE_INIT?AIP3368
            CODE    1B2CH     0052H     UNIT         ?PR?BAT_ADC_VAL_GET?BATTERY
            CODE    1B7EH     0052H     UNIT         ?PR?___AIP3368H_DISPLAY_MILEAGE__?AIP3368H_DISPLAY
            CODE    1BD0H     0051H     UNIT         ?PR?SPEED_SCAN
            CODE    1C21H     0047H     UNIT         ?PR?INSTRUMENT_INFO_INIT?INSTRUMENT
            CODE    1C68H     0046H     UNIT         ?PR?_FUEL_CAPACITY_CONVERT_VOLTAGE_TO_LEV?FUEL_CAPACITY
            CODE    1CAEH     0045H     UNIT         ?PR?___IO_KEY_GET_EVENT__?IO_KEY
            CODE    1CF3H     0043H     UNIT         ?PR?IO_KEY_HANDLE?IO_KEY
            CODE    1D36H     0042H     UNIT         ?PR?_AIP3368H_MODULE_SEND_DATA_TO_ALL_DEV?AIP3368
BL51 BANKED LINKER/LOCATER V6.22.4.0                                                  05/28/2026  17:45:02  PAGE 4


            CODE    1D78H     0040H     UNIT         ?PR?TMR1_CONFIG?TMR1
            CODE    1DB8H     003EH     UNIT         ?PR?UPDATE_ENGINE_SPEED_SCAN_DATA?ENGINE_SPEED_SCAN
            CODE    1DF6H     003EH     UNIT         ?PR?FUEL_CAPACITY_ADC_VAL_GET?FUEL_CAPACITY
            CODE    1E34H     003DH     UNIT         ?PR?FUEL_CAPACITY
            CODE    1E71H     003CH     UNIT         ?PR?SPEED_SCAN_UPDATE_DATA?SPEED_SCAN
            CODE    1EADH     003AH     UNIT         ?PR?ADC_CHANNEL_SWITCH_BY_ISR?ADC
            CODE    1EE7H     0039H     UNIT         ?PR?AIP3368H_DISPLAY_TEST_GEAR?AIP3368H_DISPLAY
            CODE    1F20H     0038H     UNIT         ?PR?__FUEL_VOLTAGE_SAMPLES_GET__?FUEL_CAPACITY
            CODE    1F58H     0037H     UNIT         ?PR?_FLASH_PROGRAM?USER_FLASH
            CODE    1F8FH     0034H     UNIT         ?PR?_FLASH_READ?USER_FLASH
            CODE    1FC3H     0033H     UNIT         ?PR?TMR2_CONFIG?TMR2
            CODE    1FF6H     0033H     UNIT         ?PR?_AIP3368H_MODULE_SEND_DATA_TO_ONE_DEV?AIP3368
            CODE    2029H     002BH     UNIT         ?PR?_BAT_ADC_VAL_SAMPLES_UPDATE?BATTERY
            CODE    2054H     002BH     UNIT         ?PR?_AIP3368H_DISPLAY_X1000RPM_LIGHT?AIP3368H_DISPLAY
            CODE    207FH     002BH     UNIT         ?PR?AIP3368H_DISPLAY_TEST_BACK_LIGHT_SCALE_BAR?AIP3368H_DISPLAY
            CODE    20AAH     002BH     UNIT         ?PR?AIP3368H_DISPLAY_TEST_ENGINE_SPEED_SCALE_BAR?AIP3368H_DISPLAY
            CODE    20D5H     002BH     UNIT         ?PR?AIP3368H_DISPLAY_TEST_ENGINE_SPEED_DIGIT_SCALE?AIP3368H_DISPLAY
>> 
            CODE    2100H     002BH     UNIT         ?PR?AIP3368H_DISPLAY_TEST_SPEED?AIP3368H_DISPLAY
            CODE    212BH     0026H     UNIT         ?PR?ADC_CONFIG?ADC
            CODE    2151H     0026H     UNIT         ?PR?AIP3368H_DISPLAY_TEST_LIGHT_BLINK_1MS_ISR?AIP3368H_DISPLAY
            CODE    2177H     0025H     UNIT         ?PR?AIP3368H_DISPLAY_ENGINE_SPEED_REFRESH_TIME_ADD?ENGINE_SPEED_SCA
>> N
            CODE    219CH     0023H     UNIT         ?PR?MAIN?MAIN
            CODE    21BFH     0021H     UNIT         ?PR?KEY_DRIVER
            CODE    21E0H     0021H     UNIT         ?PR?_FUEL_CAPACITY_ADC_VAL_SAMPLES_UPDATE?FUEL_CAPACITY
            CODE    2201H     0020H     UNIT         ?PR?_ADC_CHANNEL_SET?ADC
            CODE    2221H     0020H     UNIT         ?PR?_AIP3368H_DISPLAY_MILEAGE_KM_ICON?AIP3368H_DISPLAY
            CODE    2241H     001EH     UNIT         ?PR?_AIP3368H_DISPLAY_SPEED_KM_ICON?AIP3368H_DISPLAY
            CODE    225FH     001CH     UNIT         ?PR?AIP3368H_MODULE_DISPLAY?AIP3368
            CODE    227BH     001CH     UNIT         ?PR?INSTRUMENT_INFO_SAVE?INSTRUMENT
            CODE    2297H     0019H     UNIT         ?PR?ENGINE_SPEED_GET_LEVEL?ENGINE_SPEED_SCAN
            CODE    22B0H     0019H     UNIT         ?PR?___FUEL_VOLTAGE_SAMPLES_UPDATE__?FUEL_CAPACITY
            CODE    22C9H     0018H     UNIT         ?PR?TIMR2_IRQHANDLER?TMR2
            CODE    22E1H     0018H     UNIT         ?PR?_SPEED_FILTER_ADD?SPEED_SCAN
            CODE    22F9H     0018H     UNIT         ?PR?MILEAGE
            CODE    2311H     0018H     UNIT         ?PR?_AIP3368H_DISPLAY_GEAR?AIP3368H_DISPLAY
            CODE    2329H     0017H     UNIT         ?PR?AIP3368H_REFRESH_TIME_ADD?AIP3368
            CODE    2340H     0017H     UNIT         ?PR?FUEL_CAPACITY_SCAN_TIME_ADD?FUEL_CAPACITY
            CODE    2357H     0017H     UNIT         ?PR?FUEL_LEV_UPDATE_TIME_ADD?FUEL_CAPACITY
            CODE    236EH     0017H     UNIT         ?PR?BAT_SCAN_TIME_ADD?BATTERY
            CODE    2385H     0016H     UNIT         ?PR?ADC
            CODE    239BH     0015H     UNIT         ?PR?_SPEED_FILTER_INIT?SPEED_SCAN
            CODE    23B0H     0013H     UNIT         ?PR?USER_INIT?MAIN
            CODE    23C3H     0013H     UNIT         ?PR?AIP3368H_DISPLAY_ERR_HANDLE_TIME_ADD?AIP3368H_DISPLAY
            CODE    23D6H     0012H     UNIT         ?PR?_AIP3368H_DISPLAY_LOW_BEAM_INDICATOR_LIGHT?AIP3368H_DISPLAY
            CODE    23E8H     0012H     UNIT         ?PR?_AIP3368H_DISPLAY_HIGH_BEAM_INDICATOR_LIGHT?AIP3368H_DISPLAY
            CODE    23FAH     0011H     UNIT         ?PR?_FLASH_ERASE_SECTOR?USER_FLASH
            CODE    240BH     0011H     UNIT         ?PR?___BAT_ADV_VAL_SAMPLES_INIT__?BATTERY
            CODE    241CH     0010H     UNIT         ?PR?AIP3368H_DISPLAY_BOOT_ANIMATION_TIME_ADD?AIP3368H_DISPLAY
            CODE    242CH     000FH     UNIT         ?PR?___FUEL_VOLTAGE_SAMPLES_INIT__?FUEL_CAPACITY
            CODE    243BH     000FH     UNIT         ?PR?_AIP3368H_DISPLAY_RIGHT_TURN_LIGHT?AIP3368H_DISPLAY
            CODE    244AH     000FH     UNIT         ?PR?___AIP3368H_DISPLAY_GEAR_N_LIGHT__?AIP3368H_DISPLAY
            CODE    2459H     000FH     UNIT         ?PR?IO_KEY
            CODE    2468H     000EH     UNIT         ?PR?_AIP3368H_DISPLAY_ERR_LIGHT?AIP3368H_DISPLAY
            CODE    2476H     000EH     UNIT         ?PR?_AIP3368H_DISPLAY_GEAR_LIGHT?AIP3368H_DISPLAY
            CODE    2484H     000DH     UNIT         ?PR?PIN_LEVEL_SCAN_CONFIG?PIN_LEVEL_SCAN
BL51 BANKED LINKER/LOCATER V6.22.4.0                                                  05/28/2026  17:45:02  PAGE 5


            CODE    2491H     000DH     UNIT         ?PR?SPEED_SCAN_CONFIG?SPEED_SCAN
            CODE    249EH     000DH     UNIT         ?PR?AIP3368H_DISPLAY_SPEED_REFRESH_TIME_ADD?SPEED_SCAN
            CODE    24ABH     000DH     UNIT         ?PR?ENGINE_SPEED_SCAN_CONFIG?ENGINE_SPEED_SCAN
            CODE    24B8H     000DH     UNIT         ?PR?ENGINE_SPEED_SCAN
            CODE    24C5H     000DH     UNIT         ?PR?IO_KEY_CONFIG?IO_KEY
            CODE    24D2H     000CH     UNIT         ?PR?___FUEL_CAPACITY_ADC_VAL_SAMPLES_INIT__?FUEL_CAPACITY
            CODE    24DEH     000CH     UNIT         ?PR?BATTERY
            CODE    24EAH     000BH     UNIT         ?PR?_DELAY?SYSTEM
            CODE    24F5H     0009H     UNIT         ?PR?IO_KEY_GET_KEY_ID?IO_KEY
            CODE    24FEH     0007H     UNIT         ?PR?AIP3368
            CODE    2505H     0007H     UNIT         ?PR?AIP3368H_DISPLAY_BOOT_ANIMATION_HANDLE?AIP3368H_DISPLAY
            CODE    250CH     0001H     UNIT         ?PR?PIN_LEVEL_SCAN?PIN_LEVEL_SCAN
            CODE    250DH     0001H     UNIT         ?PR?AIP3368H_DISPLAY_TEST?AIP3368H_DISPLAY



OVERLAY MAP OF MODULE:   .\Release\Objects\Project (?C_STARTUP)


SEGMENT                                            XDATA_GROUP
  +--> CALLED SEGMENT                            START    LENGTH
----------------------------------------------------------------
?C_C51STARTUP                                    -----    -----
  +--> ?PR?MAIN?MAIN
  +--> ?C_INITSEG

?PR?MAIN?MAIN                                    -----    -----
  +--> ?PR?SYSTEM_INIT?SYSTEM
  +--> ?PR?USER_INIT?MAIN
  +--> ?PR?AIP3368H_DISPLAY_TEST?AIP3368H_DI...
  +--> ?PR?_AIP3368H_DISPLAY_SPEED?AIP3368H_...
  +--> ?PR?AIP3368H_MODULE_DISPLAY?AIP3368

?PR?SYSTEM_INIT?SYSTEM                           -----    -----
  +--> ?PR?_DELAY?SYSTEM
  +--> ?PR?_DELAY_MS?SYSTEM

?PR?_DELAY_MS?SYSTEM                             -----    -----
  +--> ?PR?_DELAY?SYSTEM

?PR?USER_INIT?MAIN                               -----    -----
  +--> ?PR?INSTRUMENT_INFO_INIT?INSTRUMENT
  +--> ?PR?AIP3368H_MODULE_INIT?AIP3368
  +--> ?PR?TMR1_CONFIG?TMR1
  +--> ?PR?TMR2_CONFIG?TMR2
  +--> ?PR?_DELAY_MS?SYSTEM

?PR?INSTRUMENT_INFO_INIT?INSTRUMENT              6285H    000AH
  +--> ?PR?_FLASH_READ?USER_FLASH
  +--> ?PR?INSTRUMENT_INFO_SAVE?INSTRUMENT

?PR?_FLASH_READ?USER_FLASH                       628FH    0005H

?PR?INSTRUMENT_INFO_SAVE?INSTRUMENT              -----    -----
  +--> ?PR?_FLASH_ERASE_SECTOR?USER_FLASH
  +--> ?PR?_FLASH_PROGRAM?USER_FLASH

BL51 BANKED LINKER/LOCATER V6.22.4.0                                                  05/28/2026  17:45:02  PAGE 6


?PR?_FLASH_PROGRAM?USER_FLASH                    628FH    0005H

?PR?AIP3368H_MODULE_INIT?AIP3368                 -----    -----
  +--> ?PR?AIP3368
  +--> ?PR?_AIP3368H_MODULE_SEND_DATA_TO_ALL...

?PR?_AIP3368H_MODULE_SEND_DATA_TO_ALL...         6285H    0004H
  +--> ?PR?_AIP3368H_MODULE_SEND_DATA_TO_ONE...

?PR?_AIP3368H_MODULE_SEND_DATA_TO_ONE...         6289H    0002H

?PR?_AIP3368H_DISPLAY_SPEED?AIP3368H_...         6285H    0005H
  +--> ?PR?___AIP3368H_DISPLAY_SPEED_SEG__?A...
  +--> ?PR?AIP3368H_DISPLAY
  +--> ?PR?___AIP3368H_DISPLAY_SPEED_BIT_X__...

?PR?___AIP3368H_DISPLAY_SPEED_SEG__?A...         628AH    0003H
  +--> ?PR?AIP3368H_DISPLAY

?PR?___AIP3368H_DISPLAY_SPEED_BIT_X__...         628AH    0003H
  +--> ?PR?AIP3368H_DISPLAY

?PR?AIP3368H_MODULE_DISPLAY?AIP3368              -----    -----
  +--> ?PR?AIP3368
  +--> ?PR?_AIP3368H_MODULE_SEND_DATA_TO_ALL...

?C_INITSEG                                       -----    -----
  +--> ?PR?IO_KEY_GET_KEY_ID?IO_KEY

*** NEW ROOT ***************************************************

?PR?TIMR1_IRQHANDLER?TMR1                        -----    -----
  +--> ?PR?FUEL_CAPACITY_SCAN_TIME_ADD?FUEL_...
  +--> ?PR?FUEL_LEV_UPDATE_TIME_ADD?FUEL_CAP...
  +--> ?PR?AIP3368H_REFRESH_TIME_ADD?AIP3368
  +--> ?PR?AIP3368H_DISPLAY_TEST_LIGHT_BLINK...

?PR?AIP3368H_DISPLAY_TEST_LIGHT_BLINK...         -----    -----
  +--> ?PR?AIP3368H_DISPLAY

*** NEW ROOT ***************************************************

?PR?ADC_IRQHANDLER?ADC                           6294H    0002H
  +--> ?PR?_BAT_ADC_VAL_SAMPLES_UPDATE?BATTERY
  +--> ?PR?_FUEL_CAPACITY_ADC_VAL_SAMPLES_UP...

?PR?_BAT_ADC_VAL_SAMPLES_UPDATE?BATTERY          -----    -----
  +--> ?PR?___BAT_ADV_VAL_SAMPLES_INIT__?BAT...
  +--> ?PR?BATTERY

?PR?___BAT_ADV_VAL_SAMPLES_INIT__?BAT...         -----    -----
  +--> ?PR?BATTERY

?PR?_FUEL_CAPACITY_ADC_VAL_SAMPLES_UP...         -----    -----
  +--> ?PR?___FUEL_CAPACITY_ADC_VAL_SAMPLES_...
  +--> ?PR?FUEL_CAPACITY

BL51 BANKED LINKER/LOCATER V6.22.4.0                                                  05/28/2026  17:45:02  PAGE 7


?PR?___FUEL_CAPACITY_ADC_VAL_SAMPLES_...         -----    -----
  +--> ?PR?FUEL_CAPACITY

?PR?FUEL_CAPACITY                                -----    -----
  +--> ?PR?_FUEL_CAPACITY_CONVERT_VOLTAGE_TO...



SYMBOL TABLE OF MODULE:  .\Release\Objects\Project (?C_STARTUP)

  VALUE           TYPE          NAME
  ----------------------------------

  -------         MODULE        ?C_STARTUP
  C:113CH         SEGMENT       ?C_C51STARTUP
  I:0021H         SEGMENT       ?STACK
  C:0000H         PUBLIC        ?C_STARTUP
  D:00E0H         SYMBOL        ACC
  D:00F0H         SYMBOL        B
  D:0083H         SYMBOL        DPH
  D:0082H         SYMBOL        DPL
  N:0000H         SYMBOL        IBPSTACK
  N:0100H         SYMBOL        IBPSTACKTOP
  N:0080H         SYMBOL        IDATALEN
  C:113FH         SYMBOL        IDATALOOP
  N:0000H         SYMBOL        PBPSTACK
  N:0100H         SYMBOL        PBPSTACKTOP
  N:0000H         SYMBOL        PDATALEN
  N:0000H         SYMBOL        PDATASTART
  N:0000H         SYMBOL        PPAGE
  N:0000H         SYMBOL        PPAGEENABLE
  D:00A0H         SYMBOL        PPAGE_SFR
  D:0081H         SYMBOL        SP
  C:113CH         SYMBOL        STARTUP1
  N:0000H         SYMBOL        XBPSTACK
  N:0000H         SYMBOL        XBPSTACKTOP
  N:0700H         SYMBOL        XDATALEN
  C:114AH         SYMBOL        XDATALOOP
  N:6000H         SYMBOL        XDATASTART
  C:0000H         LINE#         126
  C:113CH         LINE#         133
  C:113EH         LINE#         134
  C:113FH         LINE#         135
  C:1140H         LINE#         136
  C:1142H         LINE#         140
  C:1145H         LINE#         141
  C:1147H         LINE#         145
  C:1149H         LINE#         147
  C:114AH         LINE#         148
  C:114BH         LINE#         149
  C:114CH         LINE#         150
  C:114EH         LINE#         151
  C:1150H         LINE#         185
  C:1153H         LINE#         196
  -------         ENDMOD        ?C_STARTUP

  -------         MODULE        SYSTEM
BL51 BANKED LINKER/LOCATER V6.22.4.0                                                  05/28/2026  17:45:02  PAGE 8


  C:0000H         SYMBOL        _ICE_DUMMY_
  D:00D9H         PUBLIC        WDT_KEY
  D:00A7H         PUBLIC        FLASH_TIMEREG0
  D:00ACH         PUBLIC        FLASH_TIMEREG1
  C:24EAH         PUBLIC        _delay
  C:0027H         PUBLIC        _delay_ms
  C:0D88H         PUBLIC        system_init
  -------         PROC          _DELAY
  D:0006H         SYMBOL        cnt
  C:24EAH         LINE#         37
  C:24EAH         LINE#         38
  C:24EAH         LINE#         39
  C:24F4H         LINE#         40
  C:24F4H         LINE#         41
  C:24F4H         LINE#         42
  -------         ENDPROC       _DELAY
  -------         PROC          _DELAY_MS
  D:0002H         SYMBOL        ms
  C:0027H         LINE#         49
  C:002BH         LINE#         50
  C:002BH         LINE#         51
  C:0035H         LINE#         52
  C:0035H         LINE#         53
  C:003CH         LINE#         54
  C:003FH         LINE#         55
  C:0041H         LINE#         56
  -------         ENDPROC       _DELAY_MS
  -------         PROC          SYSTEM_INIT
  -------         DO            
  D:0007H         SYMBOL        i
  -------         ENDDO         
  C:0D88H         LINE#         63
  C:0D88H         LINE#         64
  C:0D88H         LINE#         67
  C:0D8FH         LINE#         68
  C:0D9CH         LINE#         69
  C:0D9FH         LINE#         72
  C:0DA2H         LINE#         73
  C:0DA8H         LINE#         74
  C:0DAEH         LINE#         75
  C:0DB4H         LINE#         76
  C:0DBAH         LINE#         77
  C:0DC1H         LINE#         81
  C:0DC3H         LINE#         82
  C:0DC3H         LINE#         83
  C:0DD0H         LINE#         84
  C:0DD5H         LINE#         86
  C:0E63H         LINE#         87
  -------         ENDPROC       SYSTEM_INIT
  -------         ENDMOD        SYSTEM

  -------         MODULE        TK_SET
  C:0000H         SYMBOL        _ICE_DUMMY_
  -------         ENDMOD        TK_SET

  -------         MODULE        TMR1
  C:0000H         SYMBOL        _ICE_DUMMY_
BL51 BANKED LINKER/LOCATER V6.22.4.0                                                  05/28/2026  17:45:02  PAGE 9


  D:00A8H         PUBLIC        IE0
  D:00A9H         PUBLIC        IE1
  D:00AAH         PUBLIC        IE2
  D:00ABH         PUBLIC        IE3
  B:00A8H.7       PUBLIC        IE_EA
  D:00B8H         PUBLIC        IP0
  D:00B1H         PUBLIC        IP1
  D:00B2H         PUBLIC        IP2
  D:00B3H         PUBLIC        IP3
  D:00B4H         PUBLIC        IP4
  D:00B5H         PUBLIC        IP5
  D:00B6H         PUBLIC        IP6
  D:00B7H         PUBLIC        IP7
  D:00D1H         PUBLIC        TMR_ALLCON
  C:1D78H         PUBLIC        tmr1_config
  C:12FDH         PUBLIC        TIMR1_IRQHandler
  -------         PROC          TMR1_CONFIG
  C:1D78H         LINE#         10
  C:1D78H         LINE#         11
  C:1D78H         LINE#         12
  C:1D7EH         LINE#         13
  C:1D81H         LINE#         14
  C:1D83H         LINE#         16
  C:1D86H         LINE#         19
  C:1D8CH         LINE#         20
  C:1D90H         LINE#         21
  C:1D94H         LINE#         22
  C:1D98H         LINE#         24
  C:1D9DH         LINE#         25
  C:1DA1H         LINE#         28
  C:1DA6H         LINE#         29
  C:1DAAH         LINE#         35
  C:1DB0H         LINE#         36
  C:1DB4H         LINE#         38
  C:1DB7H         LINE#         40
  -------         ENDPROC       TMR1_CONFIG
  -------         PROC          TIMR1_IRQHANDLER
  C:12FDH         LINE#         43
  C:131AH         LINE#         46
  C:131AH         LINE#         51
  C:1320H         LINE#         52
  C:1320H         LINE#         53
  C:1324H         LINE#         55
  C:133BH         LINE#         56
  C:133BH         LINE#         57
  C:1345H         LINE#         58
  C:1345H         LINE#         60
  C:134EH         LINE#         61
  C:134EH         LINE#         62
  C:1351H         LINE#         63
  C:1351H         LINE#         66
  C:1354H         LINE#         67
  C:1357H         LINE#         71
  C:1357H         LINE#         72
  C:1361H         LINE#         73
  C:1361H         LINE#         81
  C:1364H         LINE#         91
BL51 BANKED LINKER/LOCATER V6.22.4.0                                                  05/28/2026  17:45:02  PAGE 10


  C:1367H         LINE#         98
  C:1367H         LINE#         101
  C:1367H         LINE#         102
  -------         ENDPROC       TIMR1_IRQHANDLER
  -------         ENDMOD        TMR1

  -------         MODULE        TMR2
  C:0000H         SYMBOL        _ICE_DUMMY_
  D:00A8H         PUBLIC        IE0
  D:00A9H         PUBLIC        IE1
  D:00AAH         PUBLIC        IE2
  D:00ABH         PUBLIC        IE3
  B:00A8H.7       PUBLIC        IE_EA
  D:00B8H         PUBLIC        IP0
  D:00B1H         PUBLIC        IP1
  D:00B2H         PUBLIC        IP2
  D:00B3H         PUBLIC        IP3
  D:00B4H         PUBLIC        IP4
  D:00B5H         PUBLIC        IP5
  D:00B6H         PUBLIC        IP6
  D:00B7H         PUBLIC        IP7
  D:00D1H         PUBLIC        TMR_ALLCON
  C:1FC3H         PUBLIC        tmr2_config
  C:22C9H         PUBLIC        TIMR2_IRQHandler
  -------         PROC          TMR2_CONFIG
  C:1FC3H         LINE#         15
  C:1FC3H         LINE#         16
  C:1FC3H         LINE#         17
  C:1FC9H         LINE#         18
  C:1FCCH         LINE#         19
  C:1FCEH         LINE#         22
  C:1FD1H         LINE#         25
  C:1FD7H         LINE#         26
  C:1FDDH         LINE#         28
  C:1FE4H         LINE#         29
  C:1FE8H         LINE#         31
  C:1FEEH         LINE#         34
  C:1FF2H         LINE#         38
  C:1FF5H         LINE#         39
  -------         ENDPROC       TMR2_CONFIG
  -------         PROC          TIMR2_IRQHANDLER
  C:22C9H         LINE#         42
  C:22CFH         LINE#         45
  C:22CFH         LINE#         49
  C:22D6H         LINE#         50
  C:22D6H         LINE#         51
  C:22DAH         LINE#         60
  C:22DAH         LINE#         63
  C:22DAH         LINE#         64
  -------         ENDPROC       TIMR2_IRQHANDLER
  -------         ENDMOD        TMR2

  -------         MODULE        UART0
  C:0000H         SYMBOL        _ICE_DUMMY_
  -------         ENDMOD        UART0

  -------         MODULE        ADC
BL51 BANKED LINKER/LOCATER V6.22.4.0                                                  05/28/2026  17:45:02  PAGE 11


  C:0000H         SYMBOL        _ICE_DUMMY_
  D:00A8H         PUBLIC        IE0
  D:00A9H         PUBLIC        IE1
  D:00AAH         PUBLIC        IE2
  D:00ABH         PUBLIC        IE3
  B:00A8H.7       PUBLIC        IE_EA
  D:00B8H         PUBLIC        IP0
  D:00B1H         PUBLIC        IP1
  D:00B2H         PUBLIC        IP2
  D:00B3H         PUBLIC        IP3
  D:00B4H         PUBLIC        IP4
  D:00B5H         PUBLIC        IP5
  D:00B6H         PUBLIC        IP6
  D:00B7H         PUBLIC        IP7
  D:0091H         PUBLIC        ADC_CFG2
  D:0093H         PUBLIC        ADC_DATAH0
  D:0094H         PUBLIC        ADC_DATAL0
  D:0099H         PUBLIC        ADC_CHS0
  D:009EH         PUBLIC        ADC_TRGS0
  X:62D0H         PUBLIC        adc_val
  C:212BH         PUBLIC        adc_config
  C:1EADH         PUBLIC        adc_channel_switch_by_isr
  X:62D2H         SYMBOL        adc_channel_status
  C:2201H         PUBLIC        _adc_channel_set
  C:1382H         PUBLIC        ADC_IRQHandler
  C:2385H         SYMBOL        Com0035
  C:2385H         SYMBOL        L?0054
  C:2391H         SYMBOL        L?0055
  -------         PROC          COM0035
  -------         ENDPROC       COM0035
  -------         PROC          ADC_CONFIG
  C:212BH         LINE#         10
  C:212BH         LINE#         11
  C:212BH         LINE#         14
  C:2131H         LINE#         19
  C:2136H         LINE#         22
  C:213CH         LINE#         24
  C:213FH         LINE#         26
  C:2145H         LINE#         30
  C:2148H         LINE#         31
  C:214BH         LINE#         32
  C:214EH         LINE#         33
  C:2150H         LINE#         34
  -------         ENDPROC       ADC_CONFIG
  -------         PROC          _ADC_CHANNEL_SET
  D:0007H         SYMBOL        adc_channel
  C:2201H         LINE#         37
  C:2201H         LINE#         38
  C:2201H         LINE#         39
  C:2204H         LINE#         45
  C:220CH         LINE#         46
  C:220CH         LINE#         49
  C:220CH         LINE#         50
  C:220CH         LINE#         52
  C:220FH         LINE#         55
  C:2212H         LINE#         56
  C:2214H         LINE#         62
BL51 BANKED LINKER/LOCATER V6.22.4.0                                                  05/28/2026  17:45:02  PAGE 12


  C:2214H         LINE#         63
  C:2214H         LINE#         65
  C:2217H         LINE#         68
  C:221AH         LINE#         69
  C:221AH         LINE#         72
  C:221AH         LINE#         74
  C:2220H         LINE#         77
  -------         ENDPROC       _ADC_CHANNEL_SET
  -------         PROC          ADC_CHANNEL_SWITCH_BY_ISR
  C:1EADH         LINE#         120
  C:1EADH         LINE#         121
  C:1EADH         LINE#         122
  C:1EC1H         LINE#         123
  C:1EC1H         LINE#         124
  C:1EC1H         LINE#         125
  C:1EC1H         LINE#         127
  C:1EC6H         LINE#         128
  C:1ECCH         LINE#         129
  C:1ECDH         LINE#         130
  C:1ECDH         LINE#         131
  C:1ECDH         LINE#         132
  C:1ED3H         LINE#         133
  C:1ED4H         LINE#         134
  C:1ED4H         LINE#         135
  C:1ED9H         LINE#         136
  C:1EDFH         LINE#         137
  C:1EE0H         LINE#         138
  C:1EE0H         LINE#         139
  C:1EE0H         LINE#         140
  C:1EE6H         LINE#         141
  C:1EE6H         LINE#         143
  C:1EE6H         LINE#         144
  C:1EE6H         LINE#         145
  C:1EE6H         LINE#         146
  -------         ENDPROC       ADC_CHANNEL_SWITCH_BY_ISR
  -------         PROC          ADC_IRQHANDLER
  -------         DO            
  X:6294H         SYMBOL        adc_val
  -------         ENDDO         
  C:1382H         LINE#         148
  C:139FH         LINE#         153
  C:139FH         LINE#         156
  C:13A5H         LINE#         157
  C:13A5H         LINE#         158
  C:13A9H         LINE#         159
  C:13C3H         LINE#         161
  C:13CFH         LINE#         162
  C:13CFH         LINE#         163
  C:13CFH         LINE#         164
  C:13DAH         LINE#         165
  C:13DCH         LINE#         167
  C:13DCH         LINE#         168
  C:13E7H         LINE#         169
  C:13E7H         LINE#         170
  C:13E7H         LINE#         171
  C:13E7H         LINE#         174
  C:13E7H         LINE#         175
BL51 BANKED LINKER/LOCATER V6.22.4.0                                                  05/28/2026  17:45:02  PAGE 13


  -------         ENDPROC       ADC_IRQHANDLER
  -------         ENDMOD        ADC

  -------         MODULE        KEY_DRIVER
  C:0000H         SYMBOL        _ICE_DUMMY_
  C:076DH         PUBLIC        _key_driver_scan
  X:62C8H         SYMBOL        is_key_active
  X:62C9H         PUBLIC        scan_para
  C:21BFH         SYMBOL        Com0021
  C:21BFH         SYMBOL        L?0034
  C:21C2H         SYMBOL        L?0035
  C:21C3H         SYMBOL        L?0036
  C:21C9H         SYMBOL        L?0037
  C:21CCH         SYMBOL        L?0038
  C:21D0H         SYMBOL        L?0039
  C:21D6H         SYMBOL        L?0040
  C:21D9H         SYMBOL        L?0041
  -------         PROC          COM0021
  -------         ENDPROC       COM0021
  -------         PROC          _KEY_DRIVER_SCAN
  D:0001H         SYMBOL        _scan_para
  -------         DO            
  X:62DCH         SYMBOL        key_event
  D:0007H         SYMBOL        cur_key_value
  X:62DDH         SYMBOL        key_value
  C:08D5H         SYMBOL        _notify
  C:08F5H         SYMBOL        _scan_end
  -------         ENDDO         
  C:076DH         LINE#         19
  C:076DH         LINE#         21
  C:076DH         LINE#         26
  C:0772H         LINE#         27
  C:0774H         LINE#         28
  C:0778H         LINE#         32
  C:077EH         LINE#         35
  C:0791H         LINE#         36
  C:0791H         LINE#         38
  C:0791H         LINE#         40
  C:079BH         LINE#         42
  C:07A4H         LINE#         48
  C:07A8H         LINE#         49
  C:07A8H         LINE#         50
  C:07AEH         LINE#         51
  C:07B0H         LINE#         52
  C:07B6H         LINE#         53
  C:07B6H         LINE#         54
  C:07B9H         LINE#         55
  C:07B9H         LINE#         85
  C:07CDH         LINE#         86
  C:07CDH         LINE#         88
  C:07D4H         LINE#         89
  C:07DAH         LINE#         91
  C:07DAH         LINE#         94
  C:07EBH         LINE#         95
  C:07EBH         LINE#         96
  C:07F6H         LINE#         98
  C:07F6H         LINE#         101
BL51 BANKED LINKER/LOCATER V6.22.4.0                                                  05/28/2026  17:45:02  PAGE 14


  C:0802H         LINE#         102
  C:0802H         LINE#         109
  C:0806H         LINE#         110
  C:0806H         LINE#         111
  C:080DH         LINE#         112
  C:080DH         LINE#         113
  C:080FH         LINE#         114
  C:0815H         LINE#         115
  C:0817H         LINE#         117
  C:0817H         LINE#         120
  C:0817H         LINE#         121
  C:081FH         LINE#         122
  C:081FH         LINE#         123
  C:0822H         LINE#         125
  C:0822H         LINE#         130
  C:082AH         LINE#         131
  C:0836H         LINE#         132
  C:0836H         LINE#         133
  C:083BH         LINE#         134
  C:083FH         LINE#         135
  C:0842H         LINE#         137
  C:0842H         LINE#         138
  C:0848H         LINE#         139
  C:0848H         LINE#         140
  C:0848H         LINE#         142
  C:084AH         LINE#         147
  C:084AH         LINE#         149
  C:084AH         LINE#         154
  C:084EH         LINE#         155
  C:084EH         LINE#         157
  C:085FH         LINE#         158
  C:085FH         LINE#         162
  C:0870H         LINE#         163
  C:0870H         LINE#         183
  C:0870H         LINE#         184
  C:0872H         LINE#         186
  C:0872H         LINE#         187
  C:087FH         LINE#         189
  C:0881H         LINE#         191
  C:0881H         LINE#         193
  C:0881H         LINE#         194
  C:088CH         LINE#         195
  C:088FH         LINE#         197
  C:088FH         LINE#         198
  C:088FH         LINE#         200
  C:088FH         LINE#         201
  C:088FH         LINE#         203
  C:088FH         LINE#         204
  C:088FH         LINE#         206
  C:088FH         LINE#         208
  C:089AH         LINE#         209
  C:089AH         LINE#         210
  C:08A2H         LINE#         211
  C:08A2H         LINE#         215
  C:08A8H         LINE#         216
  C:08A8H         LINE#         217
  C:08AEH         LINE#         222
BL51 BANKED LINKER/LOCATER V6.22.4.0                                                  05/28/2026  17:45:02  PAGE 15


  C:08B0H         LINE#         223
  C:08BCH         LINE#         224
  C:08BCH         LINE#         225
  C:08C1H         LINE#         226
  C:08D0H         LINE#         228
  C:08D0H         LINE#         230
  C:08D0H         LINE#         231
  C:08D0H         LINE#         233
  C:08D0H         LINE#         236
  C:08D5H         LINE#         237
  C:08D5H         LINE#         239
  C:08D5H         LINE#         240
  C:08D5H         LINE#         242
  C:08D5H         LINE#         245
  C:08D5H         LINE#         247
  C:08D5H         LINE#         248
  C:08D9H         LINE#         249
  C:08E1H         LINE#         251
  C:08EBH         LINE#         252
  C:08F5H         LINE#         255
  C:08F5H         LINE#         264
  C:08F5H         LINE#         266
  C:08F5H         LINE#         267
  C:08FFH         LINE#         270
  -------         ENDPROC       _KEY_DRIVER_SCAN
  -------         ENDMOD        KEY_DRIVER

  -------         MODULE        USER_FLASH
  C:0000H         SYMBOL        _ICE_DUMMY_
  D:00A4H         PUBLIC        FLASH_CON
  D:00A5H         PUBLIC        FLASH_STA
  D:00A6H         PUBLIC        FLASH_DATA
  D:00AEH         PUBLIC        FLASH_PASSWORD
  D:00AFH         PUBLIC        FLASH_ADDR
  C:23FAH         PUBLIC        _flash_erase_sector
  C:1F58H         PUBLIC        _flash_program
  C:1F8FH         PUBLIC        _flash_read
  -------         PROC          _FLASH_ERASE_SECTOR
  D:0007H         SYMBOL        addr
  C:23FAH         LINE#         9
  C:23FAH         LINE#         10
  C:23FAH         LINE#         11
  C:23FDH         LINE#         12
  C:23FFH         LINE#         13
  C:2402H         LINE#         14
  C:2405H         LINE#         16
  C:240AH         LINE#         18
  -------         ENDPROC       _FLASH_ERASE_SECTOR
  -------         PROC          _FLASH_PROGRAM
  D:0007H         SYMBOL        addr
  X:6290H         SYMBOL        p_data
  X:6293H         SYMBOL        len
  C:1F58H         LINE#         27
  C:1F5EH         LINE#         28
  C:1F5EH         LINE#         29
  C:1F61H         LINE#         30
  C:1F63H         LINE#         32
BL51 BANKED LINKER/LOCATER V6.22.4.0                                                  05/28/2026  17:45:02  PAGE 16


  C:1F6CH         LINE#         33
  C:1F6CH         LINE#         34
  C:1F71H         LINE#         36
  C:1F80H         LINE#         37
  C:1F83H         LINE#         38
  C:1F86H         LINE#         40
  C:1F8CH         LINE#         41
  C:1F8EH         LINE#         42
  -------         ENDPROC       _FLASH_PROGRAM
  -------         PROC          _FLASH_READ
  D:0007H         SYMBOL        addr
  X:6290H         SYMBOL        p_data
  X:6293H         SYMBOL        len
  C:1F8FH         LINE#         51
  C:1F95H         LINE#         52
  C:1F95H         LINE#         53
  C:1F9BH         LINE#         54
  C:1F9BH         LINE#         55
  C:1FBAH         LINE#         56
  C:1FC0H         LINE#         57
  C:1FC2H         LINE#         58
  -------         ENDPROC       _FLASH_READ
  -------         ENDMOD        USER_FLASH

  -------         MODULE        AIP3368
  C:0000H         SYMBOL        _ICE_DUMMY_
  B:0080H.0       PUBLIC        P00
  B:0080H.3       PUBLIC        P03
  B:0090H.1       PUBLIC        P11
  B:0090H.2       PUBLIC        P12
  X:622DH         PUBLIC        aip3368h_display_buff
  C:2329H         PUBLIC        aip3368h_refresh_time_add
  C:1ADAH         PUBLIC        aip3368h_module_init
  C:225FH         PUBLIC        aip3368h_module_display
  X:6243H         SYMBOL        aip3368h_refresh_cnt
  C:1FF6H         SYMBOL        _aip3368h_module_send_data_to_one_dev
  C:1D36H         SYMBOL        _aip3368h_module_send_data_to_all_dev
  C:24FEH         SYMBOL        Com0012
  C:24FEH         SYMBOL        L?0019
  C:24FEH         SYMBOL        L?0020
  -------         PROC          COM0012
  -------         ENDPROC       COM0012
  -------         PROC          AIP3368H_REFRESH_TIME_ADD
  C:2329H         LINE#         13
  C:2329H         LINE#         14
  C:2329H         LINE#         16
  C:2338H         LINE#         17
  C:2338H         LINE#         18
  C:233FH         LINE#         19
  C:233FH         LINE#         20
  -------         ENDPROC       AIP3368H_REFRESH_TIME_ADD
  -------         PROC          _AIP3368H_MODULE_SEND_DATA_TO_ONE_DEV
  D:0006H         SYMBOL        dat
  -------         DO            
  X:6289H         SYMBOL        i
  -------         ENDDO         
  C:1FF6H         LINE#         22
BL51 BANKED LINKER/LOCATER V6.22.4.0                                                  05/28/2026  17:45:02  PAGE 17


  C:1FF6H         LINE#         23
  C:1FF6H         LINE#         27
  C:1FFDH         LINE#         28
  C:1FFDH         LINE#         29
  C:2007H         LINE#         32
  C:2009H         LINE#         34
  C:2010H         LINE#         35
  C:2012H         LINE#         37
  C:2028H         LINE#         39
  -------         ENDPROC       _AIP3368H_MODULE_SEND_DATA_TO_ONE_DEV
  -------         PROC          _AIP3368H_MODULE_SEND_DATA_TO_ALL_DEV
  X:6285H         SYMBOL        buff
  D:0005H         SYMBOL        len
  -------         DO            
  X:6288H         SYMBOL        i
  -------         ENDDO         
  C:1D36H         LINE#         41
  C:1D3CH         LINE#         42
  C:1D3CH         LINE#         47
  C:1D3EH         LINE#         48
  C:1D40H         LINE#         53
  C:1D4DH         LINE#         54
  C:1D4DH         LINE#         55
  C:1D69H         LINE#         56
  C:1D71H         LINE#         60
  C:1D73H         LINE#         62
  C:1D75H         LINE#         65
  C:1D77H         LINE#         68
  -------         ENDPROC       _AIP3368H_MODULE_SEND_DATA_TO_ALL_DEV
  -------         PROC          AIP3368H_MODULE_DISPLAY
  C:225FH         LINE#         72
  C:225FH         LINE#         73
  C:225FH         LINE#         78
  C:226EH         LINE#         79
  C:226EH         LINE#         81
  C:226EH         LINE#         83
  C:226EH         LINE#         84
  C:2272H         LINE#         86
  C:2272H         LINE#         96
  C:227AH         LINE#         97
  -------         ENDPROC       AIP3368H_MODULE_DISPLAY
  -------         PROC          AIP3368H_MODULE_INIT
  C:1ADAH         LINE#         105
  C:1ADAH         LINE#         106
  C:1ADAH         LINE#         109
  C:1AE6H         LINE#         112
  C:1AECH         LINE#         113
  C:1AF0H         LINE#         114
  C:1AF5H         LINE#         116
  C:1AF9H         LINE#         117
  C:1AFDH         LINE#         118
  C:1B00H         LINE#         120
  C:1B06H         LINE#         121
  C:1B0AH         LINE#         122
  C:1B0FH         LINE#         124
  C:1B13H         LINE#         125
  C:1B17H         LINE#         126
BL51 BANKED LINKER/LOCATER V6.22.4.0                                                  05/28/2026  17:45:02  PAGE 18


  C:1B1CH         LINE#         129
  C:1B1EH         LINE#         130
  C:1B20H         LINE#         131
  C:1B22H         LINE#         132
  C:1B24H         LINE#         133
  -------         ENDPROC       AIP3368H_MODULE_INIT
  -------         ENDMOD        AIP3368

  -------         MODULE        MAIN
  C:0000H         SYMBOL        _ICE_DUMMY_
  D:00D9H         PUBLIC        WDT_KEY
  C:23B0H         PUBLIC        user_init
  C:219CH         PUBLIC        main
  -------         PROC          USER_INIT
  C:23B0H         LINE#         33
  C:23B0H         LINE#         34
  C:23B0H         LINE#         61
  C:23B3H         LINE#         62
  C:23B6H         LINE#         64
  C:23B9H         LINE#         65
  C:23BCH         LINE#         67
  -------         ENDPROC       USER_INIT
  -------         PROC          MAIN
  C:219CH         LINE#         71
  C:219CH         LINE#         72
  C:219CH         LINE#         74
  C:219FH         LINE#         79
  C:21A2H         LINE#         80
  C:21A9H         LINE#         81
  C:21ACH         LINE#         84
  C:21AFH         LINE#         91
  C:21B2H         LINE#         93
  C:21B7H         LINE#         97
  C:21B7H         LINE#         98
  C:21B7H         LINE#         103
  C:21BAH         LINE#         141
  C:21BDH         LINE#         143
  -------         ENDPROC       MAIN
  -------         ENDMOD        MAIN

  -------         MODULE        PIN_LEVEL_SCAN
  C:0000H         SYMBOL        _ICE_DUMMY_
  B:00A0H.0       PUBLIC        P20
  C:2484H         PUBLIC        pin_level_scan_config
  C:250CH         PUBLIC        pin_level_scan
  -------         PROC          PIN_LEVEL_SCAN_CONFIG
  C:2484H         LINE#         4
  C:2484H         LINE#         5
  C:2484H         LINE#         7
  C:248AH         LINE#         8
  C:2490H         LINE#         9
  -------         ENDPROC       PIN_LEVEL_SCAN_CONFIG
  -------         PROC          PIN_LEVEL_SCAN
  C:250CH         LINE#         12
  C:250CH         LINE#         13
  C:250CH         LINE#         14
  C:250CH         LINE#         15
BL51 BANKED LINKER/LOCATER V6.22.4.0                                                  05/28/2026  17:45:02  PAGE 19


  C:250CH         LINE#         17
  C:250CH         LINE#         19
  C:250CH         LINE#         21
  C:250CH         LINE#         22
  -------         ENDPROC       PIN_LEVEL_SCAN
  -------         ENDMOD        PIN_LEVEL_SCAN

  -------         MODULE        SPEED_SCAN
  C:0000H         SYMBOL        _ICE_DUMMY_
  B:0090H.5       PUBLIC        P15
  C:18B6H         PUBLIC        speed_scan_timer_50us_isr
  C:2491H         PUBLIC        speed_scan_config
  C:0C90H         PUBLIC        speed_scan
  C:249EH         PUBLIC        aip3368h_display_speed_refresh_time_add
  C:0A75H         PUBLIC        aip3368h_display_speed_handle
  B:0020H.1       SYMBOL        flag_is_speed_scan_over_time
  X:61C7H         SYMBOL        speed_pulse_cnt
  X:61CBH         SYMBOL        speed_scan_time_ms
  X:61CFH         SYMBOL        cur_speed_scan_time
  X:61D3H         SYMBOL        cur_speed_scan_pulse
  X:61D7H         SYMBOL        aip3368h_display_speed_refresh_time_cnt
  X:61D8H         SYMBOL        speed_filter_array
  X:6200H         SYMBOL        speed_filter_index
  C:239BH         PUBLIC        _speed_filter_init
  C:22E1H         PUBLIC        _speed_filter_add
  C:0FEEH         PUBLIC        speed_filter_get_speed
  C:1E71H         PUBLIC        speed_scan_update_data
  C:1BD0H         SYMBOL        Com0036
  C:1BD0H         SYMBOL        L?0055
  C:1BD5H         SYMBOL        L?0056
  C:1BD7H         SYMBOL        L?0057
  C:1BDFH         SYMBOL        L?0058
  C:1BDFH         SYMBOL        L?0059
  C:1BE2H         SYMBOL        L?0060
  C:1BE8H         SYMBOL        L?0061
  C:1BE8H         SYMBOL        L?0062
  C:1BEBH         SYMBOL        L?0063
  C:1BF2H         SYMBOL        L?0064
  C:1C03H         SYMBOL        L?0065
  C:1C09H         SYMBOL        L?0066
  C:1C0AH         SYMBOL        L?0067
  C:1C10H         SYMBOL        L?0068
  C:1C1BH         SYMBOL        L?0069
  -------         PROC          COM0036
  -------         ENDPROC       COM0036
  -------         PROC          _SPEED_FILTER_INIT
  D:0007H         SYMBOL        speed
  -------         DO            
  D:0006H         SYMBOL        i
  -------         ENDDO         
  C:239BH         LINE#         22
  C:239BH         LINE#         23
  C:239BH         LINE#         25
  C:239DH         LINE#         26
  C:239DH         LINE#         27
  C:23A5H         LINE#         28
  C:23AAH         LINE#         30
BL51 BANKED LINKER/LOCATER V6.22.4.0                                                  05/28/2026  17:45:02  PAGE 20


  C:23AFH         LINE#         31
  -------         ENDPROC       _SPEED_FILTER_INIT
  -------         PROC          _SPEED_FILTER_ADD
  D:0007H         SYMBOL        speed
  C:22E1H         LINE#         33
  C:22E1H         LINE#         34
  C:22E1H         LINE#         35
  C:22EAH         LINE#         36
  C:22F0H         LINE#         37
  C:22F6H         LINE#         38
  C:22F6H         LINE#         39
  C:22F8H         LINE#         40
  C:22F8H         LINE#         41
  -------         ENDPROC       _SPEED_FILTER_ADD
  -------         PROC          SPEED_FILTER_GET_SPEED
  -------         DO            
  X:62A8H         SYMBOL        i
  X:62A9H         SYMBOL        sum
  X:62ADH         SYMBOL        max_speed
  X:62AEH         SYMBOL        min_speed
  -------         ENDDO         
  C:0FEEH         LINE#         43
  C:0FEEH         LINE#         44
  C:0FEEH         LINE#         47
  C:0FF8H         LINE#         48
  C:0FFDH         LINE#         49
  C:1001H         LINE#         57
  C:1006H         LINE#         58
  C:1006H         LINE#         59
  C:1022H         LINE#         61
  C:102FH         LINE#         62
  C:102FH         LINE#         63
  C:103AH         LINE#         64
  C:103AH         LINE#         66
  C:1047H         LINE#         67
  C:1047H         LINE#         68
  C:1052H         LINE#         69
  C:1052H         LINE#         70
  C:105DH         LINE#         72
  C:1089H         LINE#         74
  -------         ENDPROC       SPEED_FILTER_GET_SPEED
  -------         PROC          SPEED_SCAN_CONFIG
  C:2491H         LINE#         105
  C:2491H         LINE#         106
  C:2491H         LINE#         108
  C:2497H         LINE#         109
  C:249DH         LINE#         110
  -------         ENDPROC       SPEED_SCAN_CONFIG
  -------         PROC          SPEED_SCAN_UPDATE_DATA
  C:1E71H         LINE#         112
  C:1E71H         LINE#         113
  C:1E71H         LINE#         114
  C:1E83H         LINE#         115
  C:1E8DH         LINE#         116
  C:1EA2H         LINE#         117
  C:1EACH         LINE#         118
  -------         ENDPROC       SPEED_SCAN_UPDATE_DATA
BL51 BANKED LINKER/LOCATER V6.22.4.0                                                  05/28/2026  17:45:02  PAGE 21


  -------         PROC          SPEED_SCAN_TIMER_50US_ISR
  -------         DO            
  B:0020H.0       SYMBOL        last_speed_scan_level
  X:61C2H         SYMBOL        cnt
  -------         ENDDO         
  C:18B6H         LINE#         120
  C:18B6H         LINE#         121
  C:18B6H         LINE#         124
  C:18C0H         LINE#         125
  C:18CFH         LINE#         126
  C:18CFH         LINE#         127
  C:18D3H         LINE#         129
  C:18DFH         LINE#         131
  C:18F2H         LINE#         133
  C:18F2H         LINE#         134
  C:18FCH         LINE#         135
  C:18FEH         LINE#         136
  C:18FEH         LINE#         137
  C:18FEH         LINE#         139
  C:1901H         LINE#         140
  C:1901H         LINE#         141
  C:1904H         LINE#         142
  C:1904H         LINE#         143
  C:1910H         LINE#         144
  C:1913H         LINE#         145
  C:1913H         LINE#         147
  C:1915H         LINE#         148
  C:1916H         LINE#         150
  C:1916H         LINE#         152
  C:1918H         LINE#         153
  C:1918H         LINE#         154
  -------         ENDPROC       SPEED_SCAN_TIMER_50US_ISR
  -------         PROC          SPEED_SCAN
  -------         DO            
  X:62A0H         SYMBOL        cur_speed
  X:62A4H         SYMBOL        tmp
  -------         ENDDO         
  C:0C90H         LINE#         242
  C:0C90H         LINE#         243
  C:0C90H         LINE#         244
  C:0C9AH         LINE#         245
  C:0CA4H         LINE#         248
  C:0CBAH         LINE#         249
  C:0CBAH         LINE#         255
  C:0CD2H         LINE#         262
  C:0CD5H         LINE#         263
  C:0CD5H         LINE#         265
  C:0CE6H         LINE#         266
  C:0CE6H         LINE#         268
  C:0CEDH         LINE#         269
  C:0CEFH         LINE#         271
  C:0CEFH         LINE#         272
  C:0CF6H         LINE#         273
  C:0CF6H         LINE#         274
  C:0CF8H         LINE#         276
  C:0CF8H         LINE#         290
  C:0D1BH         LINE#         291
BL51 BANKED LINKER/LOCATER V6.22.4.0                                                  05/28/2026  17:45:02  PAGE 22


  C:0D1BH         LINE#         294
  C:0D30H         LINE#         301
  C:0D3AH         LINE#         302
  C:0D44H         LINE#         303
  C:0D46H         LINE#         305
  C:0D51H         LINE#         306
  C:0D51H         LINE#         307
  C:0D66H         LINE#         308
  C:0D66H         LINE#         311
  C:0D72H         LINE#         312
  C:0D72H         LINE#         313
  C:0D7CH         LINE#         314
  C:0D7CH         LINE#         326
  C:0D87H         LINE#         327
  C:0D87H         LINE#         328
  -------         ENDPROC       SPEED_SCAN
  -------         PROC          AIP3368H_DISPLAY_SPEED_REFRESH_TIME_ADD
  C:249EH         LINE#         330
  C:249EH         LINE#         331
  C:249EH         LINE#         332
  C:24A7H         LINE#         333
  C:24A7H         LINE#         334
  C:24AAH         LINE#         335
  C:24AAH         LINE#         336
  -------         ENDPROC       AIP3368H_DISPLAY_SPEED_REFRESH_TIME_ADD
  -------         PROC          AIP3368H_DISPLAY_SPEED_HANDLE
  -------         DO            
  X:61C4H         SYMBOL        is_initialized
  X:61C5H         SYMBOL        speed_of_lag
  X:62D3H         SYMBOL        cur_speed
  X:61C6H         SYMBOL        filtered_speed
  X:62D4H         SYMBOL        base_step
  X:62D5H         SYMBOL        speed_abs_diff
  -------         ENDDO         
  C:0A75H         LINE#         338
  C:0A75H         LINE#         339
  C:0A75H         LINE#         350
  C:0A7BH         LINE#         351
  C:0A7BH         LINE#         352
  C:0A7DH         LINE#         354
  C:0A85H         LINE#         355
  C:0A8DH         LINE#         358
  C:0A95H         LINE#         359
  C:0A95H         LINE#         361
  C:0AA1H         LINE#         362
  C:0AA1H         LINE#         363
  C:0AA3H         LINE#         366
  C:0AAAH         LINE#         367
  C:0AAAH         LINE#         368
  C:0AADH         LINE#         369
  C:0AB5H         LINE#         370
  C:0AB5H         LINE#         372
  C:0ABAH         LINE#         373
  C:0ABAH         LINE#         374
  C:0AC0H         LINE#         375
  C:0AC2H         LINE#         376
  C:0ACBH         LINE#         377
BL51 BANKED LINKER/LOCATER V6.22.4.0                                                  05/28/2026  17:45:02  PAGE 23


  C:0ACBH         LINE#         378
  C:0ACEH         LINE#         379
  C:0AD0H         LINE#         381
  C:0AD0H         LINE#         382
  C:0AD3H         LINE#         383
  C:0AD3H         LINE#         385
  C:0AE3H         LINE#         390
  C:0AE3H         LINE#         391
  C:0AE5H         LINE#         394
  C:0AE5H         LINE#         395
  C:0AE5H         LINE#         396
  C:0AECH         LINE#         397
  C:0AECH         LINE#         398
  C:0AF3H         LINE#         399
  C:0AF8H         LINE#         400
  C:0AF8H         LINE#         402
  C:0AFDH         LINE#         403
  C:0AFDH         LINE#         404
  C:0B03H         LINE#         405
  C:0B05H         LINE#         406
  C:0B0EH         LINE#         407
  C:0B0EH         LINE#         408
  C:0B11H         LINE#         409
  C:0B13H         LINE#         411
  C:0B13H         LINE#         412
  C:0B16H         LINE#         413
  C:0B16H         LINE#         415
  C:0B21H         LINE#         420
  C:0B29H         LINE#         421
  C:0B32H         LINE#         424
  C:0B32H         LINE#         425
  C:0B32H         LINE#         427
  C:0B3AH         LINE#         428
  C:0B42H         LINE#         433
  C:0B48H         LINE#         434
  C:0B48H         LINE#         435
  C:0B4DH         LINE#         436
  C:0B4FH         LINE#         438
  C:0B4FH         LINE#         440
  C:0B74H         LINE#         441
  C:0B74H         LINE#         443
  C:0B7CH         LINE#         445
  C:0B83H         LINE#         446
  C:0B83H         LINE#         447
  C:0B86H         LINE#         448
  C:0B87H         LINE#         449
  C:0B91H         LINE#         450
  C:0B91H         LINE#         451
  C:0B94H         LINE#         452
  C:0B94H         LINE#         458
  C:0B94H         LINE#         459
  -------         ENDPROC       AIP3368H_DISPLAY_SPEED_HANDLE
  -------         ENDMOD        SPEED_SCAN

  -------         MODULE        ENGINE_SPEED_SCAN
  C:0000H         SYMBOL        _ICE_DUMMY_
  B:0080H.2       PUBLIC        P02
BL51 BANKED LINKER/LOCATER V6.22.4.0                                                  05/28/2026  17:45:02  PAGE 24


  B:0020H.3       PUBLIC        flag_is_engine_speed_scan_over_time
  X:6260H         PUBLIC        engine_speed_scan_cnt
  X:6264H         PUBLIC        engine_speed_scan_ms
  C:24ABH         PUBLIC        engine_speed_scan_config
  C:15FFH         PUBLIC        engine_speed_scan
  C:1A86H         PUBLIC        engine_speed_scan_timer_50us_isr
  C:2177H         PUBLIC        aip3368h_display_engine_speed_refresh_time_add
  C:17E6H         PUBLIC        aip3368h_display_engine_speed_handle
  X:6266H         SYMBOL        cur_engine_speed_scan_cnt
  X:626AH         SYMBOL        cur_engine_speed_scan_ms
  X:626EH         SYMBOL        aip3368h_display_engine_speed_refresh_time_cnt
  X:6270H         SYMBOL        aip3368h_display_exclamation_point_refresh_time_cnt
  C:1DB8H         PUBLIC        update_engine_speed_scan_data
  C:2297H         PUBLIC        engine_speed_get_level
  C:24B8H         SYMBOL        Com001D
  C:24B8H         SYMBOL        L?0030
  C:24B8H         SYMBOL        L?0031
  C:24BEH         SYMBOL        L?0032
  C:24BFH         SYMBOL        L?0033
  -------         PROC          COM001D
  -------         ENDPROC       COM001D
  -------         PROC          ENGINE_SPEED_SCAN_CONFIG
  C:24ABH         LINE#         18
  C:24ABH         LINE#         19
  C:24ABH         LINE#         21
  C:24B1H         LINE#         22
  C:24B7H         LINE#         23
  -------         ENDPROC       ENGINE_SPEED_SCAN_CONFIG
  -------         PROC          UPDATE_ENGINE_SPEED_SCAN_DATA
  C:1DB8H         LINE#         25
  C:1DB8H         LINE#         26
  C:1DB8H         LINE#         27
  C:1DCDH         LINE#         28
  C:1DD7H         LINE#         29
  C:1DEEH         LINE#         30
  C:1DF5H         LINE#         31
  -------         ENDPROC       UPDATE_ENGINE_SPEED_SCAN_DATA
  -------         PROC          ENGINE_SPEED_SCAN_TIMER_50US_ISR
  -------         DO            
  B:0020H.2       SYMBOL        last_engine_speed_scan_level
  X:625DH         SYMBOL        cnt
  -------         ENDDO         
  C:1A86H         LINE#         33
  C:1A86H         LINE#         34
  C:1A86H         LINE#         39
  C:1A8CH         LINE#         40
  C:1A92H         LINE#         41
  C:1A92H         LINE#         42
  C:1A94H         LINE#         43
  C:1A9AH         LINE#         45
  C:1AACH         LINE#         47
  C:1AACH         LINE#         48
  C:1AB0H         LINE#         49
  C:1AB2H         LINE#         50
  C:1AB2H         LINE#         51
  C:1AB2H         LINE#         53
  C:1AB5H         LINE#         54
BL51 BANKED LINKER/LOCATER V6.22.4.0                                                  05/28/2026  17:45:02  PAGE 25


  C:1AB5H         LINE#         55
  C:1AB8H         LINE#         56
  C:1AB8H         LINE#         62
  C:1AD1H         LINE#         63
  C:1AD4H         LINE#         64
  C:1AD4H         LINE#         66
  C:1AD6H         LINE#         67
  C:1AD7H         LINE#         69
  C:1AD7H         LINE#         71
  C:1AD9H         LINE#         72
  C:1AD9H         LINE#         73
  -------         ENDPROC       ENGINE_SPEED_SCAN_TIMER_50US_ISR
  -------         PROC          ENGINE_SPEED_SCAN
  -------         DO            
  X:62CCH         SYMBOL        rpm
  -------         ENDDO         
  C:15FFH         LINE#         76
  C:15FFH         LINE#         77
  C:15FFH         LINE#         81
  C:1612H         LINE#         83
  C:1612H         LINE#         85
  C:1615H         LINE#         86
  C:1615H         LINE#         87
  C:1617H         LINE#         88
  C:1621H         LINE#         89
  C:1623H         LINE#         91
  C:1623H         LINE#         106
  C:163FH         LINE#         110
  C:163FH         LINE#         114
  C:1649H         LINE#         115
  C:1653H         LINE#         118
  C:1666H         LINE#         119
  C:1666H         LINE#         120
  C:1670H         LINE#         121
  C:1670H         LINE#         125
  C:167CH         LINE#         126
  C:167CH         LINE#         127
  -------         ENDPROC       ENGINE_SPEED_SCAN
  -------         PROC          AIP3368H_DISPLAY_ENGINE_SPEED_REFRESH_TIME_ADD
  C:2177H         LINE#         140
  C:2177H         LINE#         141
  C:2177H         LINE#         142
  C:2186H         LINE#         143
  C:2186H         LINE#         144
  C:2189H         LINE#         145
  C:2189H         LINE#         147
  C:2198H         LINE#         148
  C:2198H         LINE#         149
  C:219BH         LINE#         150
  C:219BH         LINE#         151
  -------         ENDPROC       AIP3368H_DISPLAY_ENGINE_SPEED_REFRESH_TIME_ADD
  -------         PROC          ENGINE_SPEED_GET_LEVEL
  -------         DO            
  D:0007H         SYMBOL        level
  -------         ENDDO         
  C:2297H         LINE#         154
  C:2297H         LINE#         155
BL51 BANKED LINKER/LOCATER V6.22.4.0                                                  05/28/2026  17:45:02  PAGE 26


  C:2297H         LINE#         156
  C:22A7H         LINE#         158
  C:22ADH         LINE#         159
  C:22ADH         LINE#         160
  C:22AFH         LINE#         161
  C:22AFH         LINE#         163
  C:22AFH         LINE#         164
  -------         ENDPROC       ENGINE_SPEED_GET_LEVEL
  -------         PROC          AIP3368H_DISPLAY_ENGINE_SPEED_HANDLE
  -------         DO            
  X:625EH         SYMBOL        engine_speed_level_of_lag
  X:625FH         SYMBOL        is_initialized
  X:62E6H         SYMBOL        cur_engine_speed_level
  -------         ENDDO         
  C:17E6H         LINE#         166
  C:17E6H         LINE#         167
  C:17E6H         LINE#         171
  C:17EBH         LINE#         173
  C:17F1H         LINE#         174
  C:17F1H         LINE#         175
  C:17F3H         LINE#         177
  C:17FBH         LINE#         178
  C:17FBH         LINE#         180
  C:180AH         LINE#         181
  C:180AH         LINE#         182
  C:180EH         LINE#         183
  C:1816H         LINE#         185
  C:181FH         LINE#         186
  C:181FH         LINE#         187
  C:1822H         LINE#         188
  C:1824H         LINE#         189
  C:182EH         LINE#         190
  C:182EH         LINE#         191
  C:1837H         LINE#         192
  C:1837H         LINE#         193
  C:183AH         LINE#         194
  C:183AH         LINE#         195
  C:183AH         LINE#         200
  C:1843H         LINE#         201
  C:1843H         LINE#         202
  C:1849H         LINE#         203
  C:184AH         LINE#         205
  C:184AH         LINE#         206
  C:184FH         LINE#         209
  C:184FH         LINE#         212
  C:184FH         LINE#         213
  -------         ENDPROC       AIP3368H_DISPLAY_ENGINE_SPEED_HANDLE
  -------         ENDMOD        ENGINE_SPEED_SCAN

  -------         MODULE        MILEAGE
  C:0000H         SYMBOL        _ICE_DUMMY_
  X:6298H         PUBLIC        distance
  X:629CH         PUBLIC        mileage_save_time_cnt
  X:629EH         PUBLIC        mileage_update_time_cnt
  C:0F36H         PUBLIC        mileage_scan
  C:22F9H         SYMBOL        Com000B
  C:22F9H         SYMBOL        L?0012
BL51 BANKED LINKER/LOCATER V6.22.4.0                                                  05/28/2026  17:45:02  PAGE 27


  C:230AH         SYMBOL        L?0013
  C:230AH         SYMBOL        L?0014
  -------         PROC          COM000B
  -------         ENDPROC       COM000B
  -------         PROC          MILEAGE_SCAN
  -------         DO            
  X:6297H         SYMBOL        is_initialized
  B:0020H.4       SYMBOL        flag_is_any_mileage_save
  -------         DO            
  X:6296H         SYMBOL        cnt
  -------         ENDDO         
  -------         ENDDO         
  C:0F36H         LINE#         11
  C:0F36H         LINE#         12
  C:0F36H         LINE#         27
  C:0F48H         LINE#         29
  C:0F48H         LINE#         31
  C:0F4BH         LINE#         32
  C:0F4DH         LINE#         33
  C:0F54H         LINE#         40
  C:0F54H         LINE#         42
  C:0F63H         LINE#         43
  C:0F63H         LINE#         45
  C:0F73H         LINE#         46
  C:0F73H         LINE#         47
  C:0F7FH         LINE#         48
  C:0F7FH         LINE#         50
  C:0F8FH         LINE#         51
  C:0F8FH         LINE#         52
  C:0F9BH         LINE#         53
  C:0F9BH         LINE#         55
  C:0FB8H         LINE#         57
  C:0FB8H         LINE#         59
  C:0FBEH         LINE#         60
  C:0FC4H         LINE#         61
  C:0FC4H         LINE#         62
  C:0FC6H         LINE#         63
  C:0FC8H         LINE#         64
  C:0FC8H         LINE#         65
  C:0FC8H         LINE#         66
  C:0FC8H         LINE#         94
  C:0FDDH         LINE#         95
  C:0FDDH         LINE#         99
  C:0FE4H         LINE#         100
  C:0FE9H         LINE#         102
  C:0FEDH         LINE#         103
  C:0FEDH         LINE#         106
  C:0FEDH         LINE#         108
  C:0FEDH         LINE#         111
  C:0FEDH         LINE#         112
  C:0FEDH         LINE#         113
  -------         ENDPROC       MILEAGE_SCAN
  -------         ENDMOD        MILEAGE

  -------         MODULE        FUEL_CAPACITY
  C:0000H         SYMBOL        _ICE_DUMMY_
  C:2340H         PUBLIC        fuel_capacity_scan_time_add
BL51 BANKED LINKER/LOCATER V6.22.4.0                                                  05/28/2026  17:45:02  PAGE 28


  C:2357H         PUBLIC        fuel_lev_update_time_add
  C:21E0H         PUBLIC        _fuel_capacity_adc_val_samples_update
  C:1DF6H         PUBLIC        fuel_capacity_adc_val_get
  C:1098H         PUBLIC        fuel_capacity_scan
  X:616CH         SYMBOL        fuel_capacity_scan_time_cnt
  X:616EH         SYMBOL        fuel_lev_update_time_cnt
  X:6170H         SYMBOL        fuel_capacity_adc_val_samples
  X:6198H         SYMBOL        fuel_capacity_adc_val_sample_index
  C:24D2H         SYMBOL        ___fuel_capacity_adc_val_samples_init__
  X:6199H         SYMBOL        fuel_voltage_samples
  X:61C1H         SYMBOL        fuel_voltage_sample_index
  C:242CH         PUBLIC        ___fuel_voltage_samples_init__
  C:22B0H         PUBLIC        ___fuel_voltage_samples_update__
  C:1F20H         PUBLIC        __fuel_voltage_samples_get__
  C:1C68H         PUBLIC        _fuel_capacity_convert_voltage_to_lev
  C:1E34H         SYMBOL        Com0034
  C:1E34H         SYMBOL        L?0053
  C:1E3DH         SYMBOL        L?0054
  C:1E45H         SYMBOL        L?0055
  C:1E45H         SYMBOL        L?0056
  C:1E4FH         SYMBOL        L?0057
  C:1E5CH         SYMBOL        L?0058
  C:1E68H         SYMBOL        L?0059
  -------         PROC          COM0034
  -------         ENDPROC       COM0034
  -------         PROC          ___FUEL_CAPACITY_ADC_VAL_SAMPLES_INIT__
  D:0006H         SYMBOL        adc_val
  -------         DO            
  D:0005H         SYMBOL        i
  -------         ENDDO         
  C:24D2H         LINE#         13
  C:24D2H         LINE#         14
  C:24D2H         LINE#         16
  C:24D4H         LINE#         17
  C:24D4H         LINE#         18
  C:24D8H         LINE#         19
  C:24DDH         LINE#         20
  -------         ENDPROC       ___FUEL_CAPACITY_ADC_VAL_SAMPLES_INIT__
  -------         PROC          _FUEL_CAPACITY_ADC_VAL_SAMPLES_UPDATE
  D:0006H         SYMBOL        adc_val
  -------         DO            
  X:6169H         SYMBOL        is_initialized
  -------         ENDDO         
  C:21E0H         LINE#         23
  C:21E0H         LINE#         24
  C:21E0H         LINE#         26
  C:21E6H         LINE#         27
  C:21E6H         LINE#         28
  C:21E8H         LINE#         29
  C:21EBH         LINE#         31
  C:21EBH         LINE#         33
  C:21F2H         LINE#         34
  C:21F8H         LINE#         35
  C:21FEH         LINE#         36
  C:21FEH         LINE#         37
  C:2200H         LINE#         38
  C:2200H         LINE#         39
BL51 BANKED LINKER/LOCATER V6.22.4.0                                                  05/28/2026  17:45:02  PAGE 29


  -------         ENDPROC       _FUEL_CAPACITY_ADC_VAL_SAMPLES_UPDATE
  -------         PROC          FUEL_CAPACITY_ADC_VAL_GET
  -------         DO            
  X:62AFH         SYMBOL        i
  X:62B0H         SYMBOL        sum
  -------         ENDDO         
  C:1DF6H         LINE#         42
  C:1DF6H         LINE#         43
  C:1DF6H         LINE#         45
  C:1E00H         LINE#         46
  C:1E05H         LINE#         47
  C:1E05H         LINE#         48
  C:1E21H         LINE#         49
  C:1E2BH         LINE#         51
  -------         ENDPROC       FUEL_CAPACITY_ADC_VAL_GET
  -------         PROC          FUEL_CAPACITY_SCAN_TIME_ADD
  C:2340H         LINE#         54
  C:2340H         LINE#         55
  C:2340H         LINE#         56
  C:234FH         LINE#         57
  C:234FH         LINE#         58
  C:2356H         LINE#         59
  C:2356H         LINE#         60
  -------         ENDPROC       FUEL_CAPACITY_SCAN_TIME_ADD
  -------         PROC          FUEL_LEV_UPDATE_TIME_ADD
  C:2357H         LINE#         62
  C:2357H         LINE#         63
  C:2357H         LINE#         64
  C:2366H         LINE#         65
  C:2366H         LINE#         66
  C:236DH         LINE#         67
  C:236DH         LINE#         68
  -------         ENDPROC       FUEL_LEV_UPDATE_TIME_ADD
  -------         PROC          ___FUEL_VOLTAGE_SAMPLES_INIT__
  D:0006H         SYMBOL        voltage
  -------         DO            
  D:0005H         SYMBOL        i
  -------         ENDDO         
  C:242CH         LINE#         74
  C:242CH         LINE#         75
  C:242CH         LINE#         77
  C:242EH         LINE#         78
  C:242EH         LINE#         79
  C:2435H         LINE#         80
  C:243AH         LINE#         81
  -------         ENDPROC       ___FUEL_VOLTAGE_SAMPLES_INIT__
  -------         PROC          ___FUEL_VOLTAGE_SAMPLES_UPDATE__
  D:0006H         SYMBOL        voltage
  C:22B0H         LINE#         83
  C:22B0H         LINE#         84
  C:22B0H         LINE#         85
  C:22BAH         LINE#         86
  C:22C0H         LINE#         87
  C:22C6H         LINE#         88
  C:22C6H         LINE#         89
  C:22C8H         LINE#         90
  C:22C8H         LINE#         91
BL51 BANKED LINKER/LOCATER V6.22.4.0                                                  05/28/2026  17:45:02  PAGE 30


  -------         ENDPROC       ___FUEL_VOLTAGE_SAMPLES_UPDATE__
  -------         PROC          __FUEL_VOLTAGE_SAMPLES_GET__
  -------         DO            
  X:62B4H         SYMBOL        i
  X:62B5H         SYMBOL        sum
  -------         ENDDO         
  C:1F20H         LINE#         93
  C:1F20H         LINE#         94
  C:1F20H         LINE#         96
  C:1F2AH         LINE#         97
  C:1F2FH         LINE#         98
  C:1F2FH         LINE#         99
  C:1F45H         LINE#         100
  C:1F4FH         LINE#         102
  -------         ENDPROC       __FUEL_VOLTAGE_SAMPLES_GET__
  -------         PROC          _FUEL_CAPACITY_CONVERT_VOLTAGE_TO_LEV
  D:0006H         SYMBOL        voltage
  -------         DO            
  D:0005H         SYMBOL        ret
  -------         ENDDO         
  C:1C68H         LINE#         107
  C:1C68H         LINE#         108
  C:1C68H         LINE#         109
  C:1C6AH         LINE#         110
  C:1C73H         LINE#         111
  C:1C73H         LINE#         112
  C:1C73H         LINE#         113
  C:1C75H         LINE#         114
  C:1C7EH         LINE#         115
  C:1C7EH         LINE#         116
  C:1C80H         LINE#         117
  C:1C82H         LINE#         118
  C:1C8BH         LINE#         119
  C:1C8BH         LINE#         120
  C:1C8DH         LINE#         121
  C:1C8FH         LINE#         122
  C:1C98H         LINE#         123
  C:1C98H         LINE#         124
  C:1C9AH         LINE#         125
  C:1C9CH         LINE#         126
  C:1CA5H         LINE#         127
  C:1CA5H         LINE#         128
  C:1CA7H         LINE#         129
  C:1CA9H         LINE#         135
  C:1CA9H         LINE#         136
  C:1CABH         LINE#         137
  C:1CABH         LINE#         139
  C:1CADH         LINE#         140
  -------         ENDPROC       _FUEL_CAPACITY_CONVERT_VOLTAGE_TO_LEV
  -------         PROC          FUEL_CAPACITY_SCAN
  -------         DO            
  D:0006H         SYMBOL        fuel_adc_val
  D:0002H         SYMBOL        fuel_voltage
  X:616AH         SYMBOL        is_initialized
  X:616BH         SYMBOL        fuel_lev_of_lag
  X:62E7H         SYMBOL        cur_fuel_lev
  -------         ENDDO         
BL51 BANKED LINKER/LOCATER V6.22.4.0                                                  05/28/2026  17:45:02  PAGE 31


  C:1098H         LINE#         142
  C:1098H         LINE#         143
  C:1098H         LINE#         149
  C:109DH         LINE#         151
  C:10AFH         LINE#         152
  C:10AFH         LINE#         153
  C:10B3H         LINE#         154
  C:10B3H         LINE#         156
  C:10B3H         LINE#         159
  C:10B3H         LINE#         162
  C:10B6H         LINE#         164
  C:10CAH         LINE#         168
  C:10D0H         LINE#         169
  C:10D0H         LINE#         170
  C:10D2H         LINE#         171
  C:10D5H         LINE#         172
  C:10D5H         LINE#         173
  C:10D9H         LINE#         175
  C:10DBH         LINE#         176
  C:10DBH         LINE#         178
  C:10E1H         LINE#         179
  C:10E1H         LINE#         182
  C:10E3H         LINE#         183
  C:10E3H         LINE#         184
  C:10E5H         LINE#         186
  C:10E5H         LINE#         188
  C:10EAH         LINE#         191
  C:10EAH         LINE#         192
  C:10ECH         LINE#         194
  C:10ECH         LINE#         195
  C:10F3H         LINE#         196
  C:10F3H         LINE#         198
  C:1102H         LINE#         199
  C:1102H         LINE#         202
  C:1102H         LINE#         203
  C:1106H         LINE#         207
  C:1109H         LINE#         210
  C:1112H         LINE#         211
  C:1112H         LINE#         212
  C:1115H         LINE#         213
  C:1117H         LINE#         214
  C:1121H         LINE#         215
  C:1121H         LINE#         216
  C:1127H         LINE#         217
  C:1127H         LINE#         219
  C:112DH         LINE#         220
  C:112DH         LINE#         223
  C:1133H         LINE#         224
  C:1133H         LINE#         227
  C:1135H         LINE#         228
  C:1135H         LINE#         229
  C:1136H         LINE#         231
  C:1136H         LINE#         233
  C:113BH         LINE#         236
  C:113BH         LINE#         237
  -------         ENDPROC       FUEL_CAPACITY_SCAN
  -------         ENDMOD        FUEL_CAPACITY
BL51 BANKED LINKER/LOCATER V6.22.4.0                                                  05/28/2026  17:45:02  PAGE 32



  -------         MODULE        BATTERY
  C:0000H         SYMBOL        _ICE_DUMMY_
  X:6202H         PUBLIC        battery_scan_time_cnt
  C:2029H         PUBLIC        _bat_adc_val_samples_update
  C:236EH         PUBLIC        bat_scan_time_add
  C:1979H         PUBLIC        battery_scan
  X:6204H         SYMBOL        bat_adc_val_samples
  X:622CH         SYMBOL        bat_adc_val_sample_index
  C:240BH         SYMBOL        ___bat_adv_val_samples_init__
[...]
  -------         ENDPROC       AIP3368H_DISPLAY_ERR_HANDLE
  -------         PROC          AIP3368H_DISPLAY_TEST_LIGHT_BLINK_1MS_ISR
  -------         DO            
  X:6010H         SYMBOL        cnt
  X:6012H         SYMBOL        is_enable
  -------         ENDDO         
  C:2151H         LINE#         1229
  C:2151H         LINE#         1230
  C:2151H         LINE#         1234
  C:2157H         LINE#         1235
  C:2166H         LINE#         1236
  C:2166H         LINE#         1238
  C:2166H         LINE#         1240
  C:2166H         LINE#         1241
  C:2166H         LINE#         1242
  C:2166H         LINE#         1253
  C:2176H         LINE#         1254
  -------         ENDPROC       AIP3368H_DISPLAY_TEST_LIGHT_BLINK_1MS_ISR
  -------         PROC          AIP3368H_DISPLAY_TEST_BACK_LIGHT_SCALE_BAR
  -------         DO            
  X:6013H         SYMBOL        cnt
  X:6015H         SYMBOL        level
  -------         ENDDO         
  C:207FH         LINE#         1260
  C:207FH         LINE#         1261
  C:207FH         LINE#         1265
  C:2085H         LINE#         1266
  C:2094H         LINE#         1267
  C:2094H         LINE#         1269
  C:2094H         LINE#         1271
  C:2094H         LINE#         1272
  C:2094H         LINE#         1273
  C:2094H         LINE#         1275
  C:209BH         LINE#         1277
  C:20A1H         LINE#         1278
  C:20A7H         LINE#         1279
  C:20A7H         LINE#         1280
  C:20A9H         LINE#         1281
  C:20A9H         LINE#         1282
  -------         ENDPROC       AIP3368H_DISPLAY_TEST_BACK_LIGHT_SCALE_BAR
  -------         PROC          AIP3368H_DISPLAY_TEST_ENGINE_SPEED_SCALE_BAR
  -------         DO            
  X:6016H         SYMBOL        cnt
  X:6018H         SYMBOL        level
  -------         ENDDO         
  C:20AAH         LINE#         1288
  C:20AAH         LINE#         1289
  C:20AAH         LINE#         1293
  C:20B0H         LINE#         1294
  C:20BFH         LINE#         1295
  C:20BFH         LINE#         1297
  C:20BFH         LINE#         1299
  C:20BFH         LINE#         1300
BL51 BANKED LINKER/LOCATER V6.22.4.0                                                  05/28/2026  17:45:02  PAGE 48


  C:20BFH         LINE#         1301
  C:20BFH         LINE#         1303
  C:20C6H         LINE#         1304
  C:20CCH         LINE#         1305
  C:20D2H         LINE#         1306
  C:20D2H         LINE#         1307
  C:20D4H         LINE#         1308
  C:20D4H         LINE#         1309
  -------         ENDPROC       AIP3368H_DISPLAY_TEST_ENGINE_SPEED_SCALE_BAR
  -------         PROC          AIP3368H_DISPLAY_TEST_ENGINE_SPEED_DIGIT_SCALE
  -------         DO            
  X:6019H         SYMBOL        cnt
  X:601BH         SYMBOL        level
  -------         ENDDO         
  C:20D5H         LINE#         1315
  C:20D5H         LINE#         1316
  C:20D5H         LINE#         1320
  C:20DBH         LINE#         1321
  C:20EAH         LINE#         1322
  C:20EAH         LINE#         1324
  C:20EAH         LINE#         1326
  C:20EAH         LINE#         1327
  C:20EAH         LINE#         1328
  C:20EAH         LINE#         1330
  C:20F1H         LINE#         1331
  C:20F7H         LINE#         1332
  C:20FDH         LINE#         1333
  C:20FDH         LINE#         1334
  C:20FFH         LINE#         1335
  C:20FFH         LINE#         1336
  -------         ENDPROC       AIP3368H_DISPLAY_TEST_ENGINE_SPEED_DIGIT_SCALE
  -------         PROC          AIP3368H_DISPLAY_TEST_GEAR
  -------         DO            
  X:601CH         SYMBOL        cnt
  X:601EH         SYMBOL        level
  -------         ENDDO         
  C:1EE7H         LINE#         1339
  C:1EE7H         LINE#         1340
  C:1EE7H         LINE#         1344
  C:1EEDH         LINE#         1345
  C:1EFCH         LINE#         1346
  C:1EFCH         LINE#         1348
  C:1EFCH         LINE#         1350
  C:1EFCH         LINE#         1351
  C:1EFCH         LINE#         1352
  C:1EFCH         LINE#         1354
  C:1F02H         LINE#         1355
  C:1F02H         LINE#         1356
  C:1F06H         LINE#         1357
  C:1F09H         LINE#         1358
  C:1F0BH         LINE#         1360
  C:1F0BH         LINE#         1362
  C:1F11H         LINE#         1363
  C:1F11H         LINE#         1365
  C:1F17H         LINE#         1366
  C:1F1DH         LINE#         1367
  C:1F1DH         LINE#         1368
BL51 BANKED LINKER/LOCATER V6.22.4.0                                                  05/28/2026  17:45:02  PAGE 49


  C:1F1FH         LINE#         1369
  C:1F1FH         LINE#         1370
  -------         ENDPROC       AIP3368H_DISPLAY_TEST_GEAR
  -------         PROC          AIP3368H_DISPLAY_TEST_SPEED
  -------         DO            
  X:601FH         SYMBOL        cnt
  X:6021H         SYMBOL        speed
  -------         ENDDO         
  C:2100H         LINE#         1372
  C:2100H         LINE#         1373
  C:2100H         LINE#         1377
  C:2106H         LINE#         1378
  C:2115H         LINE#         1379
  C:2115H         LINE#         1381
  C:2115H         LINE#         1383
  C:2115H         LINE#         1384
  C:2115H         LINE#         1385
  C:2115H         LINE#         1387
  C:211CH         LINE#         1388
  C:2122H         LINE#         1389
  C:2128H         LINE#         1390
  C:2128H         LINE#         1391
  C:212AH         LINE#         1392
  C:212AH         LINE#         1393
  -------         ENDPROC       AIP3368H_DISPLAY_TEST_SPEED
  -------         PROC          AIP3368H_DISPLAY_TEST
  C:250DH         LINE#         1396
  C:250DH         LINE#         1397
  C:250DH         LINE#         1613
  -------         ENDPROC       AIP3368H_DISPLAY_TEST
  -------         ENDMOD        AIP3368H_DISPLAY

  -------         MODULE        IO_KEY
  C:0000H         SYMBOL        _ICE_DUMMY_
  B:0080H.5       PUBLIC        P05
  X:6245H         PUBLIC        io_key_para
  C:24C5H         PUBLIC        io_key_config
  C:1CF3H         PUBLIC        io_key_handle
  C:24F5H         PUBLIC        io_key_get_key_id
  X:6258H         SYMBOL        io_key_event_table
  C:1CAEH         PUBLIC        ___io_key_get_event__
  C:2459H         SYMBOL        Com001A
  C:2459H         SYMBOL        L?0027
  -------         PROC          COM001A
  -------         ENDPROC       COM001A
  -------         PROC          IO_KEY_CONFIG
  C:24C5H         LINE#         42
  C:24C5H         LINE#         43
  C:24C5H         LINE#         44
  C:24CBH         LINE#         45
  C:24D1H         LINE#         46
  -------         ENDPROC       IO_KEY_CONFIG
  -------         PROC          IO_KEY_GET_KEY_ID
  C:24F5H         LINE#         48
  C:24F5H         LINE#         49
  C:24F5H         LINE#         50
  C:24F8H         LINE#         51
BL51 BANKED LINKER/LOCATER V6.22.4.0                                                  05/28/2026  17:45:02  PAGE 50


  C:24F8H         LINE#         52
  C:24FBH         LINE#         53
  C:24FBH         LINE#         55
  C:24FDH         LINE#         56
  -------         ENDPROC       IO_KEY_GET_KEY_ID
  -------         PROC          ___IO_KEY_GET_EVENT__
  D:0007H         SYMBOL        key_val
  D:0005H         SYMBOL        key_event
  -------         DO            
  D:0006H         SYMBOL        ret_key_event
  D:0004H         SYMBOL        i
  D:0003H         SYMBOL        index
  -------         ENDDO         
  C:1CAEH         LINE#         58
  C:1CAEH         LINE#         59
  C:1CAEH         LINE#         60
  C:1CB0H         LINE#         61
  C:1CB1H         LINE#         62
  C:1CB2H         LINE#         64
  C:1CB6H         LINE#         65
  C:1CB6H         LINE#         66
  C:1CB7H         LINE#         67
  C:1CB9H         LINE#         68
  C:1CBDH         LINE#         69
  C:1CBDH         LINE#         70
  C:1CBFH         LINE#         71
  C:1CC1H         LINE#         72
  C:1CC5H         LINE#         73
  C:1CC5H         LINE#         74
  C:1CC7H         LINE#         75
  C:1CC9H         LINE#         76
  C:1CCDH         LINE#         77
  C:1CCDH         LINE#         78
  C:1CCFH         LINE#         79
  C:1CCFH         LINE#         81
  C:1CD5H         LINE#         82
  C:1CD5H         LINE#         83
  C:1CDCH         LINE#         84
  C:1CDCH         LINE#         85
  C:1CEBH         LINE#         86
  C:1CEDH         LINE#         87
  C:1CEDH         LINE#         88
  C:1CF0H         LINE#         90
  C:1CF2H         LINE#         91
  -------         ENDPROC       ___IO_KEY_GET_EVENT__
  -------         PROC          IO_KEY_HANDLE
  -------         DO            
  D:0007H         SYMBOL        io_key_event
  -------         ENDDO         
  C:1CF3H         LINE#         93
  C:1CF3H         LINE#         94
  C:1CF3H         LINE#         95
  C:1CF3H         LINE#         97
  C:1CF9H         LINE#         98
  C:1CF9H         LINE#         100
  C:1CF9H         LINE#         102
  C:1D01H         LINE#         103
BL51 BANKED LINKER/LOCATER V6.22.4.0                                                  05/28/2026  17:45:02  PAGE 51


  C:1D06H         LINE#         104
  C:1D08H         LINE#         106
  C:1D10H         LINE#         107
  C:1D10H         LINE#         108
  C:1D10H         LINE#         109
  C:1D16H         LINE#         110
  C:1D16H         LINE#         111
  C:1D18H         LINE#         115
  C:1D1AH         LINE#         117
  C:1D1AH         LINE#         118
  C:1D20H         LINE#         122
  C:1D20H         LINE#         124
  C:1D20H         LINE#         126
  C:1D22H         LINE#         127
  C:1D22H         LINE#         128
  C:1D28H         LINE#         129
  C:1D28H         LINE#         130
  C:1D32H         LINE#         134
  C:1D35H         LINE#         135
  C:1D35H         LINE#         136
  C:1D35H         LINE#         138
  C:1D35H         LINE#         139
  C:1D35H         LINE#         140
  C:1D35H         LINE#         141
  -------         ENDPROC       IO_KEY_HANDLE
  -------         ENDMOD        IO_KEY

  -------         MODULE        ?C?CLDPTR
  C:0045H         PUBLIC        ?C?CLDPTR
  -------         ENDMOD        ?C?CLDPTR

  -------         MODULE        ?C?CLDOPTR
  C:005EH         PUBLIC        ?C?CLDOPTR
  -------         ENDMOD        ?C?CLDOPTR

  -------         MODULE        ?C?CILDOPTR
  C:008BH         PUBLIC        ?C?CILDOPTR
  -------         ENDMOD        ?C?CILDOPTR

  -------         MODULE        ?C?CSTPTR
  C:00BEH         PUBLIC        ?C?CSTPTR
  -------         ENDMOD        ?C?CSTPTR

  -------         MODULE        ?C?CSTOPTR
  C:00D0H         PUBLIC        ?C?CSTOPTR
  -------         ENDMOD        ?C?CSTOPTR

  -------         MODULE        ?C?UIDIV
  C:00F2H         PUBLIC        ?C?UIDIV
  -------         ENDMOD        ?C?UIDIV

  -------         MODULE        ?C?IILDX
  C:0147H         PUBLIC        ?C?IILDX
  -------         ENDMOD        ?C?IILDX

  -------         MODULE        ?C?ILDOPTR
  C:015DH         PUBLIC        ?C?ILDOPTR
BL51 BANKED LINKER/LOCATER V6.22.4.0                                                  05/28/2026  17:45:02  PAGE 52


  -------         ENDMOD        ?C?ILDOPTR

  -------         MODULE        ?C?LADD
  C:0195H         PUBLIC        ?C?LADD
  -------         ENDMOD        ?C?LADD

  -------         MODULE        ?C?LSUB
  C:01A2H         PUBLIC        ?C?LSUB
  -------         ENDMOD        ?C?LSUB

  -------         MODULE        ?C?LMUL
  C:01B0H         PUBLIC        ?C?LMUL
  -------         ENDMOD        ?C?LMUL

  -------         MODULE        ?C?ULDIV
  C:023BH         PUBLIC        ?C?ULDIV
  -------         ENDMOD        ?C?ULDIV

  -------         MODULE        ?C?SLCMP
  C:02CDH         PUBLIC        ?C?SLCMP
  -------         ENDMOD        ?C?SLCMP

  -------         MODULE        ?C?ULCMP
  C:02E3H         PUBLIC        ?C?ULCMP
  -------         ENDMOD        ?C?ULCMP

  -------         MODULE        ?C?LLDXDATA
  C:02F4H         PUBLIC        ?C?LLDXDATA
  -------         ENDMOD        ?C?LLDXDATA

  -------         MODULE        ?C?LLDXDATA0
  C:0300H         PUBLIC        ?C?LLDXDATA0
  -------         ENDMOD        ?C?LLDXDATA0

  -------         MODULE        ?C?LSTXDATA
  C:030CH         PUBLIC        ?C?LSTXDATA
  -------         ENDMOD        ?C?LSTXDATA

  -------         MODULE        ?C?LSTKXDATA
  C:0318H         PUBLIC        ?C?LSTKXDATA
  -------         ENDMOD        ?C?LSTKXDATA

  -------         MODULE        ?C?OFFXADD
  C:0349H         PUBLIC        ?C?OFFXADD
  -------         ENDMOD        ?C?OFFXADD

  -------         MODULE        ?C?PLDXDATA
  C:0355H         PUBLIC        ?C?PLDXDATA
  -------         ENDMOD        ?C?PLDXDATA

  -------         MODULE        ?C?PLDIXDATA
  C:035EH         PUBLIC        ?C?PLDIXDATA
  -------         ENDMOD        ?C?PLDIXDATA

  -------         MODULE        ?C?PSTXDATA
  C:0375H         PUBLIC        ?C?PSTXDATA
  -------         ENDMOD        ?C?PSTXDATA
BL51 BANKED LINKER/LOCATER V6.22.4.0                                                  05/28/2026  17:45:02  PAGE 53



  -------         MODULE        ?C?PLDOPTR
  C:037EH         PUBLIC        ?C?PLDOPTR
  -------         ENDMOD        ?C?PLDOPTR

  -------         MODULE        ?C?ICALL
  C:03AEH         PUBLIC        ?C?ICALL
  C:03B2H         PUBLIC        ?C?ICALL2
  -------         ENDMOD        ?C?ICALL

  -------         MODULE        ?C?LIMUL
  C:03B4H         PUBLIC        ?C?LIMUL
  -------         ENDMOD        ?C?LIMUL

  -------         MODULE        ?C?MEMSET
  C:03E1H         PUBLIC        ?C?MEMSET
  -------         ENDMOD        ?C?MEMSET

  -------         MODULE        ?C?PLDIDATA
  C:040DH         PUBLIC        ?C?PLDIDATA
  -------         ENDMOD        ?C?PLDIDATA

  -------         MODULE        ?C?PLDPDATA
  C:0416H         PUBLIC        ?C?PLDPDATA
  -------         ENDMOD        ?C?PLDPDATA

  -------         MODULE        ?C?PLDCODE
  C:041FH         PUBLIC        ?C?PLDCODE
  -------         ENDMOD        ?C?PLDCODE

*** WARNING L16: UNCALLED SEGMENT, IGNORED FOR OVERLAY PROCESS
    SEGMENT: ?PR?ADC_CONFIG?ADC

*** WARNING L16: UNCALLED SEGMENT, IGNORED FOR OVERLAY PROCESS
    SEGMENT: ?PR?ADC_CHANNEL_SWITCH_BY_ISR?ADC

*** WARNING L16: UNCALLED SEGMENT, IGNORED FOR OVERLAY PROCESS
    SEGMENT: ?PR?_KEY_DRIVER_SCAN?KEY_DRIVER

*** WARNING L16: UNCALLED SEGMENT, IGNORED FOR OVERLAY PROCESS
    SEGMENT: ?PR?PIN_LEVEL_SCAN_CONFIG?PIN_LEVEL_SCAN

*** WARNING L16: UNCALLED SEGMENT, IGNORED FOR OVERLAY PROCESS
    SEGMENT: ?PR?PIN_LEVEL_SCAN?PIN_LEVEL_SCAN

*** WARNING L16: UNCALLED SEGMENT, IGNORED FOR OVERLAY PROCESS
    SEGMENT: ?PR?SPEED_SCAN_CONFIG?SPEED_SCAN

*** WARNING L16: UNCALLED SEGMENT, IGNORED FOR OVERLAY PROCESS
    SEGMENT: ?PR?SPEED_SCAN_TIMER_50US_ISR?SPEED_SCAN

*** WARNING L16: UNCALLED SEGMENT, IGNORED FOR OVERLAY PROCESS
    SEGMENT: ?PR?SPEED_SCAN?SPEED_SCAN

*** WARNING L16: UNCALLED SEGMENT, IGNORED FOR OVERLAY PROCESS
    SEGMENT: ?PR?AIP3368H_DISPLAY_SPEED_REFRESH_TIME_ADD?SPEED_SCAN

BL51 BANKED LINKER/LOCATER V6.22.4.0                                                  05/28/2026  17:45:02  PAGE 54


*** WARNING L16: UNCALLED SEGMENT, IGNORED FOR OVERLAY PROCESS
    SEGMENT: ?PR?AIP3368H_DISPLAY_SPEED_HANDLE?SPEED_SCAN

*** WARNING L16: UNCALLED SEGMENT, IGNORED FOR OVERLAY PROCESS
    SEGMENT: ?PR?ENGINE_SPEED_SCAN_CONFIG?ENGINE_SPEED_SCAN

*** WARNING L16: UNCALLED SEGMENT, IGNORED FOR OVERLAY PROCESS
    SEGMENT: ?PR?ENGINE_SPEED_SCAN_TIMER_50US_ISR?ENGINE_SPEED_SCAN

*** WARNING L16: UNCALLED SEGMENT, IGNORED FOR OVERLAY PROCESS
    SEGMENT: ?PR?ENGINE_SPEED_SCAN?ENGINE_SPEED_SCAN

*** WARNING L16: UNCALLED SEGMENT, IGNORED FOR OVERLAY PROCESS
    SEGMENT: ?PR?AIP3368H_DISPLAY_ENGINE_SPEED_REFRESH_TIME_ADD?ENGINE_SPEED_SCAN

*** WARNING L16: UNCALLED SEGMENT, IGNORED FOR OVERLAY PROCESS
    SEGMENT: ?PR?AIP3368H_DISPLAY_ENGINE_SPEED_HANDLE?ENGINE_SPEED_SCAN

*** WARNING L16: UNCALLED SEGMENT, IGNORED FOR OVERLAY PROCESS
    SEGMENT: ?PR?MILEAGE_SCAN?MILEAGE

*** WARNING L16: UNCALLED SEGMENT, IGNORED FOR OVERLAY PROCESS
    SEGMENT: ?PR?FUEL_CAPACITY_SCAN?FUEL_CAPACITY

*** WARNING L16: UNCALLED SEGMENT, IGNORED FOR OVERLAY PROCESS
    SEGMENT: ?PR?BAT_SCAN_TIME_ADD?BATTERY

*** WARNING L16: UNCALLED SEGMENT, IGNORED FOR OVERLAY PROCESS
    SEGMENT: ?PR?BATTERY_SCAN?BATTERY

*** WARNING L16: UNCALLED SEGMENT, IGNORED FOR OVERLAY PROCESS
    SEGMENT: ?PR?_AIP3368H_DISPLAY_LEFT_TURN_LIGHT?AIP3368H_DISPLAY

*** WARNING L16: UNCALLED SEGMENT, IGNORED FOR OVERLAY PROCESS
    SEGMENT: ?PR?_AIP3368H_DISPLAY_RIGHT_TURN_LIGHT?AIP3368H_DISPLAY

*** WARNING L16: UNCALLED SEGMENT, IGNORED FOR OVERLAY PROCESS
    SEGMENT: ?PR?_AIP3368H_DISPLAY_ERR_LIGHT?AIP3368H_DISPLAY

*** WARNING L16: UNCALLED SEGMENT, IGNORED FOR OVERLAY PROCESS
    SEGMENT: ?PR?_AIP3368H_DISPLAY_LOW_BEAM_INDICATOR_LIGHT?AIP3368H_DISPLAY

*** WARNING L16: UNCALLED SEGMENT, IGNORED FOR OVERLAY PROCESS
    SEGMENT: ?PR?_AIP3368H_DISPLAY_HIGH_BEAM_INDICATOR_LIGHT?AIP3368H_DISPLAY

*** WARNING L16: UNCALLED SEGMENT, IGNORED FOR OVERLAY PROCESS
    SEGMENT: ?PR?_AIP3368H_DISPLAY_X1000RPM_LIGHT?AIP3368H_DISPLAY

*** WARNING L16: UNCALLED SEGMENT, IGNORED FOR OVERLAY PROCESS
    SEGMENT: ?PR?_AIP3368H_DISPLAY_GEAR_LIGHT?AIP3368H_DISPLAY

*** WARNING L16: UNCALLED SEGMENT, IGNORED FOR OVERLAY PROCESS
    SEGMENT: ?PR?_AIP3368H_DISPLAY_MILEAGE?AIP3368H_DISPLAY

*** WARNING L16: UNCALLED SEGMENT, IGNORED FOR OVERLAY PROCESS
    SEGMENT: ?PR?_AIP3368H_DISPLAY_SPEED_KM_ICON?AIP3368H_DISPLAY

BL51 BANKED LINKER/LOCATER V6.22.4.0                                                  05/28/2026  17:45:02  PAGE 55


*** WARNING L16: UNCALLED SEGMENT, IGNORED FOR OVERLAY PROCESS
    SEGMENT: ?PR?__AIP3368H_DISPLAY_BOOT_ANIMATION_IN_ENGINE_SPEED_SCALE_BAR__?AIP3368H_DISPLAY

*** WARNING L16: UNCALLED SEGMENT, IGNORED FOR OVERLAY PROCESS
    SEGMENT: ?PR?__AIP3368H_DISPLAY_BOOT_ANIMATION_IN_SPEED_SCALE_BAR__?AIP3368H_DISPLAY

*** WARNING L16: UNCALLED SEGMENT, IGNORED FOR OVERLAY PROCESS
    SEGMENT: ?PR?__AIP3368H_DISPLAY_BOOT_ANIMATION_IN_SPEED_AND_MILEAGE__?AIP3368H_DISPLAY

*** WARNING L16: UNCALLED SEGMENT, IGNORED FOR OVERLAY PROCESS
    SEGMENT: ?PR?__AIP3368H_DISPLAY_BOOT_ANIMATION_IN_FUEL_LEVEL__?AIP3368H_DISPLAY

*** WARNING L16: UNCALLED SEGMENT, IGNORED FOR OVERLAY PROCESS
    SEGMENT: ?PR?AIP3368H_DISPLAY_BOOT_ANIMATION_TIME_ADD?AIP3368H_DISPLAY

*** WARNING L16: UNCALLED SEGMENT, IGNORED FOR OVERLAY PROCESS
    SEGMENT: ?PR?AIP3368H_DISPLAY_BOOT_ANIMATION_HANDLE?AIP3368H_DISPLAY

*** WARNING L16: UNCALLED SEGMENT, IGNORED FOR OVERLAY PROCESS
    SEGMENT: ?PR?AIP3368H_DISPLAY_ERR_HANDLE_TIME_ADD?AIP3368H_DISPLAY

*** WARNING L16: UNCALLED SEGMENT, IGNORED FOR OVERLAY PROCESS
    SEGMENT: ?PR?AIP3368H_DISPLAY_ERR_HANDLE?AIP3368H_DISPLAY

*** WARNING L16: UNCALLED SEGMENT, IGNORED FOR OVERLAY PROCESS
    SEGMENT: ?PR?AIP3368H_DISPLAY_TEST_BACK_LIGHT_SCALE_BAR?AIP3368H_DISPLAY

*** WARNING L16: UNCALLED SEGMENT, IGNORED FOR OVERLAY PROCESS
    SEGMENT: ?PR?AIP3368H_DISPLAY_TEST_ENGINE_SPEED_SCALE_BAR?AIP3368H_DISPLAY

*** WARNING L16: UNCALLED SEGMENT, IGNORED FOR OVERLAY PROCESS
    SEGMENT: ?PR?AIP3368H_DISPLAY_TEST_ENGINE_SPEED_DIGIT_SCALE?AIP3368H_DISPLAY

*** WARNING L16: UNCALLED SEGMENT, IGNORED FOR OVERLAY PROCESS
    SEGMENT: ?PR?AIP3368H_DISPLAY_TEST_GEAR?AIP3368H_DISPLAY

*** WARNING L16: UNCALLED SEGMENT, IGNORED FOR OVERLAY PROCESS
    SEGMENT: ?PR?AIP3368H_DISPLAY_TEST_SPEED?AIP3368H_DISPLAY

*** WARNING L16: UNCALLED SEGMENT, IGNORED FOR OVERLAY PROCESS
    SEGMENT: ?PR?IO_KEY_CONFIG?IO_KEY

*** WARNING L16: UNCALLED SEGMENT, IGNORED FOR OVERLAY PROCESS
    SEGMENT: ?PR?IO_KEY_HANDLE?IO_KEY

Program Size: data=9.6 xdata=745 code=9486
LINK/LOCATE RUN COMPLETE.  43 WARNING(S),  0 ERROR(S)
