BL51 BANKED LINKER/LOCATER V6.22.4.0                                                    06/01/2026  18:00:44  PAGE 1


BL51 BANKED LINKER/LOCATER V6.22.4.0, INVOKED BY:
C:\KEIL_V5\C51\BIN\BL51.EXE .\Release\Objects\STARTUP.obj, .\Release\Objects\system.obj, ..\..\User\lib\tk_simplify_algo
>> rithm_V1.0.0.LIB, .\Release\Objects\tk_set.obj, .\Release\Objects\tmr1.obj, .\Release\Objects\tmr2.obj, .\Release\Obj
>> ects\uart0.obj, .\Release\Objects\adc.obj, .\Release\Objects\key_driver.obj, .\Release\Objects\user_flash.obj, .\Rele
>> ase\Objects\aip3368.obj, .\Release\Objects\main.obj, .\Release\Objects\pin_level_scan.obj, .\Release\Objects\speed_sc
>> an.obj, .\Release\Objects\engine_speed_scan.obj, .\Release\Objects\mileage.obj, .\Release\Objects\fuel_capacity.obj, 
>> .\Release\Objects\battery.obj, .\Release\Objects\instrument.obj, .\Release\Objects\aip3368h_display.obj, .\Release\Ob
>> jects\io_key.obj TO .\Release\Objects\Project PRINT (.\Release\Listings\Project.m51) RAMSIZE (256) CODE (0X0000-0X3EE
>> F) XDATA (0X6000-0X66FF)


MEMORY MODEL: LARGE


INPUT MODULES INCLUDED:
  .\Release\Objects\STARTUP.obj (?C_STARTUP)
  .\Release\Objects\system.obj (SYSTEM)
  .\Release\Objects\tk_set.obj (TK_SET)
  .\Release\Objects\tmr1.obj (TMR1)
  .\Release\Objects\tmr2.obj (TMR2)
  .\Release\Objects\uart0.obj (UART0)
  .\Release\Objects\adc.obj (ADC)
  .\Release\Objects\key_driver.obj (KEY_DRIVER)
  .\Release\Objects\user_flash.obj (USER_FLASH)
  .\Release\Objects\aip3368.obj (AIP3368)
  .\Release\Objects\main.obj (MAIN)
  .\Release\Objects\pin_level_scan.obj (PIN_LEVEL_SCAN)
  .\Release\Objects\speed_scan.obj (SPEED_SCAN)
  .\Release\Objects\engine_speed_scan.obj (ENGINE_SPEED_SCAN)
  .\Release\Objects\mileage.obj (MILEAGE)
  .\Release\Objects\fuel_capacity.obj (FUEL_CAPACITY)
  .\Release\Objects\battery.obj (BATTERY)
  .\Release\Objects\instrument.obj (INSTRUMENT)
  .\Release\Objects\aip3368h_display.obj (AIP3368H_DISPLAY)
  .\Release\Objects\io_key.obj (IO_KEY)
  C:\KEIL_V5\C51\LIB\C51L.LIB (?C_INIT)
  C:\KEIL_V5\C51\LIB\C51L.LIB (?C?COPY)
  C:\KEIL_V5\C51\LIB\C51L.LIB (?C?CLDPTR)
  C:\KEIL_V5\C51\LIB\C51L.LIB (?C?CLDOPTR)
  C:\KEIL_V5\C51\LIB\C51L.LIB (?C?CILDOPTR)
  C:\KEIL_V5\C51\LIB\C51L.LIB (?C?CSTPTR)
  C:\KEIL_V5\C51\LIB\C51L.LIB (?C?CSTOPTR)
  C:\KEIL_V5\C51\LIB\C51L.LIB (?C?IMUL)
  C:\KEIL_V5\C51\LIB\C51L.LIB (?C?UIDIV)
  C:\KEIL_V5\C51\LIB\C51L.LIB (?C?IILDX)
  C:\KEIL_V5\C51\LIB\C51L.LIB (?C?ILDOPTR)
  C:\KEIL_V5\C51\LIB\C51L.LIB (?C?LADD)
  C:\KEIL_V5\C51\LIB\C51L.LIB (?C?LSUB)
  C:\KEIL_V5\C51\LIB\C51L.LIB (?C?LMUL)
  C:\KEIL_V5\C51\LIB\C51L.LIB (?C?ULDIV)
  C:\KEIL_V5\C51\LIB\C51L.LIB (?C?SLCMP)
  C:\KEIL_V5\C51\LIB\C51L.LIB (?C?ULCMP)
  C:\KEIL_V5\C51\LIB\C51L.LIB (?C?LLDXDATA)
  C:\KEIL_V5\C51\LIB\C51L.LIB (?C?LLDXDATA0)
  C:\KEIL_V5\C51\LIB\C51L.LIB (?C?LSTXDATA)
  C:\KEIL_V5\C51\LIB\C51L.LIB (?C?LSTKXDATA)
  C:\KEIL_V5\C51\LIB\C51L.LIB (?C?OFFXADD)
  C:\KEIL_V5\C51\LIB\C51L.LIB (?C?PLDXDATA)
BL51 BANKED LINKER/LOCATER V6.22.4.0                                                  06/01/2026  18:00:44  PAGE 2


  C:\KEIL_V5\C51\LIB\C51L.LIB (?C?PLDIXDATA)
  C:\KEIL_V5\C51\LIB\C51L.LIB (?C?PSTXDATA)
  C:\KEIL_V5\C51\LIB\C51L.LIB (?C?PLDOPTR)
  C:\KEIL_V5\C51\LIB\C51L.LIB (?C?CCASE)
  C:\KEIL_V5\C51\LIB\C51L.LIB (?C?ICALL)
  C:\KEIL_V5\C51\LIB\C51L.LIB (?C?LIMUL)
  C:\KEIL_V5\C51\LIB\C51L.LIB (PRINTF)
  C:\KEIL_V5\C51\LIB\C51L.LIB (?C?MEMSET)
  C:\KEIL_V5\C51\LIB\C51L.LIB (?C?PLDIDATA)
  C:\KEIL_V5\C51\LIB\C51L.LIB (?C?PLDPDATA)
  C:\KEIL_V5\C51\LIB\C51L.LIB (?C?PLDCODE)


LINK MAP OF MODULE:  .\Release\Objects\Project (?C_STARTUP)


            TYPE    BASE      LENGTH    RELOCATION   SEGMENT NAME
            -----------------------------------------------------

            * * * * * * *   D A T A   M E M O R Y   * * * * * * *
            REG     0000H     0008H     ABSOLUTE     "REG BANK 0"
            DATA    0008H     0005H     UNIT         _DATA_GROUP_
                    000DH     0013H                  *** GAP ***
            BIT     0020H.0   0001H.1   UNIT         _BIT_GROUP_
            BIT     0021H.1   0000H.2   UNIT         ?BI?SPEED_SCAN
            BIT     0021H.3   0000H.2   UNIT         ?BI?ENGINE_SPEED_SCAN
            BIT     0021H.5   0000H.1   UNIT         ?BI?MILEAGE
                    0021H.6   0000H.2                *** GAP ***
            IDATA   0022H     0001H     UNIT         ?STACK

            * * * * * * *  X D A T A   M E M O R Y  * * * * * * *
                    0000H     6000H                  *** GAP ***
            XDATA   6000H     017BH     UNIT         ?XD?AIP3368H_DISPLAY
            XDATA   617BH     0059H     UNIT         ?XD?FUEL_CAPACITY
            XDATA   61D4H     003FH     UNIT         ?XD?SPEED_SCAN
            XDATA   6213H     002EH     UNIT         _XDATA_GROUP_
            XDATA   6241H     002CH     UNIT         ?XD?BATTERY
            XDATA   626DH     0024H     UNIT         ?XD?AIP3368H_DISPLAY_TEST_MILEAGE?AIP3368H_DISPLAY
            XDATA   6291H     0018H     UNIT         ?XD?AIP3368
            XDATA   62A9H     0018H     UNIT         ?XD?IO_KEY
            XDATA   62C1H     0015H     UNIT         ?XD?ENGINE_SPEED_SCAN
            XDATA   62D6H     0015H     UNIT         ?XD?INSTRUMENT
            XDATA   62EBH     000AH     UNIT         ?XD?MILEAGE
            XDATA   62F5H     0006H     UNIT         ?XD?_AIP3368H_DISPLAY_MILEAGE?AIP3368H_DISPLAY
            XDATA   62FBH     0005H     UNIT         ?XD?FUEL_CAPACITY_ADC_VAL_GET?FUEL_CAPACITY
            XDATA   6300H     0005H     UNIT         ?XD?__FUEL_VOLTAGE_SAMPLES_GET__?FUEL_CAPACITY
            XDATA   6305H     0005H     UNIT         ?XD?BAT_ADC_VAL_GET?BATTERY
            XDATA   630AH     0005H     UNIT         ?XD?_AIP3368H_DISPLAY_SPEED?AIP3368H_DISPLAY
            XDATA   630FH     0004H     UNIT         ?XD?KEY_DRIVER
            XDATA   6313H     0004H     UNIT         ?XD?ENGINE_SPEED_SCAN?ENGINE_SPEED_SCAN
            XDATA   6317H     0003H     UNIT         ?XD?ADC
            XDATA   631AH     0003H     UNIT         ?XD?___AIP3368H_DISPLAY_SPEED_SEG__?AIP3368H_DISPLAY
            XDATA   631DH     0003H     UNIT         ?XD?___AIP3368H_DISPLAY_SPEED_BIT_X__?AIP3368H_DISPLAY
            XDATA   6320H     0003H     UNIT         ?XD?___AIP3368H_DISPLAY_MILEAGE_BIT_X__?AIP3368H_DISPLAY
            XDATA   6323H     0002H     UNIT         ?XD?_AIP3368H_DISPLAY_BACK_LIGHT_SCALE_BAR?AIP3368H_DISPLAY
            XDATA   6325H     0002H     UNIT         ?XD?_AIP3368H_DISPLAY_ENGINE_SPEED_SCALE_BAR?AIP3368H_DISPLAY
            XDATA   6327H     0002H     UNIT         ?XD?_AIP3368H_DISPLAY_ENGINE_SPEED_DIGIT_SCALE?AIP3368H_DISPLAY
BL51 BANKED LINKER/LOCATER V6.22.4.0                                                  06/01/2026  18:00:44  PAGE 3


            XDATA   6329H     0002H     UNIT         ?XD?_AIP3368H_DISPLAY_FUEL_LEVEL?AIP3368H_DISPLAY
            XDATA   632BH     0001H     UNIT         ?XD?AIP3368H_DISPLAY_ENGINE_SPEED_HANDLE?ENGINE_SPEED_SCAN
            XDATA   632CH     0001H     UNIT         ?XD?FUEL_CAPACITY_SCAN?FUEL_CAPACITY

            * * * * * * *   C O D E   M E M O R Y   * * * * * * *
            CODE    0000H     0003H     ABSOLUTE     
            CODE    0003H     000CH     ABSOLUTE     
            CODE    000FH     0012H     UNIT         ?PR?DEBUG_PIN_INIT?MAIN
            CODE    0021H     0003H     ABSOLUTE     
            CODE    0024H     0003H     ABSOLUTE     
            CODE    0027H     001BH     UNIT         ?PR?_DELAY_MS?SYSTEM
            CODE    0042H     0003H     ABSOLUTE     
            CODE    0045H     0514H     UNIT         ?C?LIB_CODE
            CODE    0559H     0395H     UNIT         ?C_INITSEG
            CODE    08EEH     0365H     UNIT         ?PR?PRINTF?PRINTF
            CODE    0C53H     0256H     UNIT         ?PR?__AIP3368H_DISPLAY_BOOT_ANIMATION_LEFT_TO_RIGHT__?AIP3368H_DISP
>> LAY
            CODE    0EA9H     0193H     UNIT         ?PR?_KEY_DRIVER_SCAN?KEY_DRIVER
            CODE    103CH     017CH     UNIT         ?PR?AIP3368H_DISPLAY
            CODE    11B8H     0144H     UNIT         ?PR?AIP3368H_DISPLAY_SPEED_HANDLE?SPEED_SCAN
            CODE    12FCH     00FBH     UNIT         ?PR?_AIP3368H_DISPLAY_SPEED?AIP3368H_DISPLAY
            CODE    13F7H     00F8H     UNIT         ?PR?SPEED_SCAN?SPEED_SCAN
            CODE    14EFH     00DCH     UNIT         ?PR?SYSTEM_INIT?SYSTEM
            CODE    15CBH     00D2H     UNIT         ?PR?___AIP3368H_DISPLAY_MILEAGE_BIT_X__?AIP3368H_DISPLAY
            CODE    169DH     00CEH     UNIT         ?PR?__AIP3368H_DISPLAY_BOOT_ANIMATION_IN_SPEED__?AIP3368H_DISPLAY
            CODE    176BH     00B8H     UNIT         ?PR?MILEAGE_SCAN?MILEAGE
            CODE    1823H     00AAH     UNIT         ?PR?SPEED_FILTER_GET_SPEED?SPEED_SCAN
            CODE    18CDH     00A4H     UNIT         ?PR?FUEL_CAPACITY_SCAN?FUEL_CAPACITY
            CODE    1971H     009AH     UNIT         ?C_C51STARTUP
            CODE    1A0BH     0099H     UNIT         ?PR?PIN_LEVEL_SCAN?PIN_LEVEL_SCAN
            CODE    1AA4H     0095H     UNIT         ?PR?___AIP3368H_DISPLAY_SPEED_SEG__?AIP3368H_DISPLAY
            CODE    1B39H     0092H     UNIT         ?PR?___AIP3368H_DISPLAY_GEAR_DIGIT__?AIP3368H_DISPLAY
            CODE    1BCBH     0085H     UNIT         ?PR?TIMR1_IRQHANDLER?TMR1
            CODE    1C50H     0080H     UNIT         ?PR?ADC_IRQHANDLER?ADC
            CODE    1CD0H     0080H     UNIT         ?PR?_AIP3368H_DISPLAY_BACK_LIGHT_SCALE_BAR?AIP3368H_DISPLAY
            CODE    1D50H     007FH     UNIT         ?PR?_AIP3368H_DISPLAY_ENGINE_SPEED_SCALE_BAR?AIP3368H_DISPLAY
            CODE    1DCFH     007FH     UNIT         ?PR?_AIP3368H_DISPLAY_ENGINE_SPEED_DIGIT_SCALE?AIP3368H_DISPLAY
            CODE    1E4EH     007FH     UNIT         ?PR?___AIP3368H_DISPLAY_SPEED_BIT_X__?AIP3368H_DISPLAY
            CODE    1ECDH     007FH     UNIT         ?PR?AIP3368H_DISPLAY_ERR_HANDLE?AIP3368H_DISPLAY
            CODE    1F4CH     007EH     UNIT         ?PR?ENGINE_SPEED_SCAN?ENGINE_SPEED_SCAN
            CODE    1FCAH     007CH     UNIT         ?PR?_AIP3368H_DISPLAY_FUEL_LEVEL?AIP3368H_DISPLAY
            CODE    2046H     0074H     UNIT         ?PR?PIN_LEVEL_SCAN_CONFIG?PIN_LEVEL_SCAN
            CODE    20BAH     006CH     UNIT         ?PR?_AIP3368H_DISPLAY_MILEAGE?AIP3368H_DISPLAY
            CODE    2126H     006AH     UNIT         ?PR?AIP3368H_DISPLAY_ENGINE_SPEED_HANDLE?ENGINE_SPEED_SCAN
            CODE    2190H     0066H     UNIT         ?PR?AIP3368H_DISPLAY_TEST_MILEAGE?AIP3368H_DISPLAY
            CODE    21F6H     0065H     UNIT         ?PR?__AIP3368H_DISPLAY_BOOT_ANIMATION_IN_ENGINE_SPEED_SCALE_BAR__?A
>> IP3368H_DISPLAY
            CODE    225BH     0063H     UNIT         ?PR?SPEED_SCAN_TIMER_50US_ISR?SPEED_SCAN
            CODE    22BEH     0060H     UNIT         ?PR?__AIP3368H_DISPLAY_BOOT_ANIMATION_IN_BACK_LIGHT_SCALE_BAR__?AIP
>> 3368H_DISPLAY
            CODE    231EH     005FH     UNIT         ?PR?__AIP3368H_DISPLAY_BOOT_ANIMATION_IN_FUEL_LEVEL__?AIP3368H_DISP
>> LAY
            CODE    237DH     005BH     UNIT         ?PR?BATTERY_SCAN?BATTERY
            CODE    23D8H     0059H     UNIT         ?PR?AIP3368H_DISPLAY_TEST_FUEL?AIP3368H_DISPLAY
            CODE    2431H     0054H     UNIT         ?PR?ENGINE_SPEED_SCAN_TIMER_50US_ISR?ENGINE_SPEED_SCAN
            CODE    2485H     0052H     UNIT         ?PR?AIP3368H_MODULE_INIT?AIP3368
            CODE    24D7H     0052H     UNIT         ?PR?BAT_ADC_VAL_GET?BATTERY
BL51 BANKED LINKER/LOCATER V6.22.4.0                                                  06/01/2026  18:00:44  PAGE 4


            CODE    2529H     0051H     UNIT         ?PR?SPEED_SCAN
            CODE    257AH     0049H     UNIT         ?PR?INSTRUMENT_INFO_INIT?INSTRUMENT
            CODE    25C3H     0048H     UNIT         ?PR?AIP3368H_DISPLAY_BOOT_ANIMATION_HANDLE?AIP3368H_DISPLAY
            CODE    260BH     0046H     UNIT         ?PR?_FUEL_CAPACITY_CONVERT_VOLTAGE_TO_LEV?FUEL_CAPACITY
            CODE    2651H     0045H     UNIT         ?PR?___IO_KEY_GET_EVENT__?IO_KEY
            CODE    2696H     0042H     UNIT         ?PR?_AIP3368H_MODULE_SEND_DATA_TO_ALL_DEV?AIP3368
            CODE    26D8H     0040H     UNIT         ?PR?TMR1_CONFIG?TMR1
            CODE    2718H     003EH     UNIT         ?PR?UPDATE_ENGINE_SPEED_SCAN_DATA?ENGINE_SPEED_SCAN
            CODE    2756H     003EH     UNIT         ?PR?FUEL_CAPACITY_ADC_VAL_GET?FUEL_CAPACITY
            CODE    2794H     003DH     UNIT         ?PR?FUEL_CAPACITY
            CODE    27D1H     003CH     UNIT         ?PR?SPEED_SCAN_UPDATE_DATA?SPEED_SCAN
            CODE    280DH     003AH     UNIT         ?PR?ADC_CHANNEL_SWITCH_BY_ISR?ADC
            CODE    2847H     0039H     UNIT         ?PR?AIP3368H_DISPLAY_TEST_GEAR?AIP3368H_DISPLAY
            CODE    2880H     0038H     UNIT         ?PR?__FUEL_VOLTAGE_SAMPLES_GET__?FUEL_CAPACITY
            CODE    28B8H     0037H     UNIT         ?PR?_FLASH_PROGRAM?USER_FLASH
            CODE    28EFH     0034H     UNIT         ?PR?_FLASH_READ?USER_FLASH
            CODE    2923H     0033H     UNIT         ?PR?TMR2_CONFIG?TMR2
            CODE    2956H     0033H     UNIT         ?PR?_AIP3368H_MODULE_SEND_DATA_TO_ONE_DEV?AIP3368
            CODE    2989H     0030H     UNIT         ?PR?MAIN?MAIN
            CODE    29B9H     002FH     UNIT         ?PR?IO_KEY_HANDLE?IO_KEY
            CODE    29E8H     002BH     UNIT         ?PR?_BAT_ADC_VAL_SAMPLES_UPDATE?BATTERY
            CODE    2A13H     002BH     UNIT         ?PR?_AIP3368H_DISPLAY_X1000RPM_LIGHT?AIP3368H_DISPLAY
            CODE    2A3EH     002BH     UNIT         ?PR?AIP3368H_DISPLAY_TEST_BACK_LIGHT_SCALE_BAR?AIP3368H_DISPLAY
            CODE    2A69H     002BH     UNIT         ?PR?AIP3368H_DISPLAY_TEST_ENGINE_SPEED_SCALE_BAR?AIP3368H_DISPLAY
            CODE    2A94H     002BH     UNIT         ?PR?AIP3368H_DISPLAY_TEST_ENGINE_SPEED_DIGIT_SCALE?AIP3368H_DISPLAY
>> 
            CODE    2ABFH     002BH     UNIT         ?PR?AIP3368H_DISPLAY_TEST_SPEED?AIP3368H_DISPLAY
            CODE    2AEAH     0028H     UNIT         ?PR?USER_INIT?MAIN
            CODE    2B12H     0026H     UNIT         ?PR?ADC_CONFIG?ADC
            CODE    2B38H     0026H     UNIT         ?PR?AIP3368H_DISPLAY_TEST_LIGHT_BLINK_1MS_ISR?AIP3368H_DISPLAY
            CODE    2B5EH     0025H     UNIT         ?PR?AIP3368H_DISPLAY_ENGINE_SPEED_REFRESH_TIME_ADD?ENGINE_SPEED_SCA
>> N
            CODE    2B83H     0024H     UNIT         ?PR?___AIP3368H_DISPLAY_SPEED_UNIT_TYPE__?AIP3368H_DISPLAY
            CODE    2BA7H     0024H     UNIT         ?PR?___AIP3368H_DISPLAY_MILEAGE_UNIT_TYPE__?AIP3368H_DISPLAY
            CODE    2BCBH     0024H     UNIT         ?CO?AIP3368H_DISPLAY
            CODE    2BEFH     0021H     UNIT         ?PR?KEY_DRIVER
            CODE    2C10H     0021H     UNIT         ?PR?_FUEL_CAPACITY_ADC_VAL_SAMPLES_UPDATE?FUEL_CAPACITY
            CODE    2C31H     0020H     UNIT         ?PR?_ADC_CHANNEL_SET?ADC
            CODE    2C51H     001CH     UNIT         ?PR?AIP3368H_MODULE_DISPLAY?AIP3368
            CODE    2C6DH     001CH     UNIT         ?PR?INSTRUMENT_INFO_SAVE?INSTRUMENT
            CODE    2C89H     001CH     UNIT         ?PR?_AIP3368H_DISPLAY_GEAR?AIP3368H_DISPLAY
            CODE    2CA5H     001BH     UNIT         ?PR?UART0_DEBUG_INIT?UART0
            CODE    2CC0H     0019H     UNIT         ?PR?ENGINE_SPEED_GET_LEVEL?ENGINE_SPEED_SCAN
            CODE    2CD9H     0019H     UNIT         ?PR?___FUEL_VOLTAGE_SAMPLES_UPDATE__?FUEL_CAPACITY
            CODE    2CF2H     0019H     UNIT         ?PR?_AIP3368H_DISPLAY_SPEED_UNIT_TYPE?AIP3368H_DISPLAY
            CODE    2D0BH     0019H     UNIT         ?PR?_AIP3368H_DISPLAY_MILEAGE_UNIT_TYPE?AIP3368H_DISPLAY
            CODE    2D24H     0018H     UNIT         ?PR?TIMR2_IRQHANDLER?TMR2
            CODE    2D3CH     0018H     UNIT         ?PR?_SPEED_FILTER_ADD?SPEED_SCAN
            CODE    2D54H     0018H     UNIT         ?PR?MILEAGE
            CODE    2D6CH     0017H     UNIT         ?PR?AIP3368H_REFRESH_TIME_ADD?AIP3368
            CODE    2D83H     0017H     UNIT         ?PR?FUEL_CAPACITY_SCAN_TIME_ADD?FUEL_CAPACITY
            CODE    2D9AH     0017H     UNIT         ?PR?FUEL_LEV_UPDATE_TIME_ADD?FUEL_CAPACITY
            CODE    2DB1H     0017H     UNIT         ?PR?BAT_SCAN_TIME_ADD?BATTERY
            CODE    2DC8H     0016H     UNIT         ?PR?ADC
            CODE    2DDEH     0015H     UNIT         ?PR?_SPEED_FILTER_INIT?SPEED_SCAN
            CODE    2DF3H     0014H     UNIT         ?CO?SPEED_SCAN
            CODE    2E07H     0014H     UNIT         ?PR?AIP3368H_DISPLAY_BOOT_ANIMATION_TIME_ADD?AIP3368H_DISPLAY
BL51 BANKED LINKER/LOCATER V6.22.4.0                                                  06/01/2026  18:00:44  PAGE 5


            CODE    2E1BH     0013H     UNIT         ?PR?___AIP3368H_DISPLAY_MILEAGE_TOTAL_LIGHT__?AIP3368H_DISPLAY
            CODE    2E2EH     0013H     UNIT         ?PR?___AIP3368H_DISPLAY_FUEL_ICON__?AIP3368H_DISPLAY
            CODE    2E41H     0013H     UNIT         ?PR?AIP3368H_DISPLAY_ERR_HANDLE_TIME_ADD?AIP3368H_DISPLAY
            CODE    2E54H     0012H     UNIT         ?PR?_AIP3368H_DISPLAY_LOW_BEAM_INDICATOR_LIGHT?AIP3368H_DISPLAY
            CODE    2E66H     0012H     UNIT         ?PR?_AIP3368H_DISPLAY_HIGH_BEAM_INDICATOR_LIGHT?AIP3368H_DISPLAY
            CODE    2E78H     0011H     UNIT         ?PR?_FLASH_ERASE_SECTOR?USER_FLASH
            CODE    2E89H     0011H     UNIT         ?PR?___BAT_ADV_VAL_SAMPLES_INIT__?BATTERY
            CODE    2E9AH     0010H     UNIT         ?PR?___AIP3368H_DISPLAY_FUEL_EMPTY_LIGHT__?AIP3368H_DISPLAY
            CODE    2EAAH     000FH     UNIT         ?PR?___FUEL_VOLTAGE_SAMPLES_INIT__?FUEL_CAPACITY
            CODE    2EB9H     000FH     UNIT         ?PR?_AIP3368H_DISPLAY_LEFT_TURN_LIGHT?AIP3368H_DISPLAY
            CODE    2EC8H     000FH     UNIT         ?PR?_AIP3368H_DISPLAY_RIGHT_TURN_LIGHT?AIP3368H_DISPLAY
            CODE    2ED7H     000FH     UNIT         ?PR?_AIP3368H_DISPLAY_GEAR_LIGHT?AIP3368H_DISPLAY
            CODE    2EE6H     000FH     UNIT         ?PR?___AIP3368H_DISPLAY_GEAR_N_LIGHT__?AIP3368H_DISPLAY
            CODE    2EF5H     000FH     UNIT         ?PR?___AIP3368H_DISPLAY_MILEAGE_TRIP_LIGHT__?AIP3368H_DISPLAY
            CODE    2F04H     000FH     UNIT         ?PR?___AIP3368H_DISPLAY_MILEAGE_POINT__?AIP3368H_DISPLAY
            CODE    2F13H     000FH     UNIT         ?PR?___AIP3368H_DISPLAY_FUEL_FULL_LIGHT__?AIP3368H_DISPLAY
            CODE    2F22H     000FH     UNIT         ?PR?IO_KEY
            CODE    2F31H     000EH     UNIT         ?PR?_PUTCHAR?UART0
            CODE    2F3FH     000EH     UNIT         ?PR?_AIP3368H_DISPLAY_ERR_LIGHT?AIP3368H_DISPLAY
            CODE    2F4DH     000DH     UNIT         ?PR?SPEED_SCAN_CONFIG?SPEED_SCAN
            CODE    2F5AH     000DH     UNIT         ?PR?AIP3368H_DISPLAY_SPEED_REFRESH_TIME_ADD?SPEED_SCAN
            CODE    2F67H     000DH     UNIT         ?PR?ENGINE_SPEED_SCAN_CONFIG?ENGINE_SPEED_SCAN
            CODE    2F74H     000DH     UNIT         ?PR?ENGINE_SPEED_SCAN
            CODE    2F81H     000DH     UNIT         ?PR?IO_KEY_CONFIG?IO_KEY
            CODE    2F8EH     000DH     UNIT         ?CO?IO_KEY
            CODE    2F9BH     000CH     UNIT         ?PR?___FUEL_CAPACITY_ADC_VAL_SAMPLES_INIT__?FUEL_CAPACITY
            CODE    2FA7H     000CH     UNIT         ?PR?BATTERY
            CODE    2FB3H     000BH     UNIT         ?PR?_DELAY?SYSTEM
            CODE    2FBEH     000BH     UNIT         ?CO?MAIN
            CODE    2FC9H     0009H     UNIT         ?PR?IO_KEY_GET_KEY_ID?IO_KEY
            CODE    2FD2H     0008H     UNIT         ?PR?_UART0_SEND_BYTE?UART0
            CODE    2FDAH     0007H     UNIT         ?PR?AIP3368
            CODE    2FE1H     0001H     UNIT         ?PR?__AIP3368H_DISPLAY_BOOT_ANIMATION_IN_SPEED_AND_MILEAGE__?AIP336
>> 8H_DISPLAY
            CODE    2FE2H     0001H     UNIT         ?PR?AIP3368H_DISPLAY_TEST?AIP3368H_DISPLAY



OVERLAY MAP OF MODULE:   .\Release\Objects\Project (?C_STARTUP)


SEGMENT                                             BIT_GROUP          DATA_GROUP          XDATA_GROUP
  +--> CALLED SEGMENT                            START    LENGTH     START    LENGTH     START    LENGTH
--------------------------------------------------------------------------------------------------------
?C_C51STARTUP                                    -----    -----      -----    -----      -----    -----
  +--> ?PR?MAIN?MAIN
  +--> ?C_INITSEG

?PR?MAIN?MAIN                                    -----    -----      -----    -----      -----    -----
  +--> ?PR?SYSTEM_INIT?SYSTEM
  +--> ?PR?USER_INIT?MAIN
  +--> ?PR?PIN_LEVEL_SCAN?PIN_LEVEL_SCAN
  +--> ?PR?_KEY_DRIVER_SCAN?KEY_DRIVER
  +--> ?PR?IO_KEY_HANDLE?IO_KEY
  +--> ?PR?SPEED_SCAN?SPEED_SCAN
  +--> ?PR?AIP3368H_DISPLAY_SPEED_HANDLE?SPE...
  +--> ?PR?AIP3368H_MODULE_DISPLAY?AIP3368
BL51 BANKED LINKER/LOCATER V6.22.4.0                                                  06/01/2026  18:00:44  PAGE 6



?PR?SYSTEM_INIT?SYSTEM                           -----    -----      -----    -----      -----    -----
  +--> ?PR?_DELAY?SYSTEM
  +--> ?PR?_DELAY_MS?SYSTEM

?PR?_DELAY_MS?SYSTEM                             -----    -----      -----    -----      -----    -----
  +--> ?PR?_DELAY?SYSTEM

?PR?USER_INIT?MAIN                               -----    -----      -----    -----      -----    -----
  +--> ?PR?DEBUG_PIN_INIT?MAIN
  +--> ?PR?UART0_DEBUG_INIT?UART0
  +--> ?CO?MAIN
  +--> ?PR?PRINTF?PRINTF
  +--> ?PR?PIN_LEVEL_SCAN_CONFIG?PIN_LEVEL_SCAN
  +--> ?PR?IO_KEY_CONFIG?IO_KEY
  +--> ?PR?INSTRUMENT_INFO_INIT?INSTRUMENT
  +--> ?PR?AIP3368H_MODULE_INIT?AIP3368
  +--> ?PR?TMR1_CONFIG?TMR1
  +--> ?PR?TMR2_CONFIG?TMR2
  +--> ?PR?_DELAY_MS?SYSTEM

?PR?PRINTF?PRINTF                                0020H.0  0001H.1    0008H    0005H      6216H    0028H
  +--> ?PR?_PUTCHAR?UART0

?PR?_PUTCHAR?UART0                               -----    -----      -----    -----      623EH    0001H
  +--> ?PR?_UART0_SEND_BYTE?UART0

?PR?INSTRUMENT_INFO_INIT?INSTRUMENT              -----    -----      -----    -----      6213H    000BH
  +--> ?PR?_FLASH_READ?USER_FLASH
  +--> ?PR?INSTRUMENT_INFO_SAVE?INSTRUMENT

?PR?_FLASH_READ?USER_FLASH                       -----    -----      -----    -----      621EH    0005H

?PR?INSTRUMENT_INFO_SAVE?INSTRUMENT              -----    -----      -----    -----      -----    -----
  +--> ?PR?_FLASH_ERASE_SECTOR?USER_FLASH
  +--> ?PR?_FLASH_PROGRAM?USER_FLASH

?PR?_FLASH_PROGRAM?USER_FLASH                    -----    -----      -----    -----      621EH    0005H

?PR?AIP3368H_MODULE_INIT?AIP3368                 -----    -----      -----    -----      -----    -----
  +--> ?PR?AIP3368
  +--> ?PR?_AIP3368H_MODULE_SEND_DATA_TO_ALL...

?PR?_AIP3368H_MODULE_SEND_DATA_TO_ALL...         -----    -----      -----    -----      6213H    0004H
  +--> ?PR?_AIP3368H_MODULE_SEND_DATA_TO_ONE...

?PR?_AIP3368H_MODULE_SEND_DATA_TO_ONE...         -----    -----      -----    -----      6217H    0002H

?PR?PIN_LEVEL_SCAN?PIN_LEVEL_SCAN                -----    -----      -----    -----      -----    -----
  +--> ?PR?_AIP3368H_DISPLAY_GEAR?AIP3368H_D...
  +--> ?PR?_AIP3368H_DISPLAY_GEAR_LIGHT?AIP3...
  +--> ?PR?_AIP3368H_DISPLAY_ERR_LIGHT?AIP33...
  +--> ?PR?_AIP3368H_DISPLAY_LEFT_TURN_LIGHT...
  +--> ?PR?_AIP3368H_DISPLAY_RIGHT_TURN_LIGH...
  +--> ?PR?_AIP3368H_DISPLAY_LOW_BEAM_INDICA...
  +--> ?PR?_AIP3368H_DISPLAY_HIGH_BEAM_INDIC...

BL51 BANKED LINKER/LOCATER V6.22.4.0                                                  06/01/2026  18:00:44  PAGE 7


?PR?_AIP3368H_DISPLAY_GEAR?AIP3368H_D...         -----    -----      -----    -----      -----    -----
  +--> ?PR?___AIP3368H_DISPLAY_GEAR_N_LIGHT_...
  +--> ?PR?___AIP3368H_DISPLAY_GEAR_DIGIT__?...

?PR?___AIP3368H_DISPLAY_GEAR_DIGIT__?...         -----    -----      -----    -----      6213H    0003H
  +--> ?PR?AIP3368H_DISPLAY

?PR?_AIP3368H_DISPLAY_GEAR_LIGHT?AIP3...         -----    -----      -----    -----      -----    -----
  +--> ?PR?AIP3368H_DISPLAY

?PR?_AIP3368H_DISPLAY_ERR_LIGHT?AIP33...         -----    -----      -----    -----      -----    -----
  +--> ?PR?AIP3368H_DISPLAY

?PR?_AIP3368H_DISPLAY_LEFT_TURN_LIGHT...         -----    -----      -----    -----      -----    -----
  +--> ?PR?AIP3368H_DISPLAY

?PR?_KEY_DRIVER_SCAN?KEY_DRIVER                  -----    -----      -----    -----      6213H    0002H
  +--> ?PR?KEY_DRIVER

?PR?IO_KEY_HANDLE?IO_KEY                         -----    -----      -----    -----      -----    -----
  +--> ?PR?___IO_KEY_GET_EVENT__?IO_KEY
  +--> ?CO?IO_KEY
  +--> ?PR?PRINTF?PRINTF

?PR?___IO_KEY_GET_EVENT__?IO_KEY                 -----    -----      -----    -----      -----    -----
  +--> ?PR?IO_KEY

?PR?SPEED_SCAN?SPEED_SCAN                        -----    -----      -----    -----      6213H    0008H
  +--> ?PR?SPEED_SCAN

?PR?AIP3368H_DISPLAY_SPEED_HANDLE?SPE...         -----    -----      -----    -----      6213H    0003H
  +--> ?PR?_SPEED_FILTER_INIT?SPEED_SCAN
  +--> ?PR?SPEED_SCAN
  +--> ?CO?SPEED_SCAN
  +--> ?PR?_SPEED_FILTER_ADD?SPEED_SCAN
  +--> ?PR?SPEED_FILTER_GET_SPEED?SPEED_SCAN
  +--> ?PR?PRINTF?PRINTF

?PR?_SPEED_FILTER_INIT?SPEED_SCAN                -----    -----      -----    -----      -----    -----
  +--> ?PR?SPEED_SCAN

?PR?_SPEED_FILTER_ADD?SPEED_SCAN                 -----    -----      -----    -----      -----    -----
  +--> ?PR?SPEED_SCAN

?PR?SPEED_FILTER_GET_SPEED?SPEED_SCAN            -----    -----      -----    -----      6216H    0007H
  +--> ?PR?SPEED_SCAN

?PR?AIP3368H_MODULE_DISPLAY?AIP3368              -----    -----      -----    -----      -----    -----
  +--> ?PR?AIP3368
  +--> ?PR?_AIP3368H_MODULE_SEND_DATA_TO_ALL...

?C_INITSEG                                       -----    -----      -----    -----      -----    -----
  +--> ?PR?IO_KEY_GET_KEY_ID?IO_KEY

*** NEW ROOT ***************************************************

?PR?TIMR1_IRQHANDLER?TMR1                        -----    -----      -----    -----      -----    -----
BL51 BANKED LINKER/LOCATER V6.22.4.0                                                  06/01/2026  18:00:44  PAGE 8


  +--> ?PR?FUEL_CAPACITY_SCAN_TIME_ADD?FUEL_...
  +--> ?PR?FUEL_LEV_UPDATE_TIME_ADD?FUEL_CAP...
  +--> ?PR?AIP3368H_REFRESH_TIME_ADD?AIP3368
  +--> ?PR?AIP3368H_DISPLAY_BOOT_ANIMATION_T...

?PR?AIP3368H_DISPLAY_BOOT_ANIMATION_T...         -----    -----      -----    -----      -----    -----
  +--> ?PR?AIP3368H_DISPLAY

*** NEW ROOT ***************************************************

?PR?ADC_IRQHANDLER?ADC                           -----    -----      -----    -----      623FH    0002H
  +--> ?PR?_BAT_ADC_VAL_SAMPLES_UPDATE?BATTERY
  +--> ?PR?_FUEL_CAPACITY_ADC_VAL_SAMPLES_UP...

?PR?_BAT_ADC_VAL_SAMPLES_UPDATE?BATTERY          -----    -----      -----    -----      -----    -----
  +--> ?PR?___BAT_ADV_VAL_SAMPLES_INIT__?BAT...
  +--> ?PR?BATTERY

?PR?___BAT_ADV_VAL_SAMPLES_INIT__?BAT...         -----    -----      -----    -----      -----    -----
  +--> ?PR?BATTERY

?PR?_FUEL_CAPACITY_ADC_VAL_SAMPLES_UP...         -----    -----      -----    -----      -----    -----
  +--> ?PR?___FUEL_CAPACITY_ADC_VAL_SAMPLES_...
  +--> ?PR?FUEL_CAPACITY

?PR?___FUEL_CAPACITY_ADC_VAL_SAMPLES_...         -----    -----      -----    -----      -----    -----
  +--> ?PR?FUEL_CAPACITY

?PR?FUEL_CAPACITY                                -----    -----      -----    -----      -----    -----
  +--> ?PR?_FUEL_CAPACITY_CONVERT_VOLTAGE_TO...



SYMBOL TABLE OF MODULE:  .\Release\Objects\Project (?C_STARTUP)

  VALUE           TYPE          NAME
  ----------------------------------

  -------         MODULE        ?C_STARTUP
  C:1971H         SEGMENT       ?C_C51STARTUP
  I:0022H         SEGMENT       ?STACK
  C:0000H         PUBLIC        ?C_STARTUP
  D:00E0H         SYMBOL        ACC
  D:00F0H         SYMBOL        B
  D:0083H         SYMBOL        DPH
  D:0082H         SYMBOL        DPL
  N:0000H         SYMBOL        IBPSTACK
  N:0100H         SYMBOL        IBPSTACKTOP
  N:0080H         SYMBOL        IDATALEN
  C:1974H         SYMBOL        IDATALOOP
  N:0000H         SYMBOL        PBPSTACK
  N:0100H         SYMBOL        PBPSTACKTOP
  N:0000H         SYMBOL        PDATALEN
  N:0000H         SYMBOL        PDATASTART
  N:0000H         SYMBOL        PPAGE
  N:0000H         SYMBOL        PPAGEENABLE
  D:00A0H         SYMBOL        PPAGE_SFR
BL51 BANKED LINKER/LOCATER V6.22.4.0                                                  06/01/2026  18:00:44  PAGE 9


  D:0081H         SYMBOL        SP
  C:1971H         SYMBOL        STARTUP1
  N:0000H         SYMBOL        XBPSTACK
  N:0000H         SYMBOL        XBPSTACKTOP
  N:0700H         SYMBOL        XDATALEN
  C:197FH         SYMBOL        XDATALOOP
  N:6000H         SYMBOL        XDATASTART
  C:0000H         LINE#         126
  C:1971H         LINE#         133
  C:1973H         LINE#         134
  C:1974H         LINE#         135
  C:1975H         LINE#         136
  C:1977H         LINE#         140
  C:197AH         LINE#         141
  C:197CH         LINE#         145
  C:197EH         LINE#         147
  C:197FH         LINE#         148
  C:1980H         LINE#         149
  C:1981H         LINE#         150
  C:1983H         LINE#         151
  C:1985H         LINE#         185
  C:1988H         LINE#         196
  -------         ENDMOD        ?C_STARTUP

  -------         MODULE        SYSTEM
  C:0000H         SYMBOL        _ICE_DUMMY_
  D:00D9H         PUBLIC        WDT_KEY
  D:00A7H         PUBLIC        FLASH_TIMEREG0
  D:00ACH         PUBLIC        FLASH_TIMEREG1
  C:2FB3H         PUBLIC        _delay
  C:0027H         PUBLIC        _delay_ms
  C:14EFH         PUBLIC        system_init
  -------         PROC          _DELAY
  D:0006H         SYMBOL        cnt
  C:2FB3H         LINE#         37
  C:2FB3H         LINE#         38
  C:2FB3H         LINE#         39
  C:2FBDH         LINE#         40
  C:2FBDH         LINE#         41
  C:2FBDH         LINE#         42
  -------         ENDPROC       _DELAY
  -------         PROC          _DELAY_MS
  D:0002H         SYMBOL        ms
  C:0027H         LINE#         49
  C:002BH         LINE#         50
  C:002BH         LINE#         51
  C:0035H         LINE#         52
  C:0035H         LINE#         53
  C:003CH         LINE#         54
  C:003FH         LINE#         55
  C:0041H         LINE#         56
  -------         ENDPROC       _DELAY_MS
  -------         PROC          SYSTEM_INIT
  -------         DO            
  D:0007H         SYMBOL        i
  -------         ENDDO         
  C:14EFH         LINE#         63
BL51 BANKED LINKER/LOCATER V6.22.4.0                                                  06/01/2026  18:00:44  PAGE 10


  C:14EFH         LINE#         64
  C:14EFH         LINE#         67
  C:14F6H         LINE#         68
  C:1503H         LINE#         69
  C:1506H         LINE#         72
  C:1509H         LINE#         73
  C:150FH         LINE#         74
  C:1515H         LINE#         75
  C:151BH         LINE#         76
  C:1521H         LINE#         77
  C:1528H         LINE#         81
  C:152AH         LINE#         82
  C:152AH         LINE#         83
  C:1537H         LINE#         84
  C:153CH         LINE#         86
  C:15CAH         LINE#         87
  -------         ENDPROC       SYSTEM_INIT
  -------         ENDMOD        SYSTEM

  -------         MODULE        TK_SET
  C:0000H         SYMBOL        _ICE_DUMMY_
  -------         ENDMOD        TK_SET

  -------         MODULE        TMR1
  C:0000H         SYMBOL        _ICE_DUMMY_
  D:00A8H         PUBLIC        IE0
  D:00A9H         PUBLIC        IE1
  D:00AAH         PUBLIC        IE2
  D:00ABH         PUBLIC        IE3
  B:00A8H.7       PUBLIC        IE_EA
  D:00B8H         PUBLIC        IP0
  D:00B1H         PUBLIC        IP1
  D:00B2H         PUBLIC        IP2
  D:00B3H         PUBLIC        IP3
  D:00B4H         PUBLIC        IP4
  D:00B5H         PUBLIC        IP5
  D:00B6H         PUBLIC        IP6
  D:00B7H         PUBLIC        IP7
  D:00D1H         PUBLIC        TMR_ALLCON
  C:26D8H         PUBLIC        tmr1_config
  C:1BCBH         PUBLIC        TIMR1_IRQHandler
  -------         PROC          TMR1_CONFIG
  C:26D8H         LINE#         10
  C:26D8H         LINE#         11
  C:26D8H         LINE#         12
  C:26DEH         LINE#         13
  C:26E1H         LINE#         14
  C:26E3H         LINE#         16
  C:26E6H         LINE#         19
  C:26ECH         LINE#         20
  C:26F0H         LINE#         21
  C:26F4H         LINE#         22
  C:26F8H         LINE#         24
  C:26FDH         LINE#         25
  C:2701H         LINE#         28
  C:2706H         LINE#         29
  C:270AH         LINE#         35
BL51 BANKED LINKER/LOCATER V6.22.4.0                                                  06/01/2026  18:00:44  PAGE 11


  C:2710H         LINE#         36
  C:2714H         LINE#         38
  C:2717H         LINE#         40
  -------         ENDPROC       TMR1_CONFIG
  -------         PROC          TIMR1_IRQHANDLER
  C:1BCBH         LINE#         43
  C:1BE8H         LINE#         46
  C:1BE8H         LINE#         51
  C:1BEEH         LINE#         52
  C:1BEEH         LINE#         53
  C:1BF2H         LINE#         55
  C:1C09H         LINE#         56
  C:1C09H         LINE#         57
  C:1C13H         LINE#         58
  C:1C13H         LINE#         60
  C:1C1CH         LINE#         61
  C:1C1CH         LINE#         62
  C:1C1FH         LINE#         63
  C:1C1FH         LINE#         66
  C:1C22H         LINE#         67
  C:1C25H         LINE#         71
  C:1C25H         LINE#         72
  C:1C2FH         LINE#         73
  C:1C2FH         LINE#         81
  C:1C32H         LINE#         90
  C:1C35H         LINE#         102
  C:1C35H         LINE#         105
  C:1C35H         LINE#         106
  -------         ENDPROC       TIMR1_IRQHANDLER
  -------         ENDMOD        TMR1

  -------         MODULE        TMR2
  C:0000H         SYMBOL        _ICE_DUMMY_
  D:00A8H         PUBLIC        IE0
  D:00A9H         PUBLIC        IE1
  D:00AAH         PUBLIC        IE2
  D:00ABH         PUBLIC        IE3
  B:00A8H.7       PUBLIC        IE_EA
  D:00B8H         PUBLIC        IP0
  D:00B1H         PUBLIC        IP1
  D:00B2H         PUBLIC        IP2
  D:00B3H         PUBLIC        IP3
  D:00B4H         PUBLIC        IP4
  D:00B5H         PUBLIC        IP5
  D:00B6H         PUBLIC        IP6
  D:00B7H         PUBLIC        IP7
  D:00D1H         PUBLIC        TMR_ALLCON
  C:2923H         PUBLIC        tmr2_config
  C:2D24H         PUBLIC        TIMR2_IRQHandler
  -------         PROC          TMR2_CONFIG
  C:2923H         LINE#         15
  C:2923H         LINE#         16
  C:2923H         LINE#         17
  C:2929H         LINE#         18
  C:292CH         LINE#         19
  C:292EH         LINE#         22
  C:2931H         LINE#         25
BL51 BANKED LINKER/LOCATER V6.22.4.0                                                  06/01/2026  18:00:44  PAGE 12


  C:2937H         LINE#         26
  C:293DH         LINE#         28
  C:2944H         LINE#         29
  C:2948H         LINE#         31
  C:294EH         LINE#         34
  C:2952H         LINE#         38
  C:2955H         LINE#         39
  -------         ENDPROC       TMR2_CONFIG
  -------         PROC          TIMR2_IRQHANDLER
  C:2D24H         LINE#         42
  C:2D2AH         LINE#         45
  C:2D2AH         LINE#         49
  C:2D31H         LINE#         50
  C:2D31H         LINE#         51
  C:2D35H         LINE#         60
  C:2D35H         LINE#         63
  C:2D35H         LINE#         64
  -------         ENDPROC       TIMR2_IRQHANDLER
  -------         ENDMOD        TMR2

  -------         MODULE        UART0
  C:0000H         SYMBOL        _ICE_DUMMY_
  D:00D2H         PUBLIC        UART0_CON0
  D:00D4H         PUBLIC        UART0_STA
  D:00D5H         PUBLIC        UART0_BAUD0
  D:00D6H         PUBLIC        UART0_BAUD1
  D:00D7H         PUBLIC        UART0_DATA
  C:2F31H         PUBLIC        _putchar
  C:2CA5H         PUBLIC        uart0_debug_init
  C:2FD2H         PUBLIC        _uart0_send_byte
  -------         PROC          _PUTCHAR
  X:623EH         SYMBOL        c
  C:2F31H         LINE#         10
  C:2F36H         LINE#         11
  C:2F36H         LINE#         12
  C:2F39H         LINE#         13
  C:2F3EH         LINE#         14
  -------         ENDPROC       _PUTCHAR
  -------         PROC          UART0_DEBUG_INIT
  C:2CA5H         LINE#         17
  C:2CA5H         LINE#         18
  C:2CA5H         LINE#         19
  C:2CABH         LINE#         20
  C:2CAFH         LINE#         21
  C:2CB6H         LINE#         23
  C:2CB9H         LINE#         24
  C:2CBCH         LINE#         25
  C:2CBFH         LINE#         27
  -------         ENDPROC       UART0_DEBUG_INIT
  -------         PROC          _UART0_SEND_BYTE
  D:0007H         SYMBOL        byte
  C:2FD2H         LINE#         29
  C:2FD2H         LINE#         30
  C:2FD2H         LINE#         32
  C:2FD7H         LINE#         34
  C:2FD9H         LINE#         35
  -------         ENDPROC       _UART0_SEND_BYTE
BL51 BANKED LINKER/LOCATER V6.22.4.0                                                  06/01/2026  18:00:44  PAGE 13


  -------         ENDMOD        UART0

  -------         MODULE        ADC
  C:0000H         SYMBOL        _ICE_DUMMY_
  D:00A8H         PUBLIC        IE0
  D:00A9H         PUBLIC        IE1
  D:00AAH         PUBLIC        IE2
  D:00ABH         PUBLIC        IE3
  B:00A8H.7       PUBLIC        IE_EA
  D:00B8H         PUBLIC        IP0
  D:00B1H         PUBLIC        IP1
  D:00B2H         PUBLIC        IP2
  D:00B3H         PUBLIC        IP3
  D:00B4H         PUBLIC        IP4
  D:00B5H         PUBLIC        IP5
  D:00B6H         PUBLIC        IP6
  D:00B7H         PUBLIC        IP7
  D:0091H         PUBLIC        ADC_CFG2
  D:0093H         PUBLIC        ADC_DATAH0
  D:0094H         PUBLIC        ADC_DATAL0
  D:0099H         PUBLIC        ADC_CHS0
  D:009EH         PUBLIC        ADC_TRGS0
  X:6317H         PUBLIC        adc_val
  C:2B12H         PUBLIC        adc_config
  C:280DH         PUBLIC        adc_channel_switch_by_isr
  X:6319H         SYMBOL        adc_channel_status
  C:2C31H         PUBLIC        _adc_channel_set
  C:1C50H         PUBLIC        ADC_IRQHandler
  C:2DC8H         SYMBOL        Com0035
  C:2DC8H         SYMBOL        L?0054
  C:2DD4H         SYMBOL        L?0055
  -------         PROC          COM0035
  -------         ENDPROC       COM0035
  -------         PROC          ADC_CONFIG
  C:2B12H         LINE#         10
  C:2B12H         LINE#         11
  C:2B12H         LINE#         14
  C:2B18H         LINE#         19
  C:2B1DH         LINE#         22
  C:2B23H         LINE#         24
  C:2B26H         LINE#         26
  C:2B2CH         LINE#         30
  C:2B2FH         LINE#         31
  C:2B32H         LINE#         32
  C:2B35H         LINE#         33
  C:2B37H         LINE#         34
  -------         ENDPROC       ADC_CONFIG
  -------         PROC          _ADC_CHANNEL_SET
  D:0007H         SYMBOL        adc_channel
  C:2C31H         LINE#         37
  C:2C31H         LINE#         38
  C:2C31H         LINE#         39
  C:2C34H         LINE#         45
  C:2C3CH         LINE#         46
  C:2C3CH         LINE#         49
  C:2C3CH         LINE#         50
  C:2C3CH         LINE#         52
BL51 BANKED LINKER/LOCATER V6.22.4.0                                                  06/01/2026  18:00:44  PAGE 14


  C:2C3FH         LINE#         55
  C:2C42H         LINE#         56
  C:2C44H         LINE#         62
  C:2C44H         LINE#         63
  C:2C44H         LINE#         65
  C:2C47H         LINE#         68
  C:2C4AH         LINE#         69
  C:2C4AH         LINE#         72
  C:2C4AH         LINE#         74
  C:2C50H         LINE#         77
  -------         ENDPROC       _ADC_CHANNEL_SET
  -------         PROC          ADC_CHANNEL_SWITCH_BY_ISR
  C:280DH         LINE#         120
  C:280DH         LINE#         121
  C:280DH         LINE#         122
  C:2821H         LINE#         123
  C:2821H         LINE#         124
  C:2821H         LINE#         125
  C:2821H         LINE#         127
  C:2826H         LINE#         128
  C:282CH         LINE#         129
  C:282DH         LINE#         130
  C:282DH         LINE#         131
  C:282DH         LINE#         132
  C:2833H         LINE#         133
  C:2834H         LINE#         134
  C:2834H         LINE#         135
  C:2839H         LINE#         136
  C:283FH         LINE#         137
  C:2840H         LINE#         138
  C:2840H         LINE#         139
  C:2840H         LINE#         140
  C:2846H         LINE#         141
  C:2846H         LINE#         143
  C:2846H         LINE#         144
  C:2846H         LINE#         145
  C:2846H         LINE#         146
  -------         ENDPROC       ADC_CHANNEL_SWITCH_BY_ISR
  -------         PROC          ADC_IRQHANDLER
  -------         DO            
  X:623FH         SYMBOL        adc_val
  -------         ENDDO         
  C:1C50H         LINE#         148
  C:1C6DH         LINE#         153
  C:1C6DH         LINE#         156
  C:1C73H         LINE#         157
  C:1C73H         LINE#         158
  C:1C77H         LINE#         159
  C:1C91H         LINE#         161
  C:1C9DH         LINE#         162
  C:1C9DH         LINE#         163
  C:1C9DH         LINE#         164
  C:1CA8H         LINE#         165
  C:1CAAH         LINE#         167
  C:1CAAH         LINE#         168
  C:1CB5H         LINE#         169
  C:1CB5H         LINE#         170
BL51 BANKED LINKER/LOCATER V6.22.4.0                                                  06/01/2026  18:00:44  PAGE 15


  C:1CB5H         LINE#         171
  C:1CB5H         LINE#         174
  C:1CB5H         LINE#         175
  -------         ENDPROC       ADC_IRQHANDLER
  -------         ENDMOD        ADC

  -------         MODULE        KEY_DRIVER
  C:0000H         SYMBOL        _ICE_DUMMY_
  C:0EA9H         PUBLIC        _key_driver_scan
  X:630FH         SYMBOL        is_key_active
  X:6310H         PUBLIC        scan_para
  C:2BEFH         SYMBOL        Com0021
  C:2BEFH         SYMBOL        L?0034
  C:2BF2H         SYMBOL        L?0035
  C:2BF3H         SYMBOL        L?0036
  C:2BF9H         SYMBOL        L?0037
  C:2BFCH         SYMBOL        L?0038
  C:2C00H         SYMBOL        L?0039
  C:2C06H         SYMBOL        L?0040
  C:2C09H         SYMBOL        L?0041
  -------         PROC          COM0021
  -------         ENDPROC       COM0021
  -------         PROC          _KEY_DRIVER_SCAN
  D:0001H         SYMBOL        _scan_para
  -------         DO            
  X:6213H         SYMBOL        key_event
  D:0007H         SYMBOL        cur_key_value
  X:6214H         SYMBOL        key_value
  C:1011H         SYMBOL        _notify
  C:1031H         SYMBOL        _scan_end
  -------         ENDDO         
  C:0EA9H         LINE#         19
  C:0EA9H         LINE#         21
  C:0EA9H         LINE#         26
  C:0EAEH         LINE#         27
  C:0EB0H         LINE#         28
  C:0EB4H         LINE#         32
  C:0EBAH         LINE#         35
  C:0ECDH         LINE#         36
  C:0ECDH         LINE#         38
  C:0ECDH         LINE#         40
  C:0ED7H         LINE#         42
  C:0EE0H         LINE#         48
  C:0EE4H         LINE#         49
  C:0EE4H         LINE#         50
  C:0EEAH         LINE#         51
  C:0EECH         LINE#         52
  C:0EF2H         LINE#         53
  C:0EF2H         LINE#         54
  C:0EF5H         LINE#         55
  C:0EF5H         LINE#         85
  C:0F09H         LINE#         86
  C:0F09H         LINE#         88
  C:0F10H         LINE#         89
  C:0F16H         LINE#         91
  C:0F16H         LINE#         94
  C:0F27H         LINE#         95
BL51 BANKED LINKER/LOCATER V6.22.4.0                                                  06/01/2026  18:00:44  PAGE 16


  C:0F27H         LINE#         96
  C:0F32H         LINE#         98
  C:0F32H         LINE#         101
  C:0F3EH         LINE#         102
  C:0F3EH         LINE#         109
  C:0F42H         LINE#         110
  C:0F42H         LINE#         111
  C:0F49H         LINE#         112
  C:0F49H         LINE#         113
  C:0F4BH         LINE#         114
  C:0F51H         LINE#         115
  C:0F53H         LINE#         117
  C:0F53H         LINE#         120
  C:0F53H         LINE#         121
  C:0F5BH         LINE#         122
  C:0F5BH         LINE#         123
  C:0F5EH         LINE#         125
  C:0F5EH         LINE#         130
  C:0F66H         LINE#         131
  C:0F72H         LINE#         132
  C:0F72H         LINE#         133
  C:0F77H         LINE#         134
  C:0F7BH         LINE#         135
  C:0F7EH         LINE#         137
  C:0F7EH         LINE#         138
  C:0F84H         LINE#         139
  C:0F84H         LINE#         140
  C:0F84H         LINE#         142
  C:0F86H         LINE#         147
  C:0F86H         LINE#         149
  C:0F86H         LINE#         154
  C:0F8AH         LINE#         155
  C:0F8AH         LINE#         157
  C:0F9BH         LINE#         158
  C:0F9BH         LINE#         162
  C:0FACH         LINE#         163
  C:0FACH         LINE#         183
  C:0FACH         LINE#         184
  C:0FAEH         LINE#         186
  C:0FAEH         LINE#         187
  C:0FBBH         LINE#         189
  C:0FBDH         LINE#         191
  C:0FBDH         LINE#         193
  C:0FBDH         LINE#         194
  C:0FC8H         LINE#         195
  C:0FCBH         LINE#         197
  C:0FCBH         LINE#         198
  C:0FCBH         LINE#         200
  C:0FCBH         LINE#         201
  C:0FCBH         LINE#         203
  C:0FCBH         LINE#         204
  C:0FCBH         LINE#         206
  C:0FCBH         LINE#         208
  C:0FD6H         LINE#         209
  C:0FD6H         LINE#         210
  C:0FDEH         LINE#         211
  C:0FDEH         LINE#         215
BL51 BANKED LINKER/LOCATER V6.22.4.0                                                  06/01/2026  18:00:44  PAGE 17


  C:0FE4H         LINE#         216
  C:0FE4H         LINE#         217
  C:0FEAH         LINE#         222
  C:0FECH         LINE#         223
  C:0FF8H         LINE#         224
  C:0FF8H         LINE#         225
  C:0FFDH         LINE#         226
  C:100CH         LINE#         228
  C:100CH         LINE#         230
  C:100CH         LINE#         231
  C:100CH         LINE#         233
  C:100CH         LINE#         236
  C:1011H         LINE#         237
  C:1011H         LINE#         239
  C:1011H         LINE#         240
  C:1011H         LINE#         242
  C:1011H         LINE#         245
  C:1011H         LINE#         247
  C:1011H         LINE#         248
  C:1015H         LINE#         249
  C:101DH         LINE#         251
  C:1027H         LINE#         252
  C:1031H         LINE#         255
  C:1031H         LINE#         264
  C:1031H         LINE#         266
  C:1031H         LINE#         267
  C:103BH         LINE#         270
  -------         ENDPROC       _KEY_DRIVER_SCAN
  -------         ENDMOD        KEY_DRIVER

  -------         MODULE        USER_FLASH
  C:0000H         SYMBOL        _ICE_DUMMY_
  D:00A4H         PUBLIC        FLASH_CON
  D:00A5H         PUBLIC        FLASH_STA
  D:00A6H         PUBLIC        FLASH_DATA
  D:00AEH         PUBLIC        FLASH_PASSWORD
  D:00AFH         PUBLIC        FLASH_ADDR
  C:2E78H         PUBLIC        _flash_erase_sector
  C:28B8H         PUBLIC        _flash_program
  C:28EFH         PUBLIC        _flash_read
  -------         PROC          _FLASH_ERASE_SECTOR
  D:0007H         SYMBOL        addr
  C:2E78H         LINE#         9
  C:2E78H         LINE#         10
  C:2E78H         LINE#         11
  C:2E7BH         LINE#         12
  C:2E7DH         LINE#         13
  C:2E80H         LINE#         14
  C:2E83H         LINE#         16
  C:2E88H         LINE#         18
  -------         ENDPROC       _FLASH_ERASE_SECTOR
  -------         PROC          _FLASH_PROGRAM
  D:0007H         SYMBOL        addr
  X:621FH         SYMBOL        p_data
  X:6222H         SYMBOL        len
  C:28B8H         LINE#         27
  C:28BEH         LINE#         28
BL51 BANKED LINKER/LOCATER V6.22.4.0                                                  06/01/2026  18:00:44  PAGE 18


  C:28BEH         LINE#         29
  C:28C1H         LINE#         30
  C:28C3H         LINE#         32
  C:28CCH         LINE#         33
  C:28CCH         LINE#         34
  C:28D1H         LINE#         36
  C:28E0H         LINE#         37
  C:28E3H         LINE#         38
  C:28E6H         LINE#         40
  C:28ECH         LINE#         41
  C:28EEH         LINE#         42
  -------         ENDPROC       _FLASH_PROGRAM
  -------         PROC          _FLASH_READ
  D:0007H         SYMBOL        addr
  X:621FH         SYMBOL        p_data
  X:6222H         SYMBOL        len
  C:28EFH         LINE#         51
  C:28F5H         LINE#         52
  C:28F5H         LINE#         53
  C:28FBH         LINE#         54
  C:28FBH         LINE#         55
  C:291AH         LINE#         56
  C:2920H         LINE#         57
  C:2922H         LINE#         58
  -------         ENDPROC       _FLASH_READ
  -------         ENDMOD        USER_FLASH

  -------         MODULE        AIP3368
  C:0000H         SYMBOL        _ICE_DUMMY_
  X:6291H         PUBLIC        aip3368h_display_buff
  C:2D6CH         PUBLIC        aip3368h_refresh_time_add
  C:2485H         PUBLIC        aip3368h_module_init
  C:2C51H         PUBLIC        aip3368h_module_display
  B:0080H.0       PUBLIC        P00
  B:0080H.3       PUBLIC        P03
  B:0090H.1       PUBLIC        P11
  B:0090H.2       PUBLIC        P12
  X:62A7H         SYMBOL        aip3368h_refresh_cnt
  C:2956H         SYMBOL        _aip3368h_module_send_data_to_one_dev
  C:2696H         SYMBOL        _aip3368h_module_send_data_to_all_dev
  C:2FDAH         SYMBOL        Com0012
  C:2FDAH         SYMBOL        L?0019
  C:2FDAH         SYMBOL        L?0020
  -------         PROC          COM0012
  -------         ENDPROC       COM0012
  -------         PROC          AIP3368H_REFRESH_TIME_ADD
  C:2D6CH         LINE#         14
  C:2D6CH         LINE#         15
  C:2D6CH         LINE#         17
  C:2D7BH         LINE#         18
  C:2D7BH         LINE#         19
  C:2D82H         LINE#         20
  C:2D82H         LINE#         21
  -------         ENDPROC       AIP3368H_REFRESH_TIME_ADD
  -------         PROC          _AIP3368H_MODULE_SEND_DATA_TO_ONE_DEV
  D:0006H         SYMBOL        dat
  -------         DO            
BL51 BANKED LINKER/LOCATER V6.22.4.0                                                  06/01/2026  18:00:44  PAGE 19


  X:6217H         SYMBOL        i
  -------         ENDDO         
  C:2956H         LINE#         23
  C:2956H         LINE#         24
  C:2956H         LINE#         28
  C:295DH         LINE#         29
  C:295DH         LINE#         30
  C:2967H         LINE#         33
  C:2969H         LINE#         35
  C:2970H         LINE#         36
  C:2972H         LINE#         38
  C:2988H         LINE#         40
  -------         ENDPROC       _AIP3368H_MODULE_SEND_DATA_TO_ONE_DEV
  -------         PROC          _AIP3368H_MODULE_SEND_DATA_TO_ALL_DEV
  X:6213H         SYMBOL        buff
  D:0005H         SYMBOL        len
  -------         DO            
  X:6216H         SYMBOL        i
  -------         ENDDO         
  C:2696H         LINE#         42
  C:269CH         LINE#         43
  C:269CH         LINE#         48
  C:269EH         LINE#         49
  C:26A0H         LINE#         54
  C:26ADH         LINE#         55
  C:26ADH         LINE#         56
  C:26C9H         LINE#         57
  C:26D1H         LINE#         61
  C:26D3H         LINE#         63
  C:26D5H         LINE#         66
  C:26D7H         LINE#         69
  -------         ENDPROC       _AIP3368H_MODULE_SEND_DATA_TO_ALL_DEV
  -------         PROC          AIP3368H_MODULE_DISPLAY
  C:2C51H         LINE#         73
  C:2C51H         LINE#         74
  C:2C51H         LINE#         79
  C:2C60H         LINE#         80
  C:2C60H         LINE#         82
  C:2C60H         LINE#         84
  C:2C60H         LINE#         85
  C:2C64H         LINE#         86
  C:2C64H         LINE#         96
  C:2C6CH         LINE#         97
  -------         ENDPROC       AIP3368H_MODULE_DISPLAY
  -------         PROC          AIP3368H_MODULE_INIT
  C:2485H         LINE#         105
  C:2485H         LINE#         106
  C:2485H         LINE#         109
  C:2491H         LINE#         112
  C:2497H         LINE#         113
  C:249BH         LINE#         114
  C:24A0H         LINE#         116
  C:24A4H         LINE#         117
  C:24A8H         LINE#         118
  C:24ABH         LINE#         120
  C:24B1H         LINE#         121
  C:24B5H         LINE#         122
BL51 BANKED LINKER/LOCATER V6.22.4.0                                                  06/01/2026  18:00:44  PAGE 20


  C:24BAH         LINE#         124
  C:24BEH         LINE#         125
  C:24C2H         LINE#         126
  C:24C7H         LINE#         128
  C:24C9H         LINE#         129
  C:24CBH         LINE#         130
  C:24CDH         LINE#         131
  C:24CFH         LINE#         132
  -------         ENDPROC       AIP3368H_MODULE_INIT
  -------         ENDMOD        AIP3368

  -------         MODULE        MAIN
  C:0000H         SYMBOL        _ICE_DUMMY_
  D:00D9H         PUBLIC        WDT_KEY
  B:0080H.4       PUBLIC        P04
  C:000FH         PUBLIC        debug_pin_init
  C:2AEAH         PUBLIC        user_init
  C:2989H         PUBLIC        main
  -------         PROC          DEBUG_PIN_INIT
  C:000FH         LINE#         24
  C:000FH         LINE#         25
  C:000FH         LINE#         26
  C:0015H         LINE#         27
  C:0019H         LINE#         28
  C:001EH         LINE#         29
  C:0020H         LINE#         30
  -------         ENDPROC       DEBUG_PIN_INIT
  -------         PROC          USER_INIT
  C:2AEAH         LINE#         33
  C:2AEAH         LINE#         34
  C:2AEAH         LINE#         36
  C:2AEDH         LINE#         37
  C:2AF0H         LINE#         38
  C:2AF9H         LINE#         42
  C:2AFCH         LINE#         46
  C:2AFFH         LINE#         61
  C:2B02H         LINE#         62
  C:2B05H         LINE#         64
  C:2B08H         LINE#         65
  C:2B0BH         LINE#         67
  -------         ENDPROC       USER_INIT
  -------         PROC          MAIN
  C:2989H         LINE#         71
  C:2989H         LINE#         72
  C:2989H         LINE#         74
  C:298CH         LINE#         79
  C:298FH         LINE#         80
  C:2996H         LINE#         81
  C:2999H         LINE#         84
  C:299CH         LINE#         96
  C:299CH         LINE#         97
  C:299CH         LINE#         102
  C:299FH         LINE#         105
  C:29A2H         LINE#         109
  C:29ABH         LINE#         110
  C:29AEH         LINE#         114
  C:29B1H         LINE#         115
BL51 BANKED LINKER/LOCATER V6.22.4.0                                                  06/01/2026  18:00:44  PAGE 21


  C:29B4H         LINE#         140
  C:29B7H         LINE#         142
  -------         ENDPROC       MAIN
  -------         ENDMOD        MAIN

  -------         MODULE        PIN_LEVEL_SCAN
  C:0000H         SYMBOL        _ICE_DUMMY_
  B:0080H.6       PUBLIC        P06
  B:0080H.7       PUBLIC        P07
  B:0090H.0       PUBLIC        P10
  B:0090H.3       PUBLIC        P13
  B:0090H.4       PUBLIC        P14
  B:00A0H.1       PUBLIC        P21
  B:00A0H.2       PUBLIC        P22
  B:00A0H.3       PUBLIC        P23
  B:00A0H.5       PUBLIC        P25
  B:00A0H.6       PUBLIC        P26
  B:00A0H.7       PUBLIC        P27
  B:00B0H.0       PUBLIC        P30
  C:2046H         PUBLIC        pin_level_scan_config
  C:1A0BH         PUBLIC        pin_level_scan
  -------         PROC          PIN_LEVEL_SCAN_CONFIG
  C:2046H         LINE#         4
  C:2046H         LINE#         5
  C:2046H         LINE#         7
  C:204CH         LINE#         8
  C:2052H         LINE#         11
  C:2058H         LINE#         12
  C:205EH         LINE#         15
  C:2064H         LINE#         16
  C:206AH         LINE#         19
  C:2070H         LINE#         20
  C:2076H         LINE#         23
  C:207CH         LINE#         24
  C:2082H         LINE#         27
  C:2088H         LINE#         28
  C:208EH         LINE#         31
  C:2094H         LINE#         32
  C:209AH         LINE#         35
  C:20A0H         LINE#         36
  C:20A6H         LINE#         39
  C:20ABH         LINE#         42
  C:20AFH         LINE#         45
  C:20B4H         LINE#         48
  C:20B9H         LINE#         49
  -------         ENDPROC       PIN_LEVEL_SCAN_CONFIG
  -------         PROC          PIN_LEVEL_SCAN
  C:1A0BH         LINE#         52
  C:1A0BH         LINE#         53
  C:1A0BH         LINE#         55
  C:1A0EH         LINE#         56
  C:1A0EH         LINE#         57
  C:1A13H         LINE#         58
  C:1A15H         LINE#         59
  C:1A18H         LINE#         60
  C:1A18H         LINE#         61
  C:1A1EH         LINE#         62
BL51 BANKED LINKER/LOCATER V6.22.4.0                                                  06/01/2026  18:00:44  PAGE 22


  C:1A20H         LINE#         63
  C:1A23H         LINE#         64
  C:1A23H         LINE#         65
  C:1A29H         LINE#         66
  C:1A2BH         LINE#         67
  C:1A2EH         LINE#         68
  C:1A2EH         LINE#         69
  C:1A34H         LINE#         70
  C:1A36H         LINE#         71
  C:1A39H         LINE#         72
  C:1A39H         LINE#         73
  C:1A3FH         LINE#         74
  C:1A41H         LINE#         75
  C:1A44H         LINE#         76
  C:1A44H         LINE#         77
  C:1A4AH         LINE#         78
  C:1A4CH         LINE#         79
  C:1A52H         LINE#         80
  C:1A52H         LINE#         81
  C:1A55H         LINE#         82
  C:1A57H         LINE#         84
  C:1A57H         LINE#         86
  C:1A5AH         LINE#         87
  C:1A5AH         LINE#         89
  C:1A62H         LINE#         90
  C:1A67H         LINE#         92
  C:1A6AH         LINE#         93
  C:1A6AH         LINE#         94
  C:1A6CH         LINE#         95
  C:1A6EH         LINE#         97
  C:1A6EH         LINE#         98
  C:1A73H         LINE#         99
  C:1A73H         LINE#         102
  C:1A76H         LINE#         103
  C:1A76H         LINE#         104
  C:1A78H         LINE#         105
  C:1A7AH         LINE#         107
  C:1A7AH         LINE#         108
  C:1A7FH         LINE#         109
  C:1A7FH         LINE#         112
  C:1A82H         LINE#         113
  C:1A82H         LINE#         114
  C:1A84H         LINE#         115
  C:1A86H         LINE#         117
  C:1A86H         LINE#         118
  C:1A8BH         LINE#         119
  C:1A8BH         LINE#         122
  C:1A8EH         LINE#         123
  C:1A8EH         LINE#         124
  C:1A90H         LINE#         125
  C:1A92H         LINE#         127
  C:1A92H         LINE#         128
  C:1A97H         LINE#         129
  C:1A97H         LINE#         132
  C:1A9AH         LINE#         133
  C:1A9AH         LINE#         134
  C:1A9CH         LINE#         135
BL51 BANKED LINKER/LOCATER V6.22.4.0                                                  06/01/2026  18:00:44  PAGE 23


  C:1A9EH         LINE#         137
  C:1A9EH         LINE#         138
  C:1AA3H         LINE#         139
  C:1AA3H         LINE#         140
  -------         ENDPROC       PIN_LEVEL_SCAN
  -------         ENDMOD        PIN_LEVEL_SCAN

  -------         MODULE        SPEED_SCAN
  C:0000H         SYMBOL        _ICE_DUMMY_
  B:0090H.5       PUBLIC        P15
  C:225BH         PUBLIC        speed_scan_timer_50us_isr
  C:2F4DH         PUBLIC        speed_scan_config
  C:13F7H         PUBLIC        speed_scan
  C:2F5AH         PUBLIC        aip3368h_display_speed_refresh_time_add
  C:11B8H         PUBLIC        aip3368h_display_speed_handle
  B:0021H.2       SYMBOL        flag_is_speed_scan_over_time
  X:61D9H         SYMBOL        speed_pulse_cnt
  X:61DDH         SYMBOL        speed_scan_time_ms
  X:61E1H         SYMBOL        cur_speed_scan_time
  X:61E5H         SYMBOL        cur_speed_scan_pulse
  X:61E9H         SYMBOL        aip3368h_display_speed_refresh_time_cnt
  X:61EAH         SYMBOL        speed_filter_array
  X:6212H         SYMBOL        speed_filter_index
  C:2DDEH         PUBLIC        _speed_filter_init
  C:2D3CH         PUBLIC        _speed_filter_add
  C:1823H         PUBLIC        speed_filter_get_speed
  C:27D1H         PUBLIC        speed_scan_update_data
  C:2529H         SYMBOL        Com0036
  C:2529H         SYMBOL        L?0055
  C:252EH         SYMBOL        L?0056
  C:2530H         SYMBOL        L?0057
  C:2538H         SYMBOL        L?0058
  C:2538H         SYMBOL        L?0059
  C:253BH         SYMBOL        L?0060
  C:2541H         SYMBOL        L?0061
  C:2541H         SYMBOL        L?0062
  C:2544H         SYMBOL        L?0063
  C:254BH         SYMBOL        L?0064
  C:255CH         SYMBOL        L?0066
  C:2562H         SYMBOL        L?0067
  C:2563H         SYMBOL        L?0068
  C:2569H         SYMBOL        L?0069
  C:2574H         SYMBOL        L?0070
  -------         PROC          COM0036
  -------         ENDPROC       COM0036
  -------         PROC          _SPEED_FILTER_INIT
  D:0007H         SYMBOL        speed
  -------         DO            
  D:0006H         SYMBOL        i
  -------         ENDDO         
  C:2DDEH         LINE#         22
  C:2DDEH         LINE#         23
  C:2DDEH         LINE#         25
  C:2DE0H         LINE#         26
  C:2DE0H         LINE#         27
  C:2DE8H         LINE#         28
  C:2DEDH         LINE#         30
BL51 BANKED LINKER/LOCATER V6.22.4.0                                                  06/01/2026  18:00:44  PAGE 24


  C:2DF2H         LINE#         31
  -------         ENDPROC       _SPEED_FILTER_INIT
  -------         PROC          _SPEED_FILTER_ADD
  D:0007H         SYMBOL        speed
  C:2D3CH         LINE#         33
  C:2D3CH         LINE#         34
  C:2D3CH         LINE#         35
  C:2D45H         LINE#         36
  C:2D4BH         LINE#         37
  C:2D51H         LINE#         38
  C:2D51H         LINE#         39
  C:2D53H         LINE#         40
  C:2D53H         LINE#         41
  -------         ENDPROC       _SPEED_FILTER_ADD
  -------         PROC          SPEED_FILTER_GET_SPEED
  -------         DO            
  X:6216H         SYMBOL        i
  X:6217H         SYMBOL        sum
  X:621BH         SYMBOL        max_speed
  X:621CH         SYMBOL        min_speed
  -------         ENDDO         
  C:1823H         LINE#         43
  C:1823H         LINE#         44
  C:1823H         LINE#         47
  C:182DH         LINE#         48
  C:1832H         LINE#         49
  C:1836H         LINE#         57
  C:183BH         LINE#         58
  C:183BH         LINE#         59
  C:1857H         LINE#         61
  C:1864H         LINE#         62
  C:1864H         LINE#         63
  C:186FH         LINE#         64
  C:186FH         LINE#         66
  C:187CH         LINE#         67
  C:187CH         LINE#         68
  C:1887H         LINE#         69
  C:1887H         LINE#         70
  C:1892H         LINE#         72
  C:18BEH         LINE#         74
  -------         ENDPROC       SPEED_FILTER_GET_SPEED
  -------         PROC          SPEED_SCAN_CONFIG
  C:2F4DH         LINE#         105
  C:2F4DH         LINE#         106
  C:2F4DH         LINE#         108
  C:2F53H         LINE#         109
  C:2F59H         LINE#         110
  -------         ENDPROC       SPEED_SCAN_CONFIG
  -------         PROC          SPEED_SCAN_UPDATE_DATA
  C:27D1H         LINE#         112
  C:27D1H         LINE#         113
  C:27D1H         LINE#         114
  C:27E3H         LINE#         115
  C:27EDH         LINE#         116
  C:2802H         LINE#         117
  C:280CH         LINE#         118
  -------         ENDPROC       SPEED_SCAN_UPDATE_DATA
BL51 BANKED LINKER/LOCATER V6.22.4.0                                                  06/01/2026  18:00:44  PAGE 25


  -------         PROC          SPEED_SCAN_TIMER_50US_ISR
  -------         DO            
  B:0021H.1       SYMBOL        last_speed_scan_level
  X:61D4H         SYMBOL        cnt
  -------         ENDDO         
  C:225BH         LINE#         120
  C:225BH         LINE#         121
  C:225BH         LINE#         124
  C:2265H         LINE#         125
  C:2274H         LINE#         126
  C:2274H         LINE#         127
  C:2278H         LINE#         129
  C:2284H         LINE#         131
  C:2297H         LINE#         133
  C:2297H         LINE#         134
  C:22A1H         LINE#         135
  C:22A3H         LINE#         136
  C:22A3H         LINE#         137
  C:22A3H         LINE#         139
  C:22A6H         LINE#         140
  C:22A6H         LINE#         141
  C:22A9H         LINE#         142
  C:22A9H         LINE#         143
  C:22B5H         LINE#         144
  C:22B8H         LINE#         145
  C:22B8H         LINE#         147
  C:22BAH         LINE#         148
  C:22BBH         LINE#         150
  C:22BBH         LINE#         152
  C:22BDH         LINE#         153
  C:22BDH         LINE#         154
  -------         ENDPROC       SPEED_SCAN_TIMER_50US_ISR
  -------         PROC          SPEED_SCAN
  -------         DO            
  X:6213H         SYMBOL        cur_speed
  X:6217H         SYMBOL        tmp
  -------         ENDDO         
  C:13F7H         LINE#         242
  C:13F7H         LINE#         243
  C:13F7H         LINE#         244
  C:1401H         LINE#         245
  C:140BH         LINE#         248
  C:1421H         LINE#         249
  C:1421H         LINE#         255
  C:1439H         LINE#         262
  C:143CH         LINE#         263
  C:143CH         LINE#         265
  C:144DH         LINE#         266
  C:144DH         LINE#         268
  C:1454H         LINE#         269
  C:1456H         LINE#         271
  C:1456H         LINE#         272
  C:145DH         LINE#         273
  C:145DH         LINE#         274
  C:145FH         LINE#         276
  C:145FH         LINE#         290
  C:1482H         LINE#         291
BL51 BANKED LINKER/LOCATER V6.22.4.0                                                  06/01/2026  18:00:44  PAGE 26


  C:1482H         LINE#         294
  C:1497H         LINE#         301
  C:14A1H         LINE#         302
  C:14ABH         LINE#         303
  C:14ADH         LINE#         305
  C:14B8H         LINE#         306
  C:14B8H         LINE#         307
  C:14CDH         LINE#         308
  C:14CDH         LINE#         311
  C:14D9H         LINE#         312
  C:14D9H         LINE#         313
  C:14E3H         LINE#         314
  C:14E3H         LINE#         326
  C:14EEH         LINE#         327
  C:14EEH         LINE#         328
  -------         ENDPROC       SPEED_SCAN
  -------         PROC          AIP3368H_DISPLAY_SPEED_REFRESH_TIME_ADD
  C:2F5AH         LINE#         330
  C:2F5AH         LINE#         331
  C:2F5AH         LINE#         332
  C:2F63H         LINE#         333
  C:2F63H         LINE#         334
  C:2F66H         LINE#         335
  C:2F66H         LINE#         336
  -------         ENDPROC       AIP3368H_DISPLAY_SPEED_REFRESH_TIME_ADD
  C:12EEH         SYMBOL        L?0065
  -------         PROC          AIP3368H_DISPLAY_SPEED_HANDLE
  -------         DO            
  X:61D6H         SYMBOL        is_initialized
  X:61D7H         SYMBOL        speed_of_lag
  X:6213H         SYMBOL        cur_speed
  X:61D8H         SYMBOL        filtered_speed
  X:6214H         SYMBOL        base_step
  X:6215H         SYMBOL        speed_abs_diff
  -------         ENDDO         
  C:11B8H         LINE#         338
  C:11B8H         LINE#         339
  C:11B8H         LINE#         350
  C:11BEH         LINE#         351
  C:11BEH         LINE#         352
  C:11C0H         LINE#         354
  C:11C8H         LINE#         355
  C:11D0H         LINE#         358
  C:11D8H         LINE#         359
  C:11D8H         LINE#         361
  C:11E4H         LINE#         362
  C:11E4H         LINE#         363
  C:11E6H         LINE#         366
  C:11EDH         LINE#         367
  C:11EDH         LINE#         368
  C:11F0H         LINE#         369
  C:11F8H         LINE#         370
  C:11F8H         LINE#         372
  C:11FDH         LINE#         373
  C:11FDH         LINE#         374
  C:1203H         LINE#         375
  C:1205H         LINE#         376
BL51 BANKED LINKER/LOCATER V6.22.4.0                                                  06/01/2026  18:00:44  PAGE 27


  C:120EH         LINE#         377
  C:120EH         LINE#         378
  C:1211H         LINE#         379
  C:1213H         LINE#         381
  C:1213H         LINE#         382
  C:1216H         LINE#         383
  C:1216H         LINE#         385
  C:1226H         LINE#         387
  C:1226H         LINE#         390
  C:1226H         LINE#         391
  C:1228H         LINE#         394
  C:1228H         LINE#         395
  C:1228H         LINE#         396
  C:122FH         LINE#         397
  C:122FH         LINE#         398
  C:1236H         LINE#         399
  C:123BH         LINE#         400
  C:123BH         LINE#         402
  C:1240H         LINE#         403
  C:1240H         LINE#         404
  C:1246H         LINE#         405
  C:1248H         LINE#         406
  C:1251H         LINE#         407
  C:1251H         LINE#         408
  C:1254H         LINE#         409
  C:1256H         LINE#         411
  C:1256H         LINE#         412
  C:1259H         LINE#         413
  C:1259H         LINE#         415
  C:1264H         LINE#         417
  C:126DH         LINE#         420
  C:1275H         LINE#         421
  C:127EH         LINE#         424
  C:127EH         LINE#         425
  C:127EH         LINE#         427
  C:1286H         LINE#         428
  C:128EH         LINE#         433
  C:1294H         LINE#         434
  C:1294H         LINE#         435
  C:1299H         LINE#         436
  C:129BH         LINE#         438
  C:129BH         LINE#         440
  C:12C0H         LINE#         441
  C:12C0H         LINE#         443
  C:12C8H         LINE#         445
  C:12CFH         LINE#         446
  C:12CFH         LINE#         447
  C:12D2H         LINE#         448
  C:12D4H         LINE#         449
  C:12DEH         LINE#         450
  C:12DEH         LINE#         451
  C:12E1H         LINE#         452
  C:12E1H         LINE#         455
  C:12EDH         LINE#         458
  C:12EDH         LINE#         459
  -------         ENDPROC       AIP3368H_DISPLAY_SPEED_HANDLE
  -------         ENDMOD        SPEED_SCAN
BL51 BANKED LINKER/LOCATER V6.22.4.0                                                  06/01/2026  18:00:44  PAGE 28



  -------         MODULE        ENGINE_SPEED_SCAN
  C:0000H         SYMBOL        _ICE_DUMMY_
  B:0080H.2       PUBLIC        P02
  B:0021H.4       PUBLIC        flag_is_engine_speed_scan_over_time
  X:62C4H         PUBLIC        engine_speed_scan_cnt
  X:62C8H         PUBLIC        engine_speed_scan_ms
  C:2F67H         PUBLIC        engine_speed_scan_config
  C:1F4CH         PUBLIC        engine_speed_scan
  C:2431H         PUBLIC        engine_speed_scan_timer_50us_isr
  C:2B5EH         PUBLIC        aip3368h_display_engine_speed_refresh_time_add
  C:2126H         PUBLIC        aip3368h_display_engine_speed_handle
  X:62CAH         SYMBOL        cur_engine_speed_scan_cnt
  X:62CEH         SYMBOL        cur_engine_speed_scan_ms
  X:62D2H         SYMBOL        aip3368h_display_engine_speed_refresh_time_cnt
  X:62D4H         SYMBOL        aip3368h_display_exclamation_point_refresh_time_cnt
  C:2718H         PUBLIC        update_engine_speed_scan_data
  C:2CC0H         PUBLIC        engine_speed_get_level
  C:2F74H         SYMBOL        Com001D
  C:2F74H         SYMBOL        L?0030
  C:2F74H         SYMBOL        L?0031
  C:2F7AH         SYMBOL        L?0032
  C:2F7BH         SYMBOL        L?0033
  -------         PROC          COM001D
  -------         ENDPROC       COM001D
  -------         PROC          ENGINE_SPEED_SCAN_CONFIG
  C:2F67H         LINE#         18
  C:2F67H         LINE#         19
  C:2F67H         LINE#         21
  C:2F6DH         LINE#         22
  C:2F73H         LINE#         23
  -------         ENDPROC       ENGINE_SPEED_SCAN_CONFIG
  -------         PROC          UPDATE_ENGINE_SPEED_SCAN_DATA
  C:2718H         LINE#         25
  C:2718H         LINE#         26
  C:2718H         LINE#         27
  C:272DH         LINE#         28
  C:2737H         LINE#         29
  C:274EH         LINE#         30
  C:2755H         LINE#         31
  -------         ENDPROC       UPDATE_ENGINE_SPEED_SCAN_DATA
  -------         PROC          ENGINE_SPEED_SCAN_TIMER_50US_ISR
  -------         DO            
  B:0021H.3       SYMBOL        last_engine_speed_scan_level
  X:62C1H         SYMBOL        cnt
  -------         ENDDO         
  C:2431H         LINE#         33
  C:2431H         LINE#         34
  C:2431H         LINE#         39
  C:2437H         LINE#         40
  C:243DH         LINE#         41
  C:243DH         LINE#         42
  C:243FH         LINE#         43
  C:2445H         LINE#         45
  C:2457H         LINE#         47
  C:2457H         LINE#         48
  C:245BH         LINE#         49
BL51 BANKED LINKER/LOCATER V6.22.4.0                                                  06/01/2026  18:00:44  PAGE 29


  C:245DH         LINE#         50
  C:245DH         LINE#         51
  C:245DH         LINE#         53
  C:2460H         LINE#         54
  C:2460H         LINE#         55
  C:2463H         LINE#         56
  C:2463H         LINE#         62
  C:247CH         LINE#         63
  C:247FH         LINE#         64
  C:247FH         LINE#         66
  C:2481H         LINE#         67
  C:2482H         LINE#         69
  C:2482H         LINE#         71
  C:2484H         LINE#         72
  C:2484H         LINE#         73
  -------         ENDPROC       ENGINE_SPEED_SCAN_TIMER_50US_ISR
  -------         PROC          ENGINE_SPEED_SCAN
  -------         DO            
  X:6313H         SYMBOL        rpm
  -------         ENDDO         
  C:1F4CH         LINE#         76
  C:1F4CH         LINE#         77
  C:1F4CH         LINE#         81
  C:1F5FH         LINE#         83
  C:1F5FH         LINE#         85
  C:1F62H         LINE#         86
  C:1F62H         LINE#         87
  C:1F64H         LINE#         88
  C:1F6EH         LINE#         89
  C:1F70H         LINE#         91
  C:1F70H         LINE#         106
  C:1F8CH         LINE#         110
  C:1F8CH         LINE#         114
  C:1F96H         LINE#         115
  C:1FA0H         LINE#         118
  C:1FB3H         LINE#         119
  C:1FB3H         LINE#         120
  C:1FBDH         LINE#         121
  C:1FBDH         LINE#         125
  C:1FC9H         LINE#         126
  C:1FC9H         LINE#         127
  -------         ENDPROC       ENGINE_SPEED_SCAN
  -------         PROC          AIP3368H_DISPLAY_ENGINE_SPEED_REFRESH_TIME_ADD
  C:2B5EH         LINE#         140
  C:2B5EH         LINE#         141
  C:2B5EH         LINE#         142
  C:2B6DH         LINE#         143
  C:2B6DH         LINE#         144
  C:2B70H         LINE#         145
  C:2B70H         LINE#         147
  C:2B7FH         LINE#         148
  C:2B7FH         LINE#         149
  C:2B82H         LINE#         150
  C:2B82H         LINE#         151
  -------         ENDPROC       AIP3368H_DISPLAY_ENGINE_SPEED_REFRESH_TIME_ADD
  -------         PROC          ENGINE_SPEED_GET_LEVEL
  -------         DO            
BL51 BANKED LINKER/LOCATER V6.22.4.0                                                  06/01/2026  18:00:44  PAGE 30


  D:0007H         SYMBOL        level
  -------         ENDDO         
  C:2CC0H         LINE#         154
  C:2CC0H         LINE#         155
  C:2CC0H         LINE#         156
  C:2CD0H         LINE#         158
  C:2CD6H         LINE#         159
  C:2CD6H         LINE#         160
  C:2CD8H         LINE#         161
  C:2CD8H         LINE#         163
  C:2CD8H         LINE#         164
  -------         ENDPROC       ENGINE_SPEED_GET_LEVEL
  -------         PROC          AIP3368H_DISPLAY_ENGINE_SPEED_HANDLE
  -------         DO            
  X:62C2H         SYMBOL        engine_speed_level_of_lag
  X:62C3H         SYMBOL        is_initialized
  X:632BH         SYMBOL        cur_engine_speed_level
  -------         ENDDO         
  C:2126H         LINE#         166
  C:2126H         LINE#         167
  C:2126H         LINE#         171
  C:212BH         LINE#         173
  C:2131H         LINE#         174
  C:2131H         LINE#         175
  C:2133H         LINE#         177
  C:213BH         LINE#         178
  C:213BH         LINE#         180
  C:214AH         LINE#         181
  C:214AH         LINE#         182
  C:214EH         LINE#         183
  C:2156H         LINE#         185
  C:215FH         LINE#         186
  C:215FH         LINE#         187
  C:2162H         LINE#         188
  C:2164H         LINE#         189
  C:216EH         LINE#         190
  C:216EH         LINE#         191
  C:2177H         LINE#         192
  C:2177H         LINE#         193
  C:217AH         LINE#         194
  C:217AH         LINE#         195
  C:217AH         LINE#         200
  C:2183H         LINE#         201
  C:2183H         LINE#         202
  C:2189H         LINE#         203
  C:218AH         LINE#         205
  C:218AH         LINE#         206
  C:218FH         LINE#         209
  C:218FH         LINE#         212
  C:218FH         LINE#         213
  -------         ENDPROC       AIP3368H_DISPLAY_ENGINE_SPEED_HANDLE
  -------         ENDMOD        ENGINE_SPEED_SCAN

  -------         MODULE        MILEAGE
  C:0000H         SYMBOL        _ICE_DUMMY_
  X:62EDH         PUBLIC        distance
  X:62F1H         PUBLIC        mileage_save_time_cnt
BL51 BANKED LINKER/LOCATER V6.22.4.0                                                  06/01/2026  18:00:44  PAGE 31


  X:62F3H         PUBLIC        mileage_update_time_cnt
  C:176BH         PUBLIC        mileage_scan
  C:2D54H         SYMBOL        Com000B
  C:2D54H         SYMBOL        L?0012
  C:2D65H         SYMBOL        L?0013
  C:2D65H         SYMBOL        L?0014
  -------         PROC          COM000B
  -------         ENDPROC       COM000B
  -------         PROC          MILEAGE_SCAN
  -------         DO            
  X:62ECH         SYMBOL        is_initialized
  B:0021H.5       SYMBOL        flag_is_any_mileage_save
  -------         DO            
  X:62EBH         SYMBOL        cnt
  -------         ENDDO         
  -------         ENDDO         
  C:176BH         LINE#         11
  C:176BH         LINE#         12
  C:176BH         LINE#         27
  C:177DH         LINE#         29
  C:177DH         LINE#         31
  C:1780H         LINE#         32
  C:1782H         LINE#         33
  C:1789H         LINE#         40
  C:1789H         LINE#         42
  C:1798H         LINE#         43
  C:1798H         LINE#         45
  C:17A8H         LINE#         46
[...]
  C:2A53H         LINE#         1725
  C:2A53H         LINE#         1727
  C:2A53H         LINE#         1729
  C:2A53H         LINE#         1730
  C:2A53H         LINE#         1731
  C:2A53H         LINE#         1733
  C:2A5AH         LINE#         1735
  C:2A60H         LINE#         1736
  C:2A66H         LINE#         1737
  C:2A66H         LINE#         1738
  C:2A68H         LINE#         1739
  C:2A68H         LINE#         1740
  -------         ENDPROC       AIP3368H_DISPLAY_TEST_BACK_LIGHT_SCALE_BAR
  -------         PROC          AIP3368H_DISPLAY_TEST_ENGINE_SPEED_SCALE_BAR
  -------         DO            
  X:6032H         SYMBOL        cnt
  X:6034H         SYMBOL        level
  -------         ENDDO         
  C:2A69H         LINE#         1746
  C:2A69H         LINE#         1747
  C:2A69H         LINE#         1751
  C:2A6FH         LINE#         1752
  C:2A7EH         LINE#         1753
  C:2A7EH         LINE#         1755
  C:2A7EH         LINE#         1757
  C:2A7EH         LINE#         1758
  C:2A7EH         LINE#         1759
  C:2A7EH         LINE#         1761
  C:2A85H         LINE#         1762
  C:2A8BH         LINE#         1763
  C:2A91H         LINE#         1764
BL51 BANKED LINKER/LOCATER V6.22.4.0                                                  06/01/2026  18:00:44  PAGE 58


  C:2A91H         LINE#         1765
  C:2A93H         LINE#         1766
  C:2A93H         LINE#         1767
  -------         ENDPROC       AIP3368H_DISPLAY_TEST_ENGINE_SPEED_SCALE_BAR
  -------         PROC          AIP3368H_DISPLAY_TEST_ENGINE_SPEED_DIGIT_SCALE
  -------         DO            
  X:6035H         SYMBOL        cnt
  X:6037H         SYMBOL        level
  -------         ENDDO         
  C:2A94H         LINE#         1773
  C:2A94H         LINE#         1774
  C:2A94H         LINE#         1778
  C:2A9AH         LINE#         1779
  C:2AA9H         LINE#         1780
  C:2AA9H         LINE#         1782
  C:2AA9H         LINE#         1784
  C:2AA9H         LINE#         1785
  C:2AA9H         LINE#         1786
  C:2AA9H         LINE#         1788
  C:2AB0H         LINE#         1789
  C:2AB6H         LINE#         1790
  C:2ABCH         LINE#         1791
  C:2ABCH         LINE#         1792
  C:2ABEH         LINE#         1793
  C:2ABEH         LINE#         1794
  -------         ENDPROC       AIP3368H_DISPLAY_TEST_ENGINE_SPEED_DIGIT_SCALE
  -------         PROC          AIP3368H_DISPLAY_TEST_GEAR
  -------         DO            
  X:6038H         SYMBOL        cnt
  X:603AH         SYMBOL        level
  -------         ENDDO         
  C:2847H         LINE#         1797
  C:2847H         LINE#         1798
  C:2847H         LINE#         1802
  C:284DH         LINE#         1803
  C:285CH         LINE#         1804
  C:285CH         LINE#         1806
  C:285CH         LINE#         1808
  C:285CH         LINE#         1809
  C:285CH         LINE#         1810
  C:285CH         LINE#         1812
  C:2862H         LINE#         1813
  C:2862H         LINE#         1814
  C:2866H         LINE#         1815
  C:2869H         LINE#         1816
  C:286BH         LINE#         1818
  C:286BH         LINE#         1820
  C:2871H         LINE#         1821
  C:2871H         LINE#         1823
  C:2877H         LINE#         1824
  C:287DH         LINE#         1825
  C:287DH         LINE#         1826
  C:287FH         LINE#         1827
  C:287FH         LINE#         1828
  -------         ENDPROC       AIP3368H_DISPLAY_TEST_GEAR
  -------         PROC          AIP3368H_DISPLAY_TEST_SPEED
  -------         DO            
BL51 BANKED LINKER/LOCATER V6.22.4.0                                                  06/01/2026  18:00:44  PAGE 59


  X:603BH         SYMBOL        cnt
  X:603DH         SYMBOL        speed
  -------         ENDDO         
  C:2ABFH         LINE#         1830
  C:2ABFH         LINE#         1831
  C:2ABFH         LINE#         1835
  C:2AC5H         LINE#         1836
  C:2AD4H         LINE#         1837
  C:2AD4H         LINE#         1839
  C:2AD4H         LINE#         1841
  C:2AD4H         LINE#         1842
  C:2AD4H         LINE#         1843
  C:2AD4H         LINE#         1845
  C:2ADBH         LINE#         1846
  C:2AE1H         LINE#         1847
  C:2AE7H         LINE#         1848
  C:2AE7H         LINE#         1849
  C:2AE9H         LINE#         1850
  C:2AE9H         LINE#         1851
  -------         ENDPROC       AIP3368H_DISPLAY_TEST_SPEED
  -------         PROC          AIP3368H_DISPLAY_TEST_MILEAGE
  -------         DO            
  X:603EH         SYMBOL        cnt
  X:6040H         SYMBOL        index
  X:6041H         SYMBOL        is_displaying_total_mileage
  X:626DH         SYMBOL        buff
  -------         ENDDO         
  C:2190H         LINE#         1853
  C:2190H         LINE#         1854
  C:2190H         LINE#         1858
  C:21A3H         LINE#         1870
  C:21A9H         LINE#         1871
  C:21B8H         LINE#         1872
  C:21B8H         LINE#         1874
  C:21B8H         LINE#         1876
  C:21B8H         LINE#         1877
  C:21B8H         LINE#         1878
  C:21B8H         LINE#         1880
  C:21D6H         LINE#         1881
  C:21E7H         LINE#         1882
  C:21EDH         LINE#         1883
  C:21F3H         LINE#         1884
  C:21F3H         LINE#         1885
  C:21F5H         LINE#         1886
  C:21F5H         LINE#         1887
  -------         ENDPROC       AIP3368H_DISPLAY_TEST_MILEAGE
  -------         PROC          AIP3368H_DISPLAY_TEST_FUEL
  -------         DO            
  X:6042H         SYMBOL        cnt
  X:6044H         SYMBOL        fuel_level
  X:6045H         SYMBOL        is_enable
  -------         ENDDO         
  C:23D8H         LINE#         1889
  C:23D8H         LINE#         1890
  C:23D8H         LINE#         1896
  C:23DEH         LINE#         1897
  C:23EDH         LINE#         1898
BL51 BANKED LINKER/LOCATER V6.22.4.0                                                  06/01/2026  18:00:44  PAGE 60


  C:23EDH         LINE#         1900
  C:23EDH         LINE#         1902
  C:23EDH         LINE#         1903
  C:23F1H         LINE#         1904
  C:23F1H         LINE#         1906
  C:23F9H         LINE#         1907
  C:2401H         LINE#         1908
  C:2409H         LINE#         1909
  C:2411H         LINE#         1911
  C:2417H         LINE#         1912
  C:241DH         LINE#         1913
  C:241DH         LINE#         1914
  C:241FH         LINE#         1915
  C:241FH         LINE#         1917
  C:2430H         LINE#         1918
  -------         ENDPROC       AIP3368H_DISPLAY_TEST_FUEL
  -------         PROC          AIP3368H_DISPLAY_TEST
  C:2FE2H         LINE#         1921
  C:2FE2H         LINE#         1922
  C:2FE2H         LINE#         2138
  -------         ENDPROC       AIP3368H_DISPLAY_TEST
  -------         ENDMOD        AIP3368H_DISPLAY

  -------         MODULE        IO_KEY
  C:0000H         SYMBOL        _ICE_DUMMY_
  B:0080H.5       PUBLIC        P05
  X:62A9H         PUBLIC        io_key_para
  C:2F81H         PUBLIC        io_key_config
  C:29B9H         PUBLIC        io_key_handle
  C:2FC9H         PUBLIC        io_key_get_key_id
  X:62BCH         SYMBOL        io_key_event_table
  C:2651H         PUBLIC        ___io_key_get_event__
  C:2F22H         SYMBOL        Com0017
  C:2F22H         SYMBOL        L?0024
  -------         PROC          COM0017
  -------         ENDPROC       COM0017
  -------         PROC          IO_KEY_CONFIG
  C:2F81H         LINE#         42
  C:2F81H         LINE#         43
  C:2F81H         LINE#         44
  C:2F87H         LINE#         45
  C:2F8DH         LINE#         46
  -------         ENDPROC       IO_KEY_CONFIG
  -------         PROC          IO_KEY_GET_KEY_ID
  C:2FC9H         LINE#         48
  C:2FC9H         LINE#         49
  C:2FC9H         LINE#         50
  C:2FCCH         LINE#         51
  C:2FCCH         LINE#         53
  C:2FCFH         LINE#         54
  C:2FCFH         LINE#         56
  C:2FD1H         LINE#         57
  -------         ENDPROC       IO_KEY_GET_KEY_ID
  -------         PROC          ___IO_KEY_GET_EVENT__
  D:0007H         SYMBOL        key_val
  D:0005H         SYMBOL        key_event
  -------         DO            
BL51 BANKED LINKER/LOCATER V6.22.4.0                                                  06/01/2026  18:00:44  PAGE 61


  D:0006H         SYMBOL        ret_key_event
  D:0004H         SYMBOL        i
  D:0003H         SYMBOL        index
  -------         ENDDO         
  C:2651H         LINE#         59
  C:2651H         LINE#         60
  C:2651H         LINE#         61
  C:2653H         LINE#         62
  C:2654H         LINE#         63
  C:2655H         LINE#         65
  C:2659H         LINE#         66
  C:2659H         LINE#         67
  C:265AH         LINE#         68
  C:265CH         LINE#         69
  C:2660H         LINE#         70
  C:2660H         LINE#         71
  C:2662H         LINE#         72
  C:2664H         LINE#         73
  C:2668H         LINE#         74
  C:2668H         LINE#         75
  C:266AH         LINE#         76
  C:266CH         LINE#         77
  C:2670H         LINE#         78
  C:2670H         LINE#         79
  C:2672H         LINE#         80
  C:2672H         LINE#         82
  C:2678H         LINE#         83
  C:2678H         LINE#         84
  C:267FH         LINE#         85
  C:267FH         LINE#         86
  C:268EH         LINE#         87
  C:2690H         LINE#         88
  C:2690H         LINE#         89
  C:2693H         LINE#         91
  C:2695H         LINE#         92
  -------         ENDPROC       ___IO_KEY_GET_EVENT__
  -------         PROC          IO_KEY_HANDLE
  -------         DO            
  D:0007H         SYMBOL        io_key_event
  -------         ENDDO         
  C:29B9H         LINE#         94
  C:29B9H         LINE#         95
  C:29B9H         LINE#         96
  C:29B9H         LINE#         98
  C:29BFH         LINE#         99
  C:29BFH         LINE#         101
  C:29BFH         LINE#         103
  C:29C7H         LINE#         104
  C:29CCH         LINE#         105
  C:29CEH         LINE#         107
  C:29D6H         LINE#         108
  C:29D6H         LINE#         109
  C:29D6H         LINE#         111
  C:29DCH         LINE#         131
  C:29DEH         LINE#         132
  C:29DEH         LINE#         134
  C:29E7H         LINE#         144
BL51 BANKED LINKER/LOCATER V6.22.4.0                                                  06/01/2026  18:00:44  PAGE 62


  C:29E7H         LINE#         146
  C:29E7H         LINE#         147
  C:29E7H         LINE#         148
  C:29E7H         LINE#         149
  -------         ENDPROC       IO_KEY_HANDLE
  -------         ENDMOD        IO_KEY

  -------         MODULE        ?C?COPY
  C:0115H         PUBLIC        ?C?COPY
  -------         ENDMOD        ?C?COPY

  -------         MODULE        ?C?CLDPTR
  C:013BH         PUBLIC        ?C?CLDPTR
  -------         ENDMOD        ?C?CLDPTR

  -------         MODULE        ?C?CLDOPTR
  C:0154H         PUBLIC        ?C?CLDOPTR
  -------         ENDMOD        ?C?CLDOPTR

  -------         MODULE        ?C?CILDOPTR
  C:0181H         PUBLIC        ?C?CILDOPTR
  -------         ENDMOD        ?C?CILDOPTR

  -------         MODULE        ?C?CSTPTR
  C:01B4H         PUBLIC        ?C?CSTPTR
  -------         ENDMOD        ?C?CSTPTR

  -------         MODULE        ?C?CSTOPTR
  C:01C6H         PUBLIC        ?C?CSTOPTR
  -------         ENDMOD        ?C?CSTOPTR

  -------         MODULE        ?C?IMUL
  C:01E8H         PUBLIC        ?C?IMUL
  -------         ENDMOD        ?C?IMUL

  -------         MODULE        ?C?UIDIV
  C:01FAH         PUBLIC        ?C?UIDIV
  -------         ENDMOD        ?C?UIDIV

  -------         MODULE        ?C?IILDX
  C:024FH         PUBLIC        ?C?IILDX
  -------         ENDMOD        ?C?IILDX

  -------         MODULE        ?C?ILDOPTR
  C:0265H         PUBLIC        ?C?ILDOPTR
  -------         ENDMOD        ?C?ILDOPTR

  -------         MODULE        ?C?LADD
  C:029DH         PUBLIC        ?C?LADD
  -------         ENDMOD        ?C?LADD

  -------         MODULE        ?C?LSUB
  C:02AAH         PUBLIC        ?C?LSUB
  -------         ENDMOD        ?C?LSUB

  -------         MODULE        ?C?LMUL
  C:02B8H         PUBLIC        ?C?LMUL
BL51 BANKED LINKER/LOCATER V6.22.4.0                                                  06/01/2026  18:00:44  PAGE 63


  -------         ENDMOD        ?C?LMUL

  -------         MODULE        ?C?ULDIV
  C:0343H         PUBLIC        ?C?ULDIV
  -------         ENDMOD        ?C?ULDIV

  -------         MODULE        ?C?SLCMP
  C:03D5H         PUBLIC        ?C?SLCMP
  -------         ENDMOD        ?C?SLCMP

  -------         MODULE        ?C?ULCMP
  C:03EBH         PUBLIC        ?C?ULCMP
  -------         ENDMOD        ?C?ULCMP

  -------         MODULE        ?C?LLDXDATA
  C:03FCH         PUBLIC        ?C?LLDXDATA
  -------         ENDMOD        ?C?LLDXDATA

  -------         MODULE        ?C?LLDXDATA0
  C:0408H         PUBLIC        ?C?LLDXDATA0
  -------         ENDMOD        ?C?LLDXDATA0

  -------         MODULE        ?C?LSTXDATA
  C:0414H         PUBLIC        ?C?LSTXDATA
  -------         ENDMOD        ?C?LSTXDATA

  -------         MODULE        ?C?LSTKXDATA
  C:0420H         PUBLIC        ?C?LSTKXDATA
  -------         ENDMOD        ?C?LSTKXDATA

  -------         MODULE        ?C?OFFXADD
  C:0451H         PUBLIC        ?C?OFFXADD
  -------         ENDMOD        ?C?OFFXADD

  -------         MODULE        ?C?PLDXDATA
  C:045DH         PUBLIC        ?C?PLDXDATA
  -------         ENDMOD        ?C?PLDXDATA

  -------         MODULE        ?C?PLDIXDATA
  C:0466H         PUBLIC        ?C?PLDIXDATA
  -------         ENDMOD        ?C?PLDIXDATA

  -------         MODULE        ?C?PSTXDATA
  C:047DH         PUBLIC        ?C?PSTXDATA
  -------         ENDMOD        ?C?PSTXDATA

  -------         MODULE        ?C?PLDOPTR
  C:0486H         PUBLIC        ?C?PLDOPTR
  -------         ENDMOD        ?C?PLDOPTR

  -------         MODULE        ?C?CCASE
  C:04B6H         PUBLIC        ?C?CCASE
  -------         ENDMOD        ?C?CCASE

  -------         MODULE        ?C?ICALL
  C:04DCH         PUBLIC        ?C?ICALL
  C:04E0H         PUBLIC        ?C?ICALL2
BL51 BANKED LINKER/LOCATER V6.22.4.0                                                  06/01/2026  18:00:44  PAGE 64


  -------         ENDMOD        ?C?ICALL

  -------         MODULE        ?C?LIMUL
  C:04E2H         PUBLIC        ?C?LIMUL
  -------         ENDMOD        ?C?LIMUL

  -------         MODULE        PRINTF
  X:6216H         PUBLIC        ?_PRINTF517?BYTE
  X:6216H         PUBLIC        ?_PRINTF?BYTE
  X:6216H         PUBLIC        ?_SPRINTF517?BYTE
  X:6216H         PUBLIC        ?_SPRINTF?BYTE
  C:0959H         PUBLIC        _PRINTF
  C:0959H         PUBLIC        _PRINTF517
  C:0953H         PUBLIC        _SPRINTF
  C:0953H         PUBLIC        _SPRINTF517
  -------         ENDMOD        PRINTF

  -------         MODULE        ?C?MEMSET
  C:050FH         PUBLIC        ?C?MEMSET
  -------         ENDMOD        ?C?MEMSET

  -------         MODULE        ?C?PLDIDATA
  C:053BH         PUBLIC        ?C?PLDIDATA
  -------         ENDMOD        ?C?PLDIDATA

  -------         MODULE        ?C?PLDPDATA
  C:0544H         PUBLIC        ?C?PLDPDATA
  -------         ENDMOD        ?C?PLDPDATA

  -------         MODULE        ?C?PLDCODE
  C:054DH         PUBLIC        ?C?PLDCODE
  -------         ENDMOD        ?C?PLDCODE

*** WARNING L16: UNCALLED SEGMENT, IGNORED FOR OVERLAY PROCESS
    SEGMENT: ?PR?ADC_CONFIG?ADC

*** WARNING L16: UNCALLED SEGMENT, IGNORED FOR OVERLAY PROCESS
    SEGMENT: ?PR?ADC_CHANNEL_SWITCH_BY_ISR?ADC

*** WARNING L16: UNCALLED SEGMENT, IGNORED FOR OVERLAY PROCESS
    SEGMENT: ?PR?SPEED_SCAN_CONFIG?SPEED_SCAN

*** WARNING L16: UNCALLED SEGMENT, IGNORED FOR OVERLAY PROCESS
    SEGMENT: ?PR?SPEED_SCAN_TIMER_50US_ISR?SPEED_SCAN

*** WARNING L16: UNCALLED SEGMENT, IGNORED FOR OVERLAY PROCESS
    SEGMENT: ?PR?AIP3368H_DISPLAY_SPEED_REFRESH_TIME_ADD?SPEED_SCAN

*** WARNING L16: UNCALLED SEGMENT, IGNORED FOR OVERLAY PROCESS
    SEGMENT: ?PR?ENGINE_SPEED_SCAN_CONFIG?ENGINE_SPEED_SCAN

*** WARNING L16: UNCALLED SEGMENT, IGNORED FOR OVERLAY PROCESS
    SEGMENT: ?PR?ENGINE_SPEED_SCAN_TIMER_50US_ISR?ENGINE_SPEED_SCAN

*** WARNING L16: UNCALLED SEGMENT, IGNORED FOR OVERLAY PROCESS
    SEGMENT: ?PR?ENGINE_SPEED_SCAN?ENGINE_SPEED_SCAN

BL51 BANKED LINKER/LOCATER V6.22.4.0                                                  06/01/2026  18:00:44  PAGE 65


*** WARNING L16: UNCALLED SEGMENT, IGNORED FOR OVERLAY PROCESS
    SEGMENT: ?PR?AIP3368H_DISPLAY_ENGINE_SPEED_REFRESH_TIME_ADD?ENGINE_SPEED_SCAN

*** WARNING L16: UNCALLED SEGMENT, IGNORED FOR OVERLAY PROCESS
    SEGMENT: ?PR?AIP3368H_DISPLAY_ENGINE_SPEED_HANDLE?ENGINE_SPEED_SCAN

*** WARNING L16: UNCALLED SEGMENT, IGNORED FOR OVERLAY PROCESS
    SEGMENT: ?PR?MILEAGE_SCAN?MILEAGE

*** WARNING L16: UNCALLED SEGMENT, IGNORED FOR OVERLAY PROCESS
    SEGMENT: ?PR?FUEL_CAPACITY_SCAN?FUEL_CAPACITY

*** WARNING L16: UNCALLED SEGMENT, IGNORED FOR OVERLAY PROCESS
    SEGMENT: ?PR?BAT_SCAN_TIME_ADD?BATTERY

*** WARNING L16: UNCALLED SEGMENT, IGNORED FOR OVERLAY PROCESS
    SEGMENT: ?PR?BATTERY_SCAN?BATTERY

*** WARNING L16: UNCALLED SEGMENT, IGNORED FOR OVERLAY PROCESS
    SEGMENT: ?PR?_AIP3368H_DISPLAY_SPEED_UNIT_TYPE?AIP3368H_DISPLAY

*** WARNING L16: UNCALLED SEGMENT, IGNORED FOR OVERLAY PROCESS
    SEGMENT: ?PR?_AIP3368H_DISPLAY_MILEAGE_UNIT_TYPE?AIP3368H_DISPLAY

*** WARNING L16: UNCALLED SEGMENT, IGNORED FOR OVERLAY PROCESS
    SEGMENT: ?PR?__AIP3368H_DISPLAY_BOOT_ANIMATION_IN_ENGINE_SPEED_SCALE_BAR__?AIP3368H_DISPLAY

*** WARNING L16: UNCALLED SEGMENT, IGNORED FOR OVERLAY PROCESS
    SEGMENT: ?PR?__AIP3368H_DISPLAY_BOOT_ANIMATION_IN_SPEED_AND_MILEAGE__?AIP3368H_DISPLAY

*** WARNING L16: UNCALLED SEGMENT, IGNORED FOR OVERLAY PROCESS
    SEGMENT: ?PR?__AIP3368H_DISPLAY_BOOT_ANIMATION_IN_FUEL_LEVEL__?AIP3368H_DISPLAY

*** WARNING L16: UNCALLED SEGMENT, IGNORED FOR OVERLAY PROCESS
    SEGMENT: ?PR?AIP3368H_DISPLAY_BOOT_ANIMATION_HANDLE?AIP3368H_DISPLAY

*** WARNING L16: UNCALLED SEGMENT, IGNORED FOR OVERLAY PROCESS
    SEGMENT: ?PR?AIP3368H_DISPLAY_ERR_HANDLE_TIME_ADD?AIP3368H_DISPLAY

*** WARNING L16: UNCALLED SEGMENT, IGNORED FOR OVERLAY PROCESS
    SEGMENT: ?PR?AIP3368H_DISPLAY_ERR_HANDLE?AIP3368H_DISPLAY

*** WARNING L16: UNCALLED SEGMENT, IGNORED FOR OVERLAY PROCESS
    SEGMENT: ?PR?AIP3368H_DISPLAY_TEST_LIGHT_BLINK_1MS_ISR?AIP3368H_DISPLAY

*** WARNING L16: UNCALLED SEGMENT, IGNORED FOR OVERLAY PROCESS
    SEGMENT: ?PR?AIP3368H_DISPLAY_TEST_BACK_LIGHT_SCALE_BAR?AIP3368H_DISPLAY

*** WARNING L16: UNCALLED SEGMENT, IGNORED FOR OVERLAY PROCESS
    SEGMENT: ?PR?AIP3368H_DISPLAY_TEST_ENGINE_SPEED_SCALE_BAR?AIP3368H_DISPLAY

*** WARNING L16: UNCALLED SEGMENT, IGNORED FOR OVERLAY PROCESS
    SEGMENT: ?PR?AIP3368H_DISPLAY_TEST_ENGINE_SPEED_DIGIT_SCALE?AIP3368H_DISPLAY

*** WARNING L16: UNCALLED SEGMENT, IGNORED FOR OVERLAY PROCESS
    SEGMENT: ?PR?AIP3368H_DISPLAY_TEST_GEAR?AIP3368H_DISPLAY

BL51 BANKED LINKER/LOCATER V6.22.4.0                                                  06/01/2026  18:00:44  PAGE 66


*** WARNING L16: UNCALLED SEGMENT, IGNORED FOR OVERLAY PROCESS
    SEGMENT: ?PR?AIP3368H_DISPLAY_TEST_SPEED?AIP3368H_DISPLAY

*** WARNING L16: UNCALLED SEGMENT, IGNORED FOR OVERLAY PROCESS
    SEGMENT: ?PR?AIP3368H_DISPLAY_TEST_MILEAGE?AIP3368H_DISPLAY

*** WARNING L16: UNCALLED SEGMENT, IGNORED FOR OVERLAY PROCESS
    SEGMENT: ?PR?AIP3368H_DISPLAY_TEST_FUEL?AIP3368H_DISPLAY

*** WARNING L16: UNCALLED SEGMENT, IGNORED FOR OVERLAY PROCESS
    SEGMENT: ?PR?AIP3368H_DISPLAY_TEST?AIP3368H_DISPLAY

Program Size: data=15.6 xdata=813 code=12259
LINK/LOCATE RUN COMPLETE.  31 WARNING(S),  0 ERROR(S)
