BL51 BANKED LINKER/LOCATER V6.22.4.0                                                    06/04/2026  17:44:21  PAGE 1


BL51 BANKED LINKER/LOCATER V6.22.4.0, INVOKED BY:
C:\KEIL_V5\C51\BIN\BL51.EXE .\Release\Objects\STARTUP.obj, .\Release\Objects\system.obj, ..\..\User\lib\tk_simplify_algo
>> rithm_V1.0.0.LIB, .\Release\Objects\tk_set.obj, .\Release\Objects\tmr1.obj, .\Release\Objects\tmr2.obj, .\Release\Obj
>> ects\uart0.obj, .\Release\Objects\adc.obj, .\Release\Objects\key_driver.obj, .\Release\Objects\user_flash.obj, .\Rele
>> ase\Objects\aip3368.obj, .\Release\Objects\beep.obj, .\Release\Objects\photosensitive.obj, .\Release\Objects\main.obj
>> , .\Release\Objects\pin_level_scan.obj, .\Release\Objects\speed_scan.obj, .\Release\Objects\engine_speed_scan.obj, .\
>> Release\Objects\mileage.obj, .\Release\Objects\fuel_capacity.obj, .\Release\Objects\instrument.obj, .\Release\Objects
>> \aip3368h_display.obj, .\Release\Objects\io_key.obj, .\Release\Objects\ui.obj TO .\Release\Objects\Project PRINT (.\R
>> elease\Listings\Project.m51) RAMSIZE (256) CODE (0X0000-0X3EEF) XDATA (0X6000-0X66FF)


MEMORY MODEL: LARGE


INPUT MODULES INCLUDED:
  .\Release\Objects\STARTUP.obj (?C_STARTUP)
  .\Release\Objects\system.obj (SYSTEM)
  .\Release\Objects\tk_set.obj (TK_SET)
  .\Release\Objects\tmr1.obj (TMR1)
  .\Release\Objects\tmr2.obj (TMR2)
  .\Release\Objects\uart0.obj (UART0)
  .\Release\Objects\adc.obj (ADC)
  .\Release\Objects\key_driver.obj (KEY_DRIVER)
  .\Release\Objects\user_flash.obj (USER_FLASH)
  .\Release\Objects\aip3368.obj (AIP3368)
  .\Release\Objects\beep.obj (BEEP)
  .\Release\Objects\photosensitive.obj (PHOTOSENSITIVE)
  .\Release\Objects\main.obj (MAIN)
  .\Release\Objects\pin_level_scan.obj (PIN_LEVEL_SCAN)
  .\Release\Objects\speed_scan.obj (SPEED_SCAN)
  .\Release\Objects\engine_speed_scan.obj (ENGINE_SPEED_SCAN)
  .\Release\Objects\mileage.obj (MILEAGE)
  .\Release\Objects\fuel_capacity.obj (FUEL_CAPACITY)
  .\Release\Objects\instrument.obj (INSTRUMENT)
  .\Release\Objects\aip3368h_display.obj (AIP3368H_DISPLAY)
  .\Release\Objects\io_key.obj (IO_KEY)
  .\Release\Objects\ui.obj (UI)
  C:\KEIL_V5\C51\LIB\C51L.LIB (?C_INIT)
  C:\KEIL_V5\C51\LIB\C51L.LIB (?C?COPY)
  C:\KEIL_V5\C51\LIB\C51L.LIB (?C?CLDPTR)
  C:\KEIL_V5\C51\LIB\C51L.LIB (?C?CLDOPTR)
  C:\KEIL_V5\C51\LIB\C51L.LIB (?C?CILDOPTR)
  C:\KEIL_V5\C51\LIB\C51L.LIB (?C?CSTPTR)
  C:\KEIL_V5\C51\LIB\C51L.LIB (?C?CSTOPTR)
  C:\KEIL_V5\C51\LIB\C51L.LIB (?C?UIDIV)
  C:\KEIL_V5\C51\LIB\C51L.LIB (?C?IILDX)
  C:\KEIL_V5\C51\LIB\C51L.LIB (?C?ILDOPTR)
  C:\KEIL_V5\C51\LIB\C51L.LIB (?C?LADD)
  C:\KEIL_V5\C51\LIB\C51L.LIB (?C?LSUB)
  C:\KEIL_V5\C51\LIB\C51L.LIB (?C?LMUL)
  C:\KEIL_V5\C51\LIB\C51L.LIB (?C?ULDIV)
  C:\KEIL_V5\C51\LIB\C51L.LIB (?C?SLCMP)
  C:\KEIL_V5\C51\LIB\C51L.LIB (?C?ULCMP)
  C:\KEIL_V5\C51\LIB\C51L.LIB (?C?LLDXDATA)
  C:\KEIL_V5\C51\LIB\C51L.LIB (?C?LLDXDATA0)
  C:\KEIL_V5\C51\LIB\C51L.LIB (?C?LSTXDATA)
  C:\KEIL_V5\C51\LIB\C51L.LIB (?C?LSTKXDATA)
  C:\KEIL_V5\C51\LIB\C51L.LIB (?C?OFFXADD)
BL51 BANKED LINKER/LOCATER V6.22.4.0                                                  06/04/2026  17:44:21  PAGE 2


  C:\KEIL_V5\C51\LIB\C51L.LIB (?C?PLDXDATA)
  C:\KEIL_V5\C51\LIB\C51L.LIB (?C?PLDIXDATA)
  C:\KEIL_V5\C51\LIB\C51L.LIB (?C?PSTXDATA)
  C:\KEIL_V5\C51\LIB\C51L.LIB (?C?PLDOPTR)
  C:\KEIL_V5\C51\LIB\C51L.LIB (?C?CCASE)
  C:\KEIL_V5\C51\LIB\C51L.LIB (?C?ICALL)
  C:\KEIL_V5\C51\LIB\C51L.LIB (?C?LIMUL)
  C:\KEIL_V5\C51\LIB\C51L.LIB (?C?MEMSET)
  C:\KEIL_V5\C51\LIB\C51L.LIB (?C?PLDIDATA)
  C:\KEIL_V5\C51\LIB\C51L.LIB (?C?PLDPDATA)
  C:\KEIL_V5\C51\LIB\C51L.LIB (?C?PLDCODE)


LINK MAP OF MODULE:  .\Release\Objects\Project (?C_STARTUP)


            TYPE    BASE      LENGTH    RELOCATION   SEGMENT NAME
            -----------------------------------------------------

            * * * * * * *   D A T A   M E M O R Y   * * * * * * *
            REG     0000H     0008H     ABSOLUTE     "REG BANK 0"
                    0008H     0018H                  *** GAP ***
            BIT     0020H.0   0000H.2   UNIT         ?BI?SPEED_SCAN
            BIT     0020H.2   0000H.2   UNIT         ?BI?ENGINE_SPEED_SCAN
            BIT     0020H.4   0000H.1   UNIT         ?BI?MILEAGE
                    0020H.5   0000H.3                *** GAP ***
            IDATA   0021H     0001H     UNIT         ?STACK

            * * * * * * *  X D A T A   M E M O R Y  * * * * * * *
                    0000H     6000H                  *** GAP ***
            XDATA   6000H     0157H     UNIT         ?XD?AIP3368H_DISPLAY
            XDATA   6157H     0059H     UNIT         ?XD?FUEL_CAPACITY
            XDATA   61B0H     003EH     UNIT         ?XD?SPEED_SCAN
            XDATA   61EEH     002CH     UNIT         ?XD?PHOTOSENSITIVE
            XDATA   621AH     0018H     UNIT         ?XD?AIP3368
            XDATA   6232H     0018H     UNIT         ?XD?IO_KEY
            XDATA   624AH     0015H     UNIT         ?XD?ENGINE_SPEED_SCAN
            XDATA   625FH     0015H     UNIT         ?XD?INSTRUMENT
            XDATA   6274H     0013H     UNIT         _XDATA_GROUP_
            XDATA   6287H     000AH     UNIT         ?XD?MILEAGE
            XDATA   6291H     0007H     UNIT         ?XD?UI
            XDATA   6298H     0004H     UNIT         ?XD?KEY_DRIVER
            XDATA   629CH     0003H     UNIT         ?XD?ADC
            XDATA   629FH     0002H     UNIT         ?XD?BEEP

            * * * * * * *   C O D E   M E M O R Y   * * * * * * *
            CODE    0000H     0003H     ABSOLUTE     
            CODE    0003H     000CH     ABSOLUTE     
            CODE    000FH     0012H     UNIT         ?PR?TMR1
            CODE    0021H     0003H     ABSOLUTE     
            CODE    0024H     0003H     ABSOLUTE     
            CODE    0027H     001BH     UNIT         ?PR?_DELAY_MS?SYSTEM
            CODE    0042H     0003H     ABSOLUTE     
            CODE    0045H     0502H     UNIT         ?C?LIB_CODE
            CODE    0547H     0335H     UNIT         ?C_INITSEG
            CODE    087CH     0252H     UNIT         ?PR?__AIP3368H_DISPLAY_BOOT_ANIMATION_LEFT_TO_RIGHT__?AIP3368H_DISP
>> LAY
BL51 BANKED LINKER/LOCATER V6.22.4.0                                                  06/04/2026  17:44:21  PAGE 3


            CODE    0ACEH     019CH     UNIT         ?PR?AIP3368H_DISPLAY
            CODE    0C6AH     0193H     UNIT         ?PR?_KEY_DRIVER_SCAN?KEY_DRIVER
            CODE    0DFDH     014FH     UNIT         ?PR?AIP3368H_DISPLAY_SPEED_HANDLE?SPEED_SCAN
            CODE    0F4CH     010DH     UNIT         ?PR?FUEL_CAPACITY_SCAN?FUEL_CAPACITY
            CODE    1059H     0100H     UNIT         ?PR?SPEED_SCAN?SPEED_SCAN
            CODE    1159H     00ECH     UNIT         ?PR?_AIP3368H_DISPLAY_SPEED?AIP3368H_DISPLAY
            CODE    1245H     00DCH     UNIT         ?PR?SYSTEM_INIT?SYSTEM
            CODE    1321H     00CAH     UNIT         ?PR?UI_DISPLAY_HANDLE?UI
            CODE    13EBH     00C7H     UNIT         ?PR?___AIP3368H_DISPLAY_MILEAGE_BIT_X__?AIP3368H_DISPLAY
            CODE    14B2H     00B6H     UNIT         ?PR?IO_KEY_HANDLE?IO_KEY
            CODE    1568H     00AAH     UNIT         ?PR?SPEED_FILTER_GET_SPEED?SPEED_SCAN
            CODE    1612H     00A4H     UNIT         ?PR?___AIP3368H_DISPLAY_GEAR_DIGIT__?AIP3368H_DISPLAY
            CODE    16B6H     009FH     UNIT         ?PR?AIP3368H_DISPLAY_ENGINE_SPEED_HANDLE?ENGINE_SPEED_SCAN
            CODE    1755H     009AH     UNIT         ?C_C51STARTUP
            CODE    17EFH     0099H     UNIT         ?PR?PIN_LEVEL_SCAN?PIN_LEVEL_SCAN
            CODE    1888H     0095H     UNIT         ?PR?__PHOTOSENSITIVE_HANDLE__?PHOTOSENSITIVE
            CODE    191DH     0093H     UNIT         ?PR?MILEAGE_SCAN?MILEAGE
            CODE    19B0H     008EH     UNIT         ?PR?___AIP3368H_DISPLAY_SPEED_SEG__?AIP3368H_DISPLAY
            CODE    1A3EH     008DH     UNIT         ?PR?AIP3368H_DISPLAY_BOOT_ANIMATION_HANDLE?AIP3368H_DISPLAY
            CODE    1ACBH     0087H     UNIT         ?PR?TIMR1_IRQHANDLER?TMR1
            CODE    1B52H     0085H     UNIT         ?PR?__AIP3368H_DISPLAY_BOOT_ANIMATION_IN_SPEED__?AIP3368H_DISPLAY
            CODE    1BD7H     0084H     UNIT         ?PR?AIP3368H_MODULE_INIT?AIP3368
            CODE    1C5BH     0080H     UNIT         ?PR?ADC_IRQHANDLER?ADC
            CODE    1CDBH     007EH     UNIT         ?PR?ENGINE_SPEED_SCAN?ENGINE_SPEED_SCAN
            CODE    1D59H     007CH     UNIT         ?PR?___AIP3368H_DISPLAY_SPEED_BIT_X__?AIP3368H_DISPLAY
            CODE    1DD5H     0078H     UNIT         ?PR?_AIP3368H_DISPLAY_BACK_LIGHT_SCALE_BAR?AIP3368H_DISPLAY
            CODE    1E4DH     0077H     UNIT         ?PR?_AIP3368H_DISPLAY_ENGINE_SPEED_SCALE_BAR?AIP3368H_DISPLAY
            CODE    1EC4H     0077H     UNIT         ?PR?_AIP3368H_DISPLAY_ENGINE_SPEED_DIGIT_SCALE?AIP3368H_DISPLAY
            CODE    1F3BH     0074H     UNIT         ?PR?PIN_LEVEL_SCAN_CONFIG?PIN_LEVEL_SCAN
            CODE    1FAFH     0074H     UNIT         ?PR?_AIP3368H_DISPLAY_FUEL_LEVEL?AIP3368H_DISPLAY
            CODE    2023H     006CH     UNIT         ?PR?_AIP3368H_DISPLAY_MILEAGE?AIP3368H_DISPLAY
            CODE    208FH     005FH     UNIT         ?PR?SPEED_SCAN_TIMER_50US_ISR?SPEED_SCAN
            CODE    20EEH     0057H     UNIT         ?PR?__AIP3368H_DISPLAY_BOOT_ANIMATION_IN_BACK_LIGHT_SCALE_BAR__?AIP
>> 3368H_DISPLAY
            CODE    2145H     0055H     UNIT         ?PR?PHOTOSENSITIVE_DATA_GET?PHOTOSENSITIVE
            CODE    219AH     0055H     UNIT         ?PR?SPEED_SCAN
            CODE    21EFH     0054H     UNIT         ?PR?ENGINE_SPEED_SCAN_TIMER_50US_ISR?ENGINE_SPEED_SCAN
            CODE    2243H     0053H     UNIT         ?PR?_FUEL_CAPACITY_CONVERT_VOLTAGE_TO_LEV?FUEL_CAPACITY
            CODE    2296H     0050H     UNIT         ?PR?AIP3368H_DISPLAY_MILEAGE_REFRESH?MILEAGE
            CODE    22E6H     0050H     UNIT         ?PR?___AIP3368H_DISPLAY_SPEED_BIT_X_CLEAR__?AIP3368H_DISPLAY
            CODE    2336H     0049H     UNIT         ?PR?TIMR2_IRQHANDLER?TMR2
            CODE    237FH     0048H     UNIT         ?PR?UI_TIMER_HANDLE_ISR?UI
            CODE    23C7H     0045H     UNIT         ?PR?___IO_KEY_GET_EVENT__?IO_KEY
            CODE    240CH     0044H     UNIT         ?PR?FUEL_CAPACITY
            CODE    2450H     0044H     UNIT         ?PR?INSTRUMENT_INFO_INIT?INSTRUMENT
            CODE    2494H     0042H     UNIT         ?PR?_AIP3368H_MODULE_SEND_DATA_TO_ALL_DEV?AIP3368
            CODE    24D6H     0040H     UNIT         ?PR?TMR1_CONFIG?TMR1
            CODE    2516H     003FH     UNIT         ?PR?MAIN?MAIN
            CODE    2555H     003EH     UNIT         ?PR?UPDATE_ENGINE_SPEED_SCAN_DATA?ENGINE_SPEED_SCAN
            CODE    2593H     003EH     UNIT         ?PR?FUEL_CAPACITY_ADC_VAL_GET?FUEL_CAPACITY
            CODE    25D1H     003EH     UNIT         ?PR?AIP3368H_DISPLAY_ERR_HANDLE?AIP3368H_DISPLAY
            CODE    260FH     003DH     UNIT         ?PR?UI_DISPLAY_REFRESH?UI
            CODE    264CH     003AH     UNIT         ?PR?ADC_CHANNEL_SWITCH_BY_ISR?ADC
            CODE    2686H     0039H     UNIT         ?PR?SPEED_SCAN_UPDATE_DATA?SPEED_SCAN
            CODE    26BFH     0038H     UNIT         ?PR?__FUEL_VOLTAGE_SAMPLES_GET__?FUEL_CAPACITY
            CODE    26F7H     0037H     UNIT         ?PR?_FLASH_PROGRAM?USER_FLASH
            CODE    272EH     0035H     UNIT         ?PR?_AIP3368H_DISPLAY_SPEED_BY_UNIT_TYPE?SPEED_SCAN
BL51 BANKED LINKER/LOCATER V6.22.4.0                                                  06/04/2026  17:44:21  PAGE 4


            CODE    2763H     0034H     UNIT         ?PR?_FLASH_READ?USER_FLASH
            CODE    2797H     0033H     UNIT         ?PR?TMR2_CONFIG?TMR2
            CODE    27CAH     0033H     UNIT         ?PR?_AIP3368H_MODULE_SEND_DATA_TO_ONE_DEV?AIP3368
            CODE    27FDH     0031H     UNIT         ?PR?_AIP3368H_MODULE_SET_BRIGHTNESS?AIP3368
            CODE    282EH     0030H     UNIT         ?PR?_ADC_CHANNEL_SET?ADC
            CODE    285EH     002DH     UNIT         ?PR?USER_INIT?MAIN
            CODE    288BH     002BH     UNIT         ?PR?_AIP3368H_DISPLAY_X1000RPM_LIGHT?AIP3368H_DISPLAY
            CODE    28B6H     002AH     UNIT         ?PR?AIP3368H_DISPLAY_MILEAGE_HANDLE?MILEAGE
            CODE    28E0H     0027H     UNIT         ?PR?ADC_CONFIG?ADC
            CODE    2907H     0026H     UNIT         ?PR?_PHOTOSENSITIVE_DATA_PUT?PHOTOSENSITIVE
            CODE    292DH     0025H     UNIT         ?PR?AIP3368H_DISPLAY_ENGINE_SPEED_REFRESH_TIME_ADD?ENGINE_SPEED_SCA
>> N
            CODE    2952H     0024H     UNIT         ?PR?MILEAGE
            CODE    2976H     0024H     UNIT         ?PR?___AIP3368H_DISPLAY_SPEED_UNIT_TYPE__?AIP3368H_DISPLAY
            CODE    299AH     0022H     UNIT         ?PR?BEEP_HANDLE_1MS_ISR?BEEP
            CODE    29BCH     0021H     UNIT         ?PR?KEY_DRIVER
            CODE    29DDH     0021H     UNIT         ?PR?_FUEL_CAPACITY_ADC_VAL_SAMPLES_UPDATE?FUEL_CAPACITY
            CODE    29FEH     0020H     UNIT         ?PR?___AIP3368H_DISPLAY_MILEAGE_UNIT_TYPE__?AIP3368H_DISPLAY
            CODE    2A1EH     001EH     UNIT         ?PR?AIP3368H_DISPLAY_SPEED_REFRESH_TIME_ADD?SPEED_SCAN
            CODE    2A3CH     001CH     UNIT         ?PR?AIP3368H_MODULE_DISPLAY?AIP3368
            CODE    2A58H     001CH     UNIT         ?PR?INSTRUMENT_INFO_SAVE?INSTRUMENT
            CODE    2A74H     001CH     UNIT         ?PR?_AIP3368H_DISPLAY_GEAR?AIP3368H_DISPLAY
            CODE    2A90H     001CH     UNIT         ?PR?UI
            CODE    2AACH     0019H     UNIT         ?PR?ENGINE_SPEED_GET_LEVEL?ENGINE_SPEED_SCAN
            CODE    2AC5H     0019H     UNIT         ?PR?___FUEL_VOLTAGE_SAMPLES_UPDATE__?FUEL_CAPACITY
            CODE    2ADEH     0019H     UNIT         ?PR?_AIP3368H_DISPLAY_SPEED_UNIT_TYPE?AIP3368H_DISPLAY
            CODE    2AF7H     0019H     UNIT         ?PR?_AIP3368H_DISPLAY_MILEAGE_UNIT_TYPE?AIP3368H_DISPLAY
            CODE    2B10H     0018H     UNIT         ?PR?_SPEED_FILTER_ADD?SPEED_SCAN
            CODE    2B28H     0017H     UNIT         ?PR?AIP3368H_REFRESH_TIME_ADD?AIP3368
            CODE    2B3FH     0017H     UNIT         ?PR?PHOTOSENSITIVE_SCAN_TIME_ADD?PHOTOSENSITIVE
            CODE    2B56H     0017H     UNIT         ?PR?PHOTOSENSITIVE_SCAN?PHOTOSENSITIVE
            CODE    2B6DH     0017H     UNIT         ?PR?ENGINE_SPEED_SCAN
            CODE    2B84H     0017H     UNIT         ?PR?FUEL_CAPACITY_SCAN_TIME_ADD?FUEL_CAPACITY
            CODE    2B9BH     0017H     UNIT         ?PR?FUEL_LEV_UPDATE_TIME_ADD?FUEL_CAPACITY
            CODE    2BB2H     0015H     UNIT         ?PR?_SPEED_FILTER_INIT?SPEED_SCAN
            CODE    2BC7H     0014H     UNIT         ?PR?AIP3368H_DISPLAY_BOOT_ANIMATION_TIME_ADD?AIP3368H_DISPLAY
            CODE    2BDBH     0013H     UNIT         ?PR?_AIP3368H_DISPLAY_GEAR_LIGHT?AIP3368H_DISPLAY
            CODE    2BEEH     0013H     UNIT         ?PR?___AIP3368H_DISPLAY_MILEAGE_TOTAL_LIGHT__?AIP3368H_DISPLAY
            CODE    2C01H     0013H     UNIT         ?PR?AIP3368H_DISPLAY_ERR_HANDLE_TIME_ADD?AIP3368H_DISPLAY
            CODE    2C14H     0012H     UNIT         ?PR?BEEP_INIT?BEEP
            CODE    2C26H     0012H     UNIT         ?PR?_AIP3368H_DISPLAY_ERR_LIGHT?AIP3368H_DISPLAY
            CODE    2C38H     0012H     UNIT         ?PR?_AIP3368H_DISPLAY_LOW_BEAM_INDICATOR_LIGHT?AIP3368H_DISPLAY
            CODE    2C4AH     0012H     UNIT         ?PR?_AIP3368H_DISPLAY_HIGH_BEAM_INDICATOR_LIGHT?AIP3368H_DISPLAY
            CODE    2C5CH     0011H     UNIT         ?PR?_FLASH_ERASE_SECTOR?USER_FLASH
            CODE    2C6DH     0011H     UNIT         ?PR?_PHOTOSENSITIVE_DATA_INIT?PHOTOSENSITIVE
            CODE    2C7EH     0010H     UNIT         ?PR?___AIP3368H_DISPLAY_FUEL_EMPTY_LIGHT__?AIP3368H_DISPLAY
            CODE    2C8EH     000FH     UNIT         ?PR?_BEEP_PLAY?BEEP
            CODE    2C9DH     000FH     UNIT         ?PR?___FUEL_VOLTAGE_SAMPLES_INIT__?FUEL_CAPACITY
            CODE    2CACH     000FH     UNIT         ?PR?_AIP3368H_DISPLAY_LEFT_TURN_LIGHT?AIP3368H_DISPLAY
            CODE    2CBBH     000FH     UNIT         ?PR?_AIP3368H_DISPLAY_RIGHT_TURN_LIGHT?AIP3368H_DISPLAY
            CODE    2CCAH     000FH     UNIT         ?PR?___AIP3368H_DISPLAY_GEAR_N_LIGHT__?AIP3368H_DISPLAY
            CODE    2CD9H     000FH     UNIT         ?PR?___AIP3368H_DISPLAY_MILEAGE_TRIP_LIGHT__?AIP3368H_DISPLAY
            CODE    2CE8H     000FH     UNIT         ?PR?___AIP3368H_DISPLAY_MILEAGE_POINT__?AIP3368H_DISPLAY
            CODE    2CF7H     000FH     UNIT         ?PR?___AIP3368H_DISPLAY_FUEL_ICON__?AIP3368H_DISPLAY
            CODE    2D06H     000FH     UNIT         ?PR?___AIP3368H_DISPLAY_FUEL_FULL_LIGHT__?AIP3368H_DISPLAY
            CODE    2D15H     000FH     UNIT         ?PR?IO_KEY
            CODE    2D24H     000DH     UNIT         ?PR?SPEED_SCAN_CONFIG?SPEED_SCAN
BL51 BANKED LINKER/LOCATER V6.22.4.0                                                  06/04/2026  17:44:21  PAGE 5


            CODE    2D31H     000DH     UNIT         ?PR?ENGINE_SPEED_SCAN_CONFIG?ENGINE_SPEED_SCAN
            CODE    2D3EH     000DH     UNIT         ?PR?IO_KEY_CONFIG?IO_KEY
            CODE    2D4BH     000CH     UNIT         ?PR?PHOTOSENSITIVE
            CODE    2D57H     000CH     UNIT         ?PR?___FUEL_CAPACITY_ADC_VAL_SAMPLES_INIT__?FUEL_CAPACITY
            CODE    2D63H     000BH     UNIT         ?PR?_DELAY?SYSTEM
            CODE    2D6EH     000AH     UNIT         ?PR?ADC
            CODE    2D78H     0009H     UNIT         ?PR?IO_KEY_GET_KEY_ID?IO_KEY
            CODE    2D81H     0008H     UNIT         ?PR?UI_MANAGER_INIT?UI
            CODE    2D89H     0007H     UNIT         ?PR?AIP3368
            CODE    2D90H     0006H     UNIT         ?PR?_UI_SET_STATE?UI
            CODE    2D96H     0003H     UNIT         ?PR?PHOTOSENSITIVE_INIT?PHOTOSENSITIVE



OVERLAY MAP OF MODULE:   .\Release\Objects\Project (?C_STARTUP)


SEGMENT                                            XDATA_GROUP
  +--> CALLED SEGMENT                            START    LENGTH
----------------------------------------------------------------
?C_C51STARTUP                                    -----    -----
  +--> ?PR?MAIN?MAIN
  +--> ?C_INITSEG

?PR?MAIN?MAIN                                    -----    -----
  +--> ?PR?SYSTEM_INIT?SYSTEM
  +--> ?PR?USER_INIT?MAIN
  +--> ?PR?AIP3368H_DISPLAY_BOOT_ANIMATION_H...
  +--> ?PR?UI_MANAGER_INIT?UI
  +--> ?PR?PIN_LEVEL_SCAN?PIN_LEVEL_SCAN
  +--> ?PR?_KEY_DRIVER_SCAN?KEY_DRIVER
  +--> ?PR?IO_KEY_HANDLE?IO_KEY
  +--> ?PR?SPEED_SCAN?SPEED_SCAN
  +--> ?PR?MILEAGE_SCAN?MILEAGE
  +--> ?PR?ENGINE_SPEED_SCAN?ENGINE_SPEED_SCAN
  +--> ?PR?FUEL_CAPACITY_SCAN?FUEL_CAPACITY
  +--> ?PR?PHOTOSENSITIVE_SCAN?PHOTOSENSITIVE
  +--> ?PR?UI_DISPLAY_HANDLE?UI

?PR?SYSTEM_INIT?SYSTEM                           -----    -----
  +--> ?PR?_DELAY?SYSTEM
  +--> ?PR?_DELAY_MS?SYSTEM

?PR?_DELAY_MS?SYSTEM                             -----    -----
  +--> ?PR?_DELAY?SYSTEM

?PR?USER_INIT?MAIN                               -----    -----
  +--> ?PR?BEEP_INIT?BEEP
  +--> ?PR?PIN_LEVEL_SCAN_CONFIG?PIN_LEVEL_SCAN
  +--> ?PR?IO_KEY_CONFIG?IO_KEY
  +--> ?PR?SPEED_SCAN_CONFIG?SPEED_SCAN
  +--> ?PR?ENGINE_SPEED_SCAN_CONFIG?ENGINE_S...
  +--> ?PR?ADC_CONFIG?ADC
  +--> ?PR?INSTRUMENT_INFO_INIT?INSTRUMENT
  +--> ?PR?AIP3368H_MODULE_INIT?AIP3368
  +--> ?PR?TMR1_CONFIG?TMR1
  +--> ?PR?TMR2_CONFIG?TMR2
BL51 BANKED LINKER/LOCATER V6.22.4.0                                                  06/04/2026  17:44:21  PAGE 6


  +--> ?PR?_BEEP_PLAY?BEEP
  +--> ?PR?_DELAY_MS?SYSTEM
  +--> ?PR?PHOTOSENSITIVE_INIT?PHOTOSENSITIVE

?PR?INSTRUMENT_INFO_INIT?INSTRUMENT              6274H    000CH
  +--> ?PR?_FLASH_READ?USER_FLASH
  +--> ?PR?INSTRUMENT_INFO_SAVE?INSTRUMENT

?PR?_FLASH_READ?USER_FLASH                       6280H    0005H

?PR?INSTRUMENT_INFO_SAVE?INSTRUMENT              -----    -----
  +--> ?PR?_FLASH_ERASE_SECTOR?USER_FLASH
  +--> ?PR?_FLASH_PROGRAM?USER_FLASH

?PR?_FLASH_PROGRAM?USER_FLASH                    6280H    0005H

?PR?AIP3368H_MODULE_INIT?AIP3368                 -----    -----
  +--> ?PR?AIP3368
  +--> ?PR?_AIP3368H_MODULE_SEND_DATA_TO_ALL...

?PR?_AIP3368H_MODULE_SEND_DATA_TO_ALL...         6274H    0004H
  +--> ?PR?_AIP3368H_MODULE_SEND_DATA_TO_ONE...

?PR?_AIP3368H_MODULE_SEND_DATA_TO_ONE...         6278H    0002H

?PR?PHOTOSENSITIVE_INIT?PHOTOSENSITIVE           -----    -----
  +--> ?PR?__PHOTOSENSITIVE_HANDLE__?PHOTOSE...

?PR?__PHOTOSENSITIVE_HANDLE__?PHOTOSE...         6274H    0003H
  +--> ?PR?PHOTOSENSITIVE_DATA_GET?PHOTOSENS...
  +--> ?PR?_AIP3368H_MODULE_SET_BRIGHTNESS?A...

?PR?PHOTOSENSITIVE_DATA_GET?PHOTOSENS...         6277H    0005H
  +--> ?PR?PHOTOSENSITIVE

?PR?AIP3368H_DISPLAY_BOOT_ANIMATION_H...         -----    -----
  +--> ?PR?__AIP3368H_DISPLAY_BOOT_ANIMATION...
  +--> ?PR?__AIP3368H_DISPLAY_BOOT_ANIMATION...
  +--> ?PR?__AIP3368H_DISPLAY_BOOT_ANIMATION...
  +--> ?PR?AIP3368H_DISPLAY
  +--> ?PR?_AIP3368H_DISPLAY_BACK_LIGHT_SCAL...
  +--> ?PR?_AIP3368H_DISPLAY_ENGINE_SPEED_DI...
  +--> ?PR?_AIP3368H_DISPLAY_X1000RPM_LIGHT?...
  +--> ?PR?___AIP3368H_DISPLAY_FUEL_EMPTY_LI...
  +--> ?PR?___AIP3368H_DISPLAY_FUEL_FULL_LIG...
  +--> ?PR?_AIP3368H_DISPLAY_GEAR_LIGHT?AIP3...
  +--> ?PR?_AIP3368H_DISPLAY_SPEED_UNIT_TYPE...
  +--> ?PR?_AIP3368H_DISPLAY_MILEAGE_UNIT_TY...
  +--> ?PR?AIP3368H_MODULE_DISPLAY?AIP3368

?PR?__AIP3368H_DISPLAY_BOOT_ANIMATION...         -----    -----
  +--> ?PR?AIP3368H_DISPLAY
  +--> ?PR?___AIP3368H_DISPLAY_SPEED_SEG__?A...

?PR?___AIP3368H_DISPLAY_SPEED_SEG__?A...         627DH    0002H
  +--> ?PR?AIP3368H_DISPLAY

BL51 BANKED LINKER/LOCATER V6.22.4.0                                                  06/04/2026  17:44:21  PAGE 7


?PR?__AIP3368H_DISPLAY_BOOT_ANIMATION...         -----    -----
  +--> ?PR?AIP3368H_DISPLAY
  +--> ?PR?_AIP3368H_DISPLAY_BACK_LIGHT_SCAL...

?PR?_AIP3368H_DISPLAY_BACK_LIGHT_SCAL...         6274H    0002H
  +--> ?PR?AIP3368H_DISPLAY

?PR?__AIP3368H_DISPLAY_BOOT_ANIMATION...         -----    -----
  +--> ?PR?AIP3368H_DISPLAY
  +--> ?PR?___AIP3368H_DISPLAY_FUEL_EMPTY_LI...
  +--> ?PR?_AIP3368H_DISPLAY_ENGINE_SPEED_DI...
  +--> ?PR?_AIP3368H_DISPLAY_FUEL_LEVEL?AIP3...
  +--> ?PR?___AIP3368H_DISPLAY_FUEL_ICON__?A...
  +--> ?PR?___AIP3368H_DISPLAY_FUEL_FULL_LIG...
  +--> ?PR?_AIP3368H_DISPLAY_LEFT_TURN_LIGHT...
  +--> ?PR?_AIP3368H_DISPLAY_ERR_LIGHT?AIP33...
  +--> ?PR?_AIP3368H_DISPLAY_LOW_BEAM_INDICA...
  +--> ?PR?_AIP3368H_DISPLAY_HIGH_BEAM_INDIC...
  +--> ?PR?_AIP3368H_DISPLAY_RIGHT_TURN_LIGH...
  +--> ?PR?_AIP3368H_DISPLAY_ENGINE_SPEED_SC...
  +--> ?PR?___AIP3368H_DISPLAY_SPEED_BIT_X__...
  +--> ?PR?___AIP3368H_DISPLAY_SPEED_UNIT_TY...
  +--> ?PR?___AIP3368H_DISPLAY_GEAR_N_LIGHT_...
  +--> ?PR?___AIP3368H_DISPLAY_MILEAGE_BIT_X...
  +--> ?PR?___AIP3368H_DISPLAY_MILEAGE_TOTAL...
  +--> ?PR?___AIP3368H_DISPLAY_MILEAGE_TRIP_...
  +--> ?PR?_AIP3368H_DISPLAY_X1000RPM_LIGHT?...
  +--> ?PR?___AIP3368H_DISPLAY_MILEAGE_POINT...
  +--> ?PR?___AIP3368H_DISPLAY_MILEAGE_UNIT_...
  +--> ?PR?___AIP3368H_DISPLAY_GEAR_DIGIT__?...
  +--> ?PR?_AIP3368H_DISPLAY_GEAR_LIGHT?AIP3...

?PR?_AIP3368H_DISPLAY_ENGINE_SPEED_DI...         6277H    0002H
  +--> ?PR?AIP3368H_DISPLAY

?PR?_AIP3368H_DISPLAY_FUEL_LEVEL?AIP3...         6278H    0002H
  +--> ?PR?AIP3368H_DISPLAY

?PR?___AIP3368H_DISPLAY_FUEL_ICON__?A...         -----    -----
  +--> ?PR?AIP3368H_DISPLAY

?PR?___AIP3368H_DISPLAY_FUEL_FULL_LIG...         -----    -----
  +--> ?PR?AIP3368H_DISPLAY

?PR?_AIP3368H_DISPLAY_LEFT_TURN_LIGHT...         -----    -----
  +--> ?PR?AIP3368H_DISPLAY

?PR?_AIP3368H_DISPLAY_ENGINE_SPEED_SC...         6277H    0002H
  +--> ?PR?AIP3368H_DISPLAY

?PR?___AIP3368H_DISPLAY_SPEED_BIT_X__...         627DH    0003H
  +--> ?PR?AIP3368H_DISPLAY

?PR?___AIP3368H_DISPLAY_MILEAGE_BIT_X...         627AH    0003H
  +--> ?PR?AIP3368H_DISPLAY

?PR?___AIP3368H_DISPLAY_MILEAGE_TRIP_...         -----    -----
BL51 BANKED LINKER/LOCATER V6.22.4.0                                                  06/04/2026  17:44:21  PAGE 8


  +--> ?PR?AIP3368H_DISPLAY

?PR?___AIP3368H_DISPLAY_MILEAGE_POINT...         -----    -----
  +--> ?PR?AIP3368H_DISPLAY

?PR?___AIP3368H_DISPLAY_MILEAGE_UNIT_...         -----    -----
  +--> ?PR?AIP3368H_DISPLAY

?PR?___AIP3368H_DISPLAY_GEAR_DIGIT__?...         6274H    0003H
  +--> ?PR?AIP3368H_DISPLAY

?PR?_AIP3368H_DISPLAY_SPEED_UNIT_TYPE...         -----    -----
  +--> ?PR?___AIP3368H_DISPLAY_SPEED_UNIT_TY...

?PR?_AIP3368H_DISPLAY_MILEAGE_UNIT_TY...         -----    -----
  +--> ?PR?___AIP3368H_DISPLAY_MILEAGE_UNIT_...

?PR?AIP3368H_MODULE_DISPLAY?AIP3368              -----    -----
  +--> ?PR?AIP3368
  +--> ?PR?_AIP3368H_MODULE_SEND_DATA_TO_ALL...

?PR?UI_MANAGER_INIT?UI                           -----    -----
  +--> ?PR?UI_DISPLAY_REFRESH?UI

?PR?UI_DISPLAY_REFRESH?UI                        -----    -----
  +--> ?PR?UI
  +--> ?PR?_AIP3368H_DISPLAY_SPEED_BY_UNIT_T...
  +--> ?PR?_AIP3368H_DISPLAY_SPEED?AIP3368H_...
  +--> ?PR?AIP3368H_DISPLAY_MILEAGE_REFRESH?...
  +--> ?PR?_AIP3368H_DISPLAY_SPEED_UNIT_TYPE...
  +--> ?PR?_AIP3368H_DISPLAY_MILEAGE_UNIT_TY...

?PR?_AIP3368H_DISPLAY_SPEED_BY_UNIT_T...         6277H    0001H
  +--> ?PR?_AIP3368H_DISPLAY_SPEED?AIP3368H_...

?PR?_AIP3368H_DISPLAY_SPEED?AIP3368H_...         6278H    0005H
  +--> ?PR?___AIP3368H_DISPLAY_SPEED_SEG__?A...
  +--> ?PR?AIP3368H_DISPLAY
  +--> ?PR?___AIP3368H_DISPLAY_SPEED_BIT_X__...

?PR?AIP3368H_DISPLAY_MILEAGE_REFRESH?...         -----    -----
  +--> ?PR?MILEAGE
  +--> ?PR?_AIP3368H_DISPLAY_MILEAGE?AIP3368...

?PR?_AIP3368H_DISPLAY_MILEAGE?AIP3368...         6274H    0006H
  +--> ?PR?___AIP3368H_DISPLAY_MILEAGE_BIT_X...
  +--> ?PR?___AIP3368H_DISPLAY_MILEAGE_TOTAL...
  +--> ?PR?___AIP3368H_DISPLAY_MILEAGE_TRIP_...
  +--> ?PR?___AIP3368H_DISPLAY_MILEAGE_POINT...

?PR?PIN_LEVEL_SCAN?PIN_LEVEL_SCAN                -----    -----
  +--> ?PR?_AIP3368H_DISPLAY_GEAR?AIP3368H_D...
  +--> ?PR?_AIP3368H_DISPLAY_GEAR_LIGHT?AIP3...
  +--> ?PR?_AIP3368H_DISPLAY_ERR_LIGHT?AIP33...
  +--> ?PR?_AIP3368H_DISPLAY_LEFT_TURN_LIGHT...
  +--> ?PR?_AIP3368H_DISPLAY_RIGHT_TURN_LIGH...
  +--> ?PR?_AIP3368H_DISPLAY_LOW_BEAM_INDICA...
BL51 BANKED LINKER/LOCATER V6.22.4.0                                                  06/04/2026  17:44:21  PAGE 9


  +--> ?PR?_AIP3368H_DISPLAY_HIGH_BEAM_INDIC...

?PR?_AIP3368H_DISPLAY_GEAR?AIP3368H_D...         -----    -----
  +--> ?PR?___AIP3368H_DISPLAY_GEAR_N_LIGHT_...
  +--> ?PR?___AIP3368H_DISPLAY_GEAR_DIGIT__?...

?PR?_KEY_DRIVER_SCAN?KEY_DRIVER                  6274H    0002H
  +--> ?PR?KEY_DRIVER

?PR?IO_KEY_HANDLE?IO_KEY                         -----    -----
  +--> ?PR?___IO_KEY_GET_EVENT__?IO_KEY
  +--> ?PR?_BEEP_PLAY?BEEP
  +--> ?PR?INSTRUMENT_INFO_SAVE?INSTRUMENT
  +--> ?PR?_UI_SET_STATE?UI
  +--> ?PR?UI_DISPLAY_REFRESH?UI

?PR?___IO_KEY_GET_EVENT__?IO_KEY                 -----    -----
  +--> ?PR?IO_KEY

?PR?SPEED_SCAN?SPEED_SCAN                        6274H    0008H
  +--> ?PR?SPEED_SCAN

?PR?MILEAGE_SCAN?MILEAGE                         -----    -----
  +--> ?PR?INSTRUMENT_INFO_SAVE?INSTRUMENT
  +--> ?PR?MILEAGE

?PR?ENGINE_SPEED_SCAN?ENGINE_SPEED_SCAN          6274H    0004H
  +--> ?PR?ENGINE_SPEED_SCAN

?PR?FUEL_CAPACITY_SCAN?FUEL_CAPACITY             6274H    0004H
  +--> ?PR?FUEL_CAPACITY_ADC_VAL_GET?FUEL_CA...
  +--> ?PR?FUEL_CAPACITY
  +--> ?PR?___FUEL_VOLTAGE_SAMPLES_INIT__?FU...
  +--> ?PR?_FUEL_CAPACITY_CONVERT_VOLTAGE_TO...
  +--> ?PR?___FUEL_VOLTAGE_SAMPLES_UPDATE__?...
  +--> ?PR?__FUEL_VOLTAGE_SAMPLES_GET__?FUEL...
  +--> ?PR?_AIP3368H_DISPLAY_FUEL_LEVEL?AIP3...

?PR?FUEL_CAPACITY_ADC_VAL_GET?FUEL_CA...         6278H    0005H
  +--> ?PR?FUEL_CAPACITY

?PR?___FUEL_VOLTAGE_SAMPLES_INIT__?FU...         -----    -----
  +--> ?PR?FUEL_CAPACITY

?PR?___FUEL_VOLTAGE_SAMPLES_UPDATE__?...         -----    -----
  +--> ?PR?FUEL_CAPACITY

?PR?__FUEL_VOLTAGE_SAMPLES_GET__?FUEL...         6278H    0005H
  +--> ?PR?FUEL_CAPACITY

?PR?PHOTOSENSITIVE_SCAN?PHOTOSENSITIVE           -----    -----
  +--> ?PR?__PHOTOSENSITIVE_HANDLE__?PHOTOSE...

?PR?UI_DISPLAY_HANDLE?UI                         -----    -----
  +--> ?PR?UI
  +--> ?PR?___AIP3368H_DISPLAY_SPEED_UNIT_TY...
  +--> ?PR?___AIP3368H_DISPLAY_MILEAGE_UNIT_...
BL51 BANKED LINKER/LOCATER V6.22.4.0                                                  06/04/2026  17:44:21  PAGE 10


  +--> ?PR?___AIP3368H_DISPLAY_SPEED_BIT_X_C...
  +--> ?PR?_AIP3368H_DISPLAY_SPEED?AIP3368H_...
  +--> ?PR?_UI_SET_STATE?UI
  +--> ?PR?UI_DISPLAY_REFRESH?UI
  +--> ?PR?INSTRUMENT_INFO_SAVE?INSTRUMENT
  +--> ?PR?AIP3368H_DISPLAY_SPEED_HANDLE?SPE...
  +--> ?PR?AIP3368H_DISPLAY_MILEAGE_HANDLE?M...
  +--> ?PR?AIP3368H_DISPLAY_ENGINE_SPEED_HAN...
  +--> ?PR?AIP3368H_DISPLAY_ERR_HANDLE?AIP33...
  +--> ?PR?AIP3368H_MODULE_DISPLAY?AIP3368

?PR?___AIP3368H_DISPLAY_SPEED_BIT_X_C...         6274H    0002H
  +--> ?PR?AIP3368H_DISPLAY

?PR?AIP3368H_DISPLAY_SPEED_HANDLE?SPE...         6274H    0003H
  +--> ?PR?_AIP3368H_DISPLAY_SPEED_BY_UNIT_T...
  +--> ?PR?_SPEED_FILTER_INIT?SPEED_SCAN
  +--> ?PR?_AIP3368H_DISPLAY_SPEED_UNIT_TYPE...
  +--> ?PR?SPEED_SCAN
  +--> ?PR?_SPEED_FILTER_ADD?SPEED_SCAN
  +--> ?PR?SPEED_FILTER_GET_SPEED?SPEED_SCAN

?PR?_SPEED_FILTER_INIT?SPEED_SCAN                -----    -----
  +--> ?PR?SPEED_SCAN

?PR?_SPEED_FILTER_ADD?SPEED_SCAN                 -----    -----
  +--> ?PR?SPEED_SCAN

?PR?SPEED_FILTER_GET_SPEED?SPEED_SCAN            6277H    0007H
  +--> ?PR?SPEED_SCAN

?PR?AIP3368H_DISPLAY_MILEAGE_HANDLE?M...         -----    -----
  +--> ?PR?_AIP3368H_DISPLAY_MILEAGE_UNIT_TY...
  +--> ?PR?AIP3368H_DISPLAY_MILEAGE_REFRESH?...

?PR?AIP3368H_DISPLAY_ENGINE_SPEED_HAN...         6274H    0003H
  +--> ?PR?ENGINE_SPEED_GET_LEVEL?ENGINE_SPE...
  +--> ?PR?_AIP3368H_DISPLAY_ENGINE_SPEED_DI...
  +--> ?PR?_AIP3368H_DISPLAY_X1000RPM_LIGHT?...
  +--> ?PR?ENGINE_SPEED_SCAN
  +--> ?PR?_AIP3368H_DISPLAY_ENGINE_SPEED_SC...

?PR?AIP3368H_DISPLAY_ERR_HANDLE?AIP33...         -----    -----
  +--> ?PR?AIP3368H_DISPLAY

?C_INITSEG                                       -----    -----
  +--> ?PR?IO_KEY_GET_KEY_ID?IO_KEY

*** NEW ROOT ***************************************************

?PR?TIMR1_IRQHANDLER?TMR1                        -----    -----
  +--> ?PR?BEEP_HANDLE_1MS_ISR?BEEP
  +--> ?PR?TMR1
  +--> ?PR?FUEL_CAPACITY_SCAN_TIME_ADD?FUEL_...
  +--> ?PR?FUEL_LEV_UPDATE_TIME_ADD?FUEL_CAP...
  +--> ?PR?PHOTOSENSITIVE_SCAN_TIME_ADD?PHOT...
  +--> ?PR?ADC_CHANNEL_SWITCH_BY_ISR?ADC
BL51 BANKED LINKER/LOCATER V6.22.4.0                                                  06/04/2026  17:44:21  PAGE 11


  +--> ?PR?UI_TIMER_HANDLE_ISR?UI
  +--> ?PR?AIP3368H_DISPLAY_BOOT_ANIMATION_T...

?PR?ADC_CHANNEL_SWITCH_BY_ISR?ADC                -----    -----
  +--> ?PR?_ADC_CHANNEL_SET?ADC
  +--> ?PR?ADC

?PR?UI_TIMER_HANDLE_ISR?UI                       -----    -----
  +--> ?PR?AIP3368H_REFRESH_TIME_ADD?AIP3368
  +--> ?PR?AIP3368H_DISPLAY_SPEED_REFRESH_TI...
  +--> ?PR?AIP3368H_DISPLAY_ENGINE_SPEED_REF...
  +--> ?PR?AIP3368H_DISPLAY_ERR_HANDLE_TIME_...
  +--> ?PR?UI

?PR?AIP3368H_DISPLAY_ENGINE_SPEED_REF...         -----    -----
  +--> ?PR?ENGINE_SPEED_SCAN

?PR?AIP3368H_DISPLAY_ERR_HANDLE_TIME_...         -----    -----
  +--> ?PR?AIP3368H_DISPLAY

?PR?AIP3368H_DISPLAY_BOOT_ANIMATION_T...         -----    -----
  +--> ?PR?AIP3368H_DISPLAY

*** NEW ROOT ***************************************************

?PR?TIMR2_IRQHANDLER?TMR2                        -----    -----
  +--> ?PR?ENGINE_SPEED_SCAN_TIMER_50US_ISR?...
  +--> ?PR?SPEED_SCAN_TIMER_50US_ISR?SPEED_SCAN

?PR?ENGINE_SPEED_SCAN_TIMER_50US_ISR?...         -----    -----
  +--> ?PR?ENGINE_SPEED_SCAN
  +--> ?PR?UPDATE_ENGINE_SPEED_SCAN_DATA?ENG...

?PR?UPDATE_ENGINE_SPEED_SCAN_DATA?ENG...         -----    -----
  +--> ?PR?ENGINE_SPEED_SCAN

?PR?SPEED_SCAN_TIMER_50US_ISR?SPEED_SCAN         -----    -----
  +--> ?PR?SPEED_SCAN
  +--> ?PR?SPEED_SCAN_UPDATE_DATA?SPEED_SCAN

?PR?SPEED_SCAN_UPDATE_DATA?SPEED_SCAN            -----    -----
  +--> ?PR?SPEED_SCAN

*** NEW ROOT ***************************************************

?PR?ADC_IRQHANDLER?ADC                           6285H    0002H
  +--> ?PR?_FUEL_CAPACITY_ADC_VAL_SAMPLES_UP...
  +--> ?PR?_PHOTOSENSITIVE_DATA_PUT?PHOTOSEN...

?PR?_FUEL_CAPACITY_ADC_VAL_SAMPLES_UP...         -----    -----
  +--> ?PR?___FUEL_CAPACITY_ADC_VAL_SAMPLES_...
  +--> ?PR?FUEL_CAPACITY

?PR?___FUEL_CAPACITY_ADC_VAL_SAMPLES_...         -----    -----
  +--> ?PR?FUEL_CAPACITY

?PR?_PHOTOSENSITIVE_DATA_PUT?PHOTOSEN...         -----    -----
BL51 BANKED LINKER/LOCATER V6.22.4.0                                                  06/04/2026  17:44:21  PAGE 12


  +--> ?PR?_PHOTOSENSITIVE_DATA_INIT?PHOTOSE...
  +--> ?PR?PHOTOSENSITIVE

?PR?_PHOTOSENSITIVE_DATA_INIT?PHOTOSE...         -----    -----
  +--> ?PR?PHOTOSENSITIVE



SYMBOL TABLE OF MODULE:  .\Release\Objects\Project (?C_STARTUP)

  VALUE           TYPE          NAME
  ----------------------------------

  -------         MODULE        ?C_STARTUP
  C:1755H         SEGMENT       ?C_C51STARTUP
  I:0021H         SEGMENT       ?STACK
  C:0000H         PUBLIC        ?C_STARTUP
  D:00E0H         SYMBOL        ACC
  D:00F0H         SYMBOL        B
  D:0083H         SYMBOL        DPH
  D:0082H         SYMBOL        DPL
  N:0000H         SYMBOL        IBPSTACK
  N:0100H         SYMBOL        IBPSTACKTOP
  N:0080H         SYMBOL        IDATALEN
  C:1758H         SYMBOL        IDATALOOP
  N:0000H         SYMBOL        PBPSTACK
  N:0100H         SYMBOL        PBPSTACKTOP
  N:0000H         SYMBOL        PDATALEN
  N:0000H         SYMBOL        PDATASTART
  N:0000H         SYMBOL        PPAGE
  N:0000H         SYMBOL        PPAGEENABLE
  D:00A0H         SYMBOL        PPAGE_SFR
  D:0081H         SYMBOL        SP
  C:1755H         SYMBOL        STARTUP1
  N:0000H         SYMBOL        XBPSTACK
  N:0000H         SYMBOL        XBPSTACKTOP
  N:0700H         SYMBOL        XDATALEN
  C:1763H         SYMBOL        XDATALOOP
  N:6000H         SYMBOL        XDATASTART
  C:0000H         LINE#         126
  C:1755H         LINE#         133
  C:1757H         LINE#         134
  C:1758H         LINE#         135
  C:1759H         LINE#         136
  C:175BH         LINE#         140
  C:175EH         LINE#         141
  C:1760H         LINE#         145
  C:1762H         LINE#         147
  C:1763H         LINE#         148
  C:1764H         LINE#         149
  C:1765H         LINE#         150
  C:1767H         LINE#         151
  C:1769H         LINE#         185
  C:176CH         LINE#         196
  -------         ENDMOD        ?C_STARTUP

  -------         MODULE        SYSTEM
BL51 BANKED LINKER/LOCATER V6.22.4.0                                                  06/04/2026  17:44:21  PAGE 13


  C:0000H         SYMBOL        _ICE_DUMMY_
  D:00D9H         PUBLIC        WDT_KEY
  D:00A7H         PUBLIC        FLASH_TIMEREG0
  D:00ACH         PUBLIC        FLASH_TIMEREG1
  C:2D63H         PUBLIC        _delay
  C:0027H         PUBLIC        _delay_ms
  C:1245H         PUBLIC        system_init
  -------         PROC          _DELAY
  D:0006H         SYMBOL        cnt
  C:2D63H         LINE#         37
  C:2D63H         LINE#         38
  C:2D63H         LINE#         39
  C:2D6DH         LINE#         40
  C:2D6DH         LINE#         41
  C:2D6DH         LINE#         42
  -------         ENDPROC       _DELAY
  -------         PROC          _DELAY_MS
  D:0002H         SYMBOL        ms
  C:0027H         LINE#         49
  C:002BH         LINE#         50
  C:002BH         LINE#         51
  C:0035H         LINE#         52
  C:0035H         LINE#         53
  C:003CH         LINE#         54
  C:003FH         LINE#         55
  C:0041H         LINE#         56
  -------         ENDPROC       _DELAY_MS
  -------         PROC          SYSTEM_INIT
  -------         DO            
  D:0007H         SYMBOL        i
  -------         ENDDO         
  C:1245H         LINE#         63
  C:1245H         LINE#         64
  C:1245H         LINE#         67
  C:124CH         LINE#         68
  C:1259H         LINE#         69
  C:125CH         LINE#         72
  C:125FH         LINE#         73
  C:1265H         LINE#         74
  C:126BH         LINE#         75
  C:1271H         LINE#         76
  C:1277H         LINE#         77
  C:127EH         LINE#         81
  C:1280H         LINE#         82
  C:1280H         LINE#         83
  C:128DH         LINE#         84
  C:1292H         LINE#         86
  C:1320H         LINE#         87
  -------         ENDPROC       SYSTEM_INIT
  -------         ENDMOD        SYSTEM

  -------         MODULE        TK_SET
  C:0000H         SYMBOL        _ICE_DUMMY_
  -------         ENDMOD        TK_SET

  -------         MODULE        TMR1
  C:0000H         SYMBOL        _ICE_DUMMY_
BL51 BANKED LINKER/LOCATER V6.22.4.0                                                  06/04/2026  17:44:21  PAGE 14


  D:00A8H         PUBLIC        IE0
  D:00A9H         PUBLIC        IE1
  D:00AAH         PUBLIC        IE2
  D:00ABH         PUBLIC        IE3
  B:00A8H.7       PUBLIC        IE_EA
  D:00B8H         PUBLIC        IP0
  D:00B1H         PUBLIC        IP1
  D:00B2H         PUBLIC        IP2
  D:00B3H         PUBLIC        IP3
  D:00B4H         PUBLIC        IP4
  D:00B5H         PUBLIC        IP5
  D:00B6H         PUBLIC        IP6
  D:00B7H         PUBLIC        IP7
  D:00D1H         PUBLIC        TMR_ALLCON
  C:24D6H         PUBLIC        tmr1_config
  C:1ACBH         PUBLIC        TIMR1_IRQHandler
  C:000FH         SYMBOL        Com0045
  C:000FH         SYMBOL        L?0070
  -------         PROC          COM0045
  -------         ENDPROC       COM0045
  -------         PROC          TMR1_CONFIG
  C:24D6H         LINE#         10
  C:24D6H         LINE#         11
  C:24D6H         LINE#         12
  C:24DCH         LINE#         13
  C:24DFH         LINE#         14
  C:24E1H         LINE#         16
  C:24E4H         LINE#         19
  C:24EAH         LINE#         20
  C:24EEH         LINE#         21
  C:24F2H         LINE#         22
  C:24F6H         LINE#         24
  C:24FBH         LINE#         25
  C:24FFH         LINE#         28
  C:2504H         LINE#         29
  C:2508H         LINE#         35
  C:250EH         LINE#         36
  C:2512H         LINE#         38
  C:2515H         LINE#         40
  -------         ENDPROC       TMR1_CONFIG
  -------         PROC          TIMR1_IRQHANDLER
  C:1ACBH         LINE#         43
  C:1AE8H         LINE#         46
  C:1AE8H         LINE#         51
  C:1AEEH         LINE#         52
  C:1AEEH         LINE#         53
  C:1AF2H         LINE#         55
  C:1AF5H         LINE#         57
  C:1AFDH         LINE#         58
  C:1AFDH         LINE#         59
  C:1B07H         LINE#         60
  C:1B07H         LINE#         62
  C:1B0FH         LINE#         63
  C:1B0FH         LINE#         64
  C:1B19H         LINE#         65
  C:1B19H         LINE#         67
  C:1B22H         LINE#         68
BL51 BANKED LINKER/LOCATER V6.22.4.0                                                  06/04/2026  17:44:21  PAGE 15


  C:1B22H         LINE#         69
  C:1B25H         LINE#         70
  C:1B25H         LINE#         73
  C:1B28H         LINE#         74
  C:1B2BH         LINE#         76
  C:1B2EH         LINE#         78
  C:1B31H         LINE#         79
  C:1B34H         LINE#         85
  C:1B37H         LINE#         118
  C:1B37H         LINE#         121
  C:1B37H         LINE#         122
  -------         ENDPROC       TIMR1_IRQHANDLER
  -------         ENDMOD        TMR1

  -------         MODULE        TMR2
  C:0000H         SYMBOL        _ICE_DUMMY_
  D:00A8H         PUBLIC        IE0
  D:00A9H         PUBLIC        IE1
  D:00AAH         PUBLIC        IE2
  D:00ABH         PUBLIC        IE3
  B:00A8H.7       PUBLIC        IE_EA
  D:00B8H         PUBLIC        IP0
  D:00B1H         PUBLIC        IP1
  D:00B2H         PUBLIC        IP2
  D:00B3H         PUBLIC        IP3
  D:00B4H         PUBLIC        IP4
  D:00B5H         PUBLIC        IP5
  D:00B6H         PUBLIC        IP6
  D:00B7H         PUBLIC        IP7
  D:00D1H         PUBLIC        TMR_ALLCON
  C:2797H         PUBLIC        tmr2_config
  C:2336H         PUBLIC        TIMR2_IRQHandler
  -------         PROC          TMR2_CONFIG
  C:2797H         LINE#         15
  C:2797H         LINE#         16
  C:2797H         LINE#         17
  C:279DH         LINE#         18
  C:27A0H         LINE#         19
  C:27A2H         LINE#         22
  C:27A5H         LINE#         25
  C:27ABH         LINE#         26
  C:27B1H         LINE#         28
  C:27B8H         LINE#         29
  C:27BCH         LINE#         31
  C:27C2H         LINE#         34
  C:27C6H         LINE#         38
  C:27C9H         LINE#         39
  -------         ENDPROC       TMR2_CONFIG
  -------         PROC          TIMR2_IRQHANDLER
  C:2336H         LINE#         42
  C:2353H         LINE#         45
  C:2353H         LINE#         49
  C:235AH         LINE#         50
  C:235AH         LINE#         51
  C:235EH         LINE#         54
  C:2361H         LINE#         58
  C:2364H         LINE#         60
BL51 BANKED LINKER/LOCATER V6.22.4.0                                                  06/04/2026  17:44:21  PAGE 16


  C:2364H         LINE#         63
  C:2364H         LINE#         64
  -------         ENDPROC       TIMR2_IRQHANDLER
  -------         ENDMOD        TMR2

  -------         MODULE        UART0
  C:0000H         SYMBOL        _ICE_DUMMY_
  -------         ENDMOD        UART0

  -------         MODULE        ADC
  C:0000H         SYMBOL        _ICE_DUMMY_
  D:00A8H         PUBLIC        IE0
  D:00A9H         PUBLIC        IE1
  D:00AAH         PUBLIC        IE2
  D:00ABH         PUBLIC        IE3
  B:00A8H.7       PUBLIC        IE_EA
  D:00B8H         PUBLIC        IP0
  D:00B1H         PUBLIC        IP1
  D:00B2H         PUBLIC        IP2
  D:00B3H         PUBLIC        IP3
  D:00B4H         PUBLIC        IP4
  D:00B5H         PUBLIC        IP5
  D:00B6H         PUBLIC        IP6
  D:00B7H         PUBLIC        IP7
  D:0091H         PUBLIC        ADC_CFG2
  D:0093H         PUBLIC        ADC_DATAH0
  D:0094H         PUBLIC        ADC_DATAL0
  D:0099H         PUBLIC        ADC_CHS0
  D:009EH         PUBLIC        ADC_TRGS0
  X:629CH         PUBLIC        adc_val
  C:28E0H         PUBLIC        adc_config
  C:282EH         PUBLIC        _adc_channel_set
  C:264CH         PUBLIC        adc_channel_switch_by_isr
  X:629EH         SYMBOL        adc_channel_status
  C:1C5BH         PUBLIC        ADC_IRQHandler
  C:2D6EH         SYMBOL        Com0035
  C:2D6EH         SYMBOL        L?0054
  -------         PROC          COM0035
  -------         ENDPROC       COM0035
  -------         PROC          ADC_CONFIG
  C:28E0H         LINE#         10
  C:28E0H         LINE#         11
  C:28E0H         LINE#         14
  C:28E6H         LINE#         18
  C:28ECH         LINE#         20
  C:28F2H         LINE#         22
  C:28F5H         LINE#         24
  C:28FBH         LINE#         28
  C:28FEH         LINE#         29
  C:2901H         LINE#         30
  C:2904H         LINE#         31
  C:2906H         LINE#         34
  -------         ENDPROC       ADC_CONFIG
  -------         PROC          _ADC_CHANNEL_SET
  D:0007H         SYMBOL        adc_channel
  C:282EH         LINE#         37
  C:282EH         LINE#         38
BL51 BANKED LINKER/LOCATER V6.22.4.0                                                  06/04/2026  17:44:21  PAGE 17


  C:282EH         LINE#         39
  C:2831H         LINE#         45
  C:2839H         LINE#         46
  C:2839H         LINE#         50
  C:2839H         LINE#         51
  C:2840H         LINE#         53
  C:2844H         LINE#         56
  C:2847H         LINE#         57
  C:2849H         LINE#         60
  C:2849H         LINE#         61
  C:2850H         LINE#         63
  C:2854H         LINE#         66
  C:2857H         LINE#         67
  C:2857H         LINE#         68
  C:2857H         LINE#         70
  C:285DH         LINE#         73
  -------         ENDPROC       _ADC_CHANNEL_SET
  -------         PROC          ADC_CHANNEL_SWITCH_BY_ISR
  C:264CH         LINE#         116
  C:264CH         LINE#         117
  C:264CH         LINE#         118
  C:2660H         LINE#         119
  C:2660H         LINE#         120
  C:2660H         LINE#         121
  C:2660H         LINE#         122
  C:2665H         LINE#         123
  C:266BH         LINE#         124
  C:266CH         LINE#         125
  C:266CH         LINE#         126
  C:266CH         LINE#         127
  C:2672H         LINE#         128
  C:2673H         LINE#         129
  C:2673H         LINE#         130
  C:2678H         LINE#         131
  C:267EH         LINE#         132
  C:267FH         LINE#         133
  C:267FH         LINE#         134
  C:267FH         LINE#         135
  C:2685H         LINE#         136
  C:2685H         LINE#         137
  C:2685H         LINE#         138
  C:2685H         LINE#         139
  C:2685H         LINE#         140
  -------         ENDPROC       ADC_CHANNEL_SWITCH_BY_ISR
  -------         PROC          ADC_IRQHANDLER
  -------         DO            
  X:6285H         SYMBOL        adc_val
  -------         ENDDO         
  C:1C5BH         LINE#         142
  C:1C78H         LINE#         147
  C:1C78H         LINE#         150
  C:1C7EH         LINE#         151
  C:1C7EH         LINE#         152
  C:1C82H         LINE#         153
  C:1C9CH         LINE#         155
  C:1CA8H         LINE#         156
  C:1CA8H         LINE#         161
BL51 BANKED LINKER/LOCATER V6.22.4.0                                                  06/04/2026  17:44:21  PAGE 18


  C:1CA8H         LINE#         162
  C:1CB3H         LINE#         163
  C:1CB5H         LINE#         165
  C:1CB5H         LINE#         166
  C:1CC0H         LINE#         167
  C:1CC0H         LINE#         168
  C:1CC0H         LINE#         169
  C:1CC0H         LINE#         172
  C:1CC0H         LINE#         173
  -------         ENDPROC       ADC_IRQHANDLER
  -------         ENDMOD        ADC

  -------         MODULE        KEY_DRIVER
  C:0000H         SYMBOL        _ICE_DUMMY_
  C:0C6AH         PUBLIC        _key_driver_scan
  X:6298H         SYMBOL        is_key_active
  X:6299H         PUBLIC        scan_para
  C:29BCH         SYMBOL        Com0021
  C:29BCH         SYMBOL        L?0034
  C:29BFH         SYMBOL        L?0035
  C:29C0H         SYMBOL        L?0036
  C:29C6H         SYMBOL        L?0037
  C:29C9H         SYMBOL        L?0038
  C:29CDH         SYMBOL        L?0039
  C:29D3H         SYMBOL        L?0040
  C:29D6H         SYMBOL        L?0041
  -------         PROC          COM0021
  -------         ENDPROC       COM0021
  -------         PROC          _KEY_DRIVER_SCAN
  D:0001H         SYMBOL        _scan_para
  -------         DO            
  X:6274H         SYMBOL        key_event
  D:0007H         SYMBOL        cur_key_value
  X:6275H         SYMBOL        key_value
  C:0DD2H         SYMBOL        _notify
  C:0DF2H         SYMBOL        _scan_end
  -------         ENDDO         
  C:0C6AH         LINE#         19
  C:0C6AH         LINE#         21
  C:0C6AH         LINE#         26
  C:0C6FH         LINE#         27
  C:0C71H         LINE#         28
  C:0C75H         LINE#         32
  C:0C7BH         LINE#         35
  C:0C8EH         LINE#         36
  C:0C8EH         LINE#         38
  C:0C8EH         LINE#         40
  C:0C98H         LINE#         42
  C:0CA1H         LINE#         48
  C:0CA5H         LINE#         49
  C:0CA5H         LINE#         50
  C:0CABH         LINE#         51
  C:0CADH         LINE#         52
  C:0CB3H         LINE#         53
  C:0CB3H         LINE#         54
  C:0CB6H         LINE#         55
  C:0CB6H         LINE#         85
BL51 BANKED LINKER/LOCATER V6.22.4.0                                                  06/04/2026  17:44:21  PAGE 19


  C:0CCAH         LINE#         86
  C:0CCAH         LINE#         88
  C:0CD1H         LINE#         89
  C:0CD7H         LINE#         91
  C:0CD7H         LINE#         94
  C:0CE8H         LINE#         95
  C:0CE8H         LINE#         96
  C:0CF3H         LINE#         98
  C:0CF3H         LINE#         101
  C:0CFFH         LINE#         102
  C:0CFFH         LINE#         109
  C:0D03H         LINE#         110
  C:0D03H         LINE#         111
  C:0D0AH         LINE#         112
  C:0D0AH         LINE#         113
  C:0D0CH         LINE#         114
  C:0D12H         LINE#         115
  C:0D14H         LINE#         117
  C:0D14H         LINE#         120
  C:0D14H         LINE#         121
  C:0D1CH         LINE#         122
  C:0D1CH         LINE#         123
  C:0D1FH         LINE#         125
  C:0D1FH         LINE#         130
  C:0D27H         LINE#         131
  C:0D33H         LINE#         132
  C:0D33H         LINE#         133
  C:0D38H         LINE#         134
  C:0D3CH         LINE#         135
  C:0D3FH         LINE#         137
  C:0D3FH         LINE#         138
  C:0D45H         LINE#         139
  C:0D45H         LINE#         140
  C:0D45H         LINE#         142
  C:0D47H         LINE#         147
  C:0D47H         LINE#         149
  C:0D47H         LINE#         154
  C:0D4BH         LINE#         155
  C:0D4BH         LINE#         157
  C:0D5CH         LINE#         158
  C:0D5CH         LINE#         162
  C:0D6DH         LINE#         163
  C:0D6DH         LINE#         183
  C:0D6DH         LINE#         184
  C:0D6FH         LINE#         186
  C:0D6FH         LINE#         187
  C:0D7CH         LINE#         189
  C:0D7EH         LINE#         191
  C:0D7EH         LINE#         193
  C:0D7EH         LINE#         194
  C:0D89H         LINE#         195
  C:0D8CH         LINE#         197
  C:0D8CH         LINE#         198
  C:0D8CH         LINE#         200
  C:0D8CH         LINE#         201
  C:0D8CH         LINE#         203
  C:0D8CH         LINE#         204
BL51 BANKED LINKER/LOCATER V6.22.4.0                                                  06/04/2026  17:44:21  PAGE 20


  C:0D8CH         LINE#         206
  C:0D8CH         LINE#         208
  C:0D97H         LINE#         209
  C:0D97H         LINE#         210
  C:0D9FH         LINE#         211
  C:0D9FH         LINE#         215
  C:0DA5H         LINE#         216
  C:0DA5H         LINE#         217
  C:0DABH         LINE#         222
  C:0DADH         LINE#         223
  C:0DB9H         LINE#         224
  C:0DB9H         LINE#         225
  C:0DBEH         LINE#         226
  C:0DCDH         LINE#         228
  C:0DCDH         LINE#         230
  C:0DCDH         LINE#         231
  C:0DCDH         LINE#         233
  C:0DCDH         LINE#         236
  C:0DD2H         LINE#         237
  C:0DD2H         LINE#         239
  C:0DD2H         LINE#         240
  C:0DD2H         LINE#         242
  C:0DD2H         LINE#         245
  C:0DD2H         LINE#         247
  C:0DD2H         LINE#         248
  C:0DD6H         LINE#         249
  C:0DDEH         LINE#         251
  C:0DE8H         LINE#         252
  C:0DF2H         LINE#         255
  C:0DF2H         LINE#         264
  C:0DF2H         LINE#         266
  C:0DF2H         LINE#         267
  C:0DFCH         LINE#         270
  -------         ENDPROC       _KEY_DRIVER_SCAN
  -------         ENDMOD        KEY_DRIVER

  -------         MODULE        USER_FLASH
  C:0000H         SYMBOL        _ICE_DUMMY_
  D:00A4H         PUBLIC        FLASH_CON
  D:00A5H         PUBLIC        FLASH_STA
  D:00A6H         PUBLIC        FLASH_DATA
  D:00AEH         PUBLIC        FLASH_PASSWORD
  D:00AFH         PUBLIC        FLASH_ADDR
  C:2C5CH         PUBLIC        _flash_erase_sector
  C:26F7H         PUBLIC        _flash_program
  C:2763H         PUBLIC        _flash_read
  -------         PROC          _FLASH_ERASE_SECTOR
  D:0007H         SYMBOL        addr
  C:2C5CH         LINE#         9
  C:2C5CH         LINE#         10
  C:2C5CH         LINE#         11
  C:2C5FH         LINE#         12
  C:2C61H         LINE#         13
  C:2C64H         LINE#         14
  C:2C67H         LINE#         16
  C:2C6CH         LINE#         18
  -------         ENDPROC       _FLASH_ERASE_SECTOR
BL51 BANKED LINKER/LOCATER V6.22.4.0                                                  06/04/2026  17:44:21  PAGE 21


  -------         PROC          _FLASH_PROGRAM
  D:0007H         SYMBOL        addr
  X:6281H         SYMBOL        p_data
  X:6284H         SYMBOL        len
  C:26F7H         LINE#         27
  C:26FDH         LINE#         28
  C:26FDH         LINE#         29
  C:2700H         LINE#         30
  C:2702H         LINE#         32
  C:270BH         LINE#         33
  C:270BH         LINE#         34
  C:2710H         LINE#         36
  C:271FH         LINE#         37
  C:2722H         LINE#         38
  C:2725H         LINE#         40
  C:272BH         LINE#         41
  C:272DH         LINE#         42
  -------         ENDPROC       _FLASH_PROGRAM
  -------         PROC          _FLASH_READ
  D:0007H         SYMBOL        addr
  X:6281H         SYMBOL        p_data
  X:6284H         SYMBOL        len
  C:2763H         LINE#         51
  C:2769H         LINE#         52
  C:2769H         LINE#         53
  C:276FH         LINE#         54
  C:276FH         LINE#         55
  C:278EH         LINE#         56
  C:2794H         LINE#         57
  C:2796H         LINE#         58
  -------         ENDPROC       _FLASH_READ
  -------         ENDMOD        USER_FLASH

  -------         MODULE        AIP3368
  C:0000H         SYMBOL        _ICE_DUMMY_
  X:621AH         PUBLIC        aip3368h_display_buff
  C:2B28H         PUBLIC        aip3368h_refresh_time_add
  C:1BD7H         PUBLIC        aip3368h_module_init
  C:2A3CH         PUBLIC        aip3368h_module_display
  C:27FDH         PUBLIC        _aip3368h_module_set_brightness
  B:0080H.3       PUBLIC        P03
  B:0090H.1       PUBLIC        P11
  B:0090H.2       PUBLIC        P12
  X:6230H         SYMBOL        aip3368h_refresh_cnt
  C:27CAH         SYMBOL        _aip3368h_module_send_data_to_one_dev
  C:2494H         SYMBOL        _aip3368h_module_send_data_to_all_dev
  C:2D89H         SYMBOL        Com0013
  C:2D89H         SYMBOL        L?0020
  C:2D89H         SYMBOL        L?0021
  -------         PROC          COM0013
  -------         ENDPROC       COM0013
  -------         PROC          AIP3368H_REFRESH_TIME_ADD
  C:2B28H         LINE#         14
  C:2B28H         LINE#         15
  C:2B28H         LINE#         17
  C:2B37H         LINE#         18
  C:2B37H         LINE#         19
BL51 BANKED LINKER/LOCATER V6.22.4.0                                                  06/04/2026  17:44:21  PAGE 22


  C:2B3EH         LINE#         20
  C:2B3EH         LINE#         21
  -------         ENDPROC       AIP3368H_REFRESH_TIME_ADD
  -------         PROC          _AIP3368H_MODULE_SEND_DATA_TO_ONE_DEV
  D:0006H         SYMBOL        dat
  -------         DO            
  X:6278H         SYMBOL        i
  -------         ENDDO         
  C:27CAH         LINE#         23
  C:27CAH         LINE#         24
  C:27CAH         LINE#         28
  C:27D1H         LINE#         29
  C:27D1H         LINE#         30
  C:27DBH         LINE#         33
  C:27DDH         LINE#         35
  C:27E4H         LINE#         36
  C:27E6H         LINE#         38
  C:27FCH         LINE#         40
  -------         ENDPROC       _AIP3368H_MODULE_SEND_DATA_TO_ONE_DEV
  -------         PROC          _AIP3368H_MODULE_SEND_DATA_TO_ALL_DEV
  X:6274H         SYMBOL        buff
  D:0005H         SYMBOL        len
  -------         DO            
  X:6277H         SYMBOL        i
  -------         ENDDO         
  C:2494H         LINE#         42
  C:249AH         LINE#         43
  C:249AH         LINE#         48
  C:249CH         LINE#         49
  C:249EH         LINE#         54
  C:24ABH         LINE#         55
  C:24ABH         LINE#         56
  C:24C7H         LINE#         57
  C:24CFH         LINE#         61
  C:24D1H         LINE#         63
  C:24D3H         LINE#         66
  C:24D5H         LINE#         69
  -------         ENDPROC       _AIP3368H_MODULE_SEND_DATA_TO_ALL_DEV
  -------         PROC          AIP3368H_MODULE_DISPLAY
  C:2A3CH         LINE#         73
  C:2A3CH         LINE#         74
  C:2A3CH         LINE#         79
  C:2A4BH         LINE#         80
  C:2A4BH         LINE#         82
  C:2A4BH         LINE#         84
  C:2A4BH         LINE#         85
  C:2A4FH         LINE#         86
  C:2A4FH         LINE#         96
  C:2A57H         LINE#         97
  -------         ENDPROC       AIP3368H_MODULE_DISPLAY
  -------         PROC          AIP3368H_MODULE_INIT
  C:1BD7H         LINE#         105
  C:1BD7H         LINE#         106
  C:1BD7H         LINE#         109
  C:1BE3H         LINE#         112
  C:1BE9H         LINE#         113
  C:1BEDH         LINE#         114
BL51 BANKED LINKER/LOCATER V6.22.4.0                                                  06/04/2026  17:44:21  PAGE 23


  C:1BF2H         LINE#         116
  C:1BF6H         LINE#         117
  C:1BFAH         LINE#         118
  C:1BFDH         LINE#         120
  C:1C03H         LINE#         121
  C:1C07H         LINE#         122
  C:1C0CH         LINE#         125
  C:1C10H         LINE#         126
  C:1C14H         LINE#         127
  C:1C1AH         LINE#         131
  C:1C1EH         LINE#         132
  C:1C23H         LINE#         133
  C:1C27H         LINE#         134
  C:1C2BH         LINE#         135
  C:1C2DH         LINE#         137
  C:1C30H         LINE#         138
  C:1C35H         LINE#         139
  C:1C3BH         LINE#         140
  C:1C41H         LINE#         141
  C:1C47H         LINE#         142
  C:1C4DH         LINE#         144
  C:1C4FH         LINE#         145
  C:1C51H         LINE#         146
  C:1C53H         LINE#         148
  -------         ENDPROC       AIP3368H_MODULE_INIT
  -------         PROC          _AIP3368H_MODULE_SET_BRIGHTNESS
  D:0007H         SYMBOL        brightness
  -------         DO            
  D:0004H         SYMBOL        channel_duty
  -------         ENDDO         
  C:27FDH         LINE#         159
  C:27FDH         LINE#         160
  C:27FDH         LINE#         162
  C:2820H         LINE#         164
  C:2824H         LINE#         165
  C:2827H         LINE#         166
  C:282DH         LINE#         167
  -------         ENDPROC       _AIP3368H_MODULE_SET_BRIGHTNESS
  -------         ENDMOD        AIP3368

  -------         MODULE        BEEP
  C:0000H         SYMBOL        _ICE_DUMMY_
  B:00A0H.4       PUBLIC        P24
  C:2C14H         PUBLIC        beep_init
  C:2C8EH         PUBLIC        _beep_play
  C:299AH         PUBLIC        beep_handle_1ms_isr
  X:629FH         SYMBOL        beep_time_cnt
  X:62A0H         SYMBOL        is_beep_enable
  -------         PROC          BEEP_INIT
  C:2C14H         LINE#         7
  C:2C14H         LINE#         8
  C:2C14H         LINE#         10
  C:2C1AH         LINE#         11
  C:2C1EH         LINE#         12
  C:2C23H         LINE#         13
  C:2C25H         LINE#         14
  -------         ENDPROC       BEEP_INIT
BL51 BANKED LINKER/LOCATER V6.22.4.0                                                  06/04/2026  17:44:21  PAGE 24


  -------         PROC          _BEEP_PLAY
  D:0007H         SYMBOL        beep_time
  C:2C8EH         LINE#         20
  C:2C8EH         LINE#         21
  C:2C8EH         LINE#         22
  C:2C93H         LINE#         23
  C:2C98H         LINE#         24
  C:2C9CH         LINE#         25
  -------         ENDPROC       _BEEP_PLAY
  -------         PROC          BEEP_HANDLE_1MS_ISR
  C:299AH         LINE#         27
  C:299AH         LINE#         28
  C:299AH         LINE#         29
  C:29A0H         LINE#         30
  C:29A0H         LINE#         31
  C:29A6H         LINE#         32
  C:29A6H         LINE#         33
  C:29A9H         LINE#         34
  C:29ABH         LINE#         35
  C:29ACH         LINE#         37
  C:29ACH         LINE#         38
  C:29AEH         LINE#         39
  C:29B3H         LINE#         40
  C:29B3H         LINE#         41
  C:29B4H         LINE#         43
  C:29B4H         LINE#         44
  C:29B6H         LINE#         45
  C:29BBH         LINE#         46
  C:29BBH         LINE#         47
  -------         ENDPROC       BEEP_HANDLE_1MS_ISR
  -------         ENDMOD        BEEP

  -------         MODULE        PHOTOSENSITIVE
  C:0000H         SYMBOL        _ICE_DUMMY_
  C:2C6DH         PUBLIC        _photosensitive_data_init
  C:2907H         PUBLIC        _photosensitive_data_put
  C:2145H         PUBLIC        photosensitive_data_get
  C:2B3FH         PUBLIC        photosensitive_scan_time_add
  C:2B56H         PUBLIC        photosensitive_scan
  C:2D96H         PUBLIC        photosensitive_init
  X:61EFH         SYMBOL        photosensitive_scan_period_cnt
  X:61F1H         SYMBOL        photosensitive_adc_val_samples
  X:6219H         SYMBOL        photosensitive_adc_val_sample_index
  C:1888H         PUBLIC        __photosensitive_handle__
  C:2D4BH         SYMBOL        Com0017
  C:2D4BH         SYMBOL        L?0024
  C:2D4BH         SYMBOL        L?0025
  -------         PROC          COM0017
  -------         ENDPROC       COM0017
  -------         PROC          _PHOTOSENSITIVE_DATA_INIT
  D:0006H         SYMBOL        adc_val
  -------         DO            
  D:0005H         SYMBOL        i
  -------         ENDDO         
  C:2C6DH         LINE#         12
  C:2C6DH         LINE#         13
  C:2C6DH         LINE#         14
BL51 BANKED LINKER/LOCATER V6.22.4.0                                                  06/04/2026  17:44:21  PAGE 25


  C:2C6FH         LINE#         15
  C:2C6FH         LINE#         16
  C:2C6FH         LINE#         17
  C:2C78H         LINE#         18
  C:2C7DH         LINE#         19
  -------         ENDPROC       _PHOTOSENSITIVE_DATA_INIT
  -------         PROC          _PHOTOSENSITIVE_DATA_PUT
  D:0006H         SYMBOL        adc_val
  -------         DO            
  X:61EEH         SYMBOL        is_initialized
  -------         ENDDO         
  C:2907H         LINE#         21
  C:2907H         LINE#         22
  C:2907H         LINE#         24
  C:290DH         LINE#         25
  C:290DH         LINE#         26
  C:290FH         LINE#         27
  C:2912H         LINE#         29
  C:2912H         LINE#         31
  C:291EH         LINE#         33
  C:2924H         LINE#         34
  C:292AH         LINE#         35
  C:292AH         LINE#         36
  C:292CH         LINE#         37
  C:292CH         LINE#         38
  -------         ENDPROC       _PHOTOSENSITIVE_DATA_PUT
  -------         PROC          PHOTOSENSITIVE_DATA_GET
  -------         DO            
  X:6277H         SYMBOL        i
  X:6278H         SYMBOL        ret
  -------         ENDDO         
  C:2145H         LINE#         40
  C:2145H         LINE#         41
  C:2145H         LINE#         42
  C:214AH         LINE#         43
  C:2152H         LINE#         44
  C:2157H         LINE#         45
  C:2157H         LINE#         46
  C:2175H         LINE#         47
  C:217FH         LINE#         49
  C:2194H         LINE#         51
  -------         ENDPROC       PHOTOSENSITIVE_DATA_GET
  -------         PROC          PHOTOSENSITIVE_SCAN_TIME_ADD
  C:2B3FH         LINE#         55
  C:2B3FH         LINE#         56
  C:2B3FH         LINE#         57
  C:2B4EH         LINE#         58
  C:2B4EH         LINE#         59
  C:2B55H         LINE#         60
  C:2B55H         LINE#         61
  -------         ENDPROC       PHOTOSENSITIVE_SCAN_TIME_ADD
  -------         PROC          __PHOTOSENSITIVE_HANDLE__
  -------         DO            
  D:0006H         SYMBOL        adc_val
  X:6274H         SYMBOL        check_point_voltage
  X:6276H         SYMBOL        brightness
  -------         ENDDO         
BL51 BANKED LINKER/LOCATER V6.22.4.0                                                  06/04/2026  17:44:21  PAGE 26


  C:1888H         LINE#         63
  C:1888H         LINE#         64
  C:1888H         LINE#         65
  C:188BH         LINE#         66
  C:1891H         LINE#         69
  C:1894H         LINE#         70
  C:18ACH         LINE#         98
  C:18C4H         LINE#         99
  C:18C4H         LINE#         112
  C:18EEH         LINE#         113
  C:18F0H         LINE#         114
  C:1900H         LINE#         115
  C:1900H         LINE#         117
  C:1904H         LINE#         118
  C:1906H         LINE#         119
  C:190FH         LINE#         120
  C:190FH         LINE#         122
  C:1915H         LINE#         123
  C:1915H         LINE#         129
  -------         ENDPROC       __PHOTOSENSITIVE_HANDLE__
  -------         PROC          PHOTOSENSITIVE_SCAN
  C:2B56H         LINE#         132
  C:2B56H         LINE#         133
  C:2B56H         LINE#         135
  C:2B65H         LINE#         136
  C:2B65H         LINE#         137
  C:2B69H         LINE#         138
  C:2B6CH         LINE#         139
  C:2B6CH         LINE#         140
  -------         ENDPROC       PHOTOSENSITIVE_SCAN
  -------         PROC          PHOTOSENSITIVE_INIT
  C:2D96H         LINE#         142
  C:2D96H         LINE#         143
  C:2D96H         LINE#         145
  -------         ENDPROC       PHOTOSENSITIVE_INIT
  -------         ENDMOD        PHOTOSENSITIVE

  -------         MODULE        MAIN
  C:0000H         SYMBOL        _ICE_DUMMY_
  D:00D9H         PUBLIC        WDT_KEY
  C:285EH         PUBLIC        user_init
  C:2516H         PUBLIC        main
  -------         PROC          USER_INIT
  C:285EH         LINE#         33
  C:285EH         LINE#         34
  C:285EH         LINE#         41
  C:2861H         LINE#         44
  C:2864H         LINE#         48
  C:2867H         LINE#         52
  C:286AH         LINE#         56
  C:286DH         LINE#         60
  C:2870H         LINE#         63
  C:2873H         LINE#         64
  C:2876H         LINE#         66
  C:2879H         LINE#         67
  C:287CH         LINE#         69
  C:2881H         LINE#         70
BL51 BANKED LINKER/LOCATER V6.22.4.0                                                  06/04/2026  17:44:21  PAGE 27


  C:2888H         LINE#         73
  -------         ENDPROC       USER_INIT
  -------         PROC          MAIN
  C:2516H         LINE#         76
  C:2516H         LINE#         77
  C:2516H         LINE#         79
  C:2519H         LINE#         84
  C:251CH         LINE#         85
  C:2523H         LINE#         86
  C:2526H         LINE#         89
  C:2529H         LINE#         93
  C:252CH         LINE#         98
  C:252FH         LINE#         105
  C:252FH         LINE#         106
  C:252FH         LINE#         110
  C:2532H         LINE#         115
  C:2535H         LINE#         119
  C:253EH         LINE#         120
  C:2541H         LINE#         124
  C:2544H         LINE#         126
  C:2547H         LINE#         129
  C:254AH         LINE#         133
  C:254DH         LINE#         136
  C:2550H         LINE#         138
  C:2553H         LINE#         140
  -------         ENDPROC       MAIN
  -------         ENDMOD        MAIN

  -------         MODULE        PIN_LEVEL_SCAN
  C:0000H         SYMBOL        _ICE_DUMMY_
  B:0080H.6       PUBLIC        P06
  B:0080H.7       PUBLIC        P07
  B:0090H.0       PUBLIC        P10
  B:0090H.3       PUBLIC        P13
  B:0090H.4       PUBLIC        P14
  B:00A0H.1       PUBLIC        P21
  B:00A0H.2       PUBLIC        P22
  B:00A0H.3       PUBLIC        P23
  B:00A0H.5       PUBLIC        P25
  B:00A0H.6       PUBLIC        P26
  B:00A0H.7       PUBLIC        P27
  B:00B0H.0       PUBLIC        P30
  C:1F3BH         PUBLIC        pin_level_scan_config
  C:17EFH         PUBLIC        pin_level_scan
  -------         PROC          PIN_LEVEL_SCAN_CONFIG
  C:1F3BH         LINE#         4
  C:1F3BH         LINE#         5
  C:1F3BH         LINE#         7
  C:1F41H         LINE#         8
  C:1F47H         LINE#         11
  C:1F4DH         LINE#         12
  C:1F53H         LINE#         15
  C:1F59H         LINE#         16
  C:1F5FH         LINE#         19
  C:1F65H         LINE#         20
  C:1F6BH         LINE#         23
  C:1F71H         LINE#         24
BL51 BANKED LINKER/LOCATER V6.22.4.0                                                  06/04/2026  17:44:21  PAGE 28


  C:1F77H         LINE#         27
  C:1F7DH         LINE#         28
  C:1F83H         LINE#         31
  C:1F89H         LINE#         32
  C:1F8FH         LINE#         35
  C:1F95H         LINE#         36
  C:1F9BH         LINE#         39
  C:1FA0H         LINE#         42
  C:1FA4H         LINE#         45
  C:1FA9H         LINE#         48
  C:1FAEH         LINE#         49
  -------         ENDPROC       PIN_LEVEL_SCAN_CONFIG
  -------         PROC          PIN_LEVEL_SCAN
  C:17EFH         LINE#         52
  C:17EFH         LINE#         53
  C:17EFH         LINE#         55
  C:17F2H         LINE#         56
  C:17F2H         LINE#         57
  C:17F7H         LINE#         58
  C:17F9H         LINE#         59
  C:17FCH         LINE#         60
  C:17FCH         LINE#         61
  C:1802H         LINE#         62
  C:1804H         LINE#         63
  C:1807H         LINE#         64
  C:1807H         LINE#         65
  C:180DH         LINE#         66
  C:180FH         LINE#         67
  C:1812H         LINE#         68
  C:1812H         LINE#         69
  C:1818H         LINE#         70
  C:181AH         LINE#         71
  C:181DH         LINE#         72
  C:181DH         LINE#         73
  C:1823H         LINE#         74
  C:1825H         LINE#         75
  C:1828H         LINE#         76
  C:1828H         LINE#         77
  C:182EH         LINE#         78
  C:1830H         LINE#         79
  C:1836H         LINE#         80
  C:1836H         LINE#         81
  C:1839H         LINE#         82
  C:183BH         LINE#         84
  C:183BH         LINE#         86
  C:183EH         LINE#         87
  C:183EH         LINE#         89
  C:1846H         LINE#         90
  C:184BH         LINE#         92
  C:184EH         LINE#         93
  C:184EH         LINE#         94
  C:1850H         LINE#         95
  C:1852H         LINE#         97
  C:1852H         LINE#         98
  C:1857H         LINE#         99
  C:1857H         LINE#         102
  C:185AH         LINE#         103
BL51 BANKED LINKER/LOCATER V6.22.4.0                                                  06/04/2026  17:44:21  PAGE 29


  C:185AH         LINE#         104
  C:185CH         LINE#         105
  C:185EH         LINE#         107
  C:185EH         LINE#         108
  C:1863H         LINE#         109
  C:1863H         LINE#         112
  C:1866H         LINE#         113
  C:1866H         LINE#         114
  C:1868H         LINE#         115
  C:186AH         LINE#         117
  C:186AH         LINE#         118
  C:186FH         LINE#         119
  C:186FH         LINE#         122
  C:1872H         LINE#         123
  C:1872H         LINE#         124
  C:1874H         LINE#         125
  C:1876H         LINE#         127
  C:1876H         LINE#         128
  C:187BH         LINE#         129
  C:187BH         LINE#         132
  C:187EH         LINE#         133
  C:187EH         LINE#         134
  C:1880H         LINE#         135
  C:1882H         LINE#         137
  C:1882H         LINE#         138
  C:1887H         LINE#         139
  C:1887H         LINE#         140
  -------         ENDPROC       PIN_LEVEL_SCAN
  -------         ENDMOD        PIN_LEVEL_SCAN

  -------         MODULE        SPEED_SCAN
  C:0000H         SYMBOL        _ICE_DUMMY_
  B:0090H.5       PUBLIC        P15
  C:208FH         PUBLIC        speed_scan_timer_50us_isr
  C:2D24H         PUBLIC        speed_scan_config
  C:1059H         PUBLIC        speed_scan
  C:272EH         PUBLIC        _aip3368h_display_speed_by_unit_type
  C:2A1EH         PUBLIC        aip3368h_display_speed_refresh_time_add
  C:0DFDH         PUBLIC        aip3368h_display_speed_handle
  B:0020H.1       SYMBOL        flag_is_speed_scan_over_time
  X:61B4H         SYMBOL        speed_pulse_cnt
  X:61B8H         SYMBOL        speed_scan_time_ms
  X:61BCH         SYMBOL        cur_speed_scan_time
  X:61C0H         SYMBOL        cur_speed_scan_pulse
  X:61C4H         SYMBOL        aip3368h_display_speed_refresh_time_cnt
  X:61C5H         SYMBOL        speed_filter_array
  X:61EDH         SYMBOL        speed_filter_index
  C:2BB2H         PUBLIC        _speed_filter_init
  C:2B10H         PUBLIC        _speed_filter_add
  C:1568H         PUBLIC        speed_filter_get_speed
  C:2686H         PUBLIC        speed_scan_update_data
  C:219AH         SYMBOL        Com003E
  C:219AH         SYMBOL        L?0063
  C:219FH         SYMBOL        L?0064
  C:21A1H         SYMBOL        L?0065
  C:21A9H         SYMBOL        L?0066
  C:21A9H         SYMBOL        L?0067
BL51 BANKED LINKER/LOCATER V6.22.4.0                                                  06/04/2026  17:44:21  PAGE 30


  C:21ACH         SYMBOL        L?0068
  C:21B2H         SYMBOL        L?0069
  C:21C3H         SYMBOL        L?0070
  C:21C3H         SYMBOL        L?0071
  C:21CBH         SYMBOL        L?0072
  C:21D5H         SYMBOL        L?0073
  C:21E0H         SYMBOL        L?0074
  C:21E0H         SYMBOL        L?0075
  C:21E6H         SYMBOL        L?0076
  -------         PROC          COM003E
  -------         ENDPROC       COM003E
  -------         PROC          _SPEED_FILTER_INIT
  D:0007H         SYMBOL        speed
  -------         DO            
  D:0006H         SYMBOL        i
  -------         ENDDO         
  C:2BB2H         LINE#         22
  C:2BB2H         LINE#         23
  C:2BB2H         LINE#         25
  C:2BB4H         LINE#         26
  C:2BB4H         LINE#         27
  C:2BBCH         LINE#         28
  C:2BC1H         LINE#         30
  C:2BC6H         LINE#         31
  -------         ENDPROC       _SPEED_FILTER_INIT
  -------         PROC          _SPEED_FILTER_ADD
  D:0007H         SYMBOL        speed
  C:2B10H         LINE#         33
  C:2B10H         LINE#         34
  C:2B10H         LINE#         35
  C:2B19H         LINE#         36
  C:2B1FH         LINE#         37
  C:2B25H         LINE#         38
  C:2B25H         LINE#         39
  C:2B27H         LINE#         40
  C:2B27H         LINE#         41
  -------         ENDPROC       _SPEED_FILTER_ADD
  -------         PROC          SPEED_FILTER_GET_SPEED
  -------         DO            
  X:6277H         SYMBOL        i
  X:6278H         SYMBOL        sum
  X:627CH         SYMBOL        max_speed
  X:627DH         SYMBOL        min_speed
  -------         ENDDO         
  C:1568H         LINE#         43
  C:1568H         LINE#         44
  C:1568H         LINE#         46
  C:1572H         LINE#         47
  C:1577H         LINE#         48
  C:157BH         LINE#         56
  C:1580H         LINE#         57
  C:1580H         LINE#         58
  C:159CH         LINE#         60
  C:15A9H         LINE#         61
  C:15A9H         LINE#         62
  C:15B4H         LINE#         63
  C:15B4H         LINE#         65
BL51 BANKED LINKER/LOCATER V6.22.4.0                                                  06/04/2026  17:44:21  PAGE 31


  C:15C1H         LINE#         66
  C:15C1H         LINE#         67
  C:15CCH         LINE#         68
  C:15CCH         LINE#         69
  C:15D7H         LINE#         71
  C:1603H         LINE#         73
  -------         ENDPROC       SPEED_FILTER_GET_SPEED
  -------         PROC          SPEED_SCAN_CONFIG
  C:2D24H         LINE#         77
  C:2D24H         LINE#         78
  C:2D24H         LINE#         80
  C:2D2AH         LINE#         81
  C:2D30H         LINE#         82
  -------         ENDPROC       SPEED_SCAN_CONFIG
  -------         PROC          SPEED_SCAN_UPDATE_DATA
  C:2686H         LINE#         84
  C:2686H         LINE#         85
  C:2686H         LINE#         86
  C:2698H         LINE#         87
  C:26A2H         LINE#         88
  C:26B4H         LINE#         89
  C:26BEH         LINE#         90
  -------         ENDPROC       SPEED_SCAN_UPDATE_DATA
  -------         PROC          SPEED_SCAN_TIMER_50US_ISR
  -------         DO            
  B:0020H.0       SYMBOL        last_speed_scan_level
  X:61B0H         SYMBOL        cnt
  -------         ENDDO         
  C:208FH         LINE#         92
  C:208FH         LINE#         93
  C:208FH         LINE#         96
  C:2099H         LINE#         97
  C:20A8H         LINE#         98
  C:20A8H         LINE#         99
  C:20ACH         LINE#         101
  C:20B8H         LINE#         103
  C:20C7H         LINE#         105
  C:20C7H         LINE#         106
  C:20D1H         LINE#         107
  C:20D3H         LINE#         108
  C:20D3H         LINE#         109
  C:20D3H         LINE#         111
  C:20D6H         LINE#         112
  C:20D6H         LINE#         113
  C:20D9H         LINE#         114
  C:20D9H         LINE#         115
  C:20E5H         LINE#         116
  C:20E8H         LINE#         117
  C:20E8H         LINE#         119
  C:20EAH         LINE#         120
  C:20EBH         LINE#         122
  C:20EBH         LINE#         124
  C:20EDH         LINE#         125
  C:20EDH         LINE#         126
  -------         ENDPROC       SPEED_SCAN_TIMER_50US_ISR
  -------         PROC          SPEED_SCAN
  -------         DO            
BL51 BANKED LINKER/LOCATER V6.22.4.0                                                  06/04/2026  17:44:21  PAGE 32


  X:6274H         SYMBOL        cur_speed
  X:6278H         SYMBOL        tmp
  -------         ENDDO         
  C:1059H         LINE#         128
  C:1059H         LINE#         129
  C:1059H         LINE#         130
  C:1063H         LINE#         131
  C:106DH         LINE#         133
  C:107FH         LINE#         134
  C:107FH         LINE#         143
  C:10ABH         LINE#         150
  C:10AEH         LINE#         151
  C:10AEH         LINE#         153
  C:10BFH         LINE#         154
  C:10BFH         LINE#         156
  C:10C6H         LINE#         157
  C:10C8H         LINE#         159
  C:10C8H         LINE#         160
  C:10CFH         LINE#         161
  C:10CFH         LINE#         162
  C:10D1H         LINE#         164
  C:10D1H         LINE#         178
  C:10F2H         LINE#         179
  C:10F2H         LINE#         182
  C:1104H         LINE#         189
  C:110EH         LINE#         190
  C:1118H         LINE#         191
  C:111AH         LINE#         193
  C:1125H         LINE#         194
  C:1125H         LINE#         195
  C:1137H         LINE#         196
  C:1137H         LINE#         199
  C:1143H         LINE#         200
  C:1143H         LINE#         201
  C:114DH         LINE#         202
  C:114DH         LINE#         204
  C:1158H         LINE#         205
  C:1158H         LINE#         206
  -------         ENDPROC       SPEED_SCAN
  -------         PROC          AIP3368H_DISPLAY_SPEED_REFRESH_TIME_ADD
  C:2A1EH         LINE#         212
  C:2A1EH         LINE#         213
  C:2A1EH         LINE#         214
  C:2A29H         LINE#         216
  C:2A29H         LINE#         218
  C:2A2FH         LINE#         220
  C:2A2FH         LINE#         222
  C:2A38H         LINE#         223
  C:2A38H         LINE#         224
  C:2A3BH         LINE#         225
  C:2A3BH         LINE#         226
[...]
  C:0A8EH         LINE#         1325
  C:0A91H         LINE#         1326
  C:0A93H         LINE#         1327
  C:0A93H         LINE#         1328
  C:0A97H         LINE#         1329
  C:0A99H         LINE#         1330
  C:0A99H         LINE#         1331
  C:0AA0H         LINE#         1332
  C:0AA5H         LINE#         1333
  C:0AA7H         LINE#         1334
  C:0AA7H         LINE#         1335
  C:0AAEH         LINE#         1336
  C:0AB0H         LINE#         1337
  C:0AB0H         LINE#         1338
  C:0AB7H         LINE#         1339
  C:0ABBH         LINE#         1340
  C:0ABDH         LINE#         1341
BL51 BANKED LINKER/LOCATER V6.22.4.0                                                  06/04/2026  17:44:21  PAGE 60


  C:0ABDH         LINE#         1342
  C:0AC2H         LINE#         1343
  C:0AC7H         LINE#         1344
  C:0AC7H         LINE#         1345
  C:0AC7H         LINE#         1347
  C:0ACDH         LINE#         1348
  C:0ACDH         LINE#         1349
  -------         ENDPROC       __AIP3368H_DISPLAY_BOOT_ANIMATION_LEFT_TO_RIGHT__
  -------         PROC          AIP3368H_DISPLAY_BOOT_ANIMATION_HANDLE
  -------         DO            
  X:6020H         SYMBOL        hold_on_cnt
  -------         ENDDO         
  C:1A3EH         LINE#         1352
  C:1A3EH         LINE#         1353
  C:1A3EH         LINE#         1354
  C:1A4DH         LINE#         1355
  C:1A53H         LINE#         1357
  C:1A59H         LINE#         1358
  C:1A59H         LINE#         1359
  C:1A5CH         LINE#         1361
  C:1A60H         LINE#         1362
  C:1A60H         LINE#         1363
  C:1A62H         LINE#         1364
  C:1A62H         LINE#         1366
  C:1A62H         LINE#         1367
  C:1A62H         LINE#         1368
  C:1A62H         LINE#         1370
  C:1A65H         LINE#         1371
  C:1A68H         LINE#         1372
  C:1A6BH         LINE#         1374
  C:1A72H         LINE#         1376
  C:1A72H         LINE#         1378
  C:1A78H         LINE#         1379
  C:1A87H         LINE#         1380
  C:1A87H         LINE#         1381
  C:1A8BH         LINE#         1382
  C:1A91H         LINE#         1383
  C:1A91H         LINE#         1384
  C:1A91H         LINE#         1386
  C:1A99H         LINE#         1388
  C:1A99H         LINE#         1390
  C:1A9DH         LINE#         1391
  C:1AA2H         LINE#         1392
  C:1AA7H         LINE#         1393
  C:1AACH         LINE#         1394
  C:1AAFH         LINE#         1395
  C:1AB2H         LINE#         1396
  C:1AB5H         LINE#         1399
  C:1ABDH         LINE#         1401
  C:1AC5H         LINE#         1403
  C:1AC5H         LINE#         1405
  C:1AC8H         LINE#         1406
  C:1ACAH         LINE#         1407
  -------         ENDPROC       AIP3368H_DISPLAY_BOOT_ANIMATION_HANDLE
  -------         PROC          AIP3368H_DISPLAY_ERR_HANDLE_TIME_ADD
  C:2C01H         LINE#         1409
  C:2C01H         LINE#         1410
BL51 BANKED LINKER/LOCATER V6.22.4.0                                                  06/04/2026  17:44:21  PAGE 61


  C:2C01H         LINE#         1411
  C:2C10H         LINE#         1412
  C:2C10H         LINE#         1413
  C:2C13H         LINE#         1414
  C:2C13H         LINE#         1415
  -------         ENDPROC       AIP3368H_DISPLAY_ERR_HANDLE_TIME_ADD
  -------         PROC          AIP3368H_DISPLAY_ERR_HANDLE
  C:25D1H         LINE#         1416
  C:25D1H         LINE#         1417
  C:25D1H         LINE#         1418
  C:25E0H         LINE#         1419
  C:25E0H         LINE#         1421
  C:25E0H         LINE#         1423
  C:25E0H         LINE#         1424
  C:25E4H         LINE#         1425
  C:25E4H         LINE#         1428
  C:25EAH         LINE#         1429
  C:25EAH         LINE#         1433
  C:25F5H         LINE#         1434
  C:25F5H         LINE#         1435
  C:25F9H         LINE#         1436
  C:25FDH         LINE#         1437
  C:25FEH         LINE#         1439
  C:25FEH         LINE#         1440
  C:2604H         LINE#         1441
  C:260EH         LINE#         1442
  C:260EH         LINE#         1443
  C:260EH         LINE#         1444
  -------         ENDPROC       AIP3368H_DISPLAY_ERR_HANDLE
  -------         ENDMOD        AIP3368H_DISPLAY

  -------         MODULE        IO_KEY
  C:0000H         SYMBOL        _ICE_DUMMY_
  B:0080H.5       PUBLIC        P05
  X:6232H         PUBLIC        io_key_para
  C:2D3EH         PUBLIC        io_key_config
  C:14B2H         PUBLIC        io_key_handle
  C:2D78H         PUBLIC        io_key_get_key_id
  X:6245H         SYMBOL        io_key_event_table
  C:23C7H         PUBLIC        ___io_key_get_event__
  C:2D15H         SYMBOL        Com002A
  C:2D15H         SYMBOL        L?0043
  -------         PROC          COM002A
  -------         ENDPROC       COM002A
  -------         PROC          IO_KEY_CONFIG
  C:2D3EH         LINE#         42
  C:2D3EH         LINE#         43
  C:2D3EH         LINE#         44
  C:2D44H         LINE#         45
  C:2D4AH         LINE#         46
  -------         ENDPROC       IO_KEY_CONFIG
  -------         PROC          IO_KEY_GET_KEY_ID
  C:2D78H         LINE#         48
  C:2D78H         LINE#         49
  C:2D78H         LINE#         50
  C:2D7BH         LINE#         51
  C:2D7BH         LINE#         53
BL51 BANKED LINKER/LOCATER V6.22.4.0                                                  06/04/2026  17:44:21  PAGE 62


  C:2D7EH         LINE#         54
  C:2D7EH         LINE#         56
  C:2D80H         LINE#         57
  -------         ENDPROC       IO_KEY_GET_KEY_ID
  -------         PROC          ___IO_KEY_GET_EVENT__
  D:0007H         SYMBOL        key_val
  D:0005H         SYMBOL        key_event
  -------         DO            
  D:0006H         SYMBOL        ret_key_event
  D:0004H         SYMBOL        i
  D:0003H         SYMBOL        index
  -------         ENDDO         
  C:23C7H         LINE#         59
  C:23C7H         LINE#         60
  C:23C7H         LINE#         61
  C:23C9H         LINE#         62
  C:23CAH         LINE#         63
  C:23CBH         LINE#         65
  C:23CFH         LINE#         66
  C:23CFH         LINE#         67
  C:23D0H         LINE#         68
  C:23D2H         LINE#         69
  C:23D6H         LINE#         70
  C:23D6H         LINE#         71
  C:23D8H         LINE#         72
  C:23DAH         LINE#         73
  C:23DEH         LINE#         74
  C:23DEH         LINE#         75
  C:23E0H         LINE#         76
  C:23E2H         LINE#         77
  C:23E6H         LINE#         78
  C:23E6H         LINE#         79
  C:23E8H         LINE#         80
  C:23E8H         LINE#         82
  C:23EEH         LINE#         83
  C:23EEH         LINE#         84
  C:23F5H         LINE#         85
  C:23F5H         LINE#         86
  C:2404H         LINE#         87
  C:2406H         LINE#         88
  C:2406H         LINE#         89
  C:2409H         LINE#         91
  C:240BH         LINE#         92
  -------         ENDPROC       ___IO_KEY_GET_EVENT__
  -------         PROC          IO_KEY_HANDLE
  -------         DO            
  D:0007H         SYMBOL        io_key_event
  -------         ENDDO         
  C:14B2H         LINE#         94
  C:14B2H         LINE#         95
  C:14B2H         LINE#         96
  C:14B2H         LINE#         98
  C:14BBH         LINE#         99
  C:14BBH         LINE#         101
  C:14BBH         LINE#         103
  C:14C3H         LINE#         104
  C:14C8H         LINE#         105
BL51 BANKED LINKER/LOCATER V6.22.4.0                                                  06/04/2026  17:44:21  PAGE 63


  C:14CAH         LINE#         107
  C:14D5H         LINE#         108
  C:14D5H         LINE#         109
  C:14D5H         LINE#         114
  C:14DAH         LINE#         116
  C:14E0H         LINE#         117
  C:14E0H         LINE#         118
  C:14F1H         LINE#         121
  C:14F4H         LINE#         122
  C:14F6H         LINE#         123
  C:14FDH         LINE#         125
  C:14FDH         LINE#         129
  C:1503H         LINE#         131
  C:1503H         LINE#         132
  C:1505H         LINE#         134
  C:1507H         LINE#         136
  C:1507H         LINE#         137
  C:150CH         LINE#         139
  C:150CH         LINE#         140
  C:150EH         LINE#         141
  C:1515H         LINE#         143
  C:1515H         LINE#         146
  C:151CH         LINE#         147
  C:1522H         LINE#         148
  C:1522H         LINE#         149
  C:1525H         LINE#         150
  C:1525H         LINE#         151
  C:1525H         LINE#         153
  C:1525H         LINE#         154
  C:1527H         LINE#         155
  C:1527H         LINE#         159
  C:152CH         LINE#         161
  C:1532H         LINE#         162
  C:1532H         LINE#         164
  C:1539H         LINE#         165
  C:1539H         LINE#         169
  C:153EH         LINE#         170
  C:1540H         LINE#         172
  C:1540H         LINE#         174
  C:154AH         LINE#         175
  C:154AH         LINE#         176
  C:154AH         LINE#         177
  C:154CH         LINE#         178
  C:1553H         LINE#         180
  C:1553H         LINE#         182
  C:1556H         LINE#         183
  C:1556H         LINE#         184
  C:1558H         LINE#         185
  C:155FH         LINE#         187
  C:155FH         LINE#         189
  C:1561H         LINE#         190
  C:1564H         LINE#         191
  C:1564H         LINE#         193
  C:1567H         LINE#         195
  C:1567H         LINE#         197
  C:1567H         LINE#         198
  C:1567H         LINE#         199
BL51 BANKED LINKER/LOCATER V6.22.4.0                                                  06/04/2026  17:44:21  PAGE 64


  C:1567H         LINE#         200
  -------         ENDPROC       IO_KEY_HANDLE
  -------         ENDMOD        IO_KEY

  -------         MODULE        UI
  C:0000H         SYMBOL        _ICE_DUMMY_
  X:6291H         PUBLIC        ui_manager
  C:2D81H         PUBLIC        ui_manager_init
  C:237FH         PUBLIC        ui_timer_handle_isr
  C:2D90H         PUBLIC        _ui_set_state
  C:1321H         PUBLIC        ui_display_handle
  C:260FH         PUBLIC        ui_display_refresh
  C:2A90H         SYMBOL        Com0025
  C:2A90H         SYMBOL        L?0038
  C:2A9EH         SYMBOL        L?0039
  -------         PROC          COM0025
  -------         ENDPROC       COM0025
  -------         PROC          UI_MANAGER_INIT
  C:2D81H         LINE#         6
  C:2D81H         LINE#         7
  C:2D81H         LINE#         8
  C:2D86H         LINE#         10
  -------         ENDPROC       UI_MANAGER_INIT
  -------         PROC          UI_TIMER_HANDLE_ISR
  C:237FH         LINE#         19
  C:237FH         LINE#         20
  C:237FH         LINE#         21
  C:2382H         LINE#         23
  C:2385H         LINE#         25
  C:2388H         LINE#         26
  C:238BH         LINE#         28
  C:2397H         LINE#         30
  C:2397H         LINE#         31
  C:23A6H         LINE#         32
  C:23A6H         LINE#         33
  C:23ADH         LINE#         34
  C:23ADH         LINE#         36
  C:23BCH         LINE#         37
  C:23BCH         LINE#         38
  C:23C3H         LINE#         39
  C:23C3H         LINE#         40
  C:23C3H         LINE#         42
  C:23C3H         LINE#         43
  C:23C3H         LINE#         44
  C:23C6H         LINE#         45
  C:23C6H         LINE#         46
  -------         ENDPROC       UI_TIMER_HANDLE_ISR
  -------         PROC          _UI_SET_STATE
  D:0007H         SYMBOL        state
  C:2D90H         LINE#         49
  C:2D90H         LINE#         50
  C:2D90H         LINE#         51
  C:2D95H         LINE#         69
  -------         ENDPROC       _UI_SET_STATE
  -------         PROC          UI_DISPLAY_HANDLE
  C:1321H         LINE#         72
  C:1321H         LINE#         73
BL51 BANKED LINKER/LOCATER V6.22.4.0                                                  06/04/2026  17:44:21  PAGE 65


  C:1321H         LINE#         74
  C:132FH         LINE#         75
  C:132FH         LINE#         76
  C:132FH         LINE#         78
  C:132FH         LINE#         79
  C:132FH         LINE#         82
  C:1337H         LINE#         83
  C:1337H         LINE#         84
  C:133BH         LINE#         86
  C:1341H         LINE#         88
  C:1341H         LINE#         92
  C:134CH         LINE#         93
  C:134CH         LINE#         95
  C:1352H         LINE#         96
  C:1354H         LINE#         97
  C:1356H         LINE#         99
  C:1356H         LINE#         101
  C:135DH         LINE#         102
  C:1361H         LINE#         103
  C:1361H         LINE#         104
  C:1363H         LINE#         105
  C:136BH         LINE#         107
  C:136BH         LINE#         109
  C:1377H         LINE#         110
  C:1377H         LINE#         112
  C:137EH         LINE#         113
  C:1380H         LINE#         114
  C:1382H         LINE#         116
  C:1382H         LINE#         118
  C:1389H         LINE#         119
  C:1390H         LINE#         120
  C:1390H         LINE#         121
  C:1390H         LINE#         122
  C:1390H         LINE#         124
  C:1392H         LINE#         125
  C:1392H         LINE#         128
  C:1397H         LINE#         129
  C:1397H         LINE#         130
  C:139BH         LINE#         137
  C:13A6H         LINE#         138
  C:13A6H         LINE#         140
  C:13ABH         LINE#         141
  C:13B0H         LINE#         142
  C:13B5H         LINE#         143
  C:13B7H         LINE#         145
  C:13B7H         LINE#         149
  C:13BFH         LINE#         151
  C:13BFH         LINE#         152
  C:13BFH         LINE#         154
  C:13BFH         LINE#         155
  C:13BFH         LINE#         157
  C:13CEH         LINE#         158
  C:13CEH         LINE#         159
  C:13D2H         LINE#         160
  C:13D6H         LINE#         161
  C:13D9H         LINE#         164
  C:13DCH         LINE#         165
BL51 BANKED LINKER/LOCATER V6.22.4.0                                                  06/04/2026  17:44:21  PAGE 66


  C:13DCH         LINE#         167
  C:13DFH         LINE#         168
  C:13E2H         LINE#         169
  C:13E5H         LINE#         171
  C:13E8H         LINE#         173
  -------         ENDPROC       UI_DISPLAY_HANDLE
  -------         PROC          UI_DISPLAY_REFRESH
  C:260FH         LINE#         182
  C:260FH         LINE#         183
  C:260FH         LINE#         184
  C:260FH         LINE#         185
  C:2612H         LINE#         192
  C:261EH         LINE#         193
  C:261EH         LINE#         194
  C:261EH         LINE#         198
  C:2626H         LINE#         200
  C:2628H         LINE#         201
  C:2628H         LINE#         204
  C:2628H         LINE#         205
  C:2628H         LINE#         207
  C:2630H         LINE#         208
  C:2630H         LINE#         209
  C:2630H         LINE#         211
  C:2633H         LINE#         214
  C:2639H         LINE#         216
  C:2639H         LINE#         217
  C:263DH         LINE#         218
  C:263FH         LINE#         219
  C:2641H         LINE#         221
  C:2641H         LINE#         222
  C:2646H         LINE#         223
  C:264BH         LINE#         224
  C:264BH         LINE#         225
  -------         ENDPROC       UI_DISPLAY_REFRESH
  -------         ENDMOD        UI

  -------         MODULE        ?C?COPY
  C:0115H         PUBLIC        ?C?COPY
  -------         ENDMOD        ?C?COPY

  -------         MODULE        ?C?CLDPTR
  C:013BH         PUBLIC        ?C?CLDPTR
  -------         ENDMOD        ?C?CLDPTR

  -------         MODULE        ?C?CLDOPTR
  C:0154H         PUBLIC        ?C?CLDOPTR
  -------         ENDMOD        ?C?CLDOPTR

  -------         MODULE        ?C?CILDOPTR
  C:0181H         PUBLIC        ?C?CILDOPTR
  -------         ENDMOD        ?C?CILDOPTR

  -------         MODULE        ?C?CSTPTR
  C:01B4H         PUBLIC        ?C?CSTPTR
  -------         ENDMOD        ?C?CSTPTR

  -------         MODULE        ?C?CSTOPTR
BL51 BANKED LINKER/LOCATER V6.22.4.0                                                  06/04/2026  17:44:21  PAGE 67


  C:01C6H         PUBLIC        ?C?CSTOPTR
  -------         ENDMOD        ?C?CSTOPTR

  -------         MODULE        ?C?UIDIV
  C:01E8H         PUBLIC        ?C?UIDIV
  -------         ENDMOD        ?C?UIDIV

  -------         MODULE        ?C?IILDX
  C:023DH         PUBLIC        ?C?IILDX
  -------         ENDMOD        ?C?IILDX

  -------         MODULE        ?C?ILDOPTR
  C:0253H         PUBLIC        ?C?ILDOPTR
  -------         ENDMOD        ?C?ILDOPTR

  -------         MODULE        ?C?LADD
  C:028BH         PUBLIC        ?C?LADD
  -------         ENDMOD        ?C?LADD

  -------         MODULE        ?C?LSUB
  C:0298H         PUBLIC        ?C?LSUB
  -------         ENDMOD        ?C?LSUB

  -------         MODULE        ?C?LMUL
  C:02A6H         PUBLIC        ?C?LMUL
  -------         ENDMOD        ?C?LMUL

  -------         MODULE        ?C?ULDIV
  C:0331H         PUBLIC        ?C?ULDIV
  -------         ENDMOD        ?C?ULDIV

  -------         MODULE        ?C?SLCMP
  C:03C3H         PUBLIC        ?C?SLCMP
  -------         ENDMOD        ?C?SLCMP

  -------         MODULE        ?C?ULCMP
  C:03D9H         PUBLIC        ?C?ULCMP
  -------         ENDMOD        ?C?ULCMP

  -------         MODULE        ?C?LLDXDATA
  C:03EAH         PUBLIC        ?C?LLDXDATA
  -------         ENDMOD        ?C?LLDXDATA

  -------         MODULE        ?C?LLDXDATA0
  C:03F6H         PUBLIC        ?C?LLDXDATA0
  -------         ENDMOD        ?C?LLDXDATA0

  -------         MODULE        ?C?LSTXDATA
  C:0402H         PUBLIC        ?C?LSTXDATA
  -------         ENDMOD        ?C?LSTXDATA

  -------         MODULE        ?C?LSTKXDATA
  C:040EH         PUBLIC        ?C?LSTKXDATA
  -------         ENDMOD        ?C?LSTKXDATA

  -------         MODULE        ?C?OFFXADD
  C:043FH         PUBLIC        ?C?OFFXADD
BL51 BANKED LINKER/LOCATER V6.22.4.0                                                  06/04/2026  17:44:21  PAGE 68


  -------         ENDMOD        ?C?OFFXADD

  -------         MODULE        ?C?PLDXDATA
  C:044BH         PUBLIC        ?C?PLDXDATA
  -------         ENDMOD        ?C?PLDXDATA

  -------         MODULE        ?C?PLDIXDATA
  C:0454H         PUBLIC        ?C?PLDIXDATA
  -------         ENDMOD        ?C?PLDIXDATA

  -------         MODULE        ?C?PSTXDATA
  C:046BH         PUBLIC        ?C?PSTXDATA
  -------         ENDMOD        ?C?PSTXDATA

  -------         MODULE        ?C?PLDOPTR
  C:0474H         PUBLIC        ?C?PLDOPTR
  -------         ENDMOD        ?C?PLDOPTR

  -------         MODULE        ?C?CCASE
  C:04A4H         PUBLIC        ?C?CCASE
  -------         ENDMOD        ?C?CCASE

  -------         MODULE        ?C?ICALL
  C:04CAH         PUBLIC        ?C?ICALL
  C:04CEH         PUBLIC        ?C?ICALL2
  -------         ENDMOD        ?C?ICALL

  -------         MODULE        ?C?LIMUL
  C:04D0H         PUBLIC        ?C?LIMUL
  -------         ENDMOD        ?C?LIMUL

  -------         MODULE        ?C?MEMSET
  C:04FDH         PUBLIC        ?C?MEMSET
  -------         ENDMOD        ?C?MEMSET

  -------         MODULE        ?C?PLDIDATA
  C:0529H         PUBLIC        ?C?PLDIDATA
  -------         ENDMOD        ?C?PLDIDATA

  -------         MODULE        ?C?PLDPDATA
  C:0532H         PUBLIC        ?C?PLDPDATA
  -------         ENDMOD        ?C?PLDPDATA

  -------         MODULE        ?C?PLDCODE
  C:053BH         PUBLIC        ?C?PLDCODE
  -------         ENDMOD        ?C?PLDCODE

Program Size: data=9.5 xdata=673 code=11673
LINK/LOCATE RUN COMPLETE.  0 WARNING(S),  0 ERROR(S)
