BL51 BANKED LINKER/LOCATER V6.22.4.0                                                    05/29/2026  15:50:44  PAGE 1


BL51 BANKED LINKER/LOCATER V6.22.4.0, INVOKED BY:
C:\KEIL_V5\C51\BIN\BL51.EXE .\Release\Objects\STARTUP.obj, .\Release\Objects\system.obj, ..\..\User\lib\tk_simplify_algo
>> rithm_V1.0.0.LIB, .\Release\Objects\tk_set.obj, .\Release\Objects\tmr1.obj, .\Release\Objects\tmr2.obj, .\Release\Obj
>> ects\uart0.obj, .\Release\Objects\adc.obj, .\Release\Objects\key_driver.obj, .\Release\Objects\user_flash.obj, .\Rele
>> ase\Objects\aip3368.obj, .\Release\Objects\main.obj, .\Release\Objects\pin_level_scan.obj, .\Release\Objects\speed_sc
>> an.obj, .\Release\Objects\engine_speed_scan.obj, .\Release\Objects\mileage.obj, .\Release\Objects\fuel_capacity.obj, 
>> .\Release\Objects\battery.obj, .\Release\Objects\instrument.obj, .\Release\Objects\aip3368h_display.obj, .\Release\Ob
>> jects\io_key.obj TO .\Release\Objects\Project PRINT (.\Release\Listings\Project.m51) RAMSIZE (256) CODE (0X0000-0X3EE
>> F) XDATA (0X6000-0X66FF)


MEMORY MODEL: LARGE


INPUT MODULES INCLUDED:
  .\Release\Objects\STARTUP.obj (?C_STARTUP)
  .\Release\Objects\system.obj (SYSTEM)
  .\Release\Objects\tk_set.obj (TK_SET)
  .\Release\Objects\tmr1.obj (TMR1)
  .\Release\Objects\tmr2.obj (TMR2)
  .\Release\Objects\uart0.obj (UART0)
  .\Release\Objects\adc.obj (ADC)
  .\Release\Objects\key_driver.obj (KEY_DRIVER)
  .\Release\Objects\user_flash.obj (USER_FLASH)
  .\Release\Objects\aip3368.obj (AIP3368)
  .\Release\Objects\main.obj (MAIN)
  .\Release\Objects\pin_level_scan.obj (PIN_LEVEL_SCAN)
  .\Release\Objects\speed_scan.obj (SPEED_SCAN)
  .\Release\Objects\engine_speed_scan.obj (ENGINE_SPEED_SCAN)
  .\Release\Objects\mileage.obj (MILEAGE)
  .\Release\Objects\fuel_capacity.obj (FUEL_CAPACITY)
  .\Release\Objects\battery.obj (BATTERY)
  .\Release\Objects\instrument.obj (INSTRUMENT)
  .\Release\Objects\aip3368h_display.obj (AIP3368H_DISPLAY)
  .\Release\Objects\io_key.obj (IO_KEY)
  C:\KEIL_V5\C51\LIB\C51L.LIB (?C_INIT)
  C:\KEIL_V5\C51\LIB\C51L.LIB (?C?COPY)
  C:\KEIL_V5\C51\LIB\C51L.LIB (?C?CLDPTR)
  C:\KEIL_V5\C51\LIB\C51L.LIB (?C?CLDOPTR)
  C:\KEIL_V5\C51\LIB\C51L.LIB (?C?CILDOPTR)
  C:\KEIL_V5\C51\LIB\C51L.LIB (?C?CSTPTR)
  C:\KEIL_V5\C51\LIB\C51L.LIB (?C?CSTOPTR)
  C:\KEIL_V5\C51\LIB\C51L.LIB (?C?UIDIV)
  C:\KEIL_V5\C51\LIB\C51L.LIB (?C?IILDX)
  C:\KEIL_V5\C51\LIB\C51L.LIB (?C?ILDOPTR)
  C:\KEIL_V5\C51\LIB\C51L.LIB (?C?LADD)
  C:\KEIL_V5\C51\LIB\C51L.LIB (?C?LSUB)
  C:\KEIL_V5\C51\LIB\C51L.LIB (?C?LMUL)
  C:\KEIL_V5\C51\LIB\C51L.LIB (?C?ULDIV)
  C:\KEIL_V5\C51\LIB\C51L.LIB (?C?SLCMP)
  C:\KEIL_V5\C51\LIB\C51L.LIB (?C?ULCMP)
  C:\KEIL_V5\C51\LIB\C51L.LIB (?C?LLDXDATA)
  C:\KEIL_V5\C51\LIB\C51L.LIB (?C?LLDXDATA0)
  C:\KEIL_V5\C51\LIB\C51L.LIB (?C?LSTXDATA)
  C:\KEIL_V5\C51\LIB\C51L.LIB (?C?LSTKXDATA)
  C:\KEIL_V5\C51\LIB\C51L.LIB (?C?OFFXADD)
  C:\KEIL_V5\C51\LIB\C51L.LIB (?C?PLDXDATA)
  C:\KEIL_V5\C51\LIB\C51L.LIB (?C?PLDIXDATA)
BL51 BANKED LINKER/LOCATER V6.22.4.0                                                  05/29/2026  15:50:44  PAGE 2


  C:\KEIL_V5\C51\LIB\C51L.LIB (?C?PSTXDATA)
  C:\KEIL_V5\C51\LIB\C51L.LIB (?C?PLDOPTR)
  C:\KEIL_V5\C51\LIB\C51L.LIB (?C?ICALL)
  C:\KEIL_V5\C51\LIB\C51L.LIB (?C?LIMUL)
  C:\KEIL_V5\C51\LIB\C51L.LIB (PRINTF)
  C:\KEIL_V5\C51\LIB\C51L.LIB (?C?MEMSET)
  C:\KEIL_V5\C51\LIB\C51L.LIB (?C?PLDIDATA)
  C:\KEIL_V5\C51\LIB\C51L.LIB (?C?PLDPDATA)
  C:\KEIL_V5\C51\LIB\C51L.LIB (?C?PLDCODE)
  C:\KEIL_V5\C51\LIB\C51L.LIB (?C?CCASE)


LINK MAP OF MODULE:  .\Release\Objects\Project (?C_STARTUP)


            TYPE    BASE      LENGTH    RELOCATION   SEGMENT NAME
            -----------------------------------------------------

            * * * * * * *   D A T A   M E M O R Y   * * * * * * *
            REG     0000H     0008H     ABSOLUTE     "REG BANK 0"
            DATA    0008H     0005H     UNIT         _DATA_GROUP_
                    000DH     0013H                  *** GAP ***
            BIT     0020H.0   0001H.1   UNIT         _BIT_GROUP_
            BIT     0021H.1   0000H.2   UNIT         ?BI?SPEED_SCAN
            BIT     0021H.3   0000H.2   UNIT         ?BI?ENGINE_SPEED_SCAN
            BIT     0021H.5   0000H.1   UNIT         ?BI?MILEAGE
            BIT     0021H.6   0000H.1   UNIT         ?BI?AIP3368H_DISPLAY
                    0021H.7   0000H.1                *** GAP ***
            IDATA   0022H     0001H     UNIT         ?STACK

            * * * * * * *  X D A T A   M E M O R Y  * * * * * * *
                    0000H     6000H                  *** GAP ***
            XDATA   6000H     0165H     UNIT         ?XD?AIP3368H_DISPLAY
            XDATA   6165H     0059H     UNIT         ?XD?FUEL_CAPACITY
            XDATA   61BEH     003FH     UNIT         ?XD?SPEED_SCAN
            XDATA   61FDH     002CH     UNIT         ?XD?BATTERY
            XDATA   6229H     002BH     UNIT         _XDATA_GROUP_
            XDATA   6254H     0024H     UNIT         ?XD?AIP3368H_DISPLAY_TEST_MILEAGE?AIP3368H_DISPLAY
            XDATA   6278H     0018H     UNIT         ?XD?AIP3368
            XDATA   6290H     0018H     UNIT         ?XD?IO_KEY
            XDATA   62A8H     0015H     UNIT         ?XD?ENGINE_SPEED_SCAN
            XDATA   62BDH     0014H     UNIT         ?XD?INSTRUMENT
            XDATA   62D1H     000AH     UNIT         ?XD?MILEAGE
            XDATA   62DBH     0008H     UNIT         ?XD?SPEED_SCAN?SPEED_SCAN
            XDATA   62E3H     0007H     UNIT         ?XD?SPEED_FILTER_GET_SPEED?SPEED_SCAN
            XDATA   62EAH     0006H     UNIT         ?XD?_AIP3368H_DISPLAY_MILEAGE?AIP3368H_DISPLAY
            XDATA   62F0H     0005H     UNIT         ?XD?FUEL_CAPACITY_ADC_VAL_GET?FUEL_CAPACITY
            XDATA   62F5H     0005H     UNIT         ?XD?__FUEL_VOLTAGE_SAMPLES_GET__?FUEL_CAPACITY
            XDATA   62FAH     0005H     UNIT         ?XD?BAT_ADC_VAL_GET?BATTERY
            XDATA   62FFH     0005H     UNIT         ?XD?_AIP3368H_DISPLAY_SPEED?AIP3368H_DISPLAY
            XDATA   6304H     0004H     UNIT         ?XD?KEY_DRIVER
            XDATA   6308H     0004H     UNIT         ?XD?ENGINE_SPEED_SCAN?ENGINE_SPEED_SCAN
            XDATA   630CH     0003H     UNIT         ?XD?ADC
            XDATA   630FH     0003H     UNIT         ?XD?AIP3368H_DISPLAY_SPEED_HANDLE?SPEED_SCAN
            XDATA   6312H     0003H     UNIT         ?XD?___AIP3368H_DISPLAY_GEAR_DIGIT__?AIP3368H_DISPLAY
            XDATA   6315H     0003H     UNIT         ?XD?___AIP3368H_DISPLAY_SPEED_SEG__?AIP3368H_DISPLAY
            XDATA   6318H     0003H     UNIT         ?XD?___AIP3368H_DISPLAY_SPEED_BIT_X__?AIP3368H_DISPLAY
BL51 BANKED LINKER/LOCATER V6.22.4.0                                                  05/29/2026  15:50:44  PAGE 3


            XDATA   631BH     0003H     UNIT         ?XD?___AIP3368H_DISPLAY_MILEAGE_BIT_X__?AIP3368H_DISPLAY
            XDATA   631EH     0002H     UNIT         ?XD?_KEY_DRIVER_SCAN?KEY_DRIVER
            XDATA   6320H     0002H     UNIT         ?XD?_AIP3368H_DISPLAY_BACK_LIGHT_SCALE_BAR?AIP3368H_DISPLAY
            XDATA   6322H     0002H     UNIT         ?XD?_AIP3368H_DISPLAY_ENGINE_SPEED_SCALE_BAR?AIP3368H_DISPLAY
            XDATA   6324H     0002H     UNIT         ?XD?_AIP3368H_DISPLAY_ENGINE_SPEED_DIGIT_SCALE?AIP3368H_DISPLAY
            XDATA   6326H     0001H     UNIT         ?XD?AIP3368H_DISPLAY_ENGINE_SPEED_HANDLE?ENGINE_SPEED_SCAN
            XDATA   6327H     0001H     UNIT         ?XD?FUEL_CAPACITY_SCAN?FUEL_CAPACITY

            * * * * * * *   C O D E   M E M O R Y   * * * * * * *
            CODE    0000H     0003H     ABSOLUTE     
            CODE    0003H     000CH     ABSOLUTE     
            CODE    000FH     0012H     UNIT         ?PR?DEBUG_PIN_INIT?MAIN
            CODE    0021H     0003H     ABSOLUTE     
            CODE    0024H     0003H     ABSOLUTE     
            CODE    0027H     001BH     UNIT         ?PR?_DELAY_MS?SYSTEM
            CODE    0042H     0003H     ABSOLUTE     
            CODE    0045H     0502H     UNIT         ?C?LIB_CODE
            CODE    0547H     0365H     UNIT         ?PR?PRINTF?PRINTF
            CODE    08ACH     0336H     UNIT         ?C_INITSEG
            CODE    0BE2H     0193H     UNIT         ?PR?_KEY_DRIVER_SCAN?KEY_DRIVER
            CODE    0D75H     0144H     UNIT         ?PR?AIP3368H_DISPLAY_SPEED_HANDLE?SPEED_SCAN
            CODE    0EB9H     013AH     UNIT         ?PR?AIP3368H_DISPLAY
            CODE    0FF3H     00FBH     UNIT         ?PR?_AIP3368H_DISPLAY_SPEED?AIP3368H_DISPLAY
            CODE    10EEH     00F8H     UNIT         ?PR?SPEED_SCAN?SPEED_SCAN
            CODE    11E6H     00DCH     UNIT         ?PR?SYSTEM_INIT?SYSTEM
            CODE    12C2H     00D2H     UNIT         ?PR?___AIP3368H_DISPLAY_MILEAGE_BIT_X__?AIP3368H_DISPLAY
            CODE    1394H     00B8H     UNIT         ?PR?MILEAGE_SCAN?MILEAGE
            CODE    144CH     00AAH     UNIT         ?PR?SPEED_FILTER_GET_SPEED?SPEED_SCAN
            CODE    14F6H     00A4H     UNIT         ?PR?FUEL_CAPACITY_SCAN?FUEL_CAPACITY
            CODE    159AH     009AH     UNIT         ?C_C51STARTUP
            CODE    1634H     0095H     UNIT         ?PR?___AIP3368H_DISPLAY_SPEED_SEG__?AIP3368H_DISPLAY
            CODE    16C9H     0092H     UNIT         ?PR?___AIP3368H_DISPLAY_GEAR_DIGIT__?AIP3368H_DISPLAY
            CODE    175BH     0085H     UNIT         ?PR?TIMR1_IRQHANDLER?TMR1
            CODE    17E0H     0080H     UNIT         ?PR?ADC_IRQHANDLER?ADC
            CODE    1860H     0080H     UNIT         ?PR?_AIP3368H_DISPLAY_BACK_LIGHT_SCALE_BAR?AIP3368H_DISPLAY
            CODE    18E0H     007FH     UNIT         ?PR?_AIP3368H_DISPLAY_ENGINE_SPEED_SCALE_BAR?AIP3368H_DISPLAY
            CODE    195FH     007FH     UNIT         ?PR?_AIP3368H_DISPLAY_ENGINE_SPEED_DIGIT_SCALE?AIP3368H_DISPLAY
            CODE    19DEH     007FH     UNIT         ?PR?___AIP3368H_DISPLAY_SPEED_BIT_X__?AIP3368H_DISPLAY
            CODE    1A5DH     007FH     UNIT         ?PR?AIP3368H_DISPLAY_ERR_HANDLE?AIP3368H_DISPLAY
            CODE    1ADCH     007EH     UNIT         ?PR?ENGINE_SPEED_SCAN?ENGINE_SPEED_SCAN
            CODE    1B5AH     006CH     UNIT         ?PR?_AIP3368H_DISPLAY_MILEAGE?AIP3368H_DISPLAY
            CODE    1BC6H     006AH     UNIT         ?PR?AIP3368H_DISPLAY_ENGINE_SPEED_HANDLE?ENGINE_SPEED_SCAN
            CODE    1C30H     0066H     UNIT         ?PR?AIP3368H_DISPLAY_TEST_MILEAGE?AIP3368H_DISPLAY
            CODE    1C96H     0065H     UNIT         ?PR?__AIP3368H_DISPLAY_BOOT_ANIMATION_IN_ENGINE_SPEED_SCALE_BAR__?A
>> IP3368H_DISPLAY
            CODE    1CFBH     0063H     UNIT         ?PR?SPEED_SCAN_TIMER_50US_ISR?SPEED_SCAN
            CODE    1D5EH     005FH     UNIT         ?PR?__AIP3368H_DISPLAY_BOOT_ANIMATION_IN_FUEL_LEVEL__?AIP3368H_DISP
>> LAY
            CODE    1DBDH     005BH     UNIT         ?PR?BATTERY_SCAN?BATTERY
            CODE    1E18H     0054H     UNIT         ?PR?ENGINE_SPEED_SCAN_TIMER_50US_ISR?ENGINE_SPEED_SCAN
            CODE    1E6CH     0052H     UNIT         ?PR?AIP3368H_MODULE_INIT?AIP3368
            CODE    1EBEH     0052H     UNIT         ?PR?BAT_ADC_VAL_GET?BATTERY
            CODE    1F10H     0051H     UNIT         ?PR?SPEED_SCAN
            CODE    1F61H     0049H     UNIT         ?PR?INSTRUMENT_INFO_INIT?INSTRUMENT
            CODE    1FAAH     0046H     UNIT         ?PR?_FUEL_CAPACITY_CONVERT_VOLTAGE_TO_LEV?FUEL_CAPACITY
            CODE    1FF0H     0045H     UNIT         ?PR?___IO_KEY_GET_EVENT__?IO_KEY
            CODE    2035H     0043H     UNIT         ?PR?IO_KEY_HANDLE?IO_KEY
BL51 BANKED LINKER/LOCATER V6.22.4.0                                                  05/29/2026  15:50:44  PAGE 4


            CODE    2078H     0042H     UNIT         ?PR?_AIP3368H_MODULE_SEND_DATA_TO_ALL_DEV?AIP3368
            CODE    20BAH     0040H     UNIT         ?PR?TMR1_CONFIG?TMR1
            CODE    20FAH     003EH     UNIT         ?PR?UPDATE_ENGINE_SPEED_SCAN_DATA?ENGINE_SPEED_SCAN
            CODE    2138H     003EH     UNIT         ?PR?FUEL_CAPACITY_ADC_VAL_GET?FUEL_CAPACITY
            CODE    2176H     003DH     UNIT         ?PR?FUEL_CAPACITY
            CODE    21B3H     003CH     UNIT         ?PR?SPEED_SCAN_UPDATE_DATA?SPEED_SCAN
            CODE    21EFH     003AH     UNIT         ?PR?ADC_CHANNEL_SWITCH_BY_ISR?ADC
            CODE    2229H     0039H     UNIT         ?PR?AIP3368H_DISPLAY_TEST_GEAR?AIP3368H_DISPLAY
            CODE    2262H     0038H     UNIT         ?PR?__FUEL_VOLTAGE_SAMPLES_GET__?FUEL_CAPACITY
            CODE    229AH     0037H     UNIT         ?PR?_FLASH_PROGRAM?USER_FLASH
            CODE    22D1H     0034H     UNIT         ?PR?_FLASH_READ?USER_FLASH
            CODE    2305H     0033H     UNIT         ?PR?TMR2_CONFIG?TMR2
            CODE    2338H     0033H     UNIT         ?PR?_AIP3368H_MODULE_SEND_DATA_TO_ONE_DEV?AIP3368
            CODE    236BH     002BH     UNIT         ?PR?_BAT_ADC_VAL_SAMPLES_UPDATE?BATTERY
            CODE    2396H     002BH     UNIT         ?PR?_AIP3368H_DISPLAY_X1000RPM_LIGHT?AIP3368H_DISPLAY
            CODE    23C1H     002BH     UNIT         ?PR?AIP3368H_DISPLAY_TEST_BACK_LIGHT_SCALE_BAR?AIP3368H_DISPLAY
            CODE    23ECH     002BH     UNIT         ?PR?AIP3368H_DISPLAY_TEST_ENGINE_SPEED_SCALE_BAR?AIP3368H_DISPLAY
            CODE    2417H     002BH     UNIT         ?PR?AIP3368H_DISPLAY_TEST_ENGINE_SPEED_DIGIT_SCALE?AIP3368H_DISPLAY
>> 
            CODE    2442H     002BH     UNIT         ?PR?AIP3368H_DISPLAY_TEST_SPEED?AIP3368H_DISPLAY
            CODE    246DH     0026H     UNIT         ?PR?ADC_CONFIG?ADC
            CODE    2493H     0026H     UNIT         ?PR?AIP3368H_DISPLAY_TEST_LIGHT_BLINK_1MS_ISR?AIP3368H_DISPLAY
            CODE    24B9H     0025H     UNIT         ?PR?AIP3368H_DISPLAY_ENGINE_SPEED_REFRESH_TIME_ADD?ENGINE_SPEED_SCA
>> N
            CODE    24DEH     0024H     UNIT         ?PR?___AIP3368H_DISPLAY_SPEED_UNIT_TYPE__?AIP3368H_DISPLAY
            CODE    2502H     0024H     UNIT         ?PR?___AIP3368H_DISPLAY_MILEAGE_UNIT_TYPE__?AIP3368H_DISPLAY
            CODE    2526H     0024H     UNIT         ?CO?AIP3368H_DISPLAY
            CODE    254AH     0022H     UNIT         ?PR?USER_INIT?MAIN
            CODE    256CH     0021H     UNIT         ?PR?KEY_DRIVER
            CODE    258DH     0021H     UNIT         ?PR?_FUEL_CAPACITY_ADC_VAL_SAMPLES_UPDATE?FUEL_CAPACITY
            CODE    25AEH     0020H     UNIT         ?PR?_ADC_CHANNEL_SET?ADC
            CODE    25CEH     001EH     UNIT         ?PR?MAIN?MAIN
            CODE    25ECH     001CH     UNIT         ?PR?AIP3368H_MODULE_DISPLAY?AIP3368
            CODE    2608H     001CH     UNIT         ?PR?INSTRUMENT_INFO_SAVE?INSTRUMENT
            CODE    2624H     001BH     UNIT         ?PR?UART0_DEBUG_INIT?UART0
            CODE    263FH     0019H     UNIT         ?PR?ENGINE_SPEED_GET_LEVEL?ENGINE_SPEED_SCAN
            CODE    2658H     0019H     UNIT         ?PR?___FUEL_VOLTAGE_SAMPLES_UPDATE__?FUEL_CAPACITY
            CODE    2671H     0019H     UNIT         ?PR?_AIP3368H_DISPLAY_SPEED_UNIT_TYPE?AIP3368H_DISPLAY
            CODE    268AH     0019H     UNIT         ?PR?_AIP3368H_DISPLAY_MILEAGE_UNIT_TYPE?AIP3368H_DISPLAY
            CODE    26A3H     0018H     UNIT         ?PR?TIMR2_IRQHANDLER?TMR2
            CODE    26BBH     0018H     UNIT         ?PR?_SPEED_FILTER_ADD?SPEED_SCAN
            CODE    26D3H     0018H     UNIT         ?PR?MILEAGE
            CODE    26EBH     0018H     UNIT         ?PR?_AIP3368H_DISPLAY_GEAR?AIP3368H_DISPLAY
            CODE    2703H     0017H     UNIT         ?PR?AIP3368H_REFRESH_TIME_ADD?AIP3368
            CODE    271AH     0017H     UNIT         ?PR?FUEL_CAPACITY_SCAN_TIME_ADD?FUEL_CAPACITY
            CODE    2731H     0017H     UNIT         ?PR?FUEL_LEV_UPDATE_TIME_ADD?FUEL_CAPACITY
            CODE    2748H     0017H     UNIT         ?PR?BAT_SCAN_TIME_ADD?BATTERY
            CODE    275FH     0016H     UNIT         ?PR?ADC
            CODE    2775H     0015H     UNIT         ?PR?_SPEED_FILTER_INIT?SPEED_SCAN
            CODE    278AH     0014H     UNIT         ?CO?SPEED_SCAN
            CODE    279EH     0013H     UNIT         ?PR?___AIP3368H_DISPLAY_MILEAGE_TOTAL_LIGHT_?AIP3368H_DISPLAY
            CODE    27B1H     0013H     UNIT         ?PR?AIP3368H_DISPLAY_ERR_HANDLE_TIME_ADD?AIP3368H_DISPLAY
            CODE    27C4H     0012H     UNIT         ?PR?_AIP3368H_DISPLAY_LOW_BEAM_INDICATOR_LIGHT?AIP3368H_DISPLAY
            CODE    27D6H     0012H     UNIT         ?PR?_AIP3368H_DISPLAY_HIGH_BEAM_INDICATOR_LIGHT?AIP3368H_DISPLAY
            CODE    27E8H     0011H     UNIT         ?PR?_FLASH_ERASE_SECTOR?USER_FLASH
            CODE    27F9H     0011H     UNIT         ?PR?___BAT_ADV_VAL_SAMPLES_INIT__?BATTERY
            CODE    280AH     0010H     UNIT         ?PR?AIP3368H_DISPLAY_BOOT_ANIMATION_TIME_ADD?AIP3368H_DISPLAY
BL51 BANKED LINKER/LOCATER V6.22.4.0                                                  05/29/2026  15:50:44  PAGE 5


            CODE    281AH     000FH     UNIT         ?PR?___FUEL_VOLTAGE_SAMPLES_INIT__?FUEL_CAPACITY
            CODE    2829H     000FH     UNIT         ?PR?_AIP3368H_DISPLAY_RIGHT_TURN_LIGHT?AIP3368H_DISPLAY
            CODE    2838H     000FH     UNIT         ?PR?___AIP3368H_DISPLAY_GEAR_N_LIGHT__?AIP3368H_DISPLAY
            CODE    2847H     000FH     UNIT         ?PR?___AIP3368H_DISPLAY_MILEAGE_TRIP_LIGHT_?AIP3368H_DISPLAY
            CODE    2856H     000FH     UNIT         ?PR?___AIP3368H_DISPLAY_MILEAGE_POINT__?AIP3368H_DISPLAY
            CODE    2865H     000FH     UNIT         ?PR?IO_KEY
            CODE    2874H     000EH     UNIT         ?PR?_PUTCHAR?UART0
            CODE    2882H     000EH     UNIT         ?PR?_AIP3368H_DISPLAY_LEFT_TURN_LIGHT?AIP3368H_DISPLAY
            CODE    2890H     000EH     UNIT         ?PR?_AIP3368H_DISPLAY_ERR_LIGHT?AIP3368H_DISPLAY
            CODE    289EH     000EH     UNIT         ?PR?_AIP3368H_DISPLAY_GEAR_LIGHT?AIP3368H_DISPLAY
            CODE    28ACH     000DH     UNIT         ?PR?PIN_LEVEL_SCAN_CONFIG?PIN_LEVEL_SCAN
            CODE    28B9H     000DH     UNIT         ?PR?SPEED_SCAN_CONFIG?SPEED_SCAN
            CODE    28C6H     000DH     UNIT         ?PR?AIP3368H_DISPLAY_SPEED_REFRESH_TIME_ADD?SPEED_SCAN
            CODE    28D3H     000DH     UNIT         ?PR?ENGINE_SPEED_SCAN_CONFIG?ENGINE_SPEED_SCAN
            CODE    28E0H     000DH     UNIT         ?PR?ENGINE_SPEED_SCAN
            CODE    28EDH     000DH     UNIT         ?PR?IO_KEY_CONFIG?IO_KEY
            CODE    28FAH     000CH     UNIT         ?PR?___FUEL_CAPACITY_ADC_VAL_SAMPLES_INIT__?FUEL_CAPACITY
            CODE    2906H     000CH     UNIT         ?PR?BATTERY
            CODE    2912H     000BH     UNIT         ?PR?_DELAY?SYSTEM
            CODE    291DH     000BH     UNIT         ?CO?MAIN
            CODE    2928H     0009H     UNIT         ?PR?IO_KEY_GET_KEY_ID?IO_KEY
            CODE    2931H     0008H     UNIT         ?PR?_UART0_SEND_BYTE?UART0
            CODE    2939H     0007H     UNIT         ?PR?AIP3368
            CODE    2940H     0007H     UNIT         ?PR?AIP3368H_DISPLAY_BOOT_ANIMATION_HANDLE?AIP3368H_DISPLAY
            CODE    2947H     0001H     UNIT         ?PR?PIN_LEVEL_SCAN?PIN_LEVEL_SCAN
            CODE    2948H     0001H     UNIT         ?PR?__AIP3368H_DISPLAY_BOOT_ANIMATION_IN_SPEED_AND_MILEAGE__?AIP336
>> 8H_DISPLAY
            CODE    2949H     0001H     UNIT         ?PR?AIP3368H_DISPLAY_TEST?AIP3368H_DISPLAY



OVERLAY MAP OF MODULE:   .\Release\Objects\Project (?C_STARTUP)


SEGMENT                                             BIT_GROUP          DATA_GROUP          XDATA_GROUP
  +--> CALLED SEGMENT                            START    LENGTH     START    LENGTH     START    LENGTH
--------------------------------------------------------------------------------------------------------
?C_C51STARTUP                                    -----    -----      -----    -----      -----    -----
  +--> ?PR?MAIN?MAIN
  +--> ?C_INITSEG

?PR?MAIN?MAIN                                    -----    -----      -----    -----      -----    -----
  +--> ?PR?SYSTEM_INIT?SYSTEM
  +--> ?PR?USER_INIT?MAIN
  +--> ?PR?AIP3368H_DISPLAY_TEST?AIP3368H_DI...
  +--> ?PR?AIP3368H_MODULE_DISPLAY?AIP3368

?PR?SYSTEM_INIT?SYSTEM                           -----    -----      -----    -----      -----    -----
  +--> ?PR?_DELAY?SYSTEM
  +--> ?PR?_DELAY_MS?SYSTEM

?PR?_DELAY_MS?SYSTEM                             -----    -----      -----    -----      -----    -----
  +--> ?PR?_DELAY?SYSTEM

?PR?USER_INIT?MAIN                               -----    -----      -----    -----      -----    -----
  +--> ?PR?DEBUG_PIN_INIT?MAIN
  +--> ?PR?UART0_DEBUG_INIT?UART0
BL51 BANKED LINKER/LOCATER V6.22.4.0                                                  05/29/2026  15:50:44  PAGE 6


  +--> ?CO?MAIN
  +--> ?PR?PRINTF?PRINTF
  +--> ?PR?INSTRUMENT_INFO_INIT?INSTRUMENT
  +--> ?PR?AIP3368H_MODULE_INIT?AIP3368
  +--> ?PR?TMR1_CONFIG?TMR1
  +--> ?PR?TMR2_CONFIG?TMR2
  +--> ?PR?_DELAY_MS?SYSTEM

?PR?PRINTF?PRINTF                                0020H.0  0001H.1    0008H    0005H      6229H    0028H
  +--> ?PR?_PUTCHAR?UART0

?PR?_PUTCHAR?UART0                               -----    -----      -----    -----      6251H    0001H
  +--> ?PR?_UART0_SEND_BYTE?UART0

?PR?INSTRUMENT_INFO_INIT?INSTRUMENT              -----    -----      -----    -----      6229H    000BH
  +--> ?PR?_FLASH_READ?USER_FLASH
  +--> ?PR?INSTRUMENT_INFO_SAVE?INSTRUMENT

?PR?_FLASH_READ?USER_FLASH                       -----    -----      -----    -----      6234H    0005H

?PR?INSTRUMENT_INFO_SAVE?INSTRUMENT              -----    -----      -----    -----      -----    -----
  +--> ?PR?_FLASH_ERASE_SECTOR?USER_FLASH
  +--> ?PR?_FLASH_PROGRAM?USER_FLASH

?PR?_FLASH_PROGRAM?USER_FLASH                    -----    -----      -----    -----      6234H    0005H

?PR?AIP3368H_MODULE_INIT?AIP3368                 -----    -----      -----    -----      -----    -----
  +--> ?PR?AIP3368
  +--> ?PR?_AIP3368H_MODULE_SEND_DATA_TO_ALL...

?PR?_AIP3368H_MODULE_SEND_DATA_TO_ALL...         -----    -----      -----    -----      6229H    0004H
  +--> ?PR?_AIP3368H_MODULE_SEND_DATA_TO_ONE...

?PR?_AIP3368H_MODULE_SEND_DATA_TO_ONE...         -----    -----      -----    -----      622DH    0002H

?PR?AIP3368H_MODULE_DISPLAY?AIP3368              -----    -----      -----    -----      -----    -----
  +--> ?PR?AIP3368
  +--> ?PR?_AIP3368H_MODULE_SEND_DATA_TO_ALL...

?C_INITSEG                                       -----    -----      -----    -----      -----    -----
  +--> ?PR?IO_KEY_GET_KEY_ID?IO_KEY

*** NEW ROOT ***************************************************

?PR?TIMR1_IRQHANDLER?TMR1                        -----    -----      -----    -----      -----    -----
  +--> ?PR?FUEL_CAPACITY_SCAN_TIME_ADD?FUEL_...
  +--> ?PR?FUEL_LEV_UPDATE_TIME_ADD?FUEL_CAP...
  +--> ?PR?AIP3368H_REFRESH_TIME_ADD?AIP3368
  +--> ?PR?AIP3368H_DISPLAY_TEST_LIGHT_BLINK...

?PR?AIP3368H_DISPLAY_TEST_LIGHT_BLINK...         -----    -----      -----    -----      -----    -----
  +--> ?PR?AIP3368H_DISPLAY

*** NEW ROOT ***************************************************

?PR?ADC_IRQHANDLER?ADC                           -----    -----      -----    -----      6252H    0002H
  +--> ?PR?_BAT_ADC_VAL_SAMPLES_UPDATE?BATTERY
BL51 BANKED LINKER/LOCATER V6.22.4.0                                                  05/29/2026  15:50:44  PAGE 7


  +--> ?PR?_FUEL_CAPACITY_ADC_VAL_SAMPLES_UP...

?PR?_BAT_ADC_VAL_SAMPLES_UPDATE?BATTERY          -----    -----      -----    -----      -----    -----
  +--> ?PR?___BAT_ADV_VAL_SAMPLES_INIT__?BAT...
  +--> ?PR?BATTERY

?PR?___BAT_ADV_VAL_SAMPLES_INIT__?BAT...         -----    -----      -----    -----      -----    -----
  +--> ?PR?BATTERY

?PR?_FUEL_CAPACITY_ADC_VAL_SAMPLES_UP...         -----    -----      -----    -----      -----    -----
  +--> ?PR?___FUEL_CAPACITY_ADC_VAL_SAMPLES_...
  +--> ?PR?FUEL_CAPACITY

?PR?___FUEL_CAPACITY_ADC_VAL_SAMPLES_...         -----    -----      -----    -----      -----    -----
  +--> ?PR?FUEL_CAPACITY

?PR?FUEL_CAPACITY                                -----    -----      -----    -----      -----    -----
  +--> ?PR?_FUEL_CAPACITY_CONVERT_VOLTAGE_TO...



SYMBOL TABLE OF MODULE:  .\Release\Objects\Project (?C_STARTUP)

  VALUE           TYPE          NAME
  ----------------------------------

  -------         MODULE        ?C_STARTUP
  C:159AH         SEGMENT       ?C_C51STARTUP
  I:0022H         SEGMENT       ?STACK
  C:0000H         PUBLIC        ?C_STARTUP
  D:00E0H         SYMBOL        ACC
  D:00F0H         SYMBOL        B
  D:0083H         SYMBOL        DPH
  D:0082H         SYMBOL        DPL
  N:0000H         SYMBOL        IBPSTACK
  N:0100H         SYMBOL        IBPSTACKTOP
  N:0080H         SYMBOL        IDATALEN
  C:159DH         SYMBOL        IDATALOOP
  N:0000H         SYMBOL        PBPSTACK
  N:0100H         SYMBOL        PBPSTACKTOP
  N:0000H         SYMBOL        PDATALEN
  N:0000H         SYMBOL        PDATASTART
  N:0000H         SYMBOL        PPAGE
  N:0000H         SYMBOL        PPAGEENABLE
  D:00A0H         SYMBOL        PPAGE_SFR
  D:0081H         SYMBOL        SP
  C:159AH         SYMBOL        STARTUP1
  N:0000H         SYMBOL        XBPSTACK
  N:0000H         SYMBOL        XBPSTACKTOP
  N:0700H         SYMBOL        XDATALEN
  C:15A8H         SYMBOL        XDATALOOP
  N:6000H         SYMBOL        XDATASTART
  C:0000H         LINE#         126
  C:159AH         LINE#         133
  C:159CH         LINE#         134
  C:159DH         LINE#         135
  C:159EH         LINE#         136
BL51 BANKED LINKER/LOCATER V6.22.4.0                                                  05/29/2026  15:50:44  PAGE 8


  C:15A0H         LINE#         140
  C:15A3H         LINE#         141
  C:15A5H         LINE#         145
  C:15A7H         LINE#         147
  C:15A8H         LINE#         148
  C:15A9H         LINE#         149
  C:15AAH         LINE#         150
  C:15ACH         LINE#         151
  C:15AEH         LINE#         185
  C:15B1H         LINE#         196
  -------         ENDMOD        ?C_STARTUP

  -------         MODULE        SYSTEM
  C:0000H         SYMBOL        _ICE_DUMMY_
  D:00D9H         PUBLIC        WDT_KEY
  D:00A7H         PUBLIC        FLASH_TIMEREG0
  D:00ACH         PUBLIC        FLASH_TIMEREG1
  C:2912H         PUBLIC        _delay
  C:0027H         PUBLIC        _delay_ms
  C:11E6H         PUBLIC        system_init
  -------         PROC          _DELAY
  D:0006H         SYMBOL        cnt
  C:2912H         LINE#         37
  C:2912H         LINE#         38
  C:2912H         LINE#         39
  C:291CH         LINE#         40
  C:291CH         LINE#         41
  C:291CH         LINE#         42
  -------         ENDPROC       _DELAY
  -------         PROC          _DELAY_MS
  D:0002H         SYMBOL        ms
  C:0027H         LINE#         49
  C:002BH         LINE#         50
  C:002BH         LINE#         51
  C:0035H         LINE#         52
  C:0035H         LINE#         53
  C:003CH         LINE#         54
  C:003FH         LINE#         55
  C:0041H         LINE#         56
  -------         ENDPROC       _DELAY_MS
  -------         PROC          SYSTEM_INIT
  -------         DO            
  D:0007H         SYMBOL        i
  -------         ENDDO         
  C:11E6H         LINE#         63
  C:11E6H         LINE#         64
  C:11E6H         LINE#         67
  C:11EDH         LINE#         68
  C:11FAH         LINE#         69
  C:11FDH         LINE#         72
  C:1200H         LINE#         73
  C:1206H         LINE#         74
  C:120CH         LINE#         75
  C:1212H         LINE#         76
  C:1218H         LINE#         77
  C:121FH         LINE#         81
  C:1221H         LINE#         82
BL51 BANKED LINKER/LOCATER V6.22.4.0                                                  05/29/2026  15:50:44  PAGE 9


  C:1221H         LINE#         83
  C:122EH         LINE#         84
  C:1233H         LINE#         86
  C:12C1H         LINE#         87
  -------         ENDPROC       SYSTEM_INIT
  -------         ENDMOD        SYSTEM

  -------         MODULE        TK_SET
  C:0000H         SYMBOL        _ICE_DUMMY_
  -------         ENDMOD        TK_SET

  -------         MODULE        TMR1
  C:0000H         SYMBOL        _ICE_DUMMY_
  D:00A8H         PUBLIC        IE0
  D:00A9H         PUBLIC        IE1
  D:00AAH         PUBLIC        IE2
  D:00ABH         PUBLIC        IE3
  B:00A8H.7       PUBLIC        IE_EA
  D:00B8H         PUBLIC        IP0
  D:00B1H         PUBLIC        IP1
  D:00B2H         PUBLIC        IP2
  D:00B3H         PUBLIC        IP3
  D:00B4H         PUBLIC        IP4
  D:00B5H         PUBLIC        IP5
  D:00B6H         PUBLIC        IP6
  D:00B7H         PUBLIC        IP7
  D:00D1H         PUBLIC        TMR_ALLCON
  C:20BAH         PUBLIC        tmr1_config
  C:175BH         PUBLIC        TIMR1_IRQHandler
  -------         PROC          TMR1_CONFIG
  C:20BAH         LINE#         10
  C:20BAH         LINE#         11
  C:20BAH         LINE#         12
  C:20C0H         LINE#         13
  C:20C3H         LINE#         14
  C:20C5H         LINE#         16
  C:20C8H         LINE#         19
  C:20CEH         LINE#         20
  C:20D2H         LINE#         21
  C:20D6H         LINE#         22
  C:20DAH         LINE#         24
  C:20DFH         LINE#         25
  C:20E3H         LINE#         28
  C:20E8H         LINE#         29
  C:20ECH         LINE#         35
  C:20F2H         LINE#         36
  C:20F6H         LINE#         38
  C:20F9H         LINE#         40
  -------         ENDPROC       TMR1_CONFIG
  -------         PROC          TIMR1_IRQHANDLER
  C:175BH         LINE#         43
  C:1778H         LINE#         46
  C:1778H         LINE#         51
  C:177EH         LINE#         52
  C:177EH         LINE#         53
  C:1782H         LINE#         55
  C:1799H         LINE#         56
BL51 BANKED LINKER/LOCATER V6.22.4.0                                                  05/29/2026  15:50:44  PAGE 10


  C:1799H         LINE#         57
  C:17A3H         LINE#         58
  C:17A3H         LINE#         60
  C:17ACH         LINE#         61
  C:17ACH         LINE#         62
  C:17AFH         LINE#         63
  C:17AFH         LINE#         66
  C:17B2H         LINE#         67
  C:17B5H         LINE#         71
  C:17B5H         LINE#         72
  C:17BFH         LINE#         73
  C:17BFH         LINE#         81
  C:17C2H         LINE#         91
  C:17C5H         LINE#         99
  C:17C5H         LINE#         102
  C:17C5H         LINE#         103
  -------         ENDPROC       TIMR1_IRQHANDLER
  -------         ENDMOD        TMR1

  -------         MODULE        TMR2
  C:0000H         SYMBOL        _ICE_DUMMY_
  D:00A8H         PUBLIC        IE0
  D:00A9H         PUBLIC        IE1
  D:00AAH         PUBLIC        IE2
  D:00ABH         PUBLIC        IE3
  B:00A8H.7       PUBLIC        IE_EA
  D:00B8H         PUBLIC        IP0
  D:00B1H         PUBLIC        IP1
  D:00B2H         PUBLIC        IP2
  D:00B3H         PUBLIC        IP3
  D:00B4H         PUBLIC        IP4
  D:00B5H         PUBLIC        IP5
  D:00B6H         PUBLIC        IP6
  D:00B7H         PUBLIC        IP7
  D:00D1H         PUBLIC        TMR_ALLCON
  C:2305H         PUBLIC        tmr2_config
  C:26A3H         PUBLIC        TIMR2_IRQHandler
  -------         PROC          TMR2_CONFIG
  C:2305H         LINE#         15
  C:2305H         LINE#         16
  C:2305H         LINE#         17
  C:230BH         LINE#         18
  C:230EH         LINE#         19
  C:2310H         LINE#         22
  C:2313H         LINE#         25
  C:2319H         LINE#         26
  C:231FH         LINE#         28
  C:2326H         LINE#         29
  C:232AH         LINE#         31
  C:2330H         LINE#         34
  C:2334H         LINE#         38
  C:2337H         LINE#         39
  -------         ENDPROC       TMR2_CONFIG
  -------         PROC          TIMR2_IRQHANDLER
  C:26A3H         LINE#         42
  C:26A9H         LINE#         45
  C:26A9H         LINE#         49
BL51 BANKED LINKER/LOCATER V6.22.4.0                                                  05/29/2026  15:50:44  PAGE 11


  C:26B0H         LINE#         50
  C:26B0H         LINE#         51
  C:26B4H         LINE#         60
  C:26B4H         LINE#         63
  C:26B4H         LINE#         64
  -------         ENDPROC       TIMR2_IRQHANDLER
  -------         ENDMOD        TMR2

  -------         MODULE        UART0
  C:0000H         SYMBOL        _ICE_DUMMY_
  D:00D2H         PUBLIC        UART0_CON0
  D:00D4H         PUBLIC        UART0_STA
  D:00D5H         PUBLIC        UART0_BAUD0
  D:00D6H         PUBLIC        UART0_BAUD1
  D:00D7H         PUBLIC        UART0_DATA
  C:2874H         PUBLIC        _putchar
  C:2624H         PUBLIC        uart0_debug_init
  C:2931H         PUBLIC        _uart0_send_byte
  -------         PROC          _PUTCHAR
  X:6251H         SYMBOL        c
  C:2874H         LINE#         10
  C:2879H         LINE#         11
  C:2879H         LINE#         12
  C:287CH         LINE#         13
  C:2881H         LINE#         14
  -------         ENDPROC       _PUTCHAR
  -------         PROC          UART0_DEBUG_INIT
  C:2624H         LINE#         17
  C:2624H         LINE#         18
  C:2624H         LINE#         19
  C:262AH         LINE#         20
  C:262EH         LINE#         21
  C:2635H         LINE#         23
  C:2638H         LINE#         24
  C:263BH         LINE#         25
  C:263EH         LINE#         27
  -------         ENDPROC       UART0_DEBUG_INIT
  -------         PROC          _UART0_SEND_BYTE
  D:0007H         SYMBOL        byte
  C:2931H         LINE#         29
  C:2931H         LINE#         30
  C:2931H         LINE#         32
  C:2936H         LINE#         34
  C:2938H         LINE#         35
  -------         ENDPROC       _UART0_SEND_BYTE
  -------         ENDMOD        UART0

  -------         MODULE        ADC
  C:0000H         SYMBOL        _ICE_DUMMY_
  D:00A8H         PUBLIC        IE0
  D:00A9H         PUBLIC        IE1
  D:00AAH         PUBLIC        IE2
  D:00ABH         PUBLIC        IE3
  B:00A8H.7       PUBLIC        IE_EA
  D:00B8H         PUBLIC        IP0
  D:00B1H         PUBLIC        IP1
  D:00B2H         PUBLIC        IP2
BL51 BANKED LINKER/LOCATER V6.22.4.0                                                  05/29/2026  15:50:44  PAGE 12


  D:00B3H         PUBLIC        IP3
  D:00B4H         PUBLIC        IP4
  D:00B5H         PUBLIC        IP5
  D:00B6H         PUBLIC        IP6
  D:00B7H         PUBLIC        IP7
  D:0091H         PUBLIC        ADC_CFG2
  D:0093H         PUBLIC        ADC_DATAH0
  D:0094H         PUBLIC        ADC_DATAL0
  D:0099H         PUBLIC        ADC_CHS0
  D:009EH         PUBLIC        ADC_TRGS0
  X:630CH         PUBLIC        adc_val
  C:246DH         PUBLIC        adc_config
  C:21EFH         PUBLIC        adc_channel_switch_by_isr
  X:630EH         SYMBOL        adc_channel_status
  C:25AEH         PUBLIC        _adc_channel_set
  C:17E0H         PUBLIC        ADC_IRQHandler
  C:275FH         SYMBOL        Com0035
  C:275FH         SYMBOL        L?0054
  C:276BH         SYMBOL        L?0055
  -------         PROC          COM0035
  -------         ENDPROC       COM0035
  -------         PROC          ADC_CONFIG
  C:246DH         LINE#         10
  C:246DH         LINE#         11
  C:246DH         LINE#         14
  C:2473H         LINE#         19
  C:2478H         LINE#         22
  C:247EH         LINE#         24
  C:2481H         LINE#         26
  C:2487H         LINE#         30
  C:248AH         LINE#         31
  C:248DH         LINE#         32
  C:2490H         LINE#         33
  C:2492H         LINE#         34
  -------         ENDPROC       ADC_CONFIG
  -------         PROC          _ADC_CHANNEL_SET
  D:0007H         SYMBOL        adc_channel
  C:25AEH         LINE#         37
  C:25AEH         LINE#         38
  C:25AEH         LINE#         39
  C:25B1H         LINE#         45
  C:25B9H         LINE#         46
  C:25B9H         LINE#         49
  C:25B9H         LINE#         50
  C:25B9H         LINE#         52
  C:25BCH         LINE#         55
  C:25BFH         LINE#         56
  C:25C1H         LINE#         62
  C:25C1H         LINE#         63
  C:25C1H         LINE#         65
  C:25C4H         LINE#         68
  C:25C7H         LINE#         69
  C:25C7H         LINE#         72
  C:25C7H         LINE#         74
  C:25CDH         LINE#         77
  -------         ENDPROC       _ADC_CHANNEL_SET
  -------         PROC          ADC_CHANNEL_SWITCH_BY_ISR
BL51 BANKED LINKER/LOCATER V6.22.4.0                                                  05/29/2026  15:50:44  PAGE 13


  C:21EFH         LINE#         120
  C:21EFH         LINE#         121
  C:21EFH         LINE#         122
  C:2203H         LINE#         123
  C:2203H         LINE#         124
  C:2203H         LINE#         125
  C:2203H         LINE#         127
  C:2208H         LINE#         128
  C:220EH         LINE#         129
  C:220FH         LINE#         130
  C:220FH         LINE#         131
  C:220FH         LINE#         132
  C:2215H         LINE#         133
  C:2216H         LINE#         134
  C:2216H         LINE#         135
  C:221BH         LINE#         136
  C:2221H         LINE#         137
  C:2222H         LINE#         138
  C:2222H         LINE#         139
  C:2222H         LINE#         140
  C:2228H         LINE#         141
  C:2228H         LINE#         143
  C:2228H         LINE#         144
  C:2228H         LINE#         145
  C:2228H         LINE#         146
  -------         ENDPROC       ADC_CHANNEL_SWITCH_BY_ISR
  -------         PROC          ADC_IRQHANDLER
  -------         DO            
  X:6252H         SYMBOL        adc_val
  -------         ENDDO         
  C:17E0H         LINE#         148
  C:17FDH         LINE#         153
  C:17FDH         LINE#         156
  C:1803H         LINE#         157
  C:1803H         LINE#         158
  C:1807H         LINE#         159
  C:1821H         LINE#         161
  C:182DH         LINE#         162
  C:182DH         LINE#         163
  C:182DH         LINE#         164
  C:1838H         LINE#         165
  C:183AH         LINE#         167
  C:183AH         LINE#         168
  C:1845H         LINE#         169
  C:1845H         LINE#         170
  C:1845H         LINE#         171
  C:1845H         LINE#         174
  C:1845H         LINE#         175
  -------         ENDPROC       ADC_IRQHANDLER
  -------         ENDMOD        ADC

  -------         MODULE        KEY_DRIVER
  C:0000H         SYMBOL        _ICE_DUMMY_
  C:0BE2H         PUBLIC        _key_driver_scan
  X:6304H         SYMBOL        is_key_active
  X:6305H         PUBLIC        scan_para
  C:256CH         SYMBOL        Com0021
BL51 BANKED LINKER/LOCATER V6.22.4.0                                                  05/29/2026  15:50:44  PAGE 14


  C:256CH         SYMBOL        L?0034
  C:256FH         SYMBOL        L?0035
  C:2570H         SYMBOL        L?0036
  C:2576H         SYMBOL        L?0037
  C:2579H         SYMBOL        L?0038
  C:257DH         SYMBOL        L?0039
  C:2583H         SYMBOL        L?0040
  C:2586H         SYMBOL        L?0041
  -------         PROC          COM0021
  -------         ENDPROC       COM0021
  -------         PROC          _KEY_DRIVER_SCAN
  D:0001H         SYMBOL        _scan_para
  -------         DO            
  X:631EH         SYMBOL        key_event
  D:0007H         SYMBOL        cur_key_value
  X:631FH         SYMBOL        key_value
  C:0D4AH         SYMBOL        _notify
  C:0D6AH         SYMBOL        _scan_end
  -------         ENDDO         
  C:0BE2H         LINE#         19
  C:0BE2H         LINE#         21
  C:0BE2H         LINE#         26
  C:0BE7H         LINE#         27
  C:0BE9H         LINE#         28
  C:0BEDH         LINE#         32
  C:0BF3H         LINE#         35
  C:0C06H         LINE#         36
  C:0C06H         LINE#         38
  C:0C06H         LINE#         40
  C:0C10H         LINE#         42
  C:0C19H         LINE#         48
  C:0C1DH         LINE#         49
  C:0C1DH         LINE#         50
  C:0C23H         LINE#         51
  C:0C25H         LINE#         52
  C:0C2BH         LINE#         53
  C:0C2BH         LINE#         54
  C:0C2EH         LINE#         55
  C:0C2EH         LINE#         85
  C:0C42H         LINE#         86
  C:0C42H         LINE#         88
  C:0C49H         LINE#         89
  C:0C4FH         LINE#         91
  C:0C4FH         LINE#         94
  C:0C60H         LINE#         95
  C:0C60H         LINE#         96
  C:0C6BH         LINE#         98
  C:0C6BH         LINE#         101
  C:0C77H         LINE#         102
  C:0C77H         LINE#         109
  C:0C7BH         LINE#         110
  C:0C7BH         LINE#         111
  C:0C82H         LINE#         112
  C:0C82H         LINE#         113
  C:0C84H         LINE#         114
  C:0C8AH         LINE#         115
  C:0C8CH         LINE#         117
BL51 BANKED LINKER/LOCATER V6.22.4.0                                                  05/29/2026  15:50:44  PAGE 15


  C:0C8CH         LINE#         120
  C:0C8CH         LINE#         121
  C:0C94H         LINE#         122
  C:0C94H         LINE#         123
  C:0C97H         LINE#         125
  C:0C97H         LINE#         130
  C:0C9FH         LINE#         131
  C:0CABH         LINE#         132
  C:0CABH         LINE#         133
  C:0CB0H         LINE#         134
  C:0CB4H         LINE#         135
  C:0CB7H         LINE#         137
  C:0CB7H         LINE#         138
  C:0CBDH         LINE#         139
  C:0CBDH         LINE#         140
  C:0CBDH         LINE#         142
  C:0CBFH         LINE#         147
  C:0CBFH         LINE#         149
  C:0CBFH         LINE#         154
  C:0CC3H         LINE#         155
  C:0CC3H         LINE#         157
  C:0CD4H         LINE#         158
  C:0CD4H         LINE#         162
  C:0CE5H         LINE#         163
  C:0CE5H         LINE#         183
  C:0CE5H         LINE#         184
  C:0CE7H         LINE#         186
  C:0CE7H         LINE#         187
  C:0CF4H         LINE#         189
  C:0CF6H         LINE#         191
  C:0CF6H         LINE#         193
  C:0CF6H         LINE#         194
  C:0D01H         LINE#         195
  C:0D04H         LINE#         197
  C:0D04H         LINE#         198
  C:0D04H         LINE#         200
  C:0D04H         LINE#         201
  C:0D04H         LINE#         203
  C:0D04H         LINE#         204
  C:0D04H         LINE#         206
  C:0D04H         LINE#         208
  C:0D0FH         LINE#         209
  C:0D0FH         LINE#         210
  C:0D17H         LINE#         211
  C:0D17H         LINE#         215
  C:0D1DH         LINE#         216
  C:0D1DH         LINE#         217
  C:0D23H         LINE#         222
  C:0D25H         LINE#         223
  C:0D31H         LINE#         224
  C:0D31H         LINE#         225
  C:0D36H         LINE#         226
  C:0D45H         LINE#         228
  C:0D45H         LINE#         230
  C:0D45H         LINE#         231
  C:0D45H         LINE#         233
  C:0D45H         LINE#         236
BL51 BANKED LINKER/LOCATER V6.22.4.0                                                  05/29/2026  15:50:44  PAGE 16


  C:0D4AH         LINE#         237
  C:0D4AH         LINE#         239
  C:0D4AH         LINE#         240
  C:0D4AH         LINE#         242
  C:0D4AH         LINE#         245
  C:0D4AH         LINE#         247
  C:0D4AH         LINE#         248
  C:0D4EH         LINE#         249
  C:0D56H         LINE#         251
  C:0D60H         LINE#         252
  C:0D6AH         LINE#         255
  C:0D6AH         LINE#         264
  C:0D6AH         LINE#         266
  C:0D6AH         LINE#         267
  C:0D74H         LINE#         270
  -------         ENDPROC       _KEY_DRIVER_SCAN
  -------         ENDMOD        KEY_DRIVER

  -------         MODULE        USER_FLASH
  C:0000H         SYMBOL        _ICE_DUMMY_
  D:00A4H         PUBLIC        FLASH_CON
  D:00A5H         PUBLIC        FLASH_STA
  D:00A6H         PUBLIC        FLASH_DATA
  D:00AEH         PUBLIC        FLASH_PASSWORD
  D:00AFH         PUBLIC        FLASH_ADDR
  C:27E8H         PUBLIC        _flash_erase_sector
  C:229AH         PUBLIC        _flash_program
  C:22D1H         PUBLIC        _flash_read
  -------         PROC          _FLASH_ERASE_SECTOR
  D:0007H         SYMBOL        addr
  C:27E8H         LINE#         9
  C:27E8H         LINE#         10
  C:27E8H         LINE#         11
  C:27EBH         LINE#         12
  C:27EDH         LINE#         13
  C:27F0H         LINE#         14
  C:27F3H         LINE#         16
  C:27F8H         LINE#         18
  -------         ENDPROC       _FLASH_ERASE_SECTOR
  -------         PROC          _FLASH_PROGRAM
  D:0007H         SYMBOL        addr
  X:6235H         SYMBOL        p_data
  X:6238H         SYMBOL        len
  C:229AH         LINE#         27
  C:22A0H         LINE#         28
  C:22A0H         LINE#         29
  C:22A3H         LINE#         30
  C:22A5H         LINE#         32
  C:22AEH         LINE#         33
  C:22AEH         LINE#         34
  C:22B3H         LINE#         36
  C:22C2H         LINE#         37
  C:22C5H         LINE#         38
  C:22C8H         LINE#         40
  C:22CEH         LINE#         41
  C:22D0H         LINE#         42
  -------         ENDPROC       _FLASH_PROGRAM
BL51 BANKED LINKER/LOCATER V6.22.4.0                                                  05/29/2026  15:50:44  PAGE 17


  -------         PROC          _FLASH_READ
  D:0007H         SYMBOL        addr
  X:6235H         SYMBOL        p_data
  X:6238H         SYMBOL        len
  C:22D1H         LINE#         51
  C:22D7H         LINE#         52
  C:22D7H         LINE#         53
  C:22DDH         LINE#         54
  C:22DDH         LINE#         55
  C:22FCH         LINE#         56
  C:2302H         LINE#         57
  C:2304H         LINE#         58
  -------         ENDPROC       _FLASH_READ
  -------         ENDMOD        USER_FLASH

  -------         MODULE        AIP3368
  C:0000H         SYMBOL        _ICE_DUMMY_
  X:6278H         PUBLIC        aip3368h_display_buff
  C:2703H         PUBLIC        aip3368h_refresh_time_add
  C:1E6CH         PUBLIC        aip3368h_module_init
  C:25ECH         PUBLIC        aip3368h_module_display
  B:0080H.0       PUBLIC        P00
  B:0080H.3       PUBLIC        P03
  B:0090H.1       PUBLIC        P11
  B:0090H.2       PUBLIC        P12
  X:628EH         SYMBOL        aip3368h_refresh_cnt
  C:2338H         SYMBOL        _aip3368h_module_send_data_to_one_dev
  C:2078H         SYMBOL        _aip3368h_module_send_data_to_all_dev
  C:2939H         SYMBOL        Com0012
  C:2939H         SYMBOL        L?0019
  C:2939H         SYMBOL        L?0020
  -------         PROC          COM0012
  -------         ENDPROC       COM0012
  -------         PROC          AIP3368H_REFRESH_TIME_ADD
  C:2703H         LINE#         14
  C:2703H         LINE#         15
  C:2703H         LINE#         17
  C:2712H         LINE#         18
  C:2712H         LINE#         19
  C:2719H         LINE#         20
  C:2719H         LINE#         21
  -------         ENDPROC       AIP3368H_REFRESH_TIME_ADD
  -------         PROC          _AIP3368H_MODULE_SEND_DATA_TO_ONE_DEV
  D:0006H         SYMBOL        dat
  -------         DO            
  X:622DH         SYMBOL        i
  -------         ENDDO         
  C:2338H         LINE#         23
  C:2338H         LINE#         24
  C:2338H         LINE#         28
  C:233FH         LINE#         29
  C:233FH         LINE#         30
  C:2349H         LINE#         33
  C:234BH         LINE#         35
  C:2352H         LINE#         36
  C:2354H         LINE#         38
  C:236AH         LINE#         40
BL51 BANKED LINKER/LOCATER V6.22.4.0                                                  05/29/2026  15:50:44  PAGE 18


  -------         ENDPROC       _AIP3368H_MODULE_SEND_DATA_TO_ONE_DEV
  -------         PROC          _AIP3368H_MODULE_SEND_DATA_TO_ALL_DEV
  X:6229H         SYMBOL        buff
  D:0005H         SYMBOL        len
  -------         DO            
  X:622CH         SYMBOL        i
  -------         ENDDO         
  C:2078H         LINE#         42
  C:207EH         LINE#         43
  C:207EH         LINE#         48
  C:2080H         LINE#         49
  C:2082H         LINE#         54
  C:208FH         LINE#         55
  C:208FH         LINE#         56
  C:20ABH         LINE#         57
  C:20B3H         LINE#         61
  C:20B5H         LINE#         63
  C:20B7H         LINE#         66
  C:20B9H         LINE#         69
  -------         ENDPROC       _AIP3368H_MODULE_SEND_DATA_TO_ALL_DEV
  -------         PROC          AIP3368H_MODULE_DISPLAY
  C:25ECH         LINE#         73
  C:25ECH         LINE#         74
  C:25ECH         LINE#         79
  C:25FBH         LINE#         80
  C:25FBH         LINE#         82
  C:25FBH         LINE#         84
  C:25FBH         LINE#         85
  C:25FFH         LINE#         87
  C:25FFH         LINE#         97
  C:2607H         LINE#         98
  -------         ENDPROC       AIP3368H_MODULE_DISPLAY
  -------         PROC          AIP3368H_MODULE_INIT
  C:1E6CH         LINE#         106
  C:1E6CH         LINE#         107
  C:1E6CH         LINE#         110
  C:1E78H         LINE#         113
  C:1E7EH         LINE#         114
  C:1E82H         LINE#         115
  C:1E87H         LINE#         117
  C:1E8BH         LINE#         118
  C:1E8FH         LINE#         119
  C:1E92H         LINE#         121
  C:1E98H         LINE#         122
  C:1E9CH         LINE#         123
  C:1EA1H         LINE#         125
  C:1EA5H         LINE#         126
  C:1EA9H         LINE#         127
  C:1EAEH         LINE#         130
  C:1EB0H         LINE#         131
  C:1EB2H         LINE#         132
  C:1EB4H         LINE#         133
  C:1EB6H         LINE#         134
  -------         ENDPROC       AIP3368H_MODULE_INIT
  -------         ENDMOD        AIP3368

  -------         MODULE        MAIN
BL51 BANKED LINKER/LOCATER V6.22.4.0                                                  05/29/2026  15:50:44  PAGE 19


  C:0000H         SYMBOL        _ICE_DUMMY_
  D:00D9H         PUBLIC        WDT_KEY
  B:00A0H.1       PUBLIC        P21
  C:000FH         PUBLIC        debug_pin_init
  C:254AH         PUBLIC        user_init
  C:25CEH         PUBLIC        main
  -------         PROC          DEBUG_PIN_INIT
  C:000FH         LINE#         24
  C:000FH         LINE#         25
  C:000FH         LINE#         26
  C:0015H         LINE#         27
  C:0019H         LINE#         28
  C:001EH         LINE#         29
  C:0020H         LINE#         30
  -------         ENDPROC       DEBUG_PIN_INIT
  -------         PROC          USER_INIT
  C:254AH         LINE#         33
  C:254AH         LINE#         34
  C:254AH         LINE#         36
  C:254DH         LINE#         37
  C:2550H         LINE#         38
  C:2559H         LINE#         61
  C:255CH         LINE#         62
  C:255FH         LINE#         64
  C:2562H         LINE#         65
  C:2565H         LINE#         67
  -------         ENDPROC       USER_INIT
  -------         PROC          MAIN
  C:25CEH         LINE#         71
  C:25CEH         LINE#         72
  C:25CEH         LINE#         74
  C:25D1H         LINE#         79
  C:25D4H         LINE#         80
  C:25DBH         LINE#         81
  C:25DEH         LINE#         84
  C:25E1H         LINE#         91
  C:25E4H         LINE#         95
  C:25E4H         LINE#         96
  C:25E4H         LINE#         101
  C:25E7H         LINE#         139
  C:25EAH         LINE#         141
  -------         ENDPROC       MAIN
  -------         ENDMOD        MAIN

  -------         MODULE        PIN_LEVEL_SCAN
  C:0000H         SYMBOL        _ICE_DUMMY_
  B:00A0H.0       PUBLIC        P20
  C:28ACH         PUBLIC        pin_level_scan_config
  C:2947H         PUBLIC        pin_level_scan
  -------         PROC          PIN_LEVEL_SCAN_CONFIG
  C:28ACH         LINE#         4
  C:28ACH         LINE#         5
  C:28ACH         LINE#         7
  C:28B2H         LINE#         8
  C:28B8H         LINE#         9
  -------         ENDPROC       PIN_LEVEL_SCAN_CONFIG
  -------         PROC          PIN_LEVEL_SCAN
BL51 BANKED LINKER/LOCATER V6.22.4.0                                                  05/29/2026  15:50:44  PAGE 20


  C:2947H         LINE#         12
  C:2947H         LINE#         13
  C:2947H         LINE#         14
  C:2947H         LINE#         15
  C:2947H         LINE#         17
  C:2947H         LINE#         19
  C:2947H         LINE#         21
  C:2947H         LINE#         22
  -------         ENDPROC       PIN_LEVEL_SCAN
  -------         ENDMOD        PIN_LEVEL_SCAN

  -------         MODULE        SPEED_SCAN
  C:0000H         SYMBOL        _ICE_DUMMY_
  B:0090H.5       PUBLIC        P15
  C:1CFBH         PUBLIC        speed_scan_timer_50us_isr
  C:28B9H         PUBLIC        speed_scan_config
  C:10EEH         PUBLIC        speed_scan
  C:28C6H         PUBLIC        aip3368h_display_speed_refresh_time_add
  C:0D75H         PUBLIC        aip3368h_display_speed_handle
  B:0021H.2       SYMBOL        flag_is_speed_scan_over_time
  X:61C3H         SYMBOL        speed_pulse_cnt
  X:61C7H         SYMBOL        speed_scan_time_ms
  X:61CBH         SYMBOL        cur_speed_scan_time
  X:61CFH         SYMBOL        cur_speed_scan_pulse
  X:61D3H         SYMBOL        aip3368h_display_speed_refresh_time_cnt
  X:61D4H         SYMBOL        speed_filter_array
  X:61FCH         SYMBOL        speed_filter_index
  C:2775H         PUBLIC        _speed_filter_init
  C:26BBH         PUBLIC        _speed_filter_add
  C:144CH         PUBLIC        speed_filter_get_speed
  C:21B3H         PUBLIC        speed_scan_update_data
  C:1F10H         SYMBOL        Com0036
  C:1F10H         SYMBOL        L?0055
  C:1F15H         SYMBOL        L?0056
  C:1F17H         SYMBOL        L?0057
  C:1F1FH         SYMBOL        L?0058
  C:1F1FH         SYMBOL        L?0059
  C:1F22H         SYMBOL        L?0060
  C:1F28H         SYMBOL        L?0061
  C:1F28H         SYMBOL        L?0062
  C:1F2BH         SYMBOL        L?0063
  C:1F32H         SYMBOL        L?0064
  C:1F43H         SYMBOL        L?0066
  C:1F49H         SYMBOL        L?0067
  C:1F4AH         SYMBOL        L?0068
  C:1F50H         SYMBOL        L?0069
  C:1F5BH         SYMBOL        L?0070
  -------         PROC          COM0036
  -------         ENDPROC       COM0036
  -------         PROC          _SPEED_FILTER_INIT
  D:0007H         SYMBOL        speed
  -------         DO            
  D:0006H         SYMBOL        i
  -------         ENDDO         
  C:2775H         LINE#         22
  C:2775H         LINE#         23
  C:2775H         LINE#         25
BL51 BANKED LINKER/LOCATER V6.22.4.0                                                  05/29/2026  15:50:44  PAGE 21


  C:2777H         LINE#         26
  C:2777H         LINE#         27
  C:277FH         LINE#         28
  C:2784H         LINE#         30
  C:2789H         LINE#         31
  -------         ENDPROC       _SPEED_FILTER_INIT
  -------         PROC          _SPEED_FILTER_ADD
  D:0007H         SYMBOL        speed
  C:26BBH         LINE#         33
  C:26BBH         LINE#         34
  C:26BBH         LINE#         35
  C:26C4H         LINE#         36
  C:26CAH         LINE#         37
  C:26D0H         LINE#         38
  C:26D0H         LINE#         39
  C:26D2H         LINE#         40
  C:26D2H         LINE#         41
  -------         ENDPROC       _SPEED_FILTER_ADD
  -------         PROC          SPEED_FILTER_GET_SPEED
  -------         DO            
  X:62E3H         SYMBOL        i
  X:62E4H         SYMBOL        sum
  X:62E8H         SYMBOL        max_speed
  X:62E9H         SYMBOL        min_speed
  -------         ENDDO         
  C:144CH         LINE#         43
  C:144CH         LINE#         44
  C:144CH         LINE#         47
  C:1456H         LINE#         48
  C:145BH         LINE#         49
  C:145FH         LINE#         57
  C:1464H         LINE#         58
  C:1464H         LINE#         59
  C:1480H         LINE#         61
  C:148DH         LINE#         62
  C:148DH         LINE#         63
  C:1498H         LINE#         64
  C:1498H         LINE#         66
  C:14A5H         LINE#         67
  C:14A5H         LINE#         68
  C:14B0H         LINE#         69
  C:14B0H         LINE#         70
  C:14BBH         LINE#         72
  C:14E7H         LINE#         74
  -------         ENDPROC       SPEED_FILTER_GET_SPEED
  -------         PROC          SPEED_SCAN_CONFIG
  C:28B9H         LINE#         105
  C:28B9H         LINE#         106
  C:28B9H         LINE#         108
  C:28BFH         LINE#         109
  C:28C5H         LINE#         110
  -------         ENDPROC       SPEED_SCAN_CONFIG
  -------         PROC          SPEED_SCAN_UPDATE_DATA
  C:21B3H         LINE#         112
  C:21B3H         LINE#         113
  C:21B3H         LINE#         114
  C:21C5H         LINE#         115
BL51 BANKED LINKER/LOCATER V6.22.4.0                                                  05/29/2026  15:50:44  PAGE 22


  C:21CFH         LINE#         116
  C:21E4H         LINE#         117
  C:21EEH         LINE#         118
  -------         ENDPROC       SPEED_SCAN_UPDATE_DATA
  -------         PROC          SPEED_SCAN_TIMER_50US_ISR
  -------         DO            
  B:0021H.1       SYMBOL        last_speed_scan_level
  X:61BEH         SYMBOL        cnt
  -------         ENDDO         
  C:1CFBH         LINE#         120
  C:1CFBH         LINE#         121
  C:1CFBH         LINE#         124
  C:1D05H         LINE#         125
  C:1D14H         LINE#         126
  C:1D14H         LINE#         127
  C:1D18H         LINE#         129
  C:1D24H         LINE#         131
  C:1D37H         LINE#         133
  C:1D37H         LINE#         134
  C:1D41H         LINE#         135
  C:1D43H         LINE#         136
  C:1D43H         LINE#         137
  C:1D43H         LINE#         139
  C:1D46H         LINE#         140
  C:1D46H         LINE#         141
  C:1D49H         LINE#         142
  C:1D49H         LINE#         143
  C:1D55H         LINE#         144
  C:1D58H         LINE#         145
  C:1D58H         LINE#         147
  C:1D5AH         LINE#         148
  C:1D5BH         LINE#         150
  C:1D5BH         LINE#         152
  C:1D5DH         LINE#         153
  C:1D5DH         LINE#         154
  -------         ENDPROC       SPEED_SCAN_TIMER_50US_ISR
  -------         PROC          SPEED_SCAN
  -------         DO            
  X:62DBH         SYMBOL        cur_speed
  X:62DFH         SYMBOL        tmp
  -------         ENDDO         
  C:10EEH         LINE#         242
  C:10EEH         LINE#         243
  C:10EEH         LINE#         244
  C:10F8H         LINE#         245
  C:1102H         LINE#         248
  C:1118H         LINE#         249
  C:1118H         LINE#         255
  C:1130H         LINE#         262
  C:1133H         LINE#         263
  C:1133H         LINE#         265
  C:1144H         LINE#         266
  C:1144H         LINE#         268
  C:114BH         LINE#         269
  C:114DH         LINE#         271
  C:114DH         LINE#         272
  C:1154H         LINE#         273
BL51 BANKED LINKER/LOCATER V6.22.4.0                                                  05/29/2026  15:50:44  PAGE 23


  C:1154H         LINE#         274
  C:1156H         LINE#         276
  C:1156H         LINE#         290
  C:1179H         LINE#         291
  C:1179H         LINE#         294
  C:118EH         LINE#         301
  C:1198H         LINE#         302
  C:11A2H         LINE#         303
  C:11A4H         LINE#         305
  C:11AFH         LINE#         306
  C:11AFH         LINE#         307
  C:11C4H         LINE#         308
  C:11C4H         LINE#         311
  C:11D0H         LINE#         312
  C:11D0H         LINE#         313
  C:11DAH         LINE#         314
  C:11DAH         LINE#         326
  C:11E5H         LINE#         327
  C:11E5H         LINE#         328
  -------         ENDPROC       SPEED_SCAN
  -------         PROC          AIP3368H_DISPLAY_SPEED_REFRESH_TIME_ADD
  C:28C6H         LINE#         330
  C:28C6H         LINE#         331
  C:28C6H         LINE#         332
  C:28CFH         LINE#         333
  C:28CFH         LINE#         334
  C:28D2H         LINE#         335
  C:28D2H         LINE#         336
  -------         ENDPROC       AIP3368H_DISPLAY_SPEED_REFRESH_TIME_ADD
  C:0EABH         SYMBOL        L?0065
  -------         PROC          AIP3368H_DISPLAY_SPEED_HANDLE
  -------         DO            
  X:61C0H         SYMBOL        is_initialized
  X:61C1H         SYMBOL        speed_of_lag
  X:630FH         SYMBOL        cur_speed
  X:61C2H         SYMBOL        filtered_speed
  X:6310H         SYMBOL        base_step
  X:6311H         SYMBOL        speed_abs_diff
  -------         ENDDO         
  C:0D75H         LINE#         338
  C:0D75H         LINE#         339
  C:0D75H         LINE#         350
  C:0D7BH         LINE#         351
  C:0D7BH         LINE#         352
  C:0D7DH         LINE#         354
  C:0D85H         LINE#         355
  C:0D8DH         LINE#         358
  C:0D95H         LINE#         359
  C:0D95H         LINE#         361
  C:0DA1H         LINE#         362
  C:0DA1H         LINE#         363
  C:0DA3H         LINE#         366
  C:0DAAH         LINE#         367
  C:0DAAH         LINE#         368
  C:0DADH         LINE#         369
  C:0DB5H         LINE#         370
  C:0DB5H         LINE#         372
BL51 BANKED LINKER/LOCATER V6.22.4.0                                                  05/29/2026  15:50:44  PAGE 24


  C:0DBAH         LINE#         373
  C:0DBAH         LINE#         374
  C:0DC0H         LINE#         375
  C:0DC2H         LINE#         376
  C:0DCBH         LINE#         377
  C:0DCBH         LINE#         378
  C:0DCEH         LINE#         379
  C:0DD0H         LINE#         381
  C:0DD0H         LINE#         382
  C:0DD3H         LINE#         383
  C:0DD3H         LINE#         385
  C:0DE3H         LINE#         387
  C:0DE3H         LINE#         390
  C:0DE3H         LINE#         391
  C:0DE5H         LINE#         394
  C:0DE5H         LINE#         395
  C:0DE5H         LINE#         396
  C:0DECH         LINE#         397
  C:0DECH         LINE#         398
  C:0DF3H         LINE#         399
  C:0DF8H         LINE#         400
  C:0DF8H         LINE#         402
  C:0DFDH         LINE#         403
  C:0DFDH         LINE#         404
  C:0E03H         LINE#         405
  C:0E05H         LINE#         406
  C:0E0EH         LINE#         407
  C:0E0EH         LINE#         408
  C:0E11H         LINE#         409
  C:0E13H         LINE#         411
  C:0E13H         LINE#         412
  C:0E16H         LINE#         413
  C:0E16H         LINE#         415
  C:0E21H         LINE#         417
  C:0E2AH         LINE#         420
  C:0E32H         LINE#         421
  C:0E3BH         LINE#         424
  C:0E3BH         LINE#         425
  C:0E3BH         LINE#         427
  C:0E43H         LINE#         428
  C:0E4BH         LINE#         433
  C:0E51H         LINE#         434
  C:0E51H         LINE#         435
  C:0E56H         LINE#         436
  C:0E58H         LINE#         438
  C:0E58H         LINE#         440
  C:0E7DH         LINE#         441
  C:0E7DH         LINE#         443
  C:0E85H         LINE#         445
  C:0E8CH         LINE#         446
  C:0E8CH         LINE#         447
  C:0E8FH         LINE#         448
  C:0E91H         LINE#         449
  C:0E9BH         LINE#         450
  C:0E9BH         LINE#         451
  C:0E9EH         LINE#         452
  C:0E9EH         LINE#         455
BL51 BANKED LINKER/LOCATER V6.22.4.0                                                  05/29/2026  15:50:44  PAGE 25


  C:0EAAH         LINE#         458
  C:0EAAH         LINE#         459
  -------         ENDPROC       AIP3368H_DISPLAY_SPEED_HANDLE
  -------         ENDMOD        SPEED_SCAN

  -------         MODULE        ENGINE_SPEED_SCAN
  C:0000H         SYMBOL        _ICE_DUMMY_
  B:0080H.2       PUBLIC        P02
  B:0021H.4       PUBLIC        flag_is_engine_speed_scan_over_time
  X:62ABH         PUBLIC        engine_speed_scan_cnt
  X:62AFH         PUBLIC        engine_speed_scan_ms
  C:28D3H         PUBLIC        engine_speed_scan_config
  C:1ADCH         PUBLIC        engine_speed_scan
  C:1E18H         PUBLIC        engine_speed_scan_timer_50us_isr
  C:24B9H         PUBLIC        aip3368h_display_engine_speed_refresh_time_add
  C:1BC6H         PUBLIC        aip3368h_display_engine_speed_handle
  X:62B1H         SYMBOL        cur_engine_speed_scan_cnt
  X:62B5H         SYMBOL        cur_engine_speed_scan_ms
  X:62B9H         SYMBOL        aip3368h_display_engine_speed_refresh_time_cnt
  X:62BBH         SYMBOL        aip3368h_display_exclamation_point_refresh_time_cnt
  C:20FAH         PUBLIC        update_engine_speed_scan_data
  C:263FH         PUBLIC        engine_speed_get_level
  C:28E0H         SYMBOL        Com001D
  C:28E0H         SYMBOL        L?0030
  C:28E0H         SYMBOL        L?0031
  C:28E6H         SYMBOL        L?0032
  C:28E7H         SYMBOL        L?0033
  -------         PROC          COM001D
  -------         ENDPROC       COM001D
  -------         PROC          ENGINE_SPEED_SCAN_CONFIG
  C:28D3H         LINE#         18
  C:28D3H         LINE#         19
  C:28D3H         LINE#         21
  C:28D9H         LINE#         22
  C:28DFH         LINE#         23
  -------         ENDPROC       ENGINE_SPEED_SCAN_CONFIG
  -------         PROC          UPDATE_ENGINE_SPEED_SCAN_DATA
  C:20FAH         LINE#         25
  C:20FAH         LINE#         26
  C:20FAH         LINE#         27
  C:210FH         LINE#         28
  C:2119H         LINE#         29
  C:2130H         LINE#         30
  C:2137H         LINE#         31
  -------         ENDPROC       UPDATE_ENGINE_SPEED_SCAN_DATA
  -------         PROC          ENGINE_SPEED_SCAN_TIMER_50US_ISR
  -------         DO            
  B:0021H.3       SYMBOL        last_engine_speed_scan_level
  X:62A8H         SYMBOL        cnt
  -------         ENDDO         
  C:1E18H         LINE#         33
  C:1E18H         LINE#         34
  C:1E18H         LINE#         39
  C:1E1EH         LINE#         40
  C:1E24H         LINE#         41
  C:1E24H         LINE#         42
  C:1E26H         LINE#         43
BL51 BANKED LINKER/LOCATER V6.22.4.0                                                  05/29/2026  15:50:44  PAGE 26


  C:1E2CH         LINE#         45
  C:1E3EH         LINE#         47
  C:1E3EH         LINE#         48
  C:1E42H         LINE#         49
  C:1E44H         LINE#         50
  C:1E44H         LINE#         51
  C:1E44H         LINE#         53
  C:1E47H         LINE#         54
  C:1E47H         LINE#         55
  C:1E4AH         LINE#         56
  C:1E4AH         LINE#         62
  C:1E63H         LINE#         63
  C:1E66H         LINE#         64
  C:1E66H         LINE#         66
  C:1E68H         LINE#         67
  C:1E69H         LINE#         69
  C:1E69H         LINE#         71
  C:1E6BH         LINE#         72
  C:1E6BH         LINE#         73
  -------         ENDPROC       ENGINE_SPEED_SCAN_TIMER_50US_ISR
  -------         PROC          ENGINE_SPEED_SCAN
  -------         DO            
  X:6308H         SYMBOL        rpm
  -------         ENDDO         
  C:1ADCH         LINE#         76
  C:1ADCH         LINE#         77
  C:1ADCH         LINE#         81
  C:1AEFH         LINE#         83
  C:1AEFH         LINE#         85
  C:1AF2H         LINE#         86
  C:1AF2H         LINE#         87
  C:1AF4H         LINE#         88
  C:1AFEH         LINE#         89
  C:1B00H         LINE#         91
  C:1B00H         LINE#         106
  C:1B1CH         LINE#         110
  C:1B1CH         LINE#         114
  C:1B26H         LINE#         115
  C:1B30H         LINE#         118
  C:1B43H         LINE#         119
  C:1B43H         LINE#         120
  C:1B4DH         LINE#         121
  C:1B4DH         LINE#         125
  C:1B59H         LINE#         126
  C:1B59H         LINE#         127
  -------         ENDPROC       ENGINE_SPEED_SCAN
  -------         PROC          AIP3368H_DISPLAY_ENGINE_SPEED_REFRESH_TIME_ADD
  C:24B9H         LINE#         140
  C:24B9H         LINE#         141
  C:24B9H         LINE#         142
  C:24C8H         LINE#         143
  C:24C8H         LINE#         144
  C:24CBH         LINE#         145
  C:24CBH         LINE#         147
  C:24DAH         LINE#         148
  C:24DAH         LINE#         149
  C:24DDH         LINE#         150
BL51 BANKED LINKER/LOCATER V6.22.4.0                                                  05/29/2026  15:50:44  PAGE 27


  C:24DDH         LINE#         151
  -------         ENDPROC       AIP3368H_DISPLAY_ENGINE_SPEED_REFRESH_TIME_ADD
  -------         PROC          ENGINE_SPEED_GET_LEVEL
  -------         DO            
  D:0007H         SYMBOL        level
  -------         ENDDO         
  C:263FH         LINE#         154
  C:263FH         LINE#         155
  C:263FH         LINE#         156
  C:264FH         LINE#         158
  C:2655H         LINE#         159
  C:2655H         LINE#         160
  C:2657H         LINE#         161
  C:2657H         LINE#         163
  C:2657H         LINE#         164
  -------         ENDPROC       ENGINE_SPEED_GET_LEVEL
  -------         PROC          AIP3368H_DISPLAY_ENGINE_SPEED_HANDLE
  -------         DO            
  X:62A9H         SYMBOL        engine_speed_level_of_lag
  X:62AAH         SYMBOL        is_initialized
  X:6326H         SYMBOL        cur_engine_speed_level
  -------         ENDDO         
  C:1BC6H         LINE#         166
  C:1BC6H         LINE#         167
  C:1BC6H         LINE#         171
  C:1BCBH         LINE#         173
  C:1BD1H         LINE#         174
  C:1BD1H         LINE#         175
  C:1BD3H         LINE#         177
  C:1BDBH         LINE#         178
  C:1BDBH         LINE#         180
  C:1BEAH         LINE#         181
  C:1BEAH         LINE#         182
  C:1BEEH         LINE#         183
  C:1BF6H         LINE#         185
  C:1BFFH         LINE#         186
  C:1BFFH         LINE#         187
  C:1C02H         LINE#         188
  C:1C04H         LINE#         189
  C:1C0EH         LINE#         190
  C:1C0EH         LINE#         191
  C:1C17H         LINE#         192
  C:1C17H         LINE#         193
  C:1C1AH         LINE#         194
  C:1C1AH         LINE#         195
  C:1C1AH         LINE#         200
  C:1C23H         LINE#         201
  C:1C23H         LINE#         202
  C:1C29H         LINE#         203
  C:1C2AH         LINE#         205
  C:1C2AH         LINE#         206
  C:1C2FH         LINE#         209
  C:1C2FH         LINE#         212
  C:1C2FH         LINE#         213
  -------         ENDPROC       AIP3368H_DISPLAY_ENGINE_SPEED_HANDLE
  -------         ENDMOD        ENGINE_SPEED_SCAN

BL51 BANKED LINKER/LOCATER V6.22.4.0                                                  05/29/2026  15:50:44  PAGE 28


  -------         MODULE        MILEAGE
  C:0000H         SYMBOL        _ICE_DUMMY_
  X:62D3H         PUBLIC        distance
  X:62D7H         PUBLIC        mileage_save_time_cnt
  X:62D9H         PUBLIC        mileage_update_time_cnt
  C:1394H         PUBLIC        mileage_scan
  C:26D3H         SYMBOL        Com000B
  C:26D3H         SYMBOL        L?0012
  C:26E4H         SYMBOL        L?0013
  C:26E4H         SYMBOL        L?0014
  -------         PROC          COM000B
  -------         ENDPROC       COM000B
  -------         PROC          MILEAGE_SCAN
  -------         DO            
  X:62D2H         SYMBOL        is_initialized
  B:0021H.5       SYMBOL        flag_is_any_mileage_save
  -------         DO            
  X:62D1H         SYMBOL        cnt
  -------         ENDDO         
  -------         ENDDO         
  C:1394H         LINE#         11
  C:1394H         LINE#         12
  C:1394H         LINE#         27
  C:13A6H         LINE#         29
  C:13A6H         LINE#         31
  C:13A9H         LINE#         32
  C:13ABH         LINE#         33
  C:13B2H         LINE#         40
  C:13B2H         LINE#         42
  C:13C1H         LINE#         43
  C:13C1H         LINE#         45
  C:13D1H         LINE#         46
  C:13D1H         LINE#         47
  C:13DDH         LINE#         48
  C:13DDH         LINE#         50
  C:13EDH         LINE#         51
  C:13EDH         LINE#         52
  C:13F9H         LINE#         53
  C:13F9H         LINE#         55
  C:1416H         LINE#         57
  C:1416H         LINE#         59
  C:141CH         LINE#         60
  C:1422H         LINE#         61
  C:1422H         LINE#         62
  C:1424H         LINE#         63
  C:1426H         LINE#         64
  C:1426H         LINE#         65
  C:1426H         LINE#         66
  C:1426H         LINE#         94
  C:143BH         LINE#         95
  C:143BH         LINE#         99
  C:1442H         LINE#         100
  C:1447H         LINE#         102
  C:144BH         LINE#         103
  C:144BH         LINE#         106
  C:144BH         LINE#         108
  C:144BH         LINE#         111
BL51 BANKED LINKER/LOCATER V6.22.4.0                                                  05/29/2026  15:50:44  PAGE 29


  C:144BH         LINE#         112
  C:144BH         LINE#         113
  -------         ENDPROC       MILEAGE_SCAN
  -------         ENDMOD        MILEAGE

  -------         MODULE        FUEL_CAPACITY
  C:0000H         SYMBOL        _ICE_DUMMY_
  C:271AH         PUBLIC        fuel_capacity_scan_time_add
  C:2731H         PUBLIC        fuel_lev_update_time_add
  C:258DH         PUBLIC        _fuel_capacity_adc_val_samples_update
  C:2138H         PUBLIC        fuel_capacity_adc_val_get
  C:14F6H         PUBLIC        fuel_capacity_scan
  X:6168H         SYMBOL        fuel_capacity_scan_time_cnt
  X:616AH         SYMBOL        fuel_lev_update_time_cnt
  X:616CH         SYMBOL        fuel_capacity_adc_val_samples
  X:6194H         SYMBOL        fuel_capacity_adc_val_sample_index
  C:28FAH         SYMBOL        ___fuel_capacity_adc_val_samples_init__
  X:6195H         SYMBOL        fuel_voltage_samples
  X:61BDH         SYMBOL        fuel_voltage_sample_index
  C:281AH         PUBLIC        ___fuel_voltage_samples_init__
  C:2658H         PUBLIC        ___fuel_voltage_samples_update__
  C:2262H         PUBLIC        __fuel_voltage_samples_get__
  C:1FAAH         PUBLIC        _fuel_capacity_convert_voltage_to_lev
  C:2176H         SYMBOL        Com0034
  C:2176H         SYMBOL        L?0053
  C:217FH         SYMBOL        L?0054
  C:2187H         SYMBOL        L?0055
  C:2187H         SYMBOL        L?0056
  C:2191H         SYMBOL        L?0057
  C:219EH         SYMBOL        L?0058
  C:21AAH         SYMBOL        L?0059
  -------         PROC          COM0034
  -------         ENDPROC       COM0034
  -------         PROC          ___FUEL_CAPACITY_ADC_VAL_SAMPLES_INIT__
  D:0006H         SYMBOL        adc_val
  -------         DO            
  D:0005H         SYMBOL        i
  -------         ENDDO         
  C:28FAH         LINE#         13
  C:28FAH         LINE#         14
  C:28FAH         LINE#         16
  C:28FCH         LINE#         17
  C:28FCH         LINE#         18
  C:2900H         LINE#         19
  C:2905H         LINE#         20
  -------         ENDPROC       ___FUEL_CAPACITY_ADC_VAL_SAMPLES_INIT__
  -------         PROC          _FUEL_CAPACITY_ADC_VAL_SAMPLES_UPDATE
  D:0006H         SYMBOL        adc_val
  -------         DO            
  X:6165H         SYMBOL        is_initialized
  -------         ENDDO         
  C:258DH         LINE#         23
  C:258DH         LINE#         24
  C:258DH         LINE#         26
  C:2593H         LINE#         27
  C:2593H         LINE#         28
  C:2595H         LINE#         29
BL51 BANKED LINKER/LOCATER V6.22.4.0                                                  05/29/2026  15:50:44  PAGE 30


  C:2598H         LINE#         31
  C:2598H         LINE#         33
  C:259FH         LINE#         34
  C:25A5H         LINE#         35
  C:25ABH         LINE#         36
  C:25ABH         LINE#         37
  C:25ADH         LINE#         38
  C:25ADH         LINE#         39
  -------         ENDPROC       _FUEL_CAPACITY_ADC_VAL_SAMPLES_UPDATE
  -------         PROC          FUEL_CAPACITY_ADC_VAL_GET
  -------         DO            
  X:62F0H         SYMBOL        i
  X:62F1H         SYMBOL        sum
  -------         ENDDO         
  C:2138H         LINE#         42
  C:2138H         LINE#         43
  C:2138H         LINE#         45
  C:2142H         LINE#         46
  C:2147H         LINE#         47
  C:2147H         LINE#         48
  C:2163H         LINE#         49
  C:216DH         LINE#         51
  -------         ENDPROC       FUEL_CAPACITY_ADC_VAL_GET
  -------         PROC          FUEL_CAPACITY_SCAN_TIME_ADD
  C:271AH         LINE#         54
  C:271AH         LINE#         55
  C:271AH         LINE#         56
  C:2729H         LINE#         57
  C:2729H         LINE#         58
  C:2730H         LINE#         59
  C:2730H         LINE#         60
  -------         ENDPROC       FUEL_CAPACITY_SCAN_TIME_ADD
  -------         PROC          FUEL_LEV_UPDATE_TIME_ADD
  C:2731H         LINE#         62
  C:2731H         LINE#         63
  C:2731H         LINE#         64
  C:2740H         LINE#         65
  C:2740H         LINE#         66
  C:2747H         LINE#         67
  C:2747H         LINE#         68
  -------         ENDPROC       FUEL_LEV_UPDATE_TIME_ADD
  -------         PROC          ___FUEL_VOLTAGE_SAMPLES_INIT__
  D:0006H         SYMBOL        voltage
  -------         DO            
  D:0005H         SYMBOL        i
  -------         ENDDO         
  C:281AH         LINE#         74
  C:281AH         LINE#         75
  C:281AH         LINE#         77
  C:281CH         LINE#         78
  C:281CH         LINE#         79
  C:2823H         LINE#         80
  C:2828H         LINE#         81
  -------         ENDPROC       ___FUEL_VOLTAGE_SAMPLES_INIT__
  -------         PROC          ___FUEL_VOLTAGE_SAMPLES_UPDATE__
  D:0006H         SYMBOL        voltage
  C:2658H         LINE#         83
BL51 BANKED LINKER/LOCATER V6.22.4.0                                                  05/29/2026  15:50:44  PAGE 31


  C:2658H         LINE#         84
  C:2658H         LINE#         85
  C:2662H         LINE#         86
  C:2668H         LINE#         87
  C:266EH         LINE#         88
  C:266EH         LINE#         89
  C:2670H         LINE#         90
  C:2670H         LINE#         91
  -------         ENDPROC       ___FUEL_VOLTAGE_SAMPLES_UPDATE__
  -------         PROC          __FUEL_VOLTAGE_SAMPLES_GET__
  -------         DO            
  X:62F5H         SYMBOL        i
  X:62F6H         SYMBOL        sum
  -------         ENDDO         
  C:2262H         LINE#         93
  C:2262H         LINE#         94
  C:2262H         LINE#         96
  C:226CH         LINE#         97
  C:2271H         LINE#         98
  C:2271H         LINE#         99
  C:2287H         LINE#         100
  C:2291H         LINE#         102
  -------         ENDPROC       __FUEL_VOLTAGE_SAMPLES_GET__
  -------         PROC          _FUEL_CAPACITY_CONVERT_VOLTAGE_TO_LEV
  D:0006H         SYMBOL        voltage
[...]
  X:6010H         SYMBOL        level
  -------         ENDDO         
  C:23ECH         LINE#         1506
  C:23ECH         LINE#         1507
  C:23ECH         LINE#         1511
  C:23F2H         LINE#         1512
  C:2401H         LINE#         1513
  C:2401H         LINE#         1515
  C:2401H         LINE#         1517
  C:2401H         LINE#         1518
  C:2401H         LINE#         1519
  C:2401H         LINE#         1521
  C:2408H         LINE#         1522
  C:240EH         LINE#         1523
  C:2414H         LINE#         1524
  C:2414H         LINE#         1525
  C:2416H         LINE#         1526
  C:2416H         LINE#         1527
  -------         ENDPROC       AIP3368H_DISPLAY_TEST_ENGINE_SPEED_SCALE_BAR
  -------         PROC          AIP3368H_DISPLAY_TEST_ENGINE_SPEED_DIGIT_SCALE
  -------         DO            
  X:6011H         SYMBOL        cnt
  X:6013H         SYMBOL        level
  -------         ENDDO         
  C:2417H         LINE#         1533
  C:2417H         LINE#         1534
  C:2417H         LINE#         1538
  C:241DH         LINE#         1539
  C:242CH         LINE#         1540
  C:242CH         LINE#         1542
BL51 BANKED LINKER/LOCATER V6.22.4.0                                                  05/29/2026  15:50:44  PAGE 49


  C:242CH         LINE#         1544
  C:242CH         LINE#         1545
  C:242CH         LINE#         1546
  C:242CH         LINE#         1548
  C:2433H         LINE#         1549
  C:2439H         LINE#         1550
  C:243FH         LINE#         1551
  C:243FH         LINE#         1552
  C:2441H         LINE#         1553
  C:2441H         LINE#         1554
  -------         ENDPROC       AIP3368H_DISPLAY_TEST_ENGINE_SPEED_DIGIT_SCALE
  -------         PROC          AIP3368H_DISPLAY_TEST_GEAR
  -------         DO            
  X:6014H         SYMBOL        cnt
  X:6016H         SYMBOL        level
  -------         ENDDO         
  C:2229H         LINE#         1557
  C:2229H         LINE#         1558
  C:2229H         LINE#         1562
  C:222FH         LINE#         1563
  C:223EH         LINE#         1564
  C:223EH         LINE#         1566
  C:223EH         LINE#         1568
  C:223EH         LINE#         1569
  C:223EH         LINE#         1570
  C:223EH         LINE#         1572
  C:2244H         LINE#         1573
  C:2244H         LINE#         1574
  C:2248H         LINE#         1575
  C:224BH         LINE#         1576
  C:224DH         LINE#         1578
  C:224DH         LINE#         1580
  C:2253H         LINE#         1581
  C:2253H         LINE#         1583
  C:2259H         LINE#         1584
  C:225FH         LINE#         1585
  C:225FH         LINE#         1586
  C:2261H         LINE#         1587
  C:2261H         LINE#         1588
  -------         ENDPROC       AIP3368H_DISPLAY_TEST_GEAR
  -------         PROC          AIP3368H_DISPLAY_TEST_SPEED
  -------         DO            
  X:6017H         SYMBOL        cnt
  X:6019H         SYMBOL        speed
  -------         ENDDO         
  C:2442H         LINE#         1590
  C:2442H         LINE#         1591
  C:2442H         LINE#         1595
  C:2448H         LINE#         1596
  C:2457H         LINE#         1597
  C:2457H         LINE#         1599
  C:2457H         LINE#         1601
  C:2457H         LINE#         1602
  C:2457H         LINE#         1603
  C:2457H         LINE#         1605
  C:245EH         LINE#         1606
  C:2464H         LINE#         1607
BL51 BANKED LINKER/LOCATER V6.22.4.0                                                  05/29/2026  15:50:44  PAGE 50


  C:246AH         LINE#         1608
  C:246AH         LINE#         1609
  C:246CH         LINE#         1610
  C:246CH         LINE#         1611
  -------         ENDPROC       AIP3368H_DISPLAY_TEST_SPEED
  -------         PROC          AIP3368H_DISPLAY_TEST_MILEAGE
  -------         DO            
  X:601AH         SYMBOL        cnt
  X:601CH         SYMBOL        index
  X:601DH         SYMBOL        is_displaying_total_mileage
  X:6254H         SYMBOL        buff
  -------         ENDDO         
  C:1C30H         LINE#         1613
  C:1C30H         LINE#         1614
  C:1C30H         LINE#         1618
  C:1C43H         LINE#         1630
  C:1C49H         LINE#         1631
  C:1C58H         LINE#         1632
  C:1C58H         LINE#         1634
  C:1C58H         LINE#         1636
  C:1C58H         LINE#         1637
  C:1C58H         LINE#         1638
  C:1C58H         LINE#         1640
  C:1C76H         LINE#         1641
  C:1C87H         LINE#         1642
  C:1C8DH         LINE#         1643
  C:1C93H         LINE#         1644
  C:1C93H         LINE#         1645
  C:1C95H         LINE#         1646
  C:1C95H         LINE#         1647
  -------         ENDPROC       AIP3368H_DISPLAY_TEST_MILEAGE
  -------         PROC          AIP3368H_DISPLAY_TEST
  C:2949H         LINE#         1650
  C:2949H         LINE#         1651
  C:2949H         LINE#         1867
  -------         ENDPROC       AIP3368H_DISPLAY_TEST
  -------         ENDMOD        AIP3368H_DISPLAY

  -------         MODULE        IO_KEY
  C:0000H         SYMBOL        _ICE_DUMMY_
  B:0080H.5       PUBLIC        P05
  X:6290H         PUBLIC        io_key_para
  C:28EDH         PUBLIC        io_key_config
  C:2035H         PUBLIC        io_key_handle
  C:2928H         PUBLIC        io_key_get_key_id
  X:62A3H         SYMBOL        io_key_event_table
  C:1FF0H         PUBLIC        ___io_key_get_event__
  C:2865H         SYMBOL        Com001A
  C:2865H         SYMBOL        L?0027
  -------         PROC          COM001A
  -------         ENDPROC       COM001A
  -------         PROC          IO_KEY_CONFIG
  C:28EDH         LINE#         42
  C:28EDH         LINE#         43
  C:28EDH         LINE#         44
  C:28F3H         LINE#         45
  C:28F9H         LINE#         46
BL51 BANKED LINKER/LOCATER V6.22.4.0                                                  05/29/2026  15:50:44  PAGE 51


  -------         ENDPROC       IO_KEY_CONFIG
  -------         PROC          IO_KEY_GET_KEY_ID
  C:2928H         LINE#         48
  C:2928H         LINE#         49
  C:2928H         LINE#         50
  C:292BH         LINE#         51
  C:292BH         LINE#         52
  C:292EH         LINE#         53
  C:292EH         LINE#         55
  C:2930H         LINE#         56
  -------         ENDPROC       IO_KEY_GET_KEY_ID
  -------         PROC          ___IO_KEY_GET_EVENT__
  D:0007H         SYMBOL        key_val
  D:0005H         SYMBOL        key_event
  -------         DO            
  D:0006H         SYMBOL        ret_key_event
  D:0004H         SYMBOL        i
  D:0003H         SYMBOL        index
  -------         ENDDO         
  C:1FF0H         LINE#         58
  C:1FF0H         LINE#         59
  C:1FF0H         LINE#         60
  C:1FF2H         LINE#         61
  C:1FF3H         LINE#         62
  C:1FF4H         LINE#         64
  C:1FF8H         LINE#         65
  C:1FF8H         LINE#         66
  C:1FF9H         LINE#         67
  C:1FFBH         LINE#         68
  C:1FFFH         LINE#         69
  C:1FFFH         LINE#         70
  C:2001H         LINE#         71
  C:2003H         LINE#         72
  C:2007H         LINE#         73
  C:2007H         LINE#         74
  C:2009H         LINE#         75
  C:200BH         LINE#         76
  C:200FH         LINE#         77
  C:200FH         LINE#         78
  C:2011H         LINE#         79
  C:2011H         LINE#         81
  C:2017H         LINE#         82
  C:2017H         LINE#         83
  C:201EH         LINE#         84
  C:201EH         LINE#         85
  C:202DH         LINE#         86
  C:202FH         LINE#         87
  C:202FH         LINE#         88
  C:2032H         LINE#         90
  C:2034H         LINE#         91
  -------         ENDPROC       ___IO_KEY_GET_EVENT__
  -------         PROC          IO_KEY_HANDLE
  -------         DO            
  D:0007H         SYMBOL        io_key_event
  -------         ENDDO         
  C:2035H         LINE#         93
  C:2035H         LINE#         94
BL51 BANKED LINKER/LOCATER V6.22.4.0                                                  05/29/2026  15:50:44  PAGE 52


  C:2035H         LINE#         95
  C:2035H         LINE#         97
  C:203BH         LINE#         98
  C:203BH         LINE#         100
  C:203BH         LINE#         102
  C:2043H         LINE#         103
  C:2048H         LINE#         104
  C:204AH         LINE#         106
  C:2052H         LINE#         107
  C:2052H         LINE#         108
  C:2052H         LINE#         109
  C:2058H         LINE#         110
  C:2058H         LINE#         111
  C:205AH         LINE#         115
  C:205CH         LINE#         117
  C:205CH         LINE#         118
  C:2062H         LINE#         122
  C:2062H         LINE#         124
  C:2062H         LINE#         126
  C:2064H         LINE#         127
  C:2064H         LINE#         128
  C:206AH         LINE#         129
  C:206AH         LINE#         130
  C:2074H         LINE#         134
  C:2077H         LINE#         135
  C:2077H         LINE#         136
  C:2077H         LINE#         138
  C:2077H         LINE#         139
  C:2077H         LINE#         140
  C:2077H         LINE#         141
  -------         ENDPROC       IO_KEY_HANDLE
  -------         ENDMOD        IO_KEY

  -------         MODULE        ?C?COPY
  C:0115H         PUBLIC        ?C?COPY
  -------         ENDMOD        ?C?COPY

  -------         MODULE        ?C?CLDPTR
  C:013BH         PUBLIC        ?C?CLDPTR
  -------         ENDMOD        ?C?CLDPTR

  -------         MODULE        ?C?CLDOPTR
  C:0154H         PUBLIC        ?C?CLDOPTR
  -------         ENDMOD        ?C?CLDOPTR

  -------         MODULE        ?C?CILDOPTR
  C:0181H         PUBLIC        ?C?CILDOPTR
  -------         ENDMOD        ?C?CILDOPTR

  -------         MODULE        ?C?CSTPTR
  C:01B4H         PUBLIC        ?C?CSTPTR
  -------         ENDMOD        ?C?CSTPTR

  -------         MODULE        ?C?CSTOPTR
  C:01C6H         PUBLIC        ?C?CSTOPTR
  -------         ENDMOD        ?C?CSTOPTR

BL51 BANKED LINKER/LOCATER V6.22.4.0                                                  05/29/2026  15:50:44  PAGE 53


  -------         MODULE        ?C?UIDIV
  C:01E8H         PUBLIC        ?C?UIDIV
  -------         ENDMOD        ?C?UIDIV

  -------         MODULE        ?C?IILDX
  C:023DH         PUBLIC        ?C?IILDX
  -------         ENDMOD        ?C?IILDX

  -------         MODULE        ?C?ILDOPTR
  C:0253H         PUBLIC        ?C?ILDOPTR
  -------         ENDMOD        ?C?ILDOPTR

  -------         MODULE        ?C?LADD
  C:028BH         PUBLIC        ?C?LADD
  -------         ENDMOD        ?C?LADD

  -------         MODULE        ?C?LSUB
  C:0298H         PUBLIC        ?C?LSUB
  -------         ENDMOD        ?C?LSUB

  -------         MODULE        ?C?LMUL
  C:02A6H         PUBLIC        ?C?LMUL
  -------         ENDMOD        ?C?LMUL

  -------         MODULE        ?C?ULDIV
  C:0331H         PUBLIC        ?C?ULDIV
  -------         ENDMOD        ?C?ULDIV

  -------         MODULE        ?C?SLCMP
  C:03C3H         PUBLIC        ?C?SLCMP
  -------         ENDMOD        ?C?SLCMP

  -------         MODULE        ?C?ULCMP
  C:03D9H         PUBLIC        ?C?ULCMP
  -------         ENDMOD        ?C?ULCMP

  -------         MODULE        ?C?LLDXDATA
  C:03EAH         PUBLIC        ?C?LLDXDATA
  -------         ENDMOD        ?C?LLDXDATA

  -------         MODULE        ?C?LLDXDATA0
  C:03F6H         PUBLIC        ?C?LLDXDATA0
  -------         ENDMOD        ?C?LLDXDATA0

  -------         MODULE        ?C?LSTXDATA
  C:0402H         PUBLIC        ?C?LSTXDATA
  -------         ENDMOD        ?C?LSTXDATA

  -------         MODULE        ?C?LSTKXDATA
  C:040EH         PUBLIC        ?C?LSTKXDATA
  -------         ENDMOD        ?C?LSTKXDATA

  -------         MODULE        ?C?OFFXADD
  C:043FH         PUBLIC        ?C?OFFXADD
  -------         ENDMOD        ?C?OFFXADD

  -------         MODULE        ?C?PLDXDATA
BL51 BANKED LINKER/LOCATER V6.22.4.0                                                  05/29/2026  15:50:44  PAGE 54


  C:044BH         PUBLIC        ?C?PLDXDATA
  -------         ENDMOD        ?C?PLDXDATA

  -------         MODULE        ?C?PLDIXDATA
  C:0454H         PUBLIC        ?C?PLDIXDATA
  -------         ENDMOD        ?C?PLDIXDATA

  -------         MODULE        ?C?PSTXDATA
  C:046BH         PUBLIC        ?C?PSTXDATA
  -------         ENDMOD        ?C?PSTXDATA

  -------         MODULE        ?C?PLDOPTR
  C:0474H         PUBLIC        ?C?PLDOPTR
  -------         ENDMOD        ?C?PLDOPTR

  -------         MODULE        ?C?ICALL
  C:04A4H         PUBLIC        ?C?ICALL
  C:04A8H         PUBLIC        ?C?ICALL2
  -------         ENDMOD        ?C?ICALL

  -------         MODULE        ?C?LIMUL
  C:04AAH         PUBLIC        ?C?LIMUL
  -------         ENDMOD        ?C?LIMUL

  -------         MODULE        PRINTF
  X:6229H         PUBLIC        ?_PRINTF517?BYTE
  X:6229H         PUBLIC        ?_PRINTF?BYTE
  X:6229H         PUBLIC        ?_SPRINTF517?BYTE
  X:6229H         PUBLIC        ?_SPRINTF?BYTE
  C:05B2H         PUBLIC        _PRINTF
  C:05B2H         PUBLIC        _PRINTF517
  C:05ACH         PUBLIC        _SPRINTF
  C:05ACH         PUBLIC        _SPRINTF517
  -------         ENDMOD        PRINTF

  -------         MODULE        ?C?MEMSET
  C:04D7H         PUBLIC        ?C?MEMSET
  -------         ENDMOD        ?C?MEMSET

  -------         MODULE        ?C?PLDIDATA
  C:0503H         PUBLIC        ?C?PLDIDATA
  -------         ENDMOD        ?C?PLDIDATA

  -------         MODULE        ?C?PLDPDATA
  C:050CH         PUBLIC        ?C?PLDPDATA
  -------         ENDMOD        ?C?PLDPDATA

  -------         MODULE        ?C?PLDCODE
  C:0515H         PUBLIC        ?C?PLDCODE
  -------         ENDMOD        ?C?PLDCODE

  -------         MODULE        ?C?CCASE
  C:0521H         PUBLIC        ?C?CCASE
  -------         ENDMOD        ?C?CCASE

*** WARNING L16: UNCALLED SEGMENT, IGNORED FOR OVERLAY PROCESS
    SEGMENT: ?PR?ADC_CONFIG?ADC
BL51 BANKED LINKER/LOCATER V6.22.4.0                                                  05/29/2026  15:50:44  PAGE 55



*** WARNING L16: UNCALLED SEGMENT, IGNORED FOR OVERLAY PROCESS
    SEGMENT: ?PR?ADC_CHANNEL_SWITCH_BY_ISR?ADC

*** WARNING L16: UNCALLED SEGMENT, IGNORED FOR OVERLAY PROCESS
    SEGMENT: ?PR?_KEY_DRIVER_SCAN?KEY_DRIVER

*** WARNING L16: UNCALLED SEGMENT, IGNORED FOR OVERLAY PROCESS
    SEGMENT: ?PR?PIN_LEVEL_SCAN_CONFIG?PIN_LEVEL_SCAN

*** WARNING L16: UNCALLED SEGMENT, IGNORED FOR OVERLAY PROCESS
    SEGMENT: ?PR?PIN_LEVEL_SCAN?PIN_LEVEL_SCAN

*** WARNING L16: UNCALLED SEGMENT, IGNORED FOR OVERLAY PROCESS
    SEGMENT: ?PR?SPEED_SCAN_CONFIG?SPEED_SCAN

*** WARNING L16: UNCALLED SEGMENT, IGNORED FOR OVERLAY PROCESS
    SEGMENT: ?PR?SPEED_SCAN_TIMER_50US_ISR?SPEED_SCAN

*** WARNING L16: UNCALLED SEGMENT, IGNORED FOR OVERLAY PROCESS
    SEGMENT: ?PR?SPEED_SCAN?SPEED_SCAN

*** WARNING L16: UNCALLED SEGMENT, IGNORED FOR OVERLAY PROCESS
    SEGMENT: ?PR?AIP3368H_DISPLAY_SPEED_REFRESH_TIME_ADD?SPEED_SCAN

*** WARNING L16: UNCALLED SEGMENT, IGNORED FOR OVERLAY PROCESS
    SEGMENT: ?PR?AIP3368H_DISPLAY_SPEED_HANDLE?SPEED_SCAN

*** WARNING L16: UNCALLED SEGMENT, IGNORED FOR OVERLAY PROCESS
    SEGMENT: ?PR?ENGINE_SPEED_SCAN_CONFIG?ENGINE_SPEED_SCAN

*** WARNING L16: UNCALLED SEGMENT, IGNORED FOR OVERLAY PROCESS
    SEGMENT: ?PR?ENGINE_SPEED_SCAN_TIMER_50US_ISR?ENGINE_SPEED_SCAN

*** WARNING L16: UNCALLED SEGMENT, IGNORED FOR OVERLAY PROCESS
    SEGMENT: ?PR?ENGINE_SPEED_SCAN?ENGINE_SPEED_SCAN

*** WARNING L16: UNCALLED SEGMENT, IGNORED FOR OVERLAY PROCESS
    SEGMENT: ?PR?AIP3368H_DISPLAY_ENGINE_SPEED_REFRESH_TIME_ADD?ENGINE_SPEED_SCAN

*** WARNING L16: UNCALLED SEGMENT, IGNORED FOR OVERLAY PROCESS
    SEGMENT: ?PR?AIP3368H_DISPLAY_ENGINE_SPEED_HANDLE?ENGINE_SPEED_SCAN

*** WARNING L16: UNCALLED SEGMENT, IGNORED FOR OVERLAY PROCESS
    SEGMENT: ?PR?MILEAGE_SCAN?MILEAGE

*** WARNING L16: UNCALLED SEGMENT, IGNORED FOR OVERLAY PROCESS
    SEGMENT: ?PR?FUEL_CAPACITY_SCAN?FUEL_CAPACITY

*** WARNING L16: UNCALLED SEGMENT, IGNORED FOR OVERLAY PROCESS
    SEGMENT: ?PR?BAT_SCAN_TIME_ADD?BATTERY

*** WARNING L16: UNCALLED SEGMENT, IGNORED FOR OVERLAY PROCESS
    SEGMENT: ?PR?BATTERY_SCAN?BATTERY

*** WARNING L16: UNCALLED SEGMENT, IGNORED FOR OVERLAY PROCESS
    SEGMENT: ?PR?_AIP3368H_DISPLAY_LEFT_TURN_LIGHT?AIP3368H_DISPLAY
BL51 BANKED LINKER/LOCATER V6.22.4.0                                                  05/29/2026  15:50:44  PAGE 56



*** WARNING L16: UNCALLED SEGMENT, IGNORED FOR OVERLAY PROCESS
    SEGMENT: ?PR?_AIP3368H_DISPLAY_RIGHT_TURN_LIGHT?AIP3368H_DISPLAY

*** WARNING L16: UNCALLED SEGMENT, IGNORED FOR OVERLAY PROCESS
    SEGMENT: ?PR?_AIP3368H_DISPLAY_ERR_LIGHT?AIP3368H_DISPLAY

*** WARNING L16: UNCALLED SEGMENT, IGNORED FOR OVERLAY PROCESS
    SEGMENT: ?PR?_AIP3368H_DISPLAY_LOW_BEAM_INDICATOR_LIGHT?AIP3368H_DISPLAY

*** WARNING L16: UNCALLED SEGMENT, IGNORED FOR OVERLAY PROCESS
    SEGMENT: ?PR?_AIP3368H_DISPLAY_HIGH_BEAM_INDICATOR_LIGHT?AIP3368H_DISPLAY

*** WARNING L16: UNCALLED SEGMENT, IGNORED FOR OVERLAY PROCESS
    SEGMENT: ?PR?_AIP3368H_DISPLAY_X1000RPM_LIGHT?AIP3368H_DISPLAY

*** WARNING L16: UNCALLED SEGMENT, IGNORED FOR OVERLAY PROCESS
    SEGMENT: ?PR?_AIP3368H_DISPLAY_GEAR_LIGHT?AIP3368H_DISPLAY

*** WARNING L16: UNCALLED SEGMENT, IGNORED FOR OVERLAY PROCESS
    SEGMENT: ?PR?_AIP3368H_DISPLAY_SPEED_UNIT_TYPE?AIP3368H_DISPLAY

*** WARNING L16: UNCALLED SEGMENT, IGNORED FOR OVERLAY PROCESS
    SEGMENT: ?PR?_AIP3368H_DISPLAY_MILEAGE_UNIT_TYPE?AIP3368H_DISPLAY

*** WARNING L16: UNCALLED SEGMENT, IGNORED FOR OVERLAY PROCESS
    SEGMENT: ?PR?__AIP3368H_DISPLAY_BOOT_ANIMATION_IN_ENGINE_SPEED_SCALE_BAR__?AIP3368H_DISPLAY

*** WARNING L16: UNCALLED SEGMENT, IGNORED FOR OVERLAY PROCESS
    SEGMENT: ?PR?__AIP3368H_DISPLAY_BOOT_ANIMATION_IN_SPEED_AND_MILEAGE__?AIP3368H_DISPLAY

*** WARNING L16: UNCALLED SEGMENT, IGNORED FOR OVERLAY PROCESS
    SEGMENT: ?PR?__AIP3368H_DISPLAY_BOOT_ANIMATION_IN_FUEL_LEVEL__?AIP3368H_DISPLAY

*** WARNING L16: UNCALLED SEGMENT, IGNORED FOR OVERLAY PROCESS
    SEGMENT: ?PR?AIP3368H_DISPLAY_BOOT_ANIMATION_TIME_ADD?AIP3368H_DISPLAY

*** WARNING L16: UNCALLED SEGMENT, IGNORED FOR OVERLAY PROCESS
    SEGMENT: ?PR?AIP3368H_DISPLAY_BOOT_ANIMATION_HANDLE?AIP3368H_DISPLAY

*** WARNING L16: UNCALLED SEGMENT, IGNORED FOR OVERLAY PROCESS
    SEGMENT: ?PR?AIP3368H_DISPLAY_ERR_HANDLE_TIME_ADD?AIP3368H_DISPLAY

*** WARNING L16: UNCALLED SEGMENT, IGNORED FOR OVERLAY PROCESS
    SEGMENT: ?PR?AIP3368H_DISPLAY_ERR_HANDLE?AIP3368H_DISPLAY

*** WARNING L16: UNCALLED SEGMENT, IGNORED FOR OVERLAY PROCESS
    SEGMENT: ?PR?AIP3368H_DISPLAY_TEST_BACK_LIGHT_SCALE_BAR?AIP3368H_DISPLAY

*** WARNING L16: UNCALLED SEGMENT, IGNORED FOR OVERLAY PROCESS
    SEGMENT: ?PR?AIP3368H_DISPLAY_TEST_ENGINE_SPEED_SCALE_BAR?AIP3368H_DISPLAY

*** WARNING L16: UNCALLED SEGMENT, IGNORED FOR OVERLAY PROCESS
    SEGMENT: ?PR?AIP3368H_DISPLAY_TEST_ENGINE_SPEED_DIGIT_SCALE?AIP3368H_DISPLAY

*** WARNING L16: UNCALLED SEGMENT, IGNORED FOR OVERLAY PROCESS
    SEGMENT: ?PR?AIP3368H_DISPLAY_TEST_GEAR?AIP3368H_DISPLAY
BL51 BANKED LINKER/LOCATER V6.22.4.0                                                  05/29/2026  15:50:44  PAGE 57



*** WARNING L16: UNCALLED SEGMENT, IGNORED FOR OVERLAY PROCESS
    SEGMENT: ?PR?AIP3368H_DISPLAY_TEST_SPEED?AIP3368H_DISPLAY

*** WARNING L16: UNCALLED SEGMENT, IGNORED FOR OVERLAY PROCESS
    SEGMENT: ?PR?AIP3368H_DISPLAY_TEST_MILEAGE?AIP3368H_DISPLAY

*** WARNING L16: UNCALLED SEGMENT, IGNORED FOR OVERLAY PROCESS
    SEGMENT: ?PR?IO_KEY_CONFIG?IO_KEY

*** WARNING L16: UNCALLED SEGMENT, IGNORED FOR OVERLAY PROCESS
    SEGMENT: ?PR?IO_KEY_HANDLE?IO_KEY

Program Size: data=15.7 xdata=808 code=10570
LINK/LOCATE RUN COMPLETE.  43 WARNING(S),  0 ERROR(S)
