C51 COMPILER V9.60.7.0   TMR1                                                              06/02/2026 17:34:05 PAGE 1   


C51 COMPILER V9.60.7.0, COMPILATION OF MODULE TMR1
OBJECT MODULE PLACED IN .\Release\Objects\tmr1.obj
COMPILER INVOKED BY: C:\Keil_v5\C51\BIN\C51.EXE ..\..\Hardware\tmr1.c LARGE OPTIMIZE(9,SIZE) BROWSE ORDER INTVECTOR(0X00
                    -0C) INCDIR(..\..\Libraries\Include;..\..\User;..\..\User\lib;..\..\Hardware) INTERVAL(3) DEBUG OBJECTEXTEND PRINT(.\Rele
                    -ase\Listings\tmr1.lst) OBJECT(.\Release\Objects\tmr1.obj)

line level    source

   1          #include "tmr1.h"
   2          
   3          // 定时器定时周期 (单位:Hz)
   4          // 周期值 = 系统时钟 / 定时器分频 / 频率 - 1
   5          #define TMR1_PERIOD (SYSCLK / 128 / 1000 - 1) // 1000Hz,1ms
   6          
   7          /**
   8           * @brief 配置定时器TMR1，配置完成后，定时器默认关闭
   9           */
  10          void tmr1_config(void)
  11          {
  12   1          __SetIRQnIP(TMR1_IRQn, TMR1_IQn_CFG); // 设置中断优先级（TMR1）
  13   1          __DisableIRQ(TMR1_IRQn);              // 禁用中断
  14   1          IE_EA = 1;                            // 打开总中断
  15   1      
  16   1          TMR_ALLCON = TMR1_CNT_CLR(0x1); // 清除计数值
  17   1      
  18   1          // USER_TO_DO 待优化
  19   1          TMR1_CONL &= ~TMR_PRESCALE_SEL(0x07); // 清除TMR1的预分频配置寄存器
  20   1          TMR1_CONL |= TMR_PRESCALE_SEL(0x07);  // 定时器预分频
  21   1          TMR1_CONL &= ~TMR_MODE_SEL(0x03);     // 清除TMR1的模式配置寄存器
  22   1          TMR1_CONL |= TMR_MODE_SEL(0x01);      // 配置TMR1的模式为计数器模式，最后对系统时钟
             -的脉冲进行计数
  23   1      
  24   1          TMR1_CONH &= ~TMR_PRD_PND(0x01); // 清除TMR1的计数标志位，表示未完成计数
  25   1          TMR1_CONH |= TMR_PRD_IRQ_EN(1);  // 使能TMR1的计数中断
  26   1      
  27   1          // 配置TMR1的计数周期
  28   1          TMR1_PRH = TMR_PERIOD_VAL_H((TMR1_PERIOD >> 8) & 0xFF); // 周期值
  29   1          TMR1_PRL = TMR_PERIOD_VAL_L((TMR1_PERIOD >> 0) & 0xFF);
  30   1      
  31   1          // TMR1_CONL &= ~(TMR_SOURCE_SEL(0x07)); // 清除TMR1的时钟源配置寄存器
  32   1          // TMR1_CONL |= TMR_SOURCE_SEL(0x05);    // 配置TMR1的时钟源，不用任何时钟
  33   1      
  34   1          // 重新给TMR1配置时钟
  35   1          TMR1_CONL &= ~(TMR_SOURCE_SEL(0x07)); // 清除定时器的时钟源配置寄存器
  36   1          TMR1_CONL |= TMR_SOURCE_SEL(0x06);    // 配置定时器的时钟源，使用系统时钟
  37   1      
  38   1          __EnableIRQ(TMR1_IRQn); // 使能中断
  39   1          // IE_EA = 1;              // 打开总中断
  40   1      }
  41          
  42          // TMR1中断服务函数
  43          void TIMR1_IRQHandler(void) interrupt TMR1_IRQn
  44          {
  45   1          // 进入中断设置IP，不可删除
  46   1          __IRQnIPnPush(TMR1_IRQn);
  47   1      
  48   1          // ---------------- 用户函数处理 -------------------
  49   1      
  50   1          // 周期中断
  51   1          if (TMR1_CONH & TMR_PRD_PND(0x1))
  52   1          {
C51 COMPILER V9.60.7.0   TMR1                                                              06/02/2026 17:34:05 PAGE 2   

  53   2              TMR1_CONH |= TMR_PRD_PND(0x1); // 清除pending
  54   2      
  55   2              beep_handle_1ms_isr();
  56   2      
  57   2              if (mileage_save_time_cnt < 65535)
  58   2              {
  59   3                  mileage_save_time_cnt++;
  60   3              }
  61   2      
  62   2              if (io_key_para.cur_scan_times < 255)
  63   2              {
  64   3                  io_key_para.cur_scan_times++;
  65   3              }
  66   2      
  67   2      #if FUEL_CAPACITY_SCAN_ENABLE
  68   2              fuel_capacity_scan_time_add();
  69   2              fuel_lev_update_time_add();
  70   2      #endif
  71   2      
  72   2              // if (mileage_update_time_cnt < 65535)
  73   2              {
  74   3                  mileage_update_time_cnt++;
  75   3              }
  76   2      
  77   2      #if BATTERY_SCAN_ENABLE
  78   2              // bat_scan_time_add();
  79   2      #endif // BATTERY_SCAN_ENABLE
  80   2      
  81   2              // adc_channel_switch_by_isr();
  82   2              
  83   2              
  84   2              aip3368h_refresh_time_add();
  85   2              // 递增AIP3368H显示 速度 刷新时间计数
  86   2              aip3368h_display_speed_refresh_time_add();
  87   2              // 递增AIP3368H显示 发动机转速 刷新时间计数
  88   2              aip3368h_display_engine_speed_refresh_time_add();  
  89   2              // 控制设置界面对应的设置项目以一定周期进行闪烁
  90   2              aip3368h_display_setting_item_time_add(); 
  91   2      
  92   2              /*
  93   2                  累计开机动画的时间，控制开机动画处理函数的调用周期
  94   2                  修改显存的操作放到了主循环，这里仅用作计时
  95   2              */
  96   2              aip3368h_display_boot_animation_time_add();
  97   2      
  98   2              // USER_TO_DO 只在测试时只用： 
  99   2              // aip3368h_display_test_light_blink_1ms_isr();
 100   2      
 101   2              // aip3368h_display_test_back_light_scale_bar();
 102   2              // aip3368h_display_test_engine_speed_scale_bar();
 103   2              // aip3368h_display_test_engine_speed_digit_scale();
 104   2              // aip3368h_display_test_gear();
 105   2              // aip3368h_display_test_speed();
 106   2              // aip3368h_display_test_mileage();
 107   2              // aip3368h_display_test_fuel();
 108   2          }
 109   1       
 110   1          // 退出中断设置IP，不可删除
 111   1          __IRQnIPnPop(TMR1_IRQn);
 112   1      }


C51 COMPILER V9.60.7.0   TMR1                                                              06/02/2026 17:34:05 PAGE 3   

MODULE INFORMATION:   STATIC OVERLAYABLE
   CODE SIZE        =    209    ----
   CONSTANT SIZE    =   ----    ----
   XDATA SIZE       =   ----    ----
   PDATA SIZE       =   ----    ----
   DATA SIZE        =   ----    ----
   IDATA SIZE       =   ----    ----
   BIT SIZE         =   ----    ----
END OF MODULE INFORMATION.


C51 COMPILATION COMPLETE.  0 WARNING(S),  0 ERROR(S)
