C51 COMPILER V9.60.7.0   UI                                                                06/03/2026 18:44:13 PAGE 1   


C51 COMPILER V9.60.7.0, COMPILATION OF MODULE UI
OBJECT MODULE PLACED IN .\Release\Objects\ui.obj
COMPILER INVOKED BY: C:\Keil_v5\C51\BIN\C51.EXE ..\..\User\ui.c LARGE OPTIMIZE(9,SIZE) BROWSE ORDER INTVECTOR(0X000C) IN
                    -CDIR(..\..\Libraries\Include;..\..\User;..\..\User\lib;..\..\Hardware) INTERVAL(3) DEBUG OBJECTEXTEND PRINT(.\Release\Li
                    -stings\ui.lst) OBJECT(.\Release\Objects\ui.obj)

line level    source

   1          #include "ui.h"
   2          #include "my_config.h"
   3          
   4          volatile ui_manager_t ui_manager;
   5          
   6          void ui_manager_init(void)
   7          {
   8   1              ui_manager.state = UI_STATE_NORMAL;
   9   1      
  10   1              ui_display_refresh();
  11   1      }
  12          
  13          /**
  14           * @brief ui定时器处理
  15           *
  16           * @attention 在定时器调用，负责所有ui相关的计数器处理
  17           *
  18           */
  19          void ui_timer_handle_isr(void)
  20          {
  21   1              aip3368h_refresh_time_add(); // 控制将显存数据刷新到屏幕驱动ic的周期
  22   1              // 递增 AIP3368H 显示 速度 刷新时间计数
  23   1              aip3368h_display_speed_refresh_time_add();
  24   1              // 递增 AIP3368H 显示 发动机转速 刷新时间计数
  25   1              aip3368h_display_engine_speed_refresh_time_add();
  26   1              // 控制设置界面对应的设置项目以一定周期进行闪烁
  27   1              // aip3368h_display_setting_item_time_add();
  28   1      
  29   1              if (ui_manager.state == UI_STATE_SETTING_DISTANCE_UNIT_TYPE ||
  30   1                      ui_manager.state == UI_STATE_SETTING_WHEEL_CIRCUMFERENCE)
  31   1              {
  32   2                      if (ui_manager.blink_timer_cnt < ((u16)-1))
  33   2                      {
  34   3                              ui_manager.blink_timer_cnt++;
  35   3                      }
  36   2      
  37   2                      if (ui_manager.auto_exit_setting_time_cnt < ((u16)-1))
  38   2                      {
  39   3                              ui_manager.auto_exit_setting_time_cnt++;
  40   3                      }
  41   2              }
  42   1              else
  43   1              {
  44   2                      ui_manager.blink_timer_cnt = 0;
  45   2                      ui_manager.auto_exit_setting_time_cnt = 0;
  46   2              }
  47   1      }
  48          
  49          // 设置ui状态（切换ui）
  50          void ui_set_state(ui_state_t state)
  51          {
  52   1              ui_manager.state = state;
  53   1      
C51 COMPILER V9.60.7.0   UI                                                                06/03/2026 18:44:13 PAGE 2   

  54   1              // switch (state)
  55   1              // {
  56   1              // case UI_STATE_NORMAL:
  57   1              //      // 正常显示
  58   1      
  59   1              //      break;
  60   1              // case UI_STATE_SETTING_DISTANCE_UNIT_TYPE:
  61   1              //      // 设置 要显示的单位类型 km/h 或 mph
  62   1      
  63   1              //      break;
  64   1              // case UI_STATE_SETTING_WHEEL_CIRCUMFERENCE:
  65   1              //      // 设置 车轮的周长
  66   1              //      break;
  67   1              // }
  68   1      
  69   1              // ui_display_refresh();
  70   1      }
  71          
  72          // 显示处理
  73          void ui_display_handle(void)
  74          {
  75   1              switch (ui_manager.state)
  76   1              {
  77   2              case UI_STATE_NORMAL:
  78   2                      // 正常显示
  79   2                      break;
  80   2              case UI_STATE_SETTING_DISTANCE_UNIT_TYPE:
  81   2                      // 设置 要显示的单位类型 km/h 或 mph
  82   2      
  83   2                      if (ui_manager.blink_timer_cnt >= UI_SETTING_BLINK_PERIOD)
  84   2                      {
  85   3                              ui_manager.blink_timer_cnt = 0;
  86   3      
  87   3                              if (DISTANCE_UNIT_TYPE_METRIC ==
  88   3                                      instrument.save_info.distance_unit_type)
  89   3                              {
  90   4                                      // 如果当前 设置的项目 是公制单位
  91   4      
  92   4                                      // 直接读取显存，判断有没有点亮对应的指示灯
  93   4                                      if ((aip3368h_display_buff[5] >> 10) & 0x01)
  94   4                                      {
  95   5                                              // 如果是点亮的，改为熄灭
  96   5                                              __aip3368h_display_speed_unit_type__(DISTANCE_UNIT_TYPE_METRIC, 0);
  97   5                                              __aip3368h_display_mileage_unit_type__(DISTANCE_UNIT_TYPE_METRIC, 0);
  98   5                                      }
  99   4                                      else
 100   4                                      {
 101   5                                              // 如果当前是熄灭的，点亮它
 102   5                                              __aip3368h_display_speed_unit_type__(DISTANCE_UNIT_TYPE_METRIC, 1);
 103   5                                              __aip3368h_display_mileage_unit_type__(DISTANCE_UNIT_TYPE_METRIC, 1);
 104   5                                      }
 105   4                              }
 106   3                              else if (DISTANCE_UNIT_TYPE_IMPERIAL ==
 107   3                                               instrument.save_info.distance_unit_type)
 108   3                              {
 109   4                                      // 直接读取显存，判断有没有点亮对应的指示灯
 110   4                                      if ((aip3368h_display_buff[5] >> 11) & 0x01)
 111   4                                      {
 112   5                                              // 如果是点亮的，改为熄灭
 113   5                                              __aip3368h_display_speed_unit_type__(DISTANCE_UNIT_TYPE_IMPERIAL, 0);
 114   5                                              __aip3368h_display_mileage_unit_type__(DISTANCE_UNIT_TYPE_IMPERIAL, 0);
 115   5                                      }
C51 COMPILER V9.60.7.0   UI                                                                06/03/2026 18:44:13 PAGE 3   

 116   4                                      else
 117   4                                      {
 118   5                                              // 如果当前是熄灭的，点亮它
 119   5                                              __aip3368h_display_speed_unit_type__(DISTANCE_UNIT_TYPE_IMPERIAL, 1);
 120   5                                              __aip3368h_display_mileage_unit_type__(DISTANCE_UNIT_TYPE_IMPERIAL, 1);
 121   5                                      }
 122   4                              }
 123   3                      }
 124   2      
 125   2                      break;
 126   2              case UI_STATE_SETTING_WHEEL_CIRCUMFERENCE:
 127   2                      // 设置 车轮的周长
 128   2      
 129   2                      if (ui_manager.blink_timer_cnt >= UI_SETTING_BLINK_PERIOD)
 130   2                      {
 131   3                              ui_manager.blink_timer_cnt = 0;
 132   3      
 133   3                              /*
 134   3                                      设置范围 ： 50 ~ 180，每次调节步长为5，
 135   3                                      可以直接判断时速第2位的A段数码管有没有点亮，
 136   3                                      来控制闪烁
 137   3                              */
 138   3                              if ((aip3368h_display_buff[6] >> 1) & 0x01)
 139   3                              {
 140   4                                      // 如果是点亮的，改为熄灭
 141   4                                      __aip3368h_display_speed_bit_x_clear__(0);
 142   4                                      __aip3368h_display_speed_bit_x_clear__(1);
 143   4                                      __aip3368h_display_speed_bit_x_clear__(2);
 144   4                              }
 145   3                              else
 146   3                              {
 147   4                                      // 如果当前是熄灭的，点亮它
 148   4      
 149   4                                      // 通过调用显示时速的接口来显示对应的数字
 150   4                                      aip3368h_display_speed(
 151   4                                              instrument.save_info.whell_circumference);
 152   4                              }
 153   3                      }
 154   2      
 155   2                      break;
 156   2              }
 157   1      
 158   1              if (ui_manager.auto_exit_setting_time_cnt >= UI_SETTING_TIME_OUT_CNT)
 159   1              {
 160   2                      ui_manager.auto_exit_setting_time_cnt = 0;
 161   2                      ui_set_state(UI_STATE_NORMAL);
 162   2                      ui_display_refresh();
 163   2      
 164   2                      // 自动退出设置界面后，保存相关数据
 165   2                      instrument_info_save(); 
 166   2              }
 167   1      
 168   1              aip3368h_display_speed_handle();                // 显示时速
 169   1              aip3368h_display_mileage_handle();              // 显示里程
 170   1              aip3368h_display_engine_speed_handle(); // 显示发动机转速
 171   1              aip3368h_module_display();
 172   1      }
 173          
 174          /**
 175           * @brief
 176           *              清空所有计时
 177           *              立即显示内容
C51 COMPILER V9.60.7.0   UI                                                                06/03/2026 18:44:13 PAGE 4   

 178           *
 179           */
 180          void ui_display_refresh(void)
 181          {
 182   1              ui_manager.blink_timer_cnt = 0;
 183   1              ui_manager.auto_exit_setting_time_cnt = 0;
 184   1      
 185   1              // aip3368h_display_speed_refresh(); // 显示时速
 186   1              // aip3368h_display_mileage_refresh(); // 显示里程
 187   1      
 188   1              // aip3368h_module_display();
 189   1      
 190   1              switch (ui_manager.state)
 191   1              {
 192   2              case UI_STATE_NORMAL:
 193   2                      // 正常显示
 194   2      
 195   2                      // 显示时速
 196   2                      aip3368h_display_speed_by_unit_type(instrument.speed_of_lag);
 197   2      
 198   2                      break;
 199   2              case UI_STATE_SETTING_DISTANCE_UNIT_TYPE:
 200   2                      // 设置 要显示的单位类型 km/h 或 mph
 201   2      
 202   2                      break;
 203   2              case UI_STATE_SETTING_WHEEL_CIRCUMFERENCE:
 204   2                      // 设置 车轮的周长
 205   2                      aip3368h_display_speed(instrument.save_info.whell_circumference);
 206   2                      break;
 207   2              }
 208   1      
 209   1              aip3368h_display_mileage_refresh(); // 立即显示里程
 210   1      
 211   1              // 立即显示单位类型
 212   1              if (DISTANCE_UNIT_TYPE_METRIC ==
 213   1                      instrument.save_info.distance_unit_type)
 214   1              {
 215   2                      aip3368h_display_speed_unit_type(DISTANCE_UNIT_TYPE_METRIC);
 216   2                      aip3368h_display_mileage_unit_type(DISTANCE_UNIT_TYPE_METRIC);
 217   2              }
 218   1              else
 219   1              {
 220   2                      aip3368h_display_speed_unit_type(DISTANCE_UNIT_TYPE_IMPERIAL);
 221   2                      aip3368h_display_mileage_unit_type(DISTANCE_UNIT_TYPE_IMPERIAL);
 222   2              }
 223   1      }


MODULE INFORMATION:   STATIC OVERLAYABLE
   CODE SIZE        =    371    ----
   CONSTANT SIZE    =   ----    ----
   XDATA SIZE       =      7    ----
   PDATA SIZE       =   ----    ----
   DATA SIZE        =   ----    ----
   IDATA SIZE       =   ----    ----
   BIT SIZE         =   ----    ----
END OF MODULE INFORMATION.


C51 COMPILATION COMPLETE.  0 WARNING(S),  0 ERROR(S)
